
  EPA STORM WATER MANAGEMENT MODEL - VERSION 5.2 (Build 5.2.4)
  ------------------------------------------------------------

  
  ERROR 361: could not open external file used for Time Series G94B.
  
  ERROR 361: could not open external file used for Time Series S155.
  
  ERROR 361: could not open external file used for Time Series G94C.
  
  ERROR 361: could not open external file used for Time Series G94A.
  
  ERROR 361: could not open external file used for Time Series S39.
  
  ERROR 361: could not open external file used for Time Series S40H.
  
  ERROR 361: could not open external file used for Time Series S41H.
  
  ERROR 361: could not open external file used for Time Series S56H.
  
  ERROR 361: could not open external file used for Time Series S155H.
  
  ERROR 337: cannot open climate file F:\My2015PC\aus\LauderdaleGladeAv.dat.
  WARNING 10: crest elevation raised to downstream invert for regulator Link 33
  WARNING 10: crest elevation raised to downstream invert for regulator Link 35
  WARNING 10: crest elevation raised to downstream invert for regulator Link 37
  WARNING 10: crest elevation raised to downstream invert for regulator Link 49
  WARNING 10: crest elevation raised to downstream invert for regulator Link 61
  WARNING 10: crest elevation raised to downstream invert for regulator Link G94-D
  WARNING 02: maximum depth increased for Node 4
  WARNING 02: maximum depth increased for Node 5
  WARNING 02: maximum depth increased for Node 9
  WARNING 02: maximum depth increased for Node 15
  WARNING 02: maximum depth increased for Node 25
  WARNING 02: maximum depth increased for Node 27
  WARNING 02: maximum depth increased for Node 28
  WARNING 02: maximum depth increased for Node 66
  WARNING 02: maximum depth increased for Node 147
  WARNING 02: maximum depth increased for Node 170
  WARNING 02: maximum depth increased for Node 171
  WARNING 02: maximum depth increased for Node 179
  WARNING 02: maximum depth increased for Node 181
  WARNING 02: maximum depth increased for Node 182
  WARNING 02: maximum depth increased for Node 183
  WARNING 02: maximum depth increased for Node 184
  WARNING 02: maximum depth increased for Node 322
  WARNING 02: maximum depth increased for Node 324
  WARNING 02: maximum depth increased for Node 325
  WARNING 02: maximum depth increased for Node 348
  WARNING 02: maximum depth increased for Node 368
  WARNING 02: maximum depth increased for Node 376
  WARNING 02: maximum depth increased for Node 377
  WARNING 02: maximum depth increased for Node 378
  WARNING 02: maximum depth increased for Node 403
  WARNING 02: maximum depth increased for Node 412E3.9-8
  WARNING 02: maximum depth increased for Node 421
  WARNING 02: maximum depth increased for Node 426
  WARNING 02: maximum depth increased for Node AAA0.0-E3.3-1
  WARNING 02: maximum depth increased for Node AAA0.5-X3,9-2
  WARNING 02: maximum depth increased for Node AAA0.5-XE2-1
  WARNING 02: maximum depth increased for Node AAA0-319
  WARNING 02: maximum depth increased for Node AAA1.2-XE1-7
  WARNING 02: maximum depth increased for Node AAA1.5-XE2E-10
  WARNING 02: maximum depth increased for Node AAA1-XE2-2
  WARNING 02: maximum depth increased for Node AAA1-XE2E-11
  WARNING 02: maximum depth increased for Node AAA2-E2E-5
  WARNING 02: maximum depth increased for Node AAA2-XE1-5
  WARNING 02: maximum depth increased for Node AAA2-XE2-3
  WARNING 02: maximum depth increased for Node AAA2-XE2E-PSPC
  WARNING 02: maximum depth increased for Node aaa3-E2-6
  WARNING 02: maximum depth increased for Node AAA4-36
  WARNING 02: maximum depth increased for Node AAA6-XE2-C51
  WARNING 02: maximum depth increased for Node AAA8-E4-C51
  WARNING 02: maximum depth increased for Node AAA91-276E4-6
  WARNING 02: maximum depth increased for Node AAA91-XE4-10
  WARNING 02: maximum depth increased for Node AAA92-E4-7
  WARNING 02: maximum depth increased for Node AAA92-E4-9
  WARNING 02: maximum depth increased for Node AAA93-E4-8
  WARNING 02: maximum depth increased for Node AAA95-418
  WARNING 02: maximum depth increased for Node AAA9-E4-5
  WARNING 02: maximum depth increased for Node BAA1-XE1-13
  WARNING 02: maximum depth increased for Node BAA1-XE2E-13
  WARNING 02: maximum depth increased for Node BAA2-XE4-13
  WARNING 02: maximum depth increased for Node BAA3-E2E-15
  WARNING 02: maximum depth increased for Node BAA4-X218
  WARNING 02: maximum depth increased for Node BAA5-XE1-15
  WARNING 02: maximum depth increased for Node BAA5-XE1-24
  WARNING 02: maximum depth increased for Node BAA5-XE3-28
  WARNING 02: maximum depth increased for Node baa6-XE1-16
  WARNING 02: maximum depth increased for Node BAA6-XE4-14
  WARNING 02: maximum depth increased for Node BAA7-xe1-18
  WARNING 02: maximum depth increased for Node baa7-XE1-23
  WARNING 02: maximum depth increased for Node BAA8-E4-17
  WARNING 02: maximum depth increased for Node BAA8-XE1-19
  WARNING 02: maximum depth increased for Node BAA9.3-E4-18
  WARNING 02: maximum depth increased for Node BAA9.5-E4-19
  WARNING 02: maximum depth increased for Node BAA-9.65E1-21
  WARNING 02: maximum depth increased for Node baa-9.7-XE1-Boynton
  WARNING 02: maximum depth increased for Node BAA9.9-391
  WARNING 02: maximum depth increased for Node BAA91-XE4-20
  WARNING 02: maximum depth increased for Node BAA92-64
  WARNING 02: maximum depth increased for Node baa93
  WARNING 02: maximum depth increased for Node BAA94-385
  WARNING 02: maximum depth increased for Node BAA95-XE4-BOYNTON
  WARNING 02: maximum depth increased for Node BAA9-XE1
  WARNING 02: maximum depth increased for Node caa94-E4-41
  WARNING 02: maximum depth increased for Node CAA95-73
  WARNING 02: maximum depth increased for Node caa96-90
  WARNING 02: maximum depth increased for Node caa96-E4-38
  WARNING 02: maximum depth increased for Node caa97-93
  WARNING 02: maximum depth increased for Node caa99-92
  WARNING 02: maximum depth increased for Node daa9.9-E1-Hillsboro
  WARNING 02: maximum depth increased for Node daa91-E2-50
  WARNING 02: maximum depth increased for Node daa91-XE3-48
  WARNING 02: maximum depth increased for Node daa92-E1.5-Hillsboro
  WARNING 02: maximum depth increased for Node daa92-E3-49
  WARNING 02: maximum depth increased for Node daa93-E2-Hillsboro
  WARNING 02: maximum depth increased for Node daa93-E3-50
  WARNING 02: maximum depth increased for Node daa94-33
  WARNING 02: maximum depth increased for Node daa95-26
  WARNING 02: maximum depth increased for Node daa95-370
  WARNING 02: maximum depth increased for Node daa96-E4-49-50
  WARNING 02: maximum depth increased for Node daa9-E2-49
  WARNING 02: maximum depth increased for Node E2.5-43
  WARNING 02: maximum depth increased for Node E2.7-44
  WARNING 02: maximum depth increased for Node E2.7-45
  WARNING 02: maximum depth increased for Node E2.7-46.5
  WARNING 02: maximum depth increased for Node E3.7-29
  WARNING 02: maximum depth increased for Node E3-46.5
  WARNING 02: maximum depth increased for Node E4-24
  WARNING 02: maximum depth increased for Node E4-29
  WARNING 02: maximum depth increased for Node E4-36
  WARNING 02: maximum depth increased for Node E4-45
  WARNING 02: maximum depth increased for Node E4-47
  WARNING 02: maximum depth increased for Node Hillsboro1
  WARNING 02: maximum depth increased for Node Hillsboro3
  WARNING 02: maximum depth increased for Node x119
  WARNING 02: maximum depth increased for Node XE1-14
  WARNING 02: maximum depth increased for Node XE4-27
  WARNING 02: maximum depth increased for Node XE4-28
  WARNING 02: maximum depth increased for Node XE4-32
  WARNING 02: maximum depth increased for Node XE4-37

  Analysis begun on:  Tue Aug  5 12:20:31 2025
  Analysis ended on:  Tue Aug  5 12:20:31 2025
  Total elapsed time: < 1 sec