
  EPA STORM WATER MANAGEMENT MODEL - VERSION 5.2 (Build 5.2.4)
  ------------------------------------------------------------

  
  ERROR 235: invalid infiltration parameters at line 295 of [INFIL] section:
  SA1-E            3.0        0.5        4         

  
  ERROR 235: invalid infiltration parameters at line 296 of [INFIL] section:
  SA1-I            3.0        0.5        4         

  
  ERROR 235: invalid infiltration parameters at line 299 of [INFIL] section:
  SA1-PI           3.0        0.5        4         

  
  ERROR 235: invalid infiltration parameters at line 300 of [INFIL] section:
  SA2-E            3.0        0.5        4         

  
  ERROR 235: invalid infiltration parameters at line 301 of [INFIL] section:
  SA2-I            3.0        0.5        4         

  
  ERROR 235: invalid infiltration parameters at line 302 of [INFIL] section:
  SA2-IMPP         3.0        0.5        4         

  
  ERROR 235: invalid infiltration parameters at line 305 of [INFIL] section:
  SA3-E            3.0        0.5        4         

  
  ERROR 235: invalid infiltration parameters at line 306 of [INFIL] section:
  SA3-I            3.0        0.5        4         

  
  ERROR 235: invalid infiltration parameters at line 307 of [INFIL] section:
  SA3-IMPP         3.0        0.5        4         

  
  ERROR 235: invalid infiltration parameters at line 310 of [INFIL] section:
  SA4-E            3.0        0.5        4         

  
  ERROR 235: invalid infiltration parameters at line 311 of [INFIL] section:
  SA4-I            3.0        0.5        4         

  
  ERROR 235: invalid infiltration parameters at line 312 of [INFIL] section:
  SA4-IMPP         3.0        0.5        4         

  
  ERROR 305: cannot open report file.at line 417 of [LID_USAGE] section:
  SA1-IMPP         RainBarrel1      1       5          0          0          100        0          "F:\2016PC\November, 2013 Models\A1 Podium RainBarrel.txt"

  
  ERROR 305: cannot open report file.at line 418 of [LID_USAGE] section:
  SA1-IMPR         RainBarrel1      1       27         0          0          100        0          "F:\2016PC\November, 2013 Models\A1 Roof RainBarrel.txt"

  
  ERROR 305: cannot open report file.at line 422 of [LID_USAGE] section:
  SA2-IMPP         RainBarrel1      1       7          0          0          100        0          "F:\2016PC\November, 2013 Models\A2 Podium RainBarrel.txt"

  
  ERROR 305: cannot open report file.at line 423 of [LID_USAGE] section:
  SA2-IMPR         RainBarrel1      1       20         0          0          100        0          "F:\2016PC\November, 2013 Models\A2 Roof RainBarrel.txt"

  
  ERROR 305: cannot open report file.at line 427 of [LID_USAGE] section:
  SA3-IMPP         RainBarrel1      1       8          0          0          100        0          "F:\2016PC\November, 2013 Models\A3 Podium RainBarrel.txt"

  
  ERROR 305: cannot open report file.at line 428 of [LID_USAGE] section:
  SA3-IMPR         RainBarrel1      1       22         0          0          100        0          "F:\2016PC\November, 2013 Models\A3 Roof Rainbarrel.txt"

  
  ERROR 305: cannot open report file.at line 432 of [LID_USAGE] section:
  SA4-IMPP         RainBarrel1      1       8          0          0          100        0          "F:\2016PC\November, 2013 Models\A4 Podium RainBarrel.txt"

  
  ERROR 305: cannot open report file.at line 433 of [LID_USAGE] section:
  SA4-IMPR         RainBarrel1      1       10         0          0          100        0          "F:\2016PC\November, 2013 Models\A4 Roof RainBarrel.txt"

  
  ERROR 305: cannot open report file.at line 437 of [LID_USAGE] section:
  SB1-IMPP         RainBarrel1      1       9          0          0          100        0          "F:\2016PC\November, 2013 Models\B1 Podium RainBarrel.txt"

  
  ERROR 305: cannot open report file.at line 438 of [LID_USAGE] section:
  SB1-IMPR         RainBarrel1      1       17         0          0          100        0          "F:\2016PC\November, 2013 Models\B1 Roof RainBarrel.txt"

  
  ERROR 305: cannot open report file.at line 442 of [LID_USAGE] section:
  SB2-IMPP         RainBarrel1      1       7          0          0          100        0          "F:\2016PC\November, 2013 Models\A1 Roof RainBarrel.txt"

  
  ERROR 305: cannot open report file.at line 443 of [LID_USAGE] section:
  SB2-IMPR         RainBarrel1      1       12         0          0          100        0          "F:\2016PC\November, 2013 Models\B2 Roof RainBarrel.txt"

  
  ERROR 305: cannot open report file.at line 447 of [LID_USAGE] section:
  SB3-IMPP         RainBarrel1      1       7          0          0          100        0          "F:\2016PC\November, 2013 Models\B3 Podium RainBarrel.txt"

  
  ERROR 305: cannot open report file.at line 448 of [LID_USAGE] section:
  SB3-IMPR         RainBarrel1      1       15         0          0          100        0          "F:\2016PC\November, 2013 Models\B3 Roof RainBarrel.txt"

  
  ERROR 305: cannot open report file.at line 452 of [LID_USAGE] section:
  SB4-IMPP         RainBarrel1      1       6          0          0          100        0          "F:\2016PC\November, 2013 Models\B4 Podium RainBarrel.txt"

  
  ERROR 305: cannot open report file.at line 453 of [LID_USAGE] section:
  SB4-IMPR         RainBarrel1      1       17         0          0          100        0          "F:\2016PC\November, 2013 Models\B4 Roof RainBarrel.txt"

  
  ERROR 305: cannot open report file.at line 457 of [LID_USAGE] section:
  SC1-IMPP         RainBarrel1      1       10         0          0          100        0          "F:\2016PC\November, 2013 Models\C1 Podium RainBarrel.txt"

  
  ERROR 305: cannot open report file.at line 458 of [LID_USAGE] section:
  SC1-IMPR         RainBarrel1      1       14         0          0          100        0          "F:\2016PC\November, 2013 Models\C1 Roof RainBarrel.txt"

  
  ERROR 305: cannot open report file.at line 462 of [LID_USAGE] section:
  SC2-IMPR         RainBarrel1      1       20         0          0          100        0          "F:\2016PC\November, 2013 Models\C2 Roof RainBarrel.txt"

  
  ERROR 305: cannot open report file.at line 465 of [LID_USAGE] section:
  SC3-IMPP         RainBarrel1      1       4          0          0          100        0          "F:\2016PC\November, 2013 Models\C3 Podium RainBarrel.txt"

  
  ERROR 305: cannot open report file.at line 466 of [LID_USAGE] section:
  SC3-IMPR         RainBarrel1      1       8          0          0          100        0          "F:\2016PC\November, 2013 Models\C3 Roof Rainbarrel.txt"

  
  ERROR 305: cannot open report file.at line 470 of [LID_USAGE] section:
  SC4-IMPP         RainBarrel1      1       6          0          0          100        0          "F:\2016PC\November, 2013 Models\C4 Podium RainBarrel.txt"

  
  ERROR 305: cannot open report file.at line 471 of [LID_USAGE] section:
  SC4-IMPR         RainBarrel1      1       15         0          0          100        0          "F:\2016PC\November, 2013 Models\C4 Roof RainBarrel.txt"

  
  ERROR 305: cannot open report file.at line 475 of [LID_USAGE] section:
  SC5-IMPP         RainBarrel1      1       7          0          0          100        0          "F:\2016PC\November, 2013 Models\C5 Podium RainBarrel.txt"

  
  ERROR 305: cannot open report file.at line 476 of [LID_USAGE] section:
  SC5-IMPR         RainBarrel1      1       61         0          0          100        0          "F:\2016PC\November, 2013 Models\C5 Roof Rainbarrel.txt"

  
  ERROR 305: cannot open report file.at line 480 of [LID_USAGE] section:
  SD1-IMPP         RainBarrel1      1       9          0          0          100        0          "F:\2016PC\November, 2013 Models\D1 Podium RainBarrel.txt"

  
  ERROR 305: cannot open report file.at line 481 of [LID_USAGE] section:
  SD1-IMPR         RainBarrel1      1       27         0          0          100        0          "F:\2016PC\November, 2013 Models\D1 Roof RainBarrel.txt"

  
  ERROR 305: cannot open report file.at line 485 of [LID_USAGE] section:
  SD2-IMPP         RainBarrel1      1       6          0          0          100        0          "F:\2016PC\November, 2013 Models\D2 Podium RainBarrel.txt"

  
  ERROR 305: cannot open report file.at line 486 of [LID_USAGE] section:
  SD2-IMPR         RainBarrel1      1       32         0          0          100        0          "F:\2016PC\November, 2013 Models\D2 Roof RainBarrel.txt"

  
  ERROR 305: cannot open report file.at line 490 of [LID_USAGE] section:
  SD3-IMPP         RainBarrel1      1       9          0          0          100        0          "F:\2016PC\November, 2013 Models\D3 Podium RainBarrel.txt"

  
  ERROR 305: cannot open report file.at line 491 of [LID_USAGE] section:
  SD3-IMPR         RainBarrel1      1       19         0          0          100        0          "F:\2016PC\November, 2013 Models\D3 Roof Rainbarrel.txt"

  
  ERROR 305: cannot open report file.at line 495 of [LID_USAGE] section:
  SD4-IMPP         RainBarrel1      1       12         0          0          100        0          "F:\2016PC\November, 2013 Models\D4 Podium RainBarrel.txt"

  
  ERROR 305: cannot open report file.at line 496 of [LID_USAGE] section:
  SD4-IMPR         RainBarrel1      1       11         0          0          100        0          "F:\2016PC\November, 2013 Models\D4 Roof RainBarrel.txt"

  
  ERROR 305: cannot open report file.at line 500 of [LID_USAGE] section:
  SD5-IMPP         RainBarrel1      1       8          0          0          100        0          "F:\2016PC\November, 2013 Models\D5 Podium RainBarrel.txt"

  
  ERROR 305: cannot open report file.at line 501 of [LID_USAGE] section:
  SD5-IMPR         RainBarrel1      1       11         0          0          100        0          "F:\2016PC\November, 2013 Models\D5 Roof RainBarrel.txt"


  Analysis begun on:  Tue Aug  5 12:21:13 2025
  Analysis ended on:  Tue Aug  5 12:21:13 2025
  Total elapsed time: < 1 sec