
  EPA STORM WATER MANAGEMENT MODEL - VERSION 5.2 (Build 5.2.4)
  ------------------------------------------------------------

  WARNING 08: elevation drop exceeds length for Conduit 2090
  
  ****************
  Analysis Options
  ****************
  Flow Units ............... CFS
  Process Models:
    Rainfall/Runoff ........ YES
    RDII ................... NO
    Snowmelt ............... NO
    Groundwater ............ NO
    Flow Routing ........... YES
    Ponding Allowed ........ YES
    Water Quality .......... NO
  Infiltration Method ...... MODIFIED_HORTON
  Flow Routing Method ...... DYNWAVE
  Surcharge Method ......... EXTRAN
  Starting Date ............ 07/01/2018 00:00:00
  Ending Date .............. 07/01/2018 23:54:00
  Antecedent Dry Days ...... 5.0
  Report Time Step ......... 00:06:00
  Wet Time Step ............ 00:05:00
  Dry Time Step ............ 01:00:00
  Routing Time Step ........ 5.00 sec
  Variable Time Step ....... YES
  Maximum Trials ........... 4
  Number of Threads ........ 1
  Head Tolerance ........... 0.005000 ft
  
  
  **************************        Volume         Depth
  Runoff Quantity Continuity     acre-feet        inches
  **************************     ---------       -------
  Total Precipitation ......        15.479         4.000
  Evaporation Loss .........         0.000         0.000
  Infiltration Loss ........         1.666         0.431
  Surface Runoff ...........        14.093         3.642
  Final Storage ............         0.100         0.026
  Continuity Error (%) .....        -2.456
  
  
  **************************        Volume        Volume
  Flow Routing Continuity        acre-feet      10^6 gal
  **************************     ---------     ---------
  Dry Weather Inflow .......         0.000         0.000
  Wet Weather Inflow .......        14.088         4.591
  Groundwater Inflow .......         0.000         0.000
  RDII Inflow ..............         0.000         0.000
  External Inflow ..........         0.000         0.000
  External Outflow .........         9.567         3.118
  Flooding Loss ............         4.360         1.421
  Evaporation Loss .........         0.000         0.000
  Exfiltration Loss ........         0.000         0.000
  Initial Stored Volume ....         0.000         0.000
  Final Stored Volume ......         0.111         0.036
  Continuity Error (%) .....         0.356
  
  
  *************************
  Highest Continuity Errors
  *************************
  Node 1047 (16.49%)
  Node 1051 (6.80%)
  Node 1109 (4.69%)
  Node 1160 (4.28%)
  Node 1104 (2.10%)
  
  
  ***************************
  Time-Step Critical Elements
  ***************************
  Link 2005 (2.08%)
  Link 2018 (1.97%)
  
  
  ********************************
  Highest Flow Instability Indexes
  ********************************
  Link 2015 (3)
  Link 2200 (3)
  Link 2134 (3)
  Link 2016 (2)
  Link 2114 (2)
  
  
  *********************************
  Most Frequent Nonconverging Nodes
  *********************************
  Node OFALL-10 (5.92%)
  Node 1145 (2.77%)
  Node 1099 (1.98%)
  Node 1102 (1.88%)
  Node 1086 (1.85%)
  
  
  *************************
  Routing Time Step Summary
  *************************
  Minimum Time Step           :     0.15 sec
  Average Time Step           :     4.79 sec
  Maximum Time Step           :     5.00 sec
  % of Time in Steady State   :     0.00
  Average Iterations per Step :     2.13
  % of Steps Not Converging   :     5.92
  Time Step Frequencies       :
      5.000 -  0.910 sec      :    99.35 %
      0.910 -  0.166 sec      :     0.64 %
      0.166 -  0.030 sec      :     0.01 %
      0.030 -  0.005 sec      :     0.00 %
      0.005 -  0.001 sec      :     0.00 %
  
  
  ***************************
  Subcatchment Runoff Summary
  ***************************
  
  ------------------------------------------------------------------------------------------------------------------------------
                            Total      Total      Total      Total     Imperv       Perv      Total       Total     Peak  Runoff
                           Precip      Runon       Evap      Infil     Runoff     Runoff     Runoff      Runoff   Runoff   Coeff
  Subcatchment                 in         in         in         in         in         in         in    10^6 gal      CFS
  ------------------------------------------------------------------------------------------------------------------------------
  1                          4.00       0.00       0.00       0.00       4.08       0.01       4.08        0.01     1.19   1.020
  10                         4.00       0.00       0.00       0.37       3.70       0.88       3.70        0.06     5.96   0.924
  11                         4.00       0.00       0.00       0.41       3.67       0.98       3.67        0.06     5.34   0.918
  12                         4.00       0.00       0.00       0.26       3.85       0.74       3.85        0.02     2.05   0.963
  13                         4.00       0.00       0.00       0.07       4.08       0.26       4.08        0.01     0.59   1.020
  14                         4.00       0.00       0.00       0.47       3.56       0.86       3.56        0.09     6.68   0.889
  15                         4.00       0.00       0.00       0.27       3.78       0.65       3.78        0.04     3.31   0.944
  16                         4.00       0.00       0.00       0.25       3.85       0.72       3.85        0.05     4.91   0.964
  17                         4.00       0.00       0.00       0.26       3.86       0.75       3.86        0.02     2.53   0.966
  18                         4.00       0.00       0.00       0.34       3.78       0.93       3.78        0.01     1.14   0.944
  19                         4.00       0.00       0.00       0.40       3.64       0.82       3.64        0.07     5.61   0.911
  2                          4.00       0.00       0.00       0.49       3.55       0.94       3.55        0.13    10.87   0.887
  20                         4.00       0.00       0.00       0.55       3.53       1.19       3.53        0.07     6.89   0.882
  21                         4.00       0.00       0.00       0.34       3.74       0.87       3.74        0.05     4.49   0.936
  22                         4.00       0.00       0.00       0.34       3.72       0.78       3.72        0.07     6.16   0.930
  23                         4.00       0.00       0.00       0.33       3.76       0.84       3.76        0.04     4.06   0.940
  24                         4.00       0.00       0.00       0.35       3.71       0.84       3.71        0.06     5.67   0.929
  25                         4.00       0.00       0.00       0.06       4.03       0.22       4.03        0.02     1.67   1.007
  26                         4.00       0.00       0.00       0.12       3.92       0.32       3.92        0.04     3.77   0.980
  27                         4.00       0.00       0.00       0.05       4.04       0.17       4.04        0.01     0.73   1.010
  28                         4.00       0.00       0.00       0.36       3.70       0.80       3.70        0.10     9.46   0.924
  29                         4.00       0.00       0.00       0.35       3.73       0.88       3.73        0.06     5.43   0.933
  3                          4.00       0.00       0.00       0.24       3.83       0.62       3.83        0.03     2.53   0.957
  30                         4.00       0.00       0.00       0.00       4.15       0.00       4.15        0.00     0.20   1.038
  31                         4.00       0.00       0.00       0.06       3.96       0.19       3.96        0.03     2.08   0.990
  32                         4.00       0.00       0.00       0.41       3.65       0.92       3.65        0.10     9.26   0.913
  33                         4.00       0.00       0.00       0.24       3.85       0.66       3.85        0.02     1.71   0.962
  34                         4.00       0.00       0.00       0.35       3.76       0.92       3.76        0.05     4.51   0.939
  35                         4.00       0.00       0.00       0.13       3.97       0.42       3.97        0.03     2.98   0.994
  36                         4.00       0.00       0.00       0.20       3.88       0.54       3.88        0.04     4.13   0.971
  37                         4.00       0.00       0.00       0.61       3.45       1.19       3.45        0.08     6.98   0.862
  38                         4.00       0.00       0.00       0.67       3.39       1.29       3.39        0.16    13.66   0.847
  39                         4.00       0.00       0.00       0.40       3.72       1.08       3.72        0.06     6.29   0.930
  4                          4.00       0.00       0.00       0.17       3.89       0.46       3.89        0.03     3.16   0.972
  40                         4.00       0.00       0.00       0.58       3.47       1.14       3.47        0.06     5.51   0.868
  41                         4.00       0.00       0.00       0.41       3.67       0.98       3.67        0.06     5.64   0.918
  42                         4.00       0.00       0.00       0.15       3.92       0.42       3.92        0.02     1.52   0.979
  43                         4.00       0.00       0.00       0.45       3.69       1.27       3.69        0.01     1.30   0.923
  44                         4.00       0.00       0.00       0.33       3.71       0.70       3.71        0.10     8.26   0.928
  45                         4.00       0.00       0.00       0.15       3.95       0.47       3.95        0.01     1.43   0.988
  46                         4.00       0.00       0.00       0.48       3.61       1.13       3.61        0.04     4.20   0.904
  47                         4.00       0.00       0.00       0.02       4.02       0.06       4.02        0.01     1.30   1.006
  48                         4.00       0.00       0.00       0.24       3.84       0.65       3.84        0.06     6.00   0.960
  49                         4.00       0.00       0.00       0.08       4.04       0.26       4.04        0.02     1.60   1.011
  5                          4.00       0.00       0.00       0.42       3.61       0.81       3.61        0.08     6.65   0.903
  50                         4.00       0.00       0.00       0.72       3.36       1.52       3.36        0.07     6.91   0.840
  51                         4.00       0.00       0.00       0.46       3.62       1.06       3.62        0.12    11.42   0.904
  53                         4.00       0.00       0.00       0.46       3.65       1.17       3.65        0.08     8.22   0.912
  54                         4.00       0.00       0.00       0.05       4.07       0.17       4.07        0.01     1.31   1.016
  55                         4.00       0.00       0.00       0.36       3.74       0.94       3.74        0.01     1.48   0.936
  56                         4.00       0.00       0.00       0.14       3.94       0.41       3.94        0.02     2.27   0.986
  57                         4.00       0.00       0.00       0.14       3.93       0.39       3.93        0.05     4.92   0.983
  58                         4.00       0.00       0.00       0.52       3.58       1.27       3.58        0.11    11.01   0.894
  59                         4.00       0.00       0.00       0.31       3.79       0.82       3.79        0.06     6.12   0.949
  6                          4.00       0.00       0.00       0.52       3.53       1.02       3.53        0.10     8.36   0.884
  60                         4.00       0.00       0.00       0.02       4.04       0.07       4.04        0.02     1.87   1.010
  61                         4.00       0.00       0.00       0.00       4.07       0.01       4.07        0.02     1.93   1.018
  62                         4.00       0.00       0.00       0.02       4.02       0.08       4.02        0.03     2.76   1.005
  63                         4.00       0.00       0.00       0.28       3.75       0.61       3.75        0.07     6.06   0.938
  65                         4.00       0.00       0.00       0.69       3.38       1.36       3.38        0.20    17.98   0.845
  66                         4.00       0.00       0.00       0.28       3.80       0.74       3.80        0.04     3.43   0.950
  67                         4.00       0.00       0.00       0.15       3.93       0.45       3.93        0.02     2.24   0.981
  68                         4.00       0.00       0.00       0.09       4.02       0.29       4.02        0.01     1.24   1.004
  69                         4.00       0.00       0.00       0.56       3.52       1.23       3.52        0.11    10.56   0.880
  7                          4.00       0.00       0.00       0.37       3.73       0.96       3.73        0.06     5.75   0.933
  70                         4.00       0.00       0.00       0.57       3.52       1.30       3.52        0.05     5.09   0.879
  71                         4.00       0.00       0.00       0.48       3.62       1.14       3.62        0.06     5.81   0.904
  72                         4.00       0.00       0.00       0.50       3.57       1.07       3.57        0.07     6.35   0.891
  73                         4.00       0.00       0.00       0.06       4.05       0.20       4.05        0.02     1.78   1.011
  74                         4.00       0.00       0.00       0.34       3.78       0.95       3.78        0.02     2.22   0.945
  75                         4.00       0.00       0.00       0.10       3.99       0.33       3.99        0.02     2.26   0.997
  76                         4.00       0.00       0.00       0.43       3.65       0.98       3.65        0.11    10.12   0.912
  77                         4.00       0.00       0.00       0.31       3.85       0.96       3.85        0.05     4.93   0.961
  78                         4.00       0.00       0.00       0.36       3.68       0.77       3.68        0.03     2.60   0.919
  79                         4.00       0.00       0.00       0.32       3.74       0.76       3.74        0.02     1.85   0.935
  8                          4.00       0.00       0.00       0.31       3.73       0.66       3.73        0.03     2.47   0.931
  80                         4.00       0.00       0.00       0.53       3.59       1.35       3.59        0.04     3.82   0.897
  81                         4.00       0.00       0.00       0.22       3.95       0.75       3.95        0.00     0.44   0.988
  83                         4.00       0.00       0.00       0.41       3.72       1.14       3.72        0.04     4.16   0.931
  84                         4.00       0.00       0.00       0.16       3.87       0.41       3.87        0.03     2.19   0.968
  86                         4.00       0.00       0.00       0.27       3.83       0.75       3.83        0.04     4.11   0.957
  87                         4.00       0.00       0.00       0.15       3.96       0.47       3.96        0.02     1.65   0.991
  88                         4.00       0.00       0.00       0.09       4.04       0.30       4.04        0.01     1.44   1.009
  89                         4.00       0.00       0.00       0.21       3.88       0.57       3.88        0.02     2.30   0.969
  9                          4.00       0.00       0.00       0.18       3.90       0.50       3.90        0.04     3.94   0.975
  91                         4.00       0.00       0.00       0.46       3.60       0.99       3.60        0.08     7.09   0.900
  92                         4.00       0.00       0.00       0.63       3.44       1.26       3.44        0.16    14.06   0.859
  93                         4.00       0.00       0.00       0.66       3.41       1.35       3.41        0.13    12.19   0.854
  94                         4.00       0.00       0.00       0.16       3.88       0.41       3.88        0.02     2.05   0.970
  95                         4.00       0.00       0.00       0.17       3.96       0.54       3.96        0.02     2.03   0.989
  97                         4.00       0.00       0.00       1.34       2.67       1.27       2.67        0.04     2.04   0.667
  
  
  ******************
  Node Depth Summary
  ******************
  
  ---------------------------------------------------------------------------------
                                 Average  Maximum  Maximum  Time of Max    Reported
                                   Depth    Depth      HGL   Occurrence   Max Depth
  Node                 Type         Feet     Feet     Feet  days hr:min        Feet
  ---------------------------------------------------------------------------------
  1002                 JUNCTION     0.45     6.88    13.38     0  02:54        6.64
  1003                 JUNCTION     0.46     7.00    23.36     0  02:53        7.00
  1004                 JUNCTION     0.26     4.09    26.97     0  03:10        4.02
  1005                 JUNCTION     0.49     6.87    30.39     0  03:10        6.84
  1006                 JUNCTION     0.44     7.00    34.12     0  02:53        7.00
  1007                 JUNCTION     0.40     7.00    39.29     0  02:53        7.00
  1008                 JUNCTION     0.30     7.00    49.91     0  03:07        7.00
  1009                 JUNCTION     0.14     2.49    66.47     0  03:10        2.37
  1010                 JUNCTION     0.11     1.84    81.86     0  03:11        1.80
  1011                 JUNCTION     0.14     2.36    86.12     0  03:11        2.31
  1012                 JUNCTION     0.12     2.09    87.40     0  03:10        2.01
  1013                 JUNCTION     5.03     7.00    94.19     0  02:53        5.92
  1014                 JUNCTION     6.18     7.00    92.88     0  02:53        7.00
  1015                 JUNCTION     2.46     7.00    97.13     0  02:54        3.69
  1016                 JUNCTION     2.34     7.00    97.24     0  02:54        3.29
  1017                 JUNCTION     4.44     7.00    94.87     0  02:53        5.58
  1018                 JUNCTION     0.07     1.18   102.77     0  03:10        1.04
  1019                 JUNCTION     0.02     0.30   101.16     0  03:10        0.28
  1020                 JUNCTION     1.19     2.49    94.05     0  03:10        2.12
  1021                 JUNCTION     1.18     2.17    93.74     0  03:10        1.90
  1026                 JUNCTION     0.07     0.63   106.73     0  03:10        0.59
  1027                 JUNCTION     0.31     1.17   107.02     0  03:10        1.11
  1028                 JUNCTION     0.68     2.33   110.17     0  03:10        2.12
  1030                 JUNCTION     0.09     1.93    88.72     0  03:10        1.70
  1031                 JUNCTION     0.35     2.03    88.49     0  03:10        1.87
  1032                 JUNCTION     0.07     1.44    91.24     0  03:10        1.24
  1033                 JUNCTION     0.04     0.87    91.33     0  03:10        0.74
  1034                 JUNCTION     0.19     1.09   104.11     0  03:10        0.98
  1035                 JUNCTION     0.32     1.12   104.00     0  03:10        1.03
  1036                 JUNCTION     0.10     1.58   111.59     0  03:10        1.31
  1037                 JUNCTION     0.37     1.39   111.01     0  03:10        1.29
  1038                 JUNCTION     0.06     1.35   112.10     0  03:10        0.92
  1039                 JUNCTION     0.02     0.61   111.01     0  03:10        0.50
  1041                 JUNCTION     0.32     4.27    88.74     0  03:10        3.89
  1042                 JUNCTION     0.21     3.50    91.26     0  03:10        2.77
  1043                 JUNCTION     0.08     2.93    91.43     0  03:10        2.17
  1044                 JUNCTION     0.72     2.13   111.66     0  03:10        1.95
  1045                 JUNCTION     0.27     1.53   111.56     0  03:10        1.39
  1046                 JUNCTION     0.07     1.31   121.08     0  03:10        1.22
  1047                 JUNCTION     0.45     1.79   121.07     0  03:10        1.69
  1048                 JUNCTION     0.61     2.74   122.15     0  03:10        2.55
  1049                 JUNCTION     0.34     3.63   123.38     0  03:10        3.05
  1050                 JUNCTION     0.27     1.72   125.23     0  03:10        1.51
  1051                 JUNCTION     0.60     1.60   124.73     0  03:10        1.53
  1052                 JUNCTION     0.68     2.03   125.74     0  03:10        1.88
  1053                 JUNCTION     0.13     3.08   130.41     0  03:10        2.35
  1054                 JUNCTION     0.12     4.04   132.19     0  03:10        2.75
  1057                 JUNCTION     0.10     1.96    82.06     0  03:10        1.85
  1058                 JUNCTION     0.07     1.68    84.00     0  03:10        1.54
  1059                 JUNCTION     0.03     0.86    84.23     0  03:10        0.67
  1060                 JUNCTION     0.03     1.00    84.11     0  03:10        0.82
  1061                 JUNCTION     0.05     1.02   101.31     0  03:10        0.89
  1062                 JUNCTION     0.13     1.55   101.51     0  03:10        1.36
  1063                 JUNCTION     0.52     2.37   119.60     0  03:10        2.13
  1064                 JUNCTION     0.57     1.69   118.83     0  03:10        1.60
  1065                 JUNCTION     0.36     1.61   122.56     0  03:10        1.48
  1066                 JUNCTION     0.04     1.23   119.60     0  03:10        1.00
  1067                 JUNCTION     0.09     1.51   126.74     0  03:10        1.33
  1068                 JUNCTION     0.55     1.76   134.12     0  03:10        1.60
  1069                 JUNCTION     0.07     1.18   134.09     0  03:10        1.04
  1070                 JUNCTION     0.04     0.69   133.54     0  03:10        0.62
  1072                 JUNCTION     0.58     5.40    70.40     0  03:10        4.23
  1073                 JUNCTION     0.17     4.33    69.78     0  03:10        3.39
  1074                 JUNCTION     1.64     6.62    70.43     0  03:10        5.44
  1075                 JUNCTION     0.18     2.81   106.42     0  03:10        2.32
  1076                 JUNCTION     0.71     1.68   104.61     0  03:10        1.59
  1077                 JUNCTION     0.61     1.61   115.68     0  03:10        1.52
  1078                 JUNCTION     0.27     1.54   126.50     0  03:10        1.37
  1079                 JUNCTION     0.55     1.66   126.30     0  03:10        1.54
  1080                 JUNCTION     0.95     2.77   135.08     0  03:10        2.49
  1081                 JUNCTION     0.24     1.93   135.04     0  03:10        1.68
  1082                 JUNCTION     0.33     1.73   134.70     0  03:10        1.52
  1084                 JUNCTION     0.25     6.99    54.38     0  03:10        6.78
  1085                 JUNCTION     0.42     7.00    54.24     0  03:06        7.00
  1086                 JUNCTION     0.33     7.00    54.36     0  03:06        7.00
  1087                 JUNCTION     1.33     7.00    51.38     0  03:06        7.00
  1088                 JUNCTION     0.04     0.66    68.66     0  03:10        0.55
  1089                 JUNCTION     0.51     3.54    84.36     0  03:10        2.81
  1090                 JUNCTION     0.02     0.45   112.18     0  03:10        0.40
  1091                 JUNCTION     0.30     3.12   116.94     0  03:12        1.81
  1092                 JUNCTION     0.72     1.60   112.27     0  03:10        1.47
  1093                 JUNCTION     0.02     0.37   128.15     0  03:10        0.33
  1094                 JUNCTION     0.09     2.96   120.66     0  03:10        1.89
  1095                 JUNCTION     0.04     0.86   118.89     0  03:10        0.71
  1096                 JUNCTION     0.63     1.99   118.14     0  03:10        1.79
  1097                 JUNCTION     1.56     7.00    68.65     0  02:54        7.00
  1098                 JUNCTION     1.30     7.00    68.99     0  02:51        7.00
  1099                 JUNCTION     0.77     7.00    70.87     0  02:54        7.00
  1100                 JUNCTION     0.34     3.03    92.68     0  03:10        2.47
  1101                 JUNCTION     0.14     1.53    98.53     0  03:10        1.35
  1102                 JUNCTION     0.78     7.00    72.18     0  02:54        6.06
  1103                 JUNCTION     0.20     7.00    73.73     0  03:05        5.09
  1104                 JUNCTION     1.03     6.95    75.03     0  03:05        4.11
  1105                 JUNCTION     0.59     1.51    87.90     0  03:10        1.39
  1106                 JUNCTION     0.30     1.78    88.53     0  03:10        1.54
  1107                 JUNCTION     0.08     2.03   111.14     0  03:10        1.42
  1108                 JUNCTION     0.32     5.38    18.63     0  02:54        4.80
  1109                 JUNCTION     2.18     7.00    97.42     0  02:54        6.51
  1110                 JUNCTION     0.03     0.44   101.55     0  03:10        0.42
  1113                 JUNCTION     0.70     1.43    93.53     0  03:10        1.26
  1114                 JUNCTION     0.05     0.59   106.71     0  03:10        0.55
  1115                 JUNCTION     0.06     0.83   109.32     0  03:10        0.75
  1116                 JUNCTION     0.09     1.74    88.49     0  03:10        1.59
  1117                 JUNCTION     0.04     0.63   103.80     0  03:10        0.58
  1118                 JUNCTION     0.04     0.67   110.63     0  03:10        0.61
  1119                 JUNCTION     0.16     3.85    88.48     0  03:10        3.54
  1120                 JUNCTION     0.11     2.95    90.81     0  03:10        2.34
  1121                 JUNCTION     0.07     1.04   111.28     0  03:10        1.00
  1122                 JUNCTION     0.08     1.38   121.07     0  03:10        1.28
  1123                 JUNCTION     0.13     2.18   122.12     0  03:10        2.00
  1124                 JUNCTION     0.07     1.00   124.72     0  03:10        0.93
  1125                 JUNCTION     0.08     1.29   125.67     0  03:10        1.17
  1126                 JUNCTION     0.07     1.16   128.41     0  03:10        0.99
  1127                 JUNCTION     0.10     1.98    84.00     0  03:10        1.84
  1128                 JUNCTION     0.06     0.93   100.93     0  03:10        0.89
  1129                 JUNCTION     0.07     1.08   118.78     0  03:10        1.02
  1130                 JUNCTION     0.07     1.06   122.32     0  03:10        0.99
  1131                 JUNCTION     0.06     0.98   126.15     0  03:10        0.91
  1132                 JUNCTION     0.04     0.64   133.42     0  03:10        0.59
  1133                 JUNCTION     0.06     0.89   104.54     0  03:10        0.84
  1134                 JUNCTION     0.07     1.02   126.19     0  03:10        0.93
  1135                 JUNCTION     0.06     0.86   134.11     0  03:10        0.78
  1136                 JUNCTION     0.26     6.94    52.55     0  03:10        6.75
  1137                 JUNCTION     0.10     1.69    64.70     0  03:10        1.63
  1138                 JUNCTION     0.06     1.03    68.53     0  03:10        0.93
  1139                 JUNCTION     0.05     0.76    82.01     0  03:10        0.70
  1140                 JUNCTION     0.03     0.56   112.00     0  03:10        0.52
  1141                 JUNCTION     0.04     0.73   114.79     0  03:10        0.65
  1142                 JUNCTION     0.01     0.25   127.32     0  03:10        0.23
  1143                 JUNCTION     1.00     6.57    68.84     0  02:54        6.47
  1144                 JUNCTION     0.37     7.00    70.11     0  02:54        7.00
  1145                 JUNCTION     0.29     6.58    70.99     0  02:54        6.44
  1146                 JUNCTION     0.06     1.07    90.96     0  03:10        0.95
  1147                 JUNCTION     0.05     0.91    97.98     0  03:10        0.83
  1148                 JUNCTION     0.05     0.83   117.36     0  03:10        0.75
  1149                 JUNCTION     0.07     1.33   118.09     0  03:10        1.14
  1150                 JUNCTION     0.23     6.70    72.50     0  03:05        5.39
  1151                 JUNCTION     0.19     6.80    73.45     0  03:05        4.89
  1152                 JUNCTION     0.11     5.57    74.68     0  03:05        3.04
  1153                 JUNCTION     0.05     0.72    87.71     0  03:10        0.66
  1154                 JUNCTION     0.04     0.71   109.29     0  03:10        0.64
  1155                 JUNCTION     0.32     7.00    54.31     0  03:09        6.99
  1156                 JUNCTION     0.24     2.64    66.50     0  03:10        2.49
  1157                 JUNCTION     0.15     2.43    86.17     0  03:10        2.36
  1158                 JUNCTION     0.24     2.28    87.45     0  03:10        2.17
  1160                 JUNCTION     5.64     7.00    93.50     0  02:53        6.58
  1161                 JUNCTION     0.06     1.10    90.82     0  03:10        0.98
  1162                 JUNCTION     0.00     0.00   121.34     0  00:00        0.00
  1163                 JUNCTION     0.06     0.96   115.65     0  03:10        0.89
  1164                 JUNCTION     0.30     5.28   122.83     0  03:10        3.51
  1165                 JUNCTION     0.38     6.81    34.34     0  02:53        6.66
  1166                 JUNCTION     0.35     6.74    34.50     0  02:53        6.42
  1167                 JUNCTION     5.86     7.00    93.25     0  02:53        6.74
  1169                 JUNCTION     0.53     5.87    28.50     0  03:10        5.36
  1170                 JUNCTION     0.09     4.02    26.15     0  02:55        1.93
  1171                 JUNCTION     0.07     7.00    29.03     0  02:55        1.38
  OFALL-10             OUTFALL      0.28     3.72     7.32     0  02:54        3.71
  
  
  *******************
  Node Inflow Summary
  *******************
  
  -------------------------------------------------------------------------------------------------
                                  Maximum  Maximum                  Lateral       Total        Flow
                                  Lateral    Total  Time of Max      Inflow      Inflow     Balance
                                   Inflow   Inflow   Occurrence      Volume      Volume       Error
  Node                 Type           CFS      CFS  days hr:min    10^6 gal    10^6 gal     Percent
  -------------------------------------------------------------------------------------------------
  1002                 JUNCTION      2.04   169.86     0  03:10       0.038        3.12      -0.001
  1003                 JUNCTION      0.00   178.47     0  03:10           0        3.11       0.001
  1004                 JUNCTION      0.00   164.52     0  02:54           0        2.95      -0.001
  1005                 JUNCTION      0.00   156.34     0  02:54           0         2.8       0.005
  1006                 JUNCTION      0.00   195.29     0  03:10           0        3.19      -0.004
  1007                 JUNCTION      0.00   244.82     0  03:11           0         3.4      -0.003
  1008                 JUNCTION      0.00   269.86     0  03:10           0        3.45      -0.004
  1009                 JUNCTION      0.00   194.09     0  03:10           0        2.19       0.005
  1010                 JUNCTION      0.00   135.35     0  03:11           0         1.5       0.003
  1011                 JUNCTION      0.00    89.92     0  03:10           0       0.995       0.014
  1012                 JUNCTION      0.00    34.23     0  03:10           0       0.372       0.006
  1013                 JUNCTION      0.00    20.31     0  02:52           0       0.241       0.000
  1014                 JUNCTION      0.00    43.96     0  03:10           0        0.48       1.403
  1015                 JUNCTION      8.36     8.36     0  03:10      0.0965      0.0965       0.000
  1016                 JUNCTION      3.16     3.16     0  03:10      0.0341      0.0341       0.951
  1017                 JUNCTION      5.75     5.75     0  03:10       0.058       0.058       0.675
  1018                 JUNCTION      6.65     6.65     0  03:10       0.083       0.083      -0.001
  1019                 JUNCTION      2.53     3.92     0  03:10      0.0269      0.0466      -0.052
  1020                 JUNCTION      5.96     5.96     0  03:10      0.0635      0.0635       0.562
  1021                 JUNCTION      3.94     3.94     0  03:10      0.0408      0.0408       0.994
  1026                 JUNCTION      0.59     0.59     0  03:10     0.00561     0.00561      -0.041
  1027                 JUNCTION      2.47     2.47     0  03:10      0.0298      0.0298       0.164
  1028                 JUNCTION      6.68     6.68     0  03:10      0.0851      0.0851       0.209
  1030                 JUNCTION      3.82     3.82     0  03:10      0.0382      0.0382      -0.015
  1031                 JUNCTION      0.44     0.47     0  02:46     0.00404     0.00418       1.182
  1032                 JUNCTION      5.34     5.34     0  03:10      0.0558      0.0558      -0.005
  1033                 JUNCTION      4.91     4.91     0  03:10      0.0487      0.0487      -0.019
  1034                 JUNCTION      2.53     2.53     0  03:10      0.0248      0.0248       0.038
  1035                 JUNCTION      2.05     2.05     0  03:10      0.0203      0.0203       0.268
  1036                 JUNCTION      1.14     6.75     0  03:10      0.0113      0.0772       0.000
  1037                 JUNCTION      3.31     3.31     0  03:10      0.0367      0.0371       0.000
  1038                 JUNCTION      5.61     5.61     0  03:10      0.0658      0.0658      -0.001
  1039                 JUNCTION      0.00     0.06     0  02:52           0    0.000289       0.231
  1041                 JUNCTION      4.16     4.16     0  03:10      0.0406      0.0406       0.007
  1042                 JUNCTION      6.16     6.16     0  03:10      0.0675      0.0675       0.015
  1043                 JUNCTION      6.89     6.89     0  03:10       0.074       0.074      -0.011
  1044                 JUNCTION      4.49     4.49     0  03:10      0.0461      0.0461       0.446
  1045                 JUNCTION      4.06     4.06     0  03:10      0.0417      0.0417       0.063
  1046                 JUNCTION      0.73     0.73     0  03:10     0.00724     0.00724      -0.039
  1047                 JUNCTION      0.00     0.63     0  02:48           0    0.000537      19.746
  1048                 JUNCTION      1.30     1.30     0  03:10      0.0141      0.0143       0.834
  1049                 JUNCTION      9.46     9.46     0  03:10       0.105       0.105       0.021
  1050                 JUNCTION      5.43     5.43     0  03:10      0.0561      0.0561       0.045
  1051                 JUNCTION      0.20     0.68     0  02:48     0.00185     0.00217       7.294
  1052                 JUNCTION      2.08     2.08     0  03:10      0.0251      0.0253       0.738
  1053                 JUNCTION      1.71    10.97     0  03:10      0.0174       0.118       0.001
  1054                 JUNCTION      9.26     9.26     0  03:10       0.101       0.101      -0.001
  1057                 JUNCTION      4.11     4.11     0  03:10      0.0413      0.0413      -0.020
  1058                 JUNCTION      0.00     0.17     0  02:49           0    0.000391       0.340
  1059                 JUNCTION      4.51     4.51     0  03:10      0.0454      0.0454      -0.033
  1060                 JUNCTION      2.98     2.98     0  03:10      0.0294      0.0294      -0.044
  1061                 JUNCTION      4.13     4.13     0  03:10      0.0427      0.0427      -0.016
  1062                 JUNCTION      5.67     5.67     0  03:10      0.0606      0.0606       0.003
  1063                 JUNCTION      6.98     6.98     0  03:10      0.0797      0.0802       0.277
  1064                 JUNCTION      1.67     1.67     0  03:10      0.0165      0.0165       1.006
  1065                 JUNCTION      3.77     3.77     0  03:10      0.0437      0.0437       0.143
  1066                 JUNCTION      0.00     0.17     0  02:50           0    0.000536       0.066
  1067                 JUNCTION      5.51     5.51     0  03:10      0.0633      0.0633      -0.005
  1068                 JUNCTION      1.30     1.30     0  03:10      0.0125      0.0127       1.013
  1069                 JUNCTION      5.64     6.94     0  03:10       0.059      0.0715      -0.019
  1070                 JUNCTION      1.52     1.52     0  03:10      0.0161      0.0161      -0.007
  1072                 JUNCTION      6.29     6.29     0  03:10      0.0621      0.0621       0.145
  1073                 JUNCTION     13.66    59.75     0  03:10       0.156       0.667      -0.014
  1074                 JUNCTION      6.00     6.00     0  03:10      0.0618       0.062       0.762
  1075                 JUNCTION     10.87    10.87     0  03:10        0.13        0.13      -0.002
  1076                 JUNCTION      1.60     1.60     0  03:10      0.0155      0.0155       1.367
  1077                 JUNCTION      1.19     1.19     0  03:10      0.0118      0.0118       1.339
  1078                 JUNCTION      4.20     4.20     0  03:10      0.0435      0.0435       0.067
  1079                 JUNCTION      2.27     2.27     0  03:10      0.0232      0.0232       0.555
  1080                 JUNCTION      1.43     1.43     0  03:10      0.0142      0.0145       1.912
  1081                 JUNCTION      8.26     9.70     0  03:10      0.0981       0.112       0.042
  1082                 JUNCTION      4.92     4.92     0  03:10      0.0517      0.0517       0.071
  1084                 JUNCTION      0.00   194.23     0  03:10           0         2.3       0.004
  1085                 JUNCTION      4.93     9.74     0  03:10      0.0467       0.112       0.002
  1086                 JUNCTION      6.91     6.91     0  03:10      0.0747      0.0747      -0.011
  1087                 JUNCTION      1.93    10.52     0  03:10      0.0192      0.0454       0.963
  1088                 JUNCTION      2.76     2.76     0  03:10        0.03        0.03      -0.011
  1089                 JUNCTION     11.42    11.42     0  03:10       0.121       0.121       0.090
  1090                 JUNCTION      1.31     1.31     0  03:10      0.0127      0.0127      -0.061
  1091                 JUNCTION      8.22     8.22     0  03:10      0.0827      0.0827       0.045
  1092                 JUNCTION      2.24     2.24     0  03:10       0.023      0.0231       1.012
  1093                 JUNCTION      1.48     1.48     0  03:10      0.0148      0.0148      -0.014
  1094                 JUNCTION      1.24    12.24     0  03:10      0.0122       0.125      -0.005
  1095                 JUNCTION      6.12     6.12     0  03:10      0.0617      0.0617      -0.014
  1096                 JUNCTION      1.87     1.87     0  03:10      0.0193      0.0195       1.077
  1097                 JUNCTION      6.06     6.06     0  03:10      0.0735      0.0737       0.380
  1098                 JUNCTION     17.98    17.98     0  03:10       0.201       0.201       0.036
  1099                 JUNCTION      3.43     5.96     0  03:10      0.0354      0.0384       0.413
  1100                 JUNCTION     10.56    10.56     0  03:10       0.113       0.113       0.027
  1101                 JUNCTION      5.09     5.09     0  03:10      0.0533      0.0533       0.003
  1102                 JUNCTION      2.22     2.22     0  03:10      0.0218      0.0218       0.661
  1103                 JUNCTION      5.81     5.81     0  03:10        0.06        0.06      -0.009
  1104                 JUNCTION      1.78     1.78     0  03:10      0.0174      0.0175       2.150
  1105                 JUNCTION      2.26     2.26     0  03:10      0.0226      0.0227       0.683
  1106                 JUNCTION      6.35     6.35     0  03:10      0.0694      0.0694       0.056
  1107                 JUNCTION     10.12    10.12     0  03:10       0.107       0.107      -0.003
  1108                 JUNCTION      2.03   171.83     0  02:54      0.0196        3.08       0.003
  1109                 JUNCTION      0.00    25.76     0  02:53           0       0.199       4.916
  1110                 JUNCTION      0.00     6.65     0  03:10           0       0.083      -0.263
  1113                 JUNCTION      0.00    19.47     0  03:10           0       0.224       1.059
  1114                 JUNCTION      0.00     9.71     0  03:10           0        0.12      -0.070
  1115                 JUNCTION      0.00     6.68     0  03:10           0      0.0849       0.006
  1116                 JUNCTION      0.00    28.70     0  03:10           0       0.306      -0.004
  1117                 JUNCTION      0.00    14.59     0  03:10           0       0.159       0.025
  1118                 JUNCTION      0.00    10.03     0  03:10           0       0.114       0.006
  1119                 JUNCTION      0.00    54.01     0  03:10           0       0.597      -0.003
  1120                 JUNCTION      0.00    50.25     0  03:10           0       0.556      -0.009
  1121                 JUNCTION      0.00    37.64     0  03:10           0       0.414       0.015
  1122                 JUNCTION      0.00    29.56     0  03:10           0       0.327       0.008
  1123                 JUNCTION      0.00    28.99     0  03:10           0        0.32      -0.000
  1124                 JUNCTION      0.00    18.43     0  03:10           0       0.201       0.001
  1125                 JUNCTION      0.00    12.98     0  03:10           0       0.143       0.011
  1126                 JUNCTION      0.00    10.98     0  03:10           0       0.118      -0.012
  1127                 JUNCTION      0.00    42.62     0  03:10           0       0.469      -0.006
  1128                 JUNCTION      0.00    35.38     0  03:10           0       0.394       0.002
  1129                 JUNCTION      0.00    25.89     0  03:10           0        0.29       0.021
  1130                 JUNCTION      0.00    17.43     0  03:10           0       0.195       0.006
  1131                 JUNCTION      0.00    13.85     0  03:10           0       0.151       0.009
  1132                 JUNCTION      0.00     8.44     0  03:10           0      0.0875      -0.006
  1133                 JUNCTION      0.00    34.11     0  03:10           0       0.387       0.020
  1134                 JUNCTION      0.00    20.95     0  03:10           0        0.23       0.001
  1135                 JUNCTION      0.00    14.62     0  03:10           0       0.164       0.001
  1136                 JUNCTION      0.00    88.31     0  03:10           0        1.18      -0.001
  1137                 JUNCTION      0.00    88.35     0  03:10           0        1.17       0.005
  1138                 JUNCTION      0.00    27.05     0  03:10           0       0.283      -0.021
  1139                 JUNCTION      0.00    24.35     0  03:10           0       0.254       0.014
  1140                 JUNCTION      0.00    13.10     0  03:10           0       0.133       0.006
  1141                 JUNCTION      0.00     9.66     0  03:10           0      0.0975       0.005
  1142                 JUNCTION      0.00     1.47     0  03:10           0      0.0148      -0.003
  1143                 JUNCTION      0.00    61.33     0  03:10           0       0.884       0.216
  1144                 JUNCTION      0.00    61.10     0  03:10           0       0.694       0.043
  1145                 JUNCTION      0.00    35.44     0  03:10           0       0.399      -0.008
  1146                 JUNCTION      0.00    35.46     0  03:10           0       0.371      -0.004
  1147                 JUNCTION      0.00    25.13     0  03:10           0       0.259       0.010
  1148                 JUNCTION      0.00    20.14     0  03:10           0       0.205      -0.001
  1149                 JUNCTION      0.00     7.96     0  03:10           0       0.081      -0.003
  1150                 JUNCTION      0.00    28.34     0  03:10           0       0.298      -0.017
  1151                 JUNCTION      0.00    26.11     0  03:10           0       0.276      -0.022
  1152                 JUNCTION      0.00    20.32     0  03:10           0       0.216       0.016
  1153                 JUNCTION      0.00    18.64     0  03:10           0       0.199       0.002
  1154                 JUNCTION      0.00    10.12     0  03:10           0       0.107      -0.011
  1155                 JUNCTION      1.44     2.66     0  03:10      0.0139      0.0146      -0.084
  1156                 JUNCTION      1.65     1.65     0  03:10      0.0162      0.0162       0.037
  1157                 JUNCTION      2.19     2.19     0  03:10      0.0258      0.0258      -0.014
  1158                 JUNCTION      1.85     1.85     0  03:10        0.02        0.02       0.064
  1160                 JUNCTION      0.00    24.85     0  03:10           0       0.293       4.476
  1161                 JUNCTION      0.00    24.66     0  03:10           0       0.263      -0.007
  1162                 JUNCTION      0.00     0.00     0  00:00           0           0       0.000 gal
  1163                 JUNCTION      0.00    22.02     0  03:10           0       0.242       0.018
  1164                 JUNCTION     11.01    11.01     0  03:10       0.113       0.113       0.015
  1165                 JUNCTION      7.09     7.89     0  02:50      0.0784      0.0809       0.036
  1166                 JUNCTION      2.30     2.30     0  03:10      0.0236      0.0236      -0.085
  1167                 JUNCTION      2.60     2.60     0  03:10      0.0305      0.0305       1.118
  1169                 JUNCTION     14.06    14.06     0  03:10       0.157       0.157       0.010
  1170                 JUNCTION     12.19    12.19     0  03:10       0.134       0.134      -0.024
  1171                 JUNCTION      2.05     3.88     0  02:54      0.0237       0.024      -0.254
  OFALL-10             OUTFALL       0.00   169.94     0  02:54           0        3.12       0.000
  
  
  **********************
  Node Surcharge Summary
  **********************
  
  Surcharging occurs when water rises above the top of the highest conduit.
  ---------------------------------------------------------------------
                                               Max. Height   Min. Depth
                                   Hours       Above Crown    Below Rim
  Node                 Type      Surcharged           Feet         Feet
  ---------------------------------------------------------------------
  1002                 JUNCTION        0.49          2.878        0.122
  1003                 JUNCTION        0.47          3.000        0.000
  1004                 JUNCTION        0.11          0.090        2.910
  1005                 JUNCTION        0.51          2.874        0.126
  1006                 JUNCTION        0.47          3.000        0.000
  1007                 JUNCTION        0.44          3.000        0.000
  1008                 JUNCTION        0.22          3.000        0.000
  1013                 JUNCTION       21.02          4.000        0.000
  1014                 JUNCTION       21.03          4.000        0.000
  1015                 JUNCTION       21.05          5.750        0.000
  1016                 JUNCTION       21.01          5.750        0.000
  1017                 JUNCTION       21.03          5.750        0.000
  1020                 JUNCTION       21.07          1.235        4.515
  1021                 JUNCTION       21.04          0.922        4.828
  1028                 JUNCTION        0.67          1.077        4.673
  1030                 JUNCTION        0.25          0.676        5.074
  1031                 JUNCTION        0.40          0.780        4.970
  1032                 JUNCTION        0.08          0.189        5.561
  1036                 JUNCTION        0.09          0.326        5.424
  1037                 JUNCTION        0.11          0.144        5.606
  1038                 JUNCTION        0.01          0.097        5.653
  1041                 JUNCTION        0.56          3.025        2.725
  1042                 JUNCTION        0.43          2.249        3.501
  1043                 JUNCTION        0.15          1.681        4.069
  1044                 JUNCTION        0.58          0.877        4.873
  1045                 JUNCTION        0.19          0.285        5.465
  1046                 JUNCTION        0.04          0.064        5.686
  1047                 JUNCTION        0.39          0.541        5.209
  1048                 JUNCTION        0.68          1.490        4.260
  1049                 JUNCTION        0.57          2.380        3.370
  1050                 JUNCTION        0.28          0.468        5.282
  1051                 JUNCTION        0.44          0.352        5.398
  1052                 JUNCTION        0.56          0.782        4.968
  1053                 JUNCTION        0.37          1.831        3.919
  1054                 JUNCTION        0.26          2.792        2.958
  1057                 JUNCTION        0.34          0.709        5.041
  1058                 JUNCTION        0.14          0.432        5.318
  1062                 JUNCTION        0.14          0.299        5.451
  1063                 JUNCTION        0.55          1.117        4.633
  1064                 JUNCTION        0.44          0.438        5.312
  1065                 JUNCTION        0.22          0.364        5.386
  1067                 JUNCTION        0.12          0.263        5.487
  1068                 JUNCTION        0.45          0.508        5.242
  1072                 JUNCTION        0.68          4.153        1.597
  1073                 JUNCTION        0.13          1.834        2.666
  1074                 JUNCTION       21.12          5.374        0.376
  1075                 JUNCTION        0.43          1.556        4.194
  1076                 JUNCTION        0.51          0.427        5.323
  1077                 JUNCTION        0.37          0.362        5.388
  1078                 JUNCTION        0.17          0.285        5.465
  1079                 JUNCTION        0.38          0.414        5.336
  1080                 JUNCTION        1.21          1.516        4.234
  1081                 JUNCTION        0.18          0.428        5.072
  1082                 JUNCTION        0.28          0.479        5.271
  1084                 JUNCTION        0.14          2.992        0.008
  1085                 JUNCTION        0.65          5.750        0.000
  1086                 JUNCTION        0.63          5.750        0.000
  1087                 JUNCTION        5.86          5.750        0.000
  1089                 JUNCTION        0.61          2.293        3.457
  1091                 JUNCTION        0.45          1.866        3.884
  1092                 JUNCTION        0.37          0.351        5.399
  1094                 JUNCTION        0.18          1.707        4.043
  1096                 JUNCTION        0.50          0.744        5.006
  1097                 JUNCTION       21.11          5.750        0.000
  1098                 JUNCTION        1.66          5.750        0.000
  1099                 JUNCTION        0.65          5.750        0.000
  1100                 JUNCTION        0.53          1.782        3.968
  1101                 JUNCTION        0.13          0.281        5.469
  1102                 JUNCTION        0.59          5.750        0.000
  1103                 JUNCTION        0.43          5.750        0.000
  1104                 JUNCTION        0.84          5.703        0.047
  1105                 JUNCTION        0.27          0.260        5.490
  1106                 JUNCTION        0.35          0.527        5.223
  1107                 JUNCTION        0.12          0.778        4.972
  1108                 JUNCTION        0.43          1.385        1.615
  1109                 JUNCTION        0.41          4.500        0.000
  1119                 JUNCTION        0.14          1.346        3.154
  1120                 JUNCTION        0.01          0.455        4.045
  1136                 JUNCTION        0.25          3.942        0.058
  1143                 JUNCTION        0.59          3.574        0.426
  1144                 JUNCTION        0.50          4.000        0.000
  1145                 JUNCTION        0.47          4.083        0.417
  1150                 JUNCTION        0.35          4.204        0.296
  1151                 JUNCTION        0.29          4.304        0.196
  1152                 JUNCTION        0.13          3.568        1.432
  1155                 JUNCTION        0.60          5.750        0.000
  1156                 JUNCTION        0.50          1.389        4.361
  1157                 JUNCTION        0.49          1.176        4.574
  1158                 JUNCTION        0.47          1.027        4.723
  1160                 JUNCTION       21.02          4.000        0.000
  1164                 JUNCTION        0.51          4.034        1.716
  1165                 JUNCTION        0.55          4.806        0.194
  1166                 JUNCTION        0.61          5.490        0.260
  1167                 JUNCTION       21.07          5.750        0.000
  1169                 JUNCTION        0.67          4.370        1.130
  1170                 JUNCTION        0.30          2.522        2.978
  1171                 JUNCTION        0.37          5.750        0.000
  
  
  *********************
  Node Flooding Summary
  *********************
  
  Flooding refers to all water that overflows a node, whether it ponds or not.
  --------------------------------------------------------------------------
                                                             Total   Maximum
                                 Maximum   Time of Max       Flood    Ponded
                        Hours       Rate    Occurrence      Volume     Depth
  Node                 Flooded       CFS   days hr:min    10^6 gal      Feet
  --------------------------------------------------------------------------
  1003                    0.34     12.68      0  03:10       0.052     0.000
  1006                    0.43     45.09      0  03:10       0.391     0.000
  1007                    0.30     58.92      0  03:11       0.316     0.000
  1008                    0.11     25.03      0  03:10       0.045     0.000
  1013                    0.01      9.58      0  02:53       0.000     0.000
  1014                   21.00     43.96      0  03:10       0.461     0.000
  1015                    0.01      3.86      0  02:54       0.000     0.000
  1016                    0.01      2.24      0  02:54       0.000     0.000
  1017                    0.01      0.73      0  02:53       0.000     0.000
  1085                    0.10      9.74      0  03:10       0.014     0.000
  1086                    0.12      4.36      0  03:10       0.011     0.000
  1087                    0.14     10.52      0  03:10       0.032     0.000
  1097                    0.16      5.46      0  03:10       0.016     0.000
  1098                    0.37     13.67      0  03:10       0.064     0.000
  1099                    0.12      5.96      0  03:10       0.010     0.000
  1102                    0.01      0.63      0  03:05       0.000     0.000
  1103                    0.01      0.38      0  03:05       0.000     0.000
  1109                    0.01     24.26      0  02:54       0.001     0.000
  1144                    0.08      4.85      0  03:10       0.005     0.000
  1155                    0.04      2.65      0  03:10       0.002     0.000
  1160                    0.01      6.11      0  02:53       0.000     0.000
  1167                    0.01      0.96      0  02:53       0.000     0.000
  1171                    0.01      1.74      0  02:55       0.000     0.000
  
  
  ***********************
  Outfall Loading Summary
  ***********************
  
  -----------------------------------------------------------
                         Flow       Avg       Max       Total
                         Freq      Flow      Flow      Volume
  Outfall Node           Pcnt       CFS       CFS    10^6 gal
  -----------------------------------------------------------
  OFALL-10              88.96     11.99    169.94       3.117
  -----------------------------------------------------------
  System                88.96     11.99    169.94       3.117
  
  
  ********************
  Link Flow Summary
  ********************
  
  -----------------------------------------------------------------------------
                                 Maximum  Time of Max   Maximum    Max/    Max/
                                  |Flow|   Occurrence   |Veloc|    Full    Full
  Link                 Type          CFS  days hr:min    ft/sec    Flow   Depth
  -----------------------------------------------------------------------------
  2000                 CONDUIT    169.94     0  02:54     13.90    1.02    0.96
  2002                 CONDUIT    168.10     0  02:55     13.38    0.56    1.00
  2003                 CONDUIT    170.09     0  02:54     13.57    0.93    1.00
  2004                 CONDUIT    164.26     0  03:10     13.45    0.38    1.00
  2005                 CONDUIT    156.29     0  02:54     13.34    1.44    1.00
  2006                 CONDUIT    156.34     0  02:54     12.44    0.68    1.00
  2007                 CONDUIT    185.91     0  03:11     14.79    0.59    1.00
  2008                 CONDUIT    244.82     0  03:11     19.48    0.67    1.00
  2009                 CONDUIT    190.40     0  03:10     15.15    0.45    1.00
  2010                 CONDUIT    194.23     0  03:10     18.32    0.44    0.81
  2011                 CONDUIT    135.21     0  03:11     20.45    0.33    0.54
  2012                 CONDUIT     89.63     0  03:11     13.44    0.42    0.53
  2013                 CONDUIT     33.93     0  03:11      6.05    0.63    0.74
  2014                 CONDUIT      3.90     0  03:10      4.70    0.02    0.40
  2015                 CONDUIT      8.29     0  03:10      2.09    0.19    1.00
  2016                 CONDUIT      1.77     0  03:06      1.44    0.38    1.00
  2017                 CONDUIT     24.78     0  03:10      3.51    0.35    1.00
  2018                 CONDUIT     17.07     0  02:53      3.75    0.17    1.00
  2019                 CONDUIT      5.76     0  03:10      6.33    0.44    1.00
  2020                 CONDUIT      8.36     0  03:10      6.81    1.02    1.00
  2021                 CONDUIT      3.16     0  03:10      2.58    0.36    1.00
  2022                 CONDUIT      5.19     0  03:10      4.48    0.07    0.59
  2023                 CONDUIT      1.41     0  03:10      4.65    0.16    0.30
  2024                 CONDUIT      6.65     0  03:10      7.97    0.64    0.65
  2026                 CONDUIT     19.33     0  03:10      8.70    0.19    0.79
  2027                 CONDUIT      3.94     0  03:10      3.21    0.29    1.00
  2028                 CONDUIT      5.96     0  03:10      4.85    0.52    1.00
  2029                 CONDUIT      9.67     0  03:10      7.70    0.19    0.50
  2030                 CONDUIT      2.47     0  03:10      2.68    0.27    0.70
  2031                 CONDUIT      0.59     0  03:10      1.60    0.21    0.49
  2032                 CONDUIT      6.66     0  03:10      9.33    0.55    0.56
  2033                 CONDUIT      6.68     0  03:10      6.13    0.54    0.83
  2034                 CONDUIT      1.85     0  03:10      1.50    0.31    1.00
  2038                 CONDUIT     28.65     0  03:10      7.11    0.39    0.77
  2039                 CONDUIT      3.83     0  03:10      3.28    1.42    1.00
  2040                 CONDUIT      0.44     0  02:50      1.28    0.06    1.00
  2041                 CONDUIT     24.61     0  03:10      8.57    0.21    0.57
  2042                 CONDUIT      5.35     0  03:10      4.48    0.95    0.94
  2043                 CONDUIT      4.89     0  03:10      4.90    0.45    0.79
  2044                 CONDUIT     14.54     0  03:10      9.69    0.14    0.35
  2045                 CONDUIT      2.04     0  03:10      2.23    0.19    0.70
  2046                 CONDUIT      2.53     0  03:10      2.82    0.46    0.69
  2047                 CONDUIT     10.02     0  03:10     11.43    0.20    0.32
  2048                 CONDUIT      3.28     0  03:10      3.25    0.32    0.77
  2049                 CONDUIT      0.08     0  03:10      0.16    0.01    0.74
  2050                 CONDUIT      6.75     0  03:10      6.69    2.16    0.77
  2051                 CONDUIT      5.61     0  03:10      4.57    0.50    1.00
  2052                 CONDUIT      2.19     0  03:10      1.79    1.13    1.00
  2053                 CONDUIT     54.04     0  03:10     11.11    0.64    0.97
  2054                 CONDUIT      4.16     0  03:10      3.39    0.92    1.00
  2055                 CONDUIT     50.19     0  03:10     10.23    0.44    1.00
  2056                 CONDUIT      6.16     0  03:10      5.02    1.10    1.00
  2057                 CONDUIT      6.89     0  03:10      5.61    0.57    1.00
  2058                 CONDUIT     37.61     0  03:10     12.07    0.36    0.71
  2059                 CONDUIT      4.06     0  03:10      3.45    0.46    0.92
  2060                 CONDUIT      4.49     0  03:10      3.82    0.34    0.92
  2061                 CONDUIT     29.53     0  03:10     14.90    0.64    0.60
  2062                 CONDUIT      0.73     0  03:10      2.28    0.16    1.00
  2063                 CONDUIT      0.63     0  02:48      1.76    0.07    1.00
  2064                 CONDUIT     28.87     0  03:10      7.74    0.89    0.71
  2065                 CONDUIT      1.30     0  03:10      1.29    0.14    1.00
  2066                 CONDUIT      9.45     0  03:10      7.70    1.29    1.00
  2067                 CONDUIT     18.40     0  03:10      5.59    0.34    0.64
  2068                 CONDUIT      5.42     0  03:10      4.67    0.61    0.90
  2069                 CONDUIT      0.59     0  02:47      1.53    0.06    0.90
  2070                 CONDUIT     12.97     0  03:10      6.98    0.45    0.57
  2071                 CONDUIT      2.08     0  03:10      1.70    0.18    1.00
  2072                 CONDUIT     10.93     0  03:10      7.09    0.79    0.82
  2073                 CONDUIT     10.98     0  03:10      9.06    2.89    0.96
  2074                 CONDUIT      9.26     0  03:10      7.55    1.03    1.00
  2075                 CONDUIT      4.12     0  03:10      3.77    0.81    1.00
  2077                 CONDUIT     42.54     0  03:10     10.62    0.46    0.76
  2078                 CONDUIT      4.43     0  03:10      5.88    0.23    0.84
  2079                 CONDUIT      2.92     0  03:10      4.34    0.24    0.90
  2080                 CONDUIT      0.17     0  02:49      0.56    0.02    1.00
  2081                 CONDUIT     35.34     0  03:10     11.96    0.30    0.58
  2082                 CONDUIT      5.67     0  03:10      5.00    1.30    0.87
  2083                 CONDUIT      4.12     0  03:10      4.01    0.59    0.78
  2084                 CONDUIT     25.85     0  03:10     16.37    0.48    0.50
  2085                 CONDUIT      1.67     0  03:10      1.41    0.11    0.93
  2086                 CONDUIT      6.94     0  03:10      5.84    0.74    0.93
  2087                 CONDUIT      0.17     0  02:50      0.24    0.01    0.99
  2088                 CONDUIT     17.43     0  03:10     10.21    0.41    0.54
  2089                 CONDUIT      3.77     0  03:10      3.19    0.35    0.92
  2090                 CONDUIT      0.00     0  00:00      0.00    0.00    0.50
  2091                 CONDUIT     13.78     0  03:10      8.57    0.40    0.51
  2092                 CONDUIT      5.52     0  03:10      4.79    1.70    0.89
  2093                 CONDUIT      8.39     0  03:10      7.03    0.22    0.41
  2094                 CONDUIT      1.52     0  03:10      2.28    0.34    0.53
  2095                 CONDUIT      6.93     0  03:10      6.17    0.91    0.61
  2096                 CONDUIT      1.30     0  03:10      1.75    0.15    0.97
  2097                 CONDUIT      1.65     0  03:10      1.39    0.26    1.00
  2098                 CONDUIT     59.77     0  03:10     12.20    0.83    1.00
  2099                 CONDUIT      6.29     0  03:10      5.13    0.67    1.00
  2100                 CONDUIT      6.00     0  03:10      4.89    0.40    1.00
  2101                 CONDUIT     34.07     0  03:10      9.63    0.27    0.68
  2102                 CONDUIT     10.86     0  03:10      9.75    2.55    0.85
  2103                 CONDUIT      1.60     0  03:10      1.44    0.13    0.85
  2104                 CONDUIT     21.97     0  03:10     15.50    0.38    0.46
  2105                 CONDUIT      1.19     0  03:10      1.04    0.11    0.89
  2106                 CONDUIT     20.88     0  03:10     13.49    0.43    0.49
  2107                 CONDUIT      4.20     0  03:10      3.60    0.39    0.91
  2108                 CONDUIT      2.27     0  03:10      1.94    0.22    0.91
  2109                 CONDUIT     14.55     0  03:10     10.07    0.35    0.47
  2110                 CONDUIT      9.71     0  03:10      6.51    1.02    0.79
  2111                 CONDUIT      1.44     0  03:10      2.05    0.13    1.00
  2112                 CONDUIT      4.91     0  03:10      4.45    0.74    0.84
  2113                 CONDUIT     80.81     0  03:06     11.43    0.51    1.00
  2114                 CONDUIT      8.75     0  03:10      7.13    0.55    1.00
  2115                 CONDUIT     88.31     0  03:10     15.41    0.44    0.78
  2116                 CONDUIT      9.48     0  03:06      7.72    1.93    1.00
  2117                 CONDUIT      5.49     0  03:06      4.48    1.40    1.00
  2118                 CONDUIT     27.06     0  03:10     10.98    0.23    0.54
  2119                 CONDUIT      2.75     0  03:10      3.92    0.28    0.67
  2120                 CONDUIT     24.32     0  03:10     15.42    0.18    0.36
  2121                 CONDUIT     11.42     0  03:10     10.80    0.81    0.81
  2122                 CONDUIT     13.05     0  03:10     12.55    0.11    0.26
  2123                 CONDUIT      9.60     0  03:10     10.97    0.17    0.32
  2124                 CONDUIT      1.31     0  03:10      3.52    0.16    0.40
  2125                 CONDUIT      2.24     0  03:10      2.35    0.17    0.72
  2126                 CONDUIT      8.21     0  03:10      7.89    0.82    0.79
  2127                 CONDUIT      1.46     0  03:10      2.95    0.06    0.33
  2128                 CONDUIT      1.47     0  03:10      6.23    0.12    0.25
  2129                 CONDUIT     61.33     0  03:10     10.45    1.58    0.78
  2130                 CONDUIT      4.31     0  03:14      3.51    0.37    1.00
  2132                 CONDUIT     56.27     0  03:10      7.96    0.76    1.00
  2133                 CONDUIT     32.79     0  03:10      7.09    0.37    1.00
  2134                 CONDUIT      2.74     0  03:05      2.23    0.17    1.00
  2135                 CONDUIT      9.54     0  02:53      7.77    1.69    1.00
  2136                 CONDUIT     35.44     0  03:10     13.72    0.52    0.77
  2137                 CONDUIT     10.56     0  03:10      8.92    1.43    0.93
  2138                 CONDUIT     25.12     0  03:10     13.93    0.21    0.40
  2139                 CONDUIT      5.09     0  03:10      4.52    1.32    0.86
  2140                 CONDUIT     20.10     0  03:10     15.34    0.33    0.43
  2141                 CONDUIT     12.25     0  03:10     11.24    1.03    0.83
  2142                 CONDUIT      7.94     0  03:10      5.88    1.00    0.72
  2143                 CONDUIT      1.87     0  03:10      2.09    0.12    1.00
  2144                 CONDUIT      6.10     0  03:10      6.35    0.43    0.84
  2145                 CONDUIT     28.37     0  03:10      5.78    0.68    1.00
  2146                 CONDUIT     26.15     0  03:10      6.68    0.30    1.00
  2147                 CONDUIT      5.82     0  03:10      4.74    0.92    1.00
  2148                 CONDUIT      2.22     0  03:10      1.81    0.23    1.00
  2149                 CONDUIT     20.34     0  03:10      7.59    0.32    1.00
  2150                 CONDUIT      1.78     0  03:10      1.45    0.13    1.00
  2151                 CONDUIT     18.57     0  03:10     13.58    0.28    0.68
  2152                 CONDUIT      6.35     0  03:10      6.13    0.70    0.79
  2153                 CONDUIT      2.26     0  03:10      2.19    0.21    0.79
  2154                 CONDUIT     10.07     0  03:10     13.85    0.58    0.57
  2155                 CONDUIT     10.12     0  03:10      9.79    0.78    0.79
  2156                 CONDUIT     11.01     0  03:10      8.97    2.33    1.00
  2157                 CONDUIT      7.08     0  03:10      3.39    0.25    1.00
  2158                 CONDUIT      2.30     0  03:10      4.08    0.20    1.00
  2159                 CONDUIT      2.60     0  03:10      2.75    0.36    1.00
  2162                 CONDUIT     14.06     0  03:10      7.96    1.42    1.00
  2163                 CONDUIT     12.18     0  03:10     11.34    0.22    1.00
  2164                 CONDUIT      2.61     0  02:54      3.96    0.08    1.00
  2200                 CONDUIT     11.05     0  03:10      2.12    0.26    1.00
  
  
  ***************************
  Flow Classification Summary
  ***************************
  
  -------------------------------------------------------------------------------------
                      Adjusted    ---------- Fraction of Time in Flow Class ---------- 
                       /Actual         Up    Down  Sub   Sup   Up    Down  Norm  Inlet 
  Conduit               Length    Dry  Dry   Dry   Crit  Crit  Crit  Crit  Ltd   Ctrl  
  -------------------------------------------------------------------------------------
  2000                    1.00   0.12  0.00  0.00  0.02  0.87  0.00  0.00  0.00  0.00
  2002                    1.12   0.12  0.00  0.00  0.27  0.62  0.00  0.00  0.84  0.00
  2003                    1.00   0.12  0.00  0.00  0.02  0.87  0.00  0.00  0.00  0.00
  2004                    3.12   0.12  0.00  0.00  0.02  0.87  0.00  0.00  0.84  0.00
  2005                    1.00   0.12  0.00  0.00  0.40  0.49  0.00  0.00  0.00  0.00
  2006                    1.07   0.12  0.00  0.00  0.56  0.32  0.00  0.00  0.83  0.00
  2007                    1.73   0.12  0.00  0.00  0.02  0.86  0.00  0.00  0.80  0.00
  2008                    1.25   0.12  0.00  0.00  0.01  0.87  0.00  0.00  0.78  0.00
  2009                    4.44   0.12  0.00  0.00  0.01  0.88  0.00  0.00  0.81  0.00
  2010                    1.28   0.12  0.00  0.00  0.00  0.88  0.00  0.00  0.68  0.00
  2011                    1.07   0.12  0.00  0.00  0.00  0.88  0.00  0.00  0.84  0.00
  2012                    1.00   0.12  0.00  0.00  0.00  0.88  0.00  0.00  0.00  0.00
  2013                    1.00   0.12  0.00  0.00  0.88  0.00  0.00  0.00  0.84  0.00
  2014                    1.00   0.12  0.05  0.00  0.84  0.00  0.00  0.00  0.88  0.00
  2015                    1.00   0.12  0.00  0.00  0.88  0.00  0.00  0.00  0.00  0.00
  2016                    3.58   0.12  0.00  0.00  0.88  0.00  0.00  0.00  0.01  0.00
  2017                    1.80   0.12  0.00  0.00  0.88  0.00  0.00  0.00  0.00  0.00
  2018                    2.08   0.12  0.00  0.00  0.88  0.00  0.00  0.00  0.01  0.00
  2019                    2.60   0.12  0.00  0.00  0.88  0.00  0.00  0.00  0.00  0.00
  2020                    3.63   0.12  0.00  0.00  0.88  0.00  0.00  0.00  0.00  0.00
  2021                    7.16   0.12  0.00  0.00  0.88  0.00  0.00  0.00  0.00  0.00
  2022                    1.00   0.12  0.00  0.00  0.88  0.01  0.00  0.00  0.88  0.00
  2023                    5.08   0.12  0.00  0.00  0.21  0.68  0.00  0.00  0.00  0.00
  2024                    4.07   0.12  0.00  0.00  0.00  0.88  0.00  0.00  0.00  0.00
  2026                    1.78   0.12  0.00  0.00  0.88  0.00  0.00  0.00  0.00  0.00
  2027                    7.28   0.12  0.00  0.00  0.88  0.00  0.00  0.00  0.00  0.00
  2028                    4.50   0.12  0.00  0.00  0.88  0.00  0.00  0.00  0.00  0.00
  2029                    1.00   0.12  0.00  0.00  0.85  0.03  0.00  0.00  0.88  0.00
  2030                    4.98   0.12  0.00  0.00  0.88  0.00  0.00  0.00  0.00  0.00
  2031                    2.98   0.12  0.00  0.00  0.88  0.00  0.00  0.00  0.00  0.00
  2032                    1.21   0.12  0.00  0.00  0.00  0.88  0.00  0.00  0.00  0.00
  2033                    4.57   0.12  0.00  0.00  0.88  0.00  0.00  0.00  0.00  0.00
  2034                    3.46   0.12  0.00  0.00  0.88  0.00  0.00  0.00  0.01  0.00
  2038                    2.58   0.12  0.00  0.00  0.68  0.21  0.00  0.00  0.84  0.00
  2039                    1.58   0.12  0.00  0.00  0.88  0.00  0.00  0.00  0.80  0.00
  2040                    2.28   0.12  0.00  0.00  0.88  0.00  0.00  0.00  0.01  0.00
  2041                    4.36   0.12  0.00  0.00  0.00  0.88  0.00  0.00  0.84  0.00
  2042                    5.18   0.12  0.00  0.00  0.88  0.00  0.00  0.00  0.24  0.00
  2043                    2.94   0.12  0.00  0.00  0.86  0.02  0.00  0.00  0.83  0.00
  2044                    1.00   0.12  0.00  0.00  0.00  0.88  0.00  0.00  0.88  0.00
  2045                    6.59   0.12  0.00  0.00  0.88  0.00  0.00  0.00  0.00  0.00
  2046                    2.59   0.12  0.00  0.00  0.88  0.00  0.00  0.00  0.00  0.00
  2047                    1.00   0.12  0.00  0.00  0.00  0.88  0.00  0.00  0.00  0.00
  2048                    5.54   0.12  0.00  0.00  0.88  0.00  0.00  0.00  0.00  0.00
  2049                    5.42   0.12  0.84  0.00  0.04  0.00  0.00  0.00  0.86  0.00
  2050                    2.05   0.12  0.00  0.00  0.79  0.10  0.00  0.00  0.00  0.00
  2051                    3.17   0.12  0.00  0.00  0.83  0.05  0.00  0.00  0.84  0.00
  2052                    4.10   0.12  0.00  0.00  0.88  0.00  0.00  0.00  0.00  0.00
  2053                    6.25   0.12  0.00  0.00  0.01  0.88  0.00  0.00  0.80  0.00
  2054                    1.50   0.12  0.00  0.00  0.88  0.00  0.00  0.00  0.00  0.00
  2055                    3.92   0.12  0.00  0.00  0.00  0.88  0.00  0.00  0.82  0.00
  2056                    4.14   0.12  0.00  0.00  0.88  0.00  0.00  0.00  0.00  0.00
  2057                    4.36   0.12  0.00  0.00  0.87  0.01  0.00  0.00  0.84  0.00
  2058                    1.00   0.12  0.00  0.00  0.00  0.88  0.00  0.00  0.88  0.00
  2059                    5.97   0.12  0.00  0.00  0.88  0.00  0.00  0.00  0.00  0.00
  2060                    4.84   0.12  0.00  0.00  0.88  0.00  0.00  0.00  0.00  0.00
  2061                    1.00   0.12  0.00  0.00  0.00  0.88  0.00  0.00  0.00  0.00
  2062                    3.76   0.12  0.00  0.00  0.88  0.00  0.00  0.00  0.80  0.00
  2063                    2.93   0.12  0.00  0.00  0.88  0.00  0.00  0.00  0.00  0.00
  2064                    2.00   0.12  0.00  0.00  0.65  0.23  0.00  0.00  0.00  0.00
  2065                    2.73   0.12  0.00  0.00  0.88  0.00  0.00  0.00  0.00  0.00
  2066                    4.07   0.12  0.00  0.00  0.88  0.00  0.00  0.00  0.00  0.00
  2067                    1.00   0.12  0.00  0.00  0.88  0.00  0.00  0.00  0.88  0.00
  2068                    6.00   0.12  0.00  0.00  0.88  0.00  0.00  0.00  0.00  0.00
  2069                    2.74   0.12  0.00  0.00  0.88  0.00  0.00  0.00  0.00  0.00
  2070                    2.14   0.12  0.00  0.00  0.52  0.37  0.00  0.00  0.00  0.00
  2071                    3.93   0.12  0.00  0.00  0.88  0.00  0.00  0.00  0.00  0.00
  2072                    1.00   0.12  0.00  0.00  0.67  0.22  0.00  0.00  0.85  0.00
  2073                    1.88   0.12  0.00  0.00  0.80  0.09  0.00  0.00  0.00  0.00
  2074                    1.61   0.12  0.00  0.00  0.86  0.03  0.00  0.00  0.84  0.00
  2075                    4.01   0.12  0.00  0.00  0.88  0.00  0.00  0.00  0.80  0.00
  2077                    3.59   0.12  0.00  0.00  0.00  0.88  0.00  0.00  0.83  0.00
  2078                    6.93   0.12  0.00  0.00  0.88  0.00  0.00  0.00  0.87  0.00
  2079                    2.71   0.12  0.00  0.00  0.88  0.00  0.00  0.00  0.87  0.00
  2080                    2.72   0.12  0.83  0.00  0.05  0.00  0.00  0.00  0.85  0.00
  2081                    1.00   0.12  0.00  0.00  0.00  0.88  0.00  0.00  0.88  0.00
  2082                    4.98   0.12  0.00  0.00  0.88  0.00  0.00  0.00  0.00  0.00
  2083                    2.47   0.12  0.00  0.00  0.88  0.00  0.00  0.00  0.85  0.00
  2084                    1.00   0.12  0.00  0.00  0.00  0.88  0.00  0.00  0.00  0.00
  2085                    8.12   0.12  0.00  0.00  0.88  0.00  0.00  0.00  0.00  0.00
  2086                    3.15   0.12  0.00  0.00  0.88  0.00  0.00  0.00  0.00  0.00
  2087                    3.70   0.12  0.84  0.00  0.04  0.00  0.00  0.00  0.86  0.00
  2088                    1.10   0.12  0.00  0.00  0.00  0.88  0.00  0.00  0.83  0.00
  2089                    6.47   0.12  0.00  0.00  0.88  0.00  0.00  0.00  0.00  0.00
  2090                   29.48   0.12  0.88  0.00  0.00  0.00  0.00  0.00  0.00  0.00
  2091                    1.00   0.12  0.00  0.00  0.64  0.24  0.00  0.00  0.84  0.00
  2092                    2.06   0.12  0.00  0.00  0.88  0.00  0.00  0.00  0.00  0.00
  2093                    1.00   0.12  0.00  0.00  0.74  0.14  0.00  0.00  0.88  0.00
  2094                    3.13   0.12  0.00  0.00  0.88  0.00  0.00  0.00  0.00  0.00
  2095                    2.34   0.12  0.00  0.00  0.80  0.08  0.00  0.00  0.00  0.00
  2096                    2.30   0.12  0.00  0.00  0.88  0.00  0.00  0.00  0.00  0.00
  2097                    4.95   0.12  0.00  0.00  0.88  0.00  0.00  0.00  0.01  0.00
  2098                    2.46   0.12  0.00  0.00  0.00  0.88  0.00  0.00  0.24  0.00
  2099                    3.25   0.12  0.00  0.00  0.88  0.00  0.00  0.00  0.00  0.00
  2100                    2.97   0.12  0.00  0.00  0.88  0.00  0.00  0.00  0.00  0.00
  2101                    1.00   0.12  0.00  0.00  0.00  0.88  0.00  0.00  0.88  0.00
  2102                    4.54   0.12  0.00  0.00  0.85  0.04  0.00  0.00  0.00  0.00
  2103                    4.07   0.12  0.00  0.00  0.88  0.00  0.00  0.00  0.00  0.00
  2104                    1.00   0.12  0.00  0.00  0.00  0.88  0.00  0.00  0.41  0.00
  2105                    3.63   0.12  0.00  0.00  0.88  0.00  0.00  0.00  0.00  0.00
  2106                    1.00   0.12  0.00  0.00  0.00  0.88  0.00  0.00  0.00  0.00
  2107                    9.91   0.12  0.00  0.00  0.88  0.00  0.00  0.00  0.00  0.00
  2108                    3.38   0.12  0.00  0.00  0.88  0.00  0.00  0.00  0.00  0.00
  2109                    1.00   0.12  0.00  0.00  0.00  0.88  0.00  0.00  0.82  0.00
  2110                    3.55   0.12  0.00  0.00  0.88  0.00  0.00  0.00  0.00  0.00
  2111                    2.60   0.12  0.00  0.00  0.88  0.00  0.00  0.00  0.00  0.00
  2112                    2.27   0.12  0.00  0.00  0.88  0.00  0.00  0.00  0.00  0.00
  2113                    3.45   0.12  0.00  0.00  0.06  0.82  0.00  0.00  0.83  0.00
  2114                    4.73   0.12  0.00  0.00  0.88  0.00  0.00  0.00  0.00  0.00
  2115                    1.00   0.12  0.00  0.00  0.00  0.88  0.00  0.00  0.86  0.00
  2116                    2.06   0.12  0.00  0.00  0.88  0.00  0.00  0.00  0.02  0.00
  2117                    1.54   0.12  0.00  0.00  0.88  0.00  0.00  0.00  0.00  0.00
  2118                    2.88   0.12  0.00  0.00  0.60  0.28  0.00  0.00  0.86  0.00
  2119                    3.33   0.12  0.00  0.00  0.19  0.70  0.00  0.00  0.09  0.00
  2120                    1.45   0.12  0.00  0.00  0.04  0.85  0.00  0.00  0.85  0.00
  2121                    9.98   0.12  0.00  0.00  0.87  0.02  0.00  0.00  0.04  0.00
  2122                    1.00   0.12  0.00  0.00  0.20  0.68  0.00  0.00  0.85  0.00
  2123                    2.89   0.12  0.00  0.00  0.26  0.62  0.00  0.00  0.57  0.00
  2124                    3.56   0.12  0.00  0.00  0.88  0.01  0.00  0.00  0.44  0.00
  2125                    4.61   0.12  0.00  0.00  0.88  0.00  0.00  0.00  0.19  0.00
  2126                    7.40   0.12  0.00  0.00  0.87  0.01  0.00  0.00  0.08  0.00
  2127                    1.00   0.12  0.00  0.00  0.82  0.07  0.00  0.00  0.76  0.00
  2128                    4.52   0.12  0.00  0.00  0.41  0.47  0.00  0.00  0.08  0.00
  2129                    1.00   0.12  0.00  0.00  0.87  0.02  0.00  0.00  0.00  0.00
  2130                    4.04   0.12  0.00  0.00  0.88  0.00  0.00  0.00  0.00  0.00
  2132                    1.47   0.12  0.00  0.00  0.88  0.00  0.00  0.00  0.82  0.00
  2133                    4.74   0.12  0.00  0.00  0.74  0.14  0.00  0.00  0.85  0.00
  2134                   10.95   0.12  0.00  0.00  0.88  0.00  0.00  0.00  0.02  0.00
  2135                    1.49   0.12  0.00  0.00  0.88  0.00  0.00  0.00  0.00  0.00
  2136                    1.00   0.12  0.00  0.00  0.01  0.88  0.00  0.00  0.85  0.00
  2137                    3.30   0.12  0.00  0.00  0.87  0.01  0.00  0.00  0.03  0.00
  2138                    1.90   0.12  0.00  0.00  0.05  0.84  0.00  0.00  0.85  0.00
  2139                    2.46   0.12  0.00  0.00  0.88  0.00  0.00  0.00  0.05  0.00
  2140                    1.00   0.12  0.00  0.00  0.09  0.80  0.00  0.00  0.06  0.00
  2141                    2.30   0.12  0.00  0.00  0.10  0.78  0.00  0.00  0.18  0.00
  2142                    1.41   0.12  0.00  0.00  0.72  0.17  0.00  0.00  0.00  0.00
  2143                    9.21   0.12  0.00  0.00  0.88  0.00  0.00  0.00  0.00  0.00
  2144                    3.31   0.12  0.00  0.00  0.84  0.05  0.00  0.00  0.86  0.00
  2145                    1.00   0.12  0.00  0.00  0.88  0.00  0.00  0.00  0.86  0.00
  2146                    6.95   0.12  0.00  0.00  0.58  0.30  0.00  0.00  0.83  0.00
  2147                    6.94   0.12  0.00  0.00  0.88  0.00  0.00  0.00  0.76  0.00
  2148                    2.50   0.12  0.00  0.00  0.88  0.00  0.00  0.00  0.01  0.00
  2149                    4.43   0.12  0.00  0.00  0.02  0.87  0.00  0.00  0.80  0.00
  2150                    4.14   0.12  0.00  0.00  0.88  0.00  0.00  0.00  0.02  0.00
  2151                    1.00   0.12  0.00  0.00  0.00  0.88  0.00  0.00  0.86  0.00
  2152                    5.61   0.12  0.00  0.00  0.88  0.00  0.00  0.00  0.02  0.00
  2153                    3.55   0.12  0.00  0.00  0.88  0.00  0.00  0.00  0.04  0.00
  2154                    1.00   0.12  0.00  0.00  0.08  0.81  0.00  0.00  0.28  0.00
  2155                    6.40   0.12  0.00  0.00  0.01  0.88  0.00  0.00  0.03  0.00
  2156                    1.66   0.12  0.00  0.00  0.88  0.00  0.00  0.00  0.03  0.00
  2157                    3.20   0.12  0.00  0.00  0.88  0.00  0.00  0.00  0.83  0.00
  2158                    3.87   0.12  0.00  0.00  0.88  0.00  0.00  0.00  0.84  0.00
  2159                    2.05   0.12  0.00  0.00  0.88  0.00  0.00  0.00  0.00  0.00
  2162                    2.20   0.12  0.00  0.00  0.88  0.00  0.00  0.00  0.00  0.00
  2163                    9.27   0.12  0.00  0.00  0.88  0.00  0.00  0.00  0.86  0.00
  2164                    6.86   0.12  0.00  0.00  0.88  0.00  0.00  0.00  0.87  0.00
  2200                    1.00   0.12  0.00  0.00  0.88  0.00  0.00  0.00  0.00  0.00
  
  
  *************************
  Conduit Surcharge Summary
  *************************
  
  ----------------------------------------------------------------------------
                                                           Hours        Hours 
                         --------- Hours Full --------   Above Full   Capacity
  Conduit                Both Ends  Upstream  Dnstream   Normal Flow   Limited
  ----------------------------------------------------------------------------
  2000                        0.01      0.49      0.01      0.42         0.01
  2002                        0.43      0.43      0.49      0.01         0.01
  2003                        0.43      0.47      0.43      0.01         0.43
  2004                        0.11      0.11      0.47      0.01         0.01
  2005                        0.11      0.51      0.11      0.51         0.11
  2006                        0.47      0.47      0.51      0.01         0.44
  2007                        0.44      0.44      0.47      0.01         0.01
  2008                        0.22      0.22      0.44      0.01         0.01
  2009                        0.14      0.14      0.22      0.01         0.01
  2010                        0.01      0.01      0.14      0.01         0.01
  2015                       21.02     21.02     21.02      0.01         0.01
  2016                        0.58      0.58      0.60      0.01         0.01
  2017                       21.02     21.02     21.03      0.01         0.01
  2018                        0.41      0.41     21.04      0.01         0.01
  2019                       21.03     21.03     21.07      0.01         0.01
  2020                       21.01     21.01     21.05      0.01         0.01
  2021                       21.01     21.01     21.01      0.01         0.01
  2022                        0.01      0.01      0.41      0.01         0.01
  2026                        0.01      0.01     21.02      0.01         0.01
  2027                        0.07      0.07     21.04      0.01         0.01
  2028                        0.07      0.07     21.07      0.01         0.01
  2033                        0.01      0.01      0.67      0.01         0.01
  2034                        0.39      0.39      0.47      0.01         0.01
  2039                        0.22      0.25      0.22      0.18         0.22
  2040                        0.22      0.22      0.40      0.01         0.01
  2042                        0.01      0.08      0.01      0.01         0.01
  2048                        0.01      0.01      0.11      0.01         0.01
  2049                        0.01      0.01      0.11      0.01         0.01
  2050                        0.01      0.09      0.01      0.40         0.01
  2051                        0.01      0.01      0.09      0.01         0.01
  2052                        0.48      0.48      0.49      0.06         0.01
  2053                        0.01      0.14      0.01      0.01         0.01
  2054                        0.51      0.51      0.56      0.01         0.01
  2055                        0.01      0.01      0.14      0.01         0.01
  2056                        0.27      0.27      0.43      0.05         0.01
  2057                        0.15      0.15      0.27      0.01         0.02
  2058                        0.01      0.01      0.01      0.01         0.01
  2059                        0.01      0.01      0.19      0.01         0.01
  2060                        0.01      0.01      0.58      0.01         0.01
  2062                        0.04      0.04      0.07      0.01         0.01
  2063                        0.07      0.07      0.39      0.01         0.01
  2065                        0.45      0.45      0.68      0.01         0.01
  2066                        0.45      0.45      0.57      0.12         0.01
  2068                        0.01      0.01      0.28      0.01         0.01
  2069                        0.01      0.01      0.44      0.01         0.01
  2071                        0.03      0.03      0.56      0.01         0.01
  2073                        0.01      0.37      0.01      0.49         0.01
  2074                        0.27      0.27      0.37      0.02         0.17
  2075                        0.34      0.34      0.36      0.01         0.24
  2078                        0.01      0.01      0.30      0.01         0.01
  2079                        0.01      0.01      0.30      0.01         0.01
  2080                        0.14      0.14      0.30      0.01         0.01
  2082                        0.01      0.01      0.14      0.12         0.01
  2085                        0.01      0.01      0.44      0.01         0.01
  2086                        0.01      0.01      0.55      0.01         0.01
  2087                        0.01      0.01      0.55      0.01         0.01
  2089                        0.01      0.01      0.22      0.01         0.01
  2092                        0.01      0.12      0.01      0.25         0.01
  2096                        0.01      0.01      0.45      0.01         0.01
  2097                        0.46      0.46      0.50      0.01         0.01
  2098                        0.01      0.13      0.01      0.01         0.01
  2099                        0.50      0.50      0.68      0.01         0.01
  2100                        0.50      0.50     21.12      0.01         0.01
  2101                        0.01      0.01      0.13      0.01         0.01
  2102                        0.01      0.01      0.43      0.49         0.01
  2103                        0.01      0.01      0.51      0.01         0.01
  2105                        0.01      0.01      0.37      0.01         0.01
  2107                        0.01      0.01      0.17      0.01         0.01
  2108                        0.01      0.01      0.38      0.01         0.01
  2110                        0.01      0.01      0.18      0.01         0.01
  2111                        0.40      0.40      1.21      0.01         0.01
  2112                        0.01      0.01      0.28      0.01         0.01
  2113                        0.24      0.24      0.32      0.01         0.01
  2114                        0.54      0.54      5.85      0.01         0.01
  2115                        0.01      0.01      0.24      0.01         0.01
  2116                        0.58      0.58      0.65      0.38         0.01
  2117                        0.63      0.63      0.65      0.19         0.39
  2121                        0.01      0.01      0.61      0.01         0.01
  2125                        0.01      0.01      0.37      0.01         0.01
  2126                        0.01      0.01      0.45      0.01         0.01
  2129                        0.01      0.01      0.59      0.45         0.01
  2130                        1.21      1.21     21.11      0.01         0.01
  2132                        0.50      0.50      0.59      0.01         0.25
  2133                        0.47      0.47      0.57      0.01         0.01
  2134                        0.56      0.56      0.65      0.01         0.01
  2135                        1.21      1.21      1.66      0.37         0.01
  2136                        0.01      0.01      0.50      0.01         0.01
  2137                        0.01      0.01      0.53      0.16         0.01
  2139                        0.01      0.01      0.13      0.12         0.01
  2141                        0.01      0.18      0.01      0.01         0.01
  2143                        0.04      0.04      0.50      0.01         0.01
  2144                        0.01      0.01      0.04      0.01         0.01
  2145                        0.35      0.35      0.57      0.01         0.01
  2146                        0.29      0.29      0.35      0.01         0.01
  2147                        0.42      0.43      0.42      0.01         0.36
  2148                        0.47      0.47      0.59      0.01         0.01
  2149                        0.13      0.13      0.33      0.01         0.01
  2150                        0.22      0.22      0.84      0.01         0.01
  2151                        0.01      0.01      0.13      0.01         0.01
  2152                        0.01      0.01      0.35      0.01         0.01
  2153                        0.01      0.01      0.27      0.01         0.01
  2155                        0.01      0.12      0.01      0.01         0.01
  2156                        0.18      0.18      0.51      0.45         0.01
  2157                        0.55      0.55      0.59      0.01         0.01
  2158                        0.61      0.61      0.74      0.01         0.01
  2159                       21.07     21.07     21.09      0.01         0.01
  2162                        0.59      0.59      0.67      0.16         0.01
  2163                        0.30      0.30      0.76      0.01         0.01
  2164                        0.36      0.36      0.84      0.01         0.01
  2200                       21.02     21.02     21.02      0.01         0.01
  

  Analysis begun on:  Tue Aug  5 12:29:12 2025
  Analysis ended on:  Tue Aug  5 12:29:14 2025
  Total elapsed time: 00:00:02