
  EPA STORM WATER MANAGEMENT MODEL - VERSION 5.2 (Build 5.2.4)
  ------------------------------------------------------------

  WARNING 03: negative offset ignored for Link 1576
  WARNING 03: negative offset ignored for Link 1594
  WARNING 03: negative offset ignored for Link 170-OVERFLOW
  WARNING 03: negative offset ignored for Link 170-OVERFLOW
  WARNING 03: negative offset ignored for Link 1731
  WARNING 03: negative offset ignored for Link 1755
  WARNING 03: negative offset ignored for Link 1957
  WARNING 03: negative offset ignored for Link 2274
  WARNING 03: negative offset ignored for Link 2276
  WARNING 03: negative offset ignored for Link 2277
  WARNING 03: negative offset ignored for Link 2277
  WARNING 03: negative offset ignored for Link 2282
  WARNING 03: negative offset ignored for Link CDT-129
  WARNING 08: elevation drop exceeds length for Conduit CDT-129
  WARNING 03: negative offset ignored for Link CDT-39
  WARNING 03: negative offset ignored for Link CDT-73
  WARNING 03: negative offset ignored for Link CDT-83
  WARNING 03: negative offset ignored for Link CDT-87
  WARNING 10: crest elevation is below downstream invert for regulator Link I-90-4_ORIFICE
  WARNING 10: crest elevation is below downstream invert for regulator Link R2-ORIFICE
  WARNING 10: crest elevation is below downstream invert for regulator Link R4-ORIFICE-1
  WARNING 10: crest elevation is below downstream invert for regulator Link R4-ORIFICE-3
  WARNING 10: crest elevation is below downstream invert for regulator Link R5-ORIFICE
  WARNING 02: maximum depth increased for Node 1029
  WARNING 02: maximum depth increased for Node 1049
  WARNING 02: maximum depth increased for Node 1092
  WARNING 02: maximum depth increased for Node 1110
  WARNING 02: maximum depth increased for Node 1170
  WARNING 02: maximum depth increased for Node 1762
  WARNING 02: maximum depth increased for Node 1861
  WARNING 02: maximum depth increased for Node 1875
  WARNING 02: maximum depth increased for Node 1893
  WARNING 02: maximum depth increased for Node 1923
  WARNING 02: maximum depth increased for Node 1954
  WARNING 02: maximum depth increased for Node 2256
  WARNING 02: maximum depth increased for Node 2347
  WARNING 02: maximum depth increased for Node 592
  WARNING 02: maximum depth increased for Node 868
  WARNING 02: maximum depth increased for Node 869
  WARNING 02: maximum depth increased for Node 879
  WARNING 02: maximum depth increased for Node 896
  WARNING 02: maximum depth increased for Node JCT-10
  WARNING 02: maximum depth increased for Node JCT-18
  WARNING 02: maximum depth increased for Node JCT-26
  WARNING 02: maximum depth increased for Node JCT-48
  WARNING 02: maximum depth increased for Node JCT-62
  WARNING 02: maximum depth increased for Node LP-2380
  WARNING 02: maximum depth increased for Node OS-2168
  WARNING 02: maximum depth increased for Node 1088-2
  WARNING 02: maximum depth increased for Node 1103
  WARNING 02: maximum depth increased for Node 1153
  WARNING 02: maximum depth increased for Node 1759
  WARNING 02: maximum depth increased for Node 1760
  WARNING 02: maximum depth increased for Node 1763
  WARNING 02: maximum depth increased for Node 1765
  WARNING 02: maximum depth increased for Node 180
  WARNING 02: maximum depth increased for Node 1805
  WARNING 02: maximum depth increased for Node 1818
  WARNING 02: maximum depth increased for Node 1895
  WARNING 02: maximum depth increased for Node 1952
  WARNING 02: maximum depth increased for Node 2428
  WARNING 02: maximum depth increased for Node 399
  WARNING 02: maximum depth increased for Node 416
  WARNING 02: maximum depth increased for Node 589
  WARNING 02: maximum depth increased for Node 851
  WARNING 02: maximum depth increased for Node 860
  WARNING 02: maximum depth increased for Node 861
  WARNING 02: maximum depth increased for Node 870
  WARNING 02: maximum depth increased for Node 895
  WARNING 02: maximum depth increased for Node DIV-10
  WARNING 02: maximum depth increased for Node JCT-24
  
  ****************
  Analysis Options
  ****************
  Flow Units ............... CFS
  Process Models:
    Rainfall/Runoff ........ YES
    RDII ................... NO
    Snowmelt ............... NO
    Groundwater ............ NO
    Flow Routing ........... YES
    Ponding Allowed ........ NO
    Water Quality .......... NO
  Infiltration Method ...... CURVE_NUMBER
  Flow Routing Method ...... KINWAVE
  Starting Date ............ 01/01/2002 00:00:00
  Ending Date .............. 01/02/2002 00:00:00
  Antecedent Dry Days ...... 5.0
  Report Time Step ......... 00:05:00
  Wet Time Step ............ 00:05:00
  Dry Time Step ............ 00:05:00
  Routing Time Step ........ 5.00 sec
  
  
  **************************        Volume         Depth
  Runoff Quantity Continuity     acre-feet        inches
  **************************     ---------       -------
  Total Precipitation ......       405.557         3.996
  Evaporation Loss .........         0.000         0.000
  Infiltration Loss ........        43.451         0.428
  Surface Runoff ...........       352.211         3.470
  Final Storage ............        10.696         0.105
  Continuity Error (%) .....        -0.197
  
  
  **************************        Volume        Volume
  Flow Routing Continuity        acre-feet      10^6 gal
  **************************     ---------     ---------
  Dry Weather Inflow .......         0.000         0.000
  Wet Weather Inflow .......       352.277       114.795
  Groundwater Inflow .......         0.000         0.000
  RDII Inflow ..............         0.000         0.000
  External Inflow ..........         0.000         0.000
  External Outflow .........       320.408       104.410
  Flooding Loss ............        16.463         5.365
  Evaporation Loss .........         0.000         0.000
  Exfiltration Loss ........         0.000         0.000
  Initial Stored Volume ....         0.000         0.000
  Final Stored Volume ......        18.135         5.910
  Continuity Error (%) .....        -0.775
  
  
  ********************************
  Highest Flow Instability Indexes
  ********************************
  Link N_I90-ORIFICE (78)
  Link 1879 (68)
  Link CDT-105 (68)
  
  
  *************************
  Routing Time Step Summary
  *************************
  Minimum Time Step           :     5.00 sec
  Average Time Step           :     5.00 sec
  Maximum Time Step           :     5.00 sec
  % of Time in Steady State   :     0.00
  Average Iterations per Step :     1.02
  % of Steps Not Converging   :     0.00
  
  
  ***************************
  Subcatchment Runoff Summary
  ***************************
  
  ------------------------------------------------------------------------------------------------------------------------------
                            Total      Total      Total      Total     Imperv       Perv      Total       Total     Peak  Runoff
                           Precip      Runon       Evap      Infil     Runoff     Runoff     Runoff      Runoff   Runoff   Coeff
  Subcatchment                 in         in         in         in         in         in         in    10^6 gal      CFS
  ------------------------------------------------------------------------------------------------------------------------------
  0                          4.00       0.00       0.00       0.28       0.90       2.69       3.60        9.22   332.52   0.900
  1                          4.00       0.00       0.00       0.65       0.87       2.32       3.19       11.76   381.82   0.798
  10                         4.00       0.00       0.00       0.48       0.95       2.52       3.47        2.91   126.92   0.868
  11                         4.00       0.00       0.00       0.54       0.94       2.45       3.39        4.34   178.56   0.848
  12                         4.00       0.00       0.00       0.22       0.91       2.76       3.67        8.74   319.12   0.919
  13                         4.00       0.00       0.00       0.22       0.90       2.76       3.66       10.12   357.11   0.915
  14                         4.00       0.00       0.00       0.35       0.99       2.65       3.64        0.09     5.09   0.910
  15                         4.00       0.00       0.00       0.48       0.97       2.52       3.49        1.40    65.70   0.873
  16                         4.00       0.00       0.00       0.59       0.97       2.40       3.37        1.10    52.79   0.844
  17                         4.00       0.00       0.00       0.54       0.96       2.46       3.42        2.20    98.88   0.855
  18                         4.00       0.00       0.00       0.82       0.98       2.18       3.16        0.51    25.93   0.790
  19                         4.00       0.00       0.00       0.59       0.97       2.40       3.37        1.38    64.91   0.843
  2                          4.00       0.00       0.00       0.41       0.89       2.56       3.45       10.08   352.36   0.865
  20                         4.00       0.00       0.00       0.87       0.97       2.13       3.10        0.93    45.04   0.775
  21                         4.00       0.00       0.00       0.59       0.97       2.40       3.37        1.27    60.07   0.843
  22                         4.00       0.00       0.00       0.28       0.91       2.70       3.61        7.71   289.07   0.904
  23                         4.00       0.00       0.00       0.59       0.97       2.40       3.37        1.40    65.83   0.843
  24                         4.00       0.00       0.00       0.41       0.97       2.58       3.55        1.06    51.02   0.889
  25                         4.00       0.00       0.00       0.41       0.96       2.58       3.55        1.59    73.59   0.888
  26                         4.00       0.00       0.00       0.54       0.98       2.46       3.44        0.67    33.57   0.860
  27                         4.00       0.00       0.00       0.48       0.94       2.51       3.45        4.66   190.31   0.863
  3                          4.00       0.00       0.00       0.41       0.93       2.57       3.50        5.47   218.02   0.877
  4                          4.00       0.00       0.00       0.41       0.89       2.56       3.45       10.86   372.25   0.863
  5                          4.00       0.00       0.00       0.48       0.96       2.52       3.49        1.56    72.55   0.872
  6                          4.00       0.00       0.00       0.48       0.95       2.52       3.46        3.51   149.32   0.866
  7                          4.00       0.00       0.00       0.54       0.96       2.46       3.42        1.97    89.56   0.856
  8                          4.00       0.00       0.00       0.54       0.95       2.46       3.40        3.20   137.42   0.852
  9                          4.00       0.00       0.00       0.48       0.94       2.51       3.45        4.13   171.75   0.864
  SUB-16                     4.00       0.00       0.00       0.41       0.97       2.58       3.56        0.96    46.26   0.890
  
  
  ******************
  Node Depth Summary
  ******************
  
  ---------------------------------------------------------------------------------
                                 Average  Maximum  Maximum  Time of Max    Reported
                                   Depth    Depth      HGL   Occurrence   Max Depth
  Node                 Type         Feet     Feet     Feet  days hr:min        Feet
  ---------------------------------------------------------------------------------
  1029                 JUNCTION     4.47     4.47  4526.40     0  00:00        4.47
  1035                 JUNCTION     0.15     0.34  4520.80     0  11:51        0.32
  1037                 JUNCTION     1.84     2.76  4523.98     0  11:51        2.76
  1039                 JUNCTION     0.14     0.32  4520.89     0  11:50        0.31
  1049                 JUNCTION     0.37     0.76  4558.76     0  11:46        0.76
  1050                 JUNCTION     0.33     0.68  4556.68     0  11:46        0.67
  1052                 JUNCTION     0.31     1.47  4557.87     0  12:10        1.47
  1063                 JUNCTION     1.04     2.93  4522.54     0  14:45        2.82
  1067                 JUNCTION     0.33     0.68  4562.68     0  11:46        0.68
  1069                 JUNCTION     0.75     1.97  4545.77     0  12:35        1.97
  1071                 JUNCTION     0.51     0.82  4520.33     0  11:52        0.80
  1092                 JUNCTION     0.71     1.87  4523.12     0  12:38        1.87
  1101                 JUNCTION     0.34     0.70  4519.89     0  11:53        0.69
  1110                 JUNCTION     0.14     0.33  4520.67     0  11:51        0.32
  1131                 JUNCTION     0.42     1.21  4520.12     0  12:41        1.21
  1170                 JUNCTION     1.31     3.00  4590.13     0  11:45        3.00
  1410                 JUNCTION     0.95     3.42  4513.65     0  12:08        3.40
  1414                 JUNCTION     0.95     3.44  4516.74     0  12:07        3.34
  1762                 JUNCTION     5.47     8.44  4590.54     0  11:59        8.44
  1764                 JUNCTION     0.30     5.44  4578.50     0  11:57        5.44
  1766                 JUNCTION     0.20     1.22  4567.81     0  12:09        1.16
  1767                 JUNCTION     0.21     1.30  4564.65     0  12:09        1.24
  1792                 JUNCTION     0.57     1.80  4504.78     0  12:06        1.78
  1800                 JUNCTION     0.81     3.39  4521.59     0  12:06        3.31
  1801                 JUNCTION     0.83     3.39  4521.09     0  12:06        3.30
  1804                 JUNCTION    13.00    13.00  4535.27     0  00:00       13.00
  1806                 JUNCTION     5.50     5.53  4528.68     0  12:08        5.52
  1808                 JUNCTION     5.04     5.15  4529.91     0  12:37        5.15
  1810                 JUNCTION     0.98     1.64  4527.58     0  12:37        1.64
  1846                 JUNCTION     0.30     0.52  4533.51     0  13:08        0.52
  1847                 JUNCTION     0.31     0.52  4539.52     0  13:07        0.52
  1861                 JUNCTION     0.42     0.93  4519.23     0  16:26        0.93
  1866                 JUNCTION     0.39     2.66  4516.66     0  12:01        2.61
  1867                 JUNCTION     0.39     2.66  4516.16     0  12:02        2.62
  1875                 JUNCTION     0.19     0.43  4534.87     0  12:42        0.43
  1876                 JUNCTION     0.62    10.52  4557.16     0  11:58       10.52
  1884                 JUNCTION     0.15     0.39  4536.89     0  12:41        0.39
  1893                 JUNCTION     0.45     1.81  4590.73     0  12:18        1.81
  1894                 JUNCTION     0.10     0.28  4583.83     0  12:39        0.28
  1896                 JUNCTION     8.70     8.70  4528.00     0  00:00        8.70
  1898                 JUNCTION    10.00    10.00  4528.79     0  00:00       10.00
  1923                 JUNCTION     0.60     1.43  4615.11     0  16:21        1.42
  1954                 JUNCTION     0.10     0.37  4525.03     0  12:09        0.37
  1965                 JUNCTION     0.44     1.81  4599.96     0  12:17        1.81
  2069                 JUNCTION     0.00     0.00  4518.80     0  00:00        0.00
  2076                 JUNCTION     0.00     0.01  4518.31     0  18:17        0.01
  2087                 JUNCTION     0.00     0.00  4519.00     0  00:00        0.00
  2169                 JUNCTION     1.00     1.12  4519.12     0  12:09        1.11
  2171                 JUNCTION     0.00     0.02  4517.52     0  12:10        0.01
  2242                 JUNCTION     5.07     5.13  4539.13     0  13:59        5.13
  2255                 JUNCTION     0.00     0.25  4555.71     0  12:09        0.25
  2256                 JUNCTION     0.00     0.27  4563.27     0  12:09        0.27
  2266                 JUNCTION     0.01     0.25  4549.55     0  12:35        0.25
  2339                 JUNCTION     0.00     0.02  4592.02     0  12:04        0.01
  2347                 JUNCTION     0.00     0.00  4600.00     0  00:00        0.00
  2349                 JUNCTION     0.00     0.00  4590.00     0  00:00        0.00
  2358                 JUNCTION     0.00     0.38  4552.38     0  12:00        0.38
  2369                 JUNCTION     0.25     0.25  4533.00     0  00:00        0.25
  2370                 JUNCTION     0.00     0.00  4531.00     0  00:00        0.00
  238                  JUNCTION     0.97     7.36  4587.57     0  12:07        7.36
  2381                 JUNCTION     0.00     0.00  4523.00     0  14:48        0.00
  2382                 JUNCTION     0.00     0.00  4518.80     0  15:30        0.00
  243                  JUNCTION     0.04     0.49  4587.72     0  12:40        0.49
  272                  JUNCTION     4.99     9.86  4532.47     0  11:45        9.86
  341                  JUNCTION     0.30     0.76  4600.90     0  11:39        0.73
  375                  JUNCTION     0.96     2.54  4544.53     0  12:35        2.54
  384                  JUNCTION     0.12     0.27  4518.56     0  11:56        0.27
  385                  JUNCTION     0.12     0.28  4519.05     0  11:55        0.28
  386                  JUNCTION     0.34     0.70  4520.21     0  11:53        0.68
  387                  JUNCTION     0.39     0.81  4520.52     0  11:52        0.78
  392                  JUNCTION     0.22     0.40  4521.00     0  11:50        0.40
  439                  JUNCTION     0.84     2.48  4521.97     0  12:41        2.48
  562                  JUNCTION     0.04     0.55  4573.09     0  12:40        0.55
  592                  JUNCTION     0.69     1.56  4521.93     0  12:38        1.56
  597                  JUNCTION     0.47     1.26  4519.71     0  12:42        1.26
  662                  JUNCTION     0.64     5.42  4552.55     0  11:49        5.42
  676                  JUNCTION     0.04     0.50  4575.86     0  12:40        0.50
  787                  JUNCTION     0.33     5.13  4631.56     0  11:57        5.13
  788                  JUNCTION     0.32     4.32  4630.52     0  11:57        3.00
  791                  JUNCTION     0.36     4.71  4629.00     0  11:59        2.82
  853                  JUNCTION     0.04     0.50  4565.88     0  12:41        0.50
  854                  JUNCTION     0.04     0.52  4570.62     0  12:40        0.52
  855                  JUNCTION     0.04     0.55  4572.59     0  12:40        0.55
  857                  JUNCTION     0.29     1.39  4553.44     0  12:10        1.39
  858                  JUNCTION     0.83     2.25  4540.60     0  13:35        2.23
  859                  JUNCTION     7.58    12.47  4599.76     0  11:32       12.47
  862                  JUNCTION     0.66     3.00  4551.30     0  11:47        3.00
  863                  JUNCTION     0.36     0.75  4550.16     0  11:47        0.75
  864                  JUNCTION     0.37     0.75  4554.59     0  11:46        0.75
  865                  JUNCTION     0.37     0.76  4561.02     0  11:46        0.76
  866                  JUNCTION     0.36     0.74  4577.48     0  11:45        0.74
  867                  JUNCTION     0.98     2.80  4543.04     0  13:34        2.67
  868                  JUNCTION     1.11     5.00  4543.05     0  11:56        5.00
  869                  JUNCTION     1.04     5.00  4545.01     0  11:59        5.00
  879                  JUNCTION     1.28     5.00  4541.20     0  11:53        5.00
  880                  JUNCTION     0.36     0.74  4569.30     0  11:45        0.74
  882                  JUNCTION     0.96     2.54  4545.56     0  12:35        2.54
  883                  JUNCTION     1.15     5.98  4547.00     0  12:24        5.98
  884                  JUNCTION     0.48     1.72  4548.02     0  11:47        1.67
  885                  JUNCTION     0.82     2.15  4549.05     0  12:34        2.15
  886                  JUNCTION     0.80     2.11  4550.11     0  12:34        2.11
  887                  JUNCTION     0.82     2.15  4546.95     0  12:34        2.15
  888                  JUNCTION     0.31     1.47  4557.70     0  12:10        1.47
  889                  JUNCTION     0.29     1.39  4552.33     0  12:10        1.39
  896                  JUNCTION     3.00     3.03  4606.03     0  11:39        3.02
  901                  JUNCTION     0.36     4.69  4627.00     0  11:59        2.84
  902                  JUNCTION     0.36     4.64  4626.00     0  11:59        4.64
  903                  JUNCTION     0.36     3.14  4623.24     0  12:01        2.82
  904                  JUNCTION     0.60     1.43  4617.03     0  16:21        1.42
  906                  JUNCTION     0.42     1.04  4559.74     0  12:40        1.04
  907                  JUNCTION     0.48     1.35  4572.91     0  12:39        1.35
  908                  JUNCTION     0.30     1.44  4558.85     0  12:09        1.44
  909                  JUNCTION     0.04     0.50  4561.41     0  12:41        0.50
  JCT-10               JUNCTION     3.67     3.67  4532.47     0  00:00        3.67
  JCT-12               JUNCTION     0.26     1.22  4551.24     0  12:10        1.22
  JCT-16               JUNCTION     0.21     1.30  4561.13     0  12:09        1.24
  JCT-18               JUNCTION     3.52     3.52  4541.52     0  00:00        3.52
  JCT-26               JUNCTION     0.04     1.66  4598.46     0  12:00        1.61
  JCT-28               JUNCTION     0.21     2.21  4590.91     0  12:01        2.11
  JCT-30               JUNCTION     0.21     2.29  4575.16     0  12:02        2.13
  JCT-32               JUNCTION     0.21     2.30  4582.24     0  12:01        2.10
  JCT-34               JUNCTION     0.13     0.29  4519.28     0  11:54        0.29
  JCT-36               JUNCTION     0.00     0.40  4619.40     0  12:04        0.28
  JCT-38               JUNCTION     2.00     2.01  4600.01     0  12:07        2.01
  JCT-40               JUNCTION     1.00     1.00  4618.00     0  00:00        1.00
  JCT-42               JUNCTION     0.00     0.00  4530.50     0  00:00        0.00
  JCT-46               JUNCTION     0.04     0.49  4599.49     0  12:39        0.49
  JCT-48               JUNCTION     1.71     2.86  4619.51     0  16:26        2.79
  JCT-60               JUNCTION  4598.45  4598.90  4598.90     0  11:39     4598.89
  JCT-62               JUNCTION     0.00     0.00  4552.00     0  00:00        0.00
  LP-2380              JUNCTION     2.50     2.50  4523.50     0  12:03        2.50
  OS-2168              JUNCTION    10.00    10.10  4517.10     0  12:13       10.09
  1821                 OUTFALL      0.57     1.80  4503.80     0  12:06        1.78
  1088-2               DIVIDER      3.33     3.42  4523.22     0  12:03        3.42
  1103                 DIVIDER      5.61     5.96  4548.09     0  12:00        5.95
  1153                 DIVIDER      6.27     6.62  4543.98     0  12:00        6.61
  1759                 DIVIDER     21.73    21.82  4607.28     0  12:00       21.82
  1760                 DIVIDER     20.90    21.74  4607.04     0  12:00       21.74
  1763                 DIVIDER      5.61     5.68  4586.64     0  12:06        5.66
  1765                 DIVIDER      3.71     3.77  4575.50     0  12:09        3.75
  180                  DIVIDER      4.96     4.96  4546.87     0  00:00        4.96
  1805                 DIVIDER     12.92    12.92  4535.71     0  00:00       12.92
  1807                 DIVIDER      5.50     5.54  4529.91     0  12:07        5.52
  1809                 DIVIDER      5.26     5.37  4530.15     0  12:37        5.37
  1818                 DIVIDER      3.13     3.13  4574.00     0  00:00        3.13
  1895                 DIVIDER      8.00     8.00  4528.14     0  00:00        8.00
  1897                 DIVIDER     10.00    10.00  4529.22     0  00:00       10.00
  1952                 DIVIDER      6.00     6.06  4594.88     0  12:18        6.06
  1955                 DIVIDER      4.96     4.96  4529.60     0  00:00        4.96
  2428                 DIVIDER      6.16     6.49  4558.33     0  12:00        6.49
  399                  DIVIDER      5.54     6.92  4610.24     0  12:00        6.92
  416                  DIVIDER      4.32     4.34  4607.40     0  11:39        4.34
  589                  DIVIDER      5.97     5.97  4529.47     0  00:00        5.97
  792                  DIVIDER      0.36     3.50  4627.61     0  11:59        2.82
  851                  DIVIDER      6.74     6.99  4557.25     0  11:54        6.97
  860                  DIVIDER      5.45     5.45  4543.63     0  00:00        5.45
  861                  DIVIDER      4.63     4.63  4541.52     0  00:00        4.63
  870                  DIVIDER      6.20     6.59  4539.06     0  12:01        6.56
  895                  DIVIDER      5.38     5.61  4550.22     0  12:00        5.61
  905                  DIVIDER      0.32     3.00  4628.22     0  11:58        2.46
  DIV-10               DIVIDER      4.04     4.94  4534.92     0  12:01        4.92
  DIV-170              DIVIDER      0.73     3.00  4551.79     0  12:09        3.00
  JCT-24               DIVIDER      2.00     2.14  4600.14     0  12:00        2.13
  1436                 STORAGE      0.60     3.74  4558.74     0  12:09        3.74
  1729                 STORAGE      0.82     2.58  4604.58     0  12:17        2.57
  1837                 STORAGE      1.14     3.59  4527.59     0  12:37        3.59
  1842                 STORAGE      0.30     2.17  4529.67     0  12:09        2.17
  1844                 STORAGE      2.00     4.30  4543.30     0  13:07        4.30
  1845                 STORAGE      3.04    12.01  4547.01     0  12:41       12.01
  1998                 STORAGE      2.00     6.23  4556.23     0  12:34        6.23
  2003                 STORAGE      1.20     7.77  4564.27     0  12:09        7.77
  2005                 STORAGE      2.81     6.51  4537.51     0  13:59        6.51
  2012                 STORAGE      2.76     5.28  4535.28     0  16:22        5.28
  2013                 STORAGE      3.54     5.75  4531.75     0  12:37        5.74
  2014                 STORAGE      2.06     4.62  4519.62     0  12:01        4.60
  2097                 STORAGE      1.43     2.40  4519.40     0  16:26        2.40
  2355                 STORAGE      0.62     3.78  4552.78     0  12:00        3.78
  3000                 STORAGE      0.64     2.81  4632.81     0  12:16        2.81
  3010                 STORAGE      1.15     5.65  4625.65     0  12:44        5.65
  3020                 STORAGE      1.02     3.16  4599.66     0  12:39        3.16
  
  
  *******************
  Node Inflow Summary
  *******************
  
  -------------------------------------------------------------------------------------------------
                                  Maximum  Maximum                  Lateral       Total        Flow
                                  Lateral    Total  Time of Max      Inflow      Inflow     Balance
                                   Inflow   Inflow   Occurrence      Volume      Volume       Error
  Node                 Type           CFS      CFS  days hr:min    10^6 gal    10^6 gal     Percent
  -------------------------------------------------------------------------------------------------
  1029                 JUNCTION      0.00    38.31     0  12:37           0        6.21       0.000
  1035                 JUNCTION      0.00     3.06     0  11:51           0       0.603       0.000
  1037                 JUNCTION      0.00     3.03     0  11:50           0       0.604       0.000
  1039                 JUNCTION      0.00     3.03     0  11:50           0       0.604       0.000
  1049                 JUNCTION      0.00     7.30     0  11:46           0        1.93       0.000
  1050                 JUNCTION      0.00     7.30     0  11:46           0        1.93       0.000
  1052                 JUNCTION      0.00    26.14     0  12:10           0        1.27       0.000
  1063                 JUNCTION      0.00    37.60     0  14:45           0        6.07       0.000
  1067                 JUNCTION      0.00     7.31     0  11:46           0        1.93       0.000
  1069                 JUNCTION      0.00    56.57     0  12:35           0          12       0.000
  1071                 JUNCTION      0.00     2.96     0  11:52           0       0.602       0.000
  1092                 JUNCTION      0.00    38.31     0  12:38           0        6.21       0.000
  1101                 JUNCTION      0.00     2.95     0  11:53           0       0.601       0.000
  1110                 JUNCTION      0.00     3.02     0  11:51           0       0.603       0.000
  1131                 JUNCTION      0.00    35.57     0  12:41           0        6.06       0.000
  1170                 JUNCTION      0.00     7.28     0  17:32           0        1.94       0.000
  1410                 JUNCTION      0.00  1128.69     0  12:08           0        88.2       0.000
  1414                 JUNCTION      0.00  1136.00     0  12:07           0        88.3       0.000
  1762                 JUNCTION      0.00    42.86     0  12:02           0       0.936      -0.000
  1764                 JUNCTION      0.00    36.62     0  12:09           0       0.917       0.000
  1766                 JUNCTION      0.00    26.91     0  12:09           0        0.86       0.000
  1767                 JUNCTION      0.00    26.78     0  12:09           0       0.859       0.000
  1792                 JUNCTION    608.18  1543.20     0  12:06        16.5         104       0.000
  1800                 JUNCTION    357.11   819.41     0  12:06        10.1        71.6       0.000
  1801                 JUNCTION      0.00   848.05     0  12:06           0        78.2       0.000
  1804                 JUNCTION     65.70   538.89     0  12:08         1.4        61.7       0.000
  1806                 JUNCTION      0.00   525.28     0  12:08           0        60.4       0.000
  1808                 JUNCTION      0.00   473.25     0  12:06           0        60.4       0.000
  1810                 JUNCTION      0.00   230.43     0  12:37           0        57.3       0.000
  1846                 JUNCTION      0.00     4.73     0  13:08           0        1.39       0.000
  1847                 JUNCTION      0.00     4.73     0  13:07           0        1.39       0.000
  1861                 JUNCTION      0.00     4.35     0  16:26           0        1.14       0.000
  1866                 JUNCTION      0.00   315.42     0  12:01           0        10.2       0.000
  1867                 JUNCTION      0.00   314.97     0  12:02           0        10.2       0.000
  1875                 JUNCTION      0.00    29.35     0  12:42           0        4.65       0.000
  1876                 JUNCTION      0.00   169.35     0  12:00           0        4.16      -0.000
  1884                 JUNCTION      0.00    29.35     0  12:41           0        4.65       0.000
  1893                 JUNCTION      0.00    44.95     0  12:18           0        3.97       0.000
  1894                 JUNCTION      0.00    23.54     0  12:39           0        4.15       0.000
  1896                 JUNCTION      0.00   528.54     0  12:09           0        61.6       0.000
  1898                 JUNCTION      0.00   528.66     0  12:09           0        61.5       0.000
  1923                 JUNCTION      0.00    21.43     0  16:21           0        3.97       0.000
  1954                 JUNCTION      0.00    23.16     0  12:09           0        1.06       0.000
  1965                 JUNCTION      0.00    44.95     0  12:17           0        3.98       0.000
  2069                 JUNCTION      0.00     0.00     0  00:00           0           0       0.000 gal
  2076                 JUNCTION      0.00     0.01     0  18:17           0    0.000973       0.000
  2087                 JUNCTION      0.00     0.00     0  00:00           0           0       0.000 gal
  2169                 JUNCTION      0.00     9.90     0  12:09           0      0.0457       0.000
  2171                 JUNCTION      0.00     9.15     0  12:10           0      0.0462       0.000
  2242                 JUNCTION      0.00   144.47     0  13:59           0        37.6       0.000
  2255                 JUNCTION      0.00    92.13     0  12:09           0       0.233       0.000
  2256                 JUNCTION      0.00    92.23     0  12:09           0       0.233       0.000
  2266                 JUNCTION      0.00    61.89     0  12:35           0       0.784       0.000
  2339                 JUNCTION      0.00     0.97     0  12:04           0     0.00373       0.000
  2347                 JUNCTION      0.00     0.00     0  00:00           0           0       0.000 gal
  2349                 JUNCTION      0.00     0.00     0  00:00           0           0       0.000 gal
  2358                 JUNCTION      0.00   122.33     0  12:00           0       0.705       0.000
  2369                 JUNCTION      0.00     0.00     0  00:00           0           0       0.000 gal
  2370                 JUNCTION      0.00     0.00     0  00:00           0           0       0.000 gal
  238                  JUNCTION      0.00    23.54     0  12:39           0        4.15       0.000
  2381                 JUNCTION      0.00     0.02     0  14:48           0    0.000959       0.000
  2382                 JUNCTION      0.00     0.02     0  15:30           0     0.00101       0.000
  243                  JUNCTION      0.00     4.69     0  12:40           0       0.181       0.000
  272                  JUNCTION      0.00    22.25     0  12:16           0        1.05       0.000
  341                  JUNCTION      0.00     8.07     0  11:39           0        1.03       0.000
  375                  JUNCTION      0.00    56.57     0  12:35           0          12       0.000
  384                  JUNCTION      0.00     2.90     0  11:56           0       0.599       0.000
  385                  JUNCTION      0.00     2.93     0  11:55           0         0.6       0.000
  386                  JUNCTION      0.00     2.96     0  11:53           0       0.602       0.000
  387                  JUNCTION      0.00     3.00     0  11:52           0       0.602       0.000
  392                  JUNCTION      0.00     3.03     0  11:50           0       0.604       0.000
  439                  JUNCTION      0.00    35.57     0  12:41           0        6.06       0.000
  562                  JUNCTION      0.00     4.69     0  12:40           0       0.181       0.000
  592                  JUNCTION      0.00    38.31     0  12:38           0         6.2       0.000
  597                  JUNCTION      0.00    35.57     0  12:42           0        6.06       0.000
  662                  JUNCTION      0.00    55.68     0  12:00           0        3.55       0.000
  676                  JUNCTION      0.00     4.69     0  12:40           0       0.181       0.000
  787                  JUNCTION     64.91    64.91     0  12:00        1.38        1.38      -0.000
  788                  JUNCTION      0.00    57.45     0  12:03           0        1.36       0.000
  791                  JUNCTION     25.93    82.33     0  11:59       0.509        1.87      -0.000
  853                  JUNCTION      0.00     4.69     0  12:41           0       0.181       0.000
  854                  JUNCTION      0.00     4.69     0  12:40           0       0.181       0.000
  855                  JUNCTION      0.00     4.69     0  12:40           0       0.181       0.000
  857                  JUNCTION      0.00    26.14     0  12:10           0        1.27       0.000
  858                  JUNCTION      0.00    57.94     0  13:35           0        11.9       0.000
  859                  JUNCTION      0.00    44.94     0  12:19           0        3.97       0.000
  862                  JUNCTION      0.00    32.22     0  11:47           0        2.66       0.000
  863                  JUNCTION      0.00     7.29     0  11:47           0        1.93       0.000
  864                  JUNCTION      0.00     7.30     0  11:46           0        1.93       0.000
  865                  JUNCTION      0.00     7.31     0  11:46           0        1.93       0.000
  866                  JUNCTION      0.00     7.29     0  11:45           0        1.94       0.000
  867                  JUNCTION      0.00    61.46     0  13:34           0          12       0.000
  868                  JUNCTION      0.00   198.96     0  12:03           0        15.4       0.000
  869                  JUNCTION      0.00   235.17     0  12:09           0          16      -0.000
  879                  JUNCTION      0.00   173.28     0  12:00           0        14.9      -0.000
  880                  JUNCTION      0.00     7.33     0  11:45           0        1.93       0.000
  882                  JUNCTION      0.00    56.57     0  12:35           0          12       0.000
  883                  JUNCTION      0.00    56.57     0  12:35           0          12       0.000
  884                  JUNCTION      0.00    32.33     0  11:47           0        2.66       0.000
  885                  JUNCTION      0.00    56.57     0  12:34           0          12       0.000
  886                  JUNCTION      0.00    56.57     0  12:34           0          12      -0.000
  887                  JUNCTION      0.00    56.57     0  12:34           0          12       0.000
  888                  JUNCTION      0.00    26.14     0  12:10           0        1.27       0.000
  889                  JUNCTION      0.00    26.14     0  12:10           0        1.26       0.000
  896                  JUNCTION      0.00     8.10     0  11:39           0        1.03       0.000
  901                  JUNCTION      0.00    82.58     0  11:59           0        1.87       0.000
  902                  JUNCTION      0.00    85.14     0  11:59           0        1.87      -0.000
  903                  JUNCTION      0.00    83.69     0  12:01           0        1.86       0.000
  904                  JUNCTION      0.00    21.44     0  16:21           0        3.98       0.000
  906                  JUNCTION      0.00    22.56     0  12:40           0        4.12       0.000
  907                  JUNCTION      0.00    22.56     0  12:39           0        4.12       0.000
  908                  JUNCTION      0.00    26.14     0  12:09           0        1.27       0.000
  909                  JUNCTION      0.00     4.69     0  12:41           0       0.181       0.000
  JCT-10               JUNCTION      0.00   123.33     0  11:47           0        13.4       0.000
  JCT-12               JUNCTION      0.00    26.14     0  12:10           0        1.26       0.000
  JCT-16               JUNCTION      0.00    26.73     0  12:09           0       0.859       0.000
  JCT-18               JUNCTION      0.00     0.00     0  00:00           0           0       0.000 gal
  JCT-26               JUNCTION      0.00    64.32     0  12:00           0       0.528       0.000
  JCT-28               JUNCTION      0.00    74.06     0  12:01           0        1.41      -0.000
  JCT-30               JUNCTION      0.00    73.51     0  12:02           0        1.41       0.000
  JCT-32               JUNCTION      0.00    73.79     0  12:01           0        1.41       0.000
  JCT-34               JUNCTION      0.00     2.94     0  11:54           0       0.601       0.000
  JCT-36               JUNCTION      0.00     2.71     0  12:04           0     0.00181       0.000
  JCT-38               JUNCTION      0.00     0.67     0  12:07           0     0.00352       0.000
  JCT-40               JUNCTION      0.00     1.53     0  12:05           0     0.00234       0.000
  JCT-42               JUNCTION      0.00   142.10     0  16:22           0        42.8       0.000
  JCT-46               JUNCTION      0.00     4.69     0  12:39           0       0.181       0.000
  JCT-48               JUNCTION      0.00    22.00     0  16:26           0        3.98       0.000
  JCT-60               JUNCTION      0.00     7.89     0  11:39           0        1.03       0.000
  JCT-62               JUNCTION      0.00     0.00     0  00:00           0           0       0.000 gal
  LP-2380              JUNCTION      0.00     0.01     0  12:03           0    0.000927       0.000
  OS-2168              JUNCTION      0.00     7.96     0  12:13           0      0.0474       0.000
  1821                 OUTFALL       0.00  1541.52     0  12:06           0         104       0.000
  1088-2               DIVIDER       0.00    38.31     0  12:38           0         6.2       0.000
  1103                 DIVIDER       0.00   249.27     0  12:00           0        11.3       0.000
  1153                 DIVIDER       0.00   248.48     0  12:00           0        11.3       0.000
  1759                 DIVIDER      45.04    45.04     0  12:00       0.935       0.935       0.000
  1760                 DIVIDER       0.00    44.99     0  12:00           0       0.935       0.000
  1763                 DIVIDER       0.00    38.78     0  12:06           0       0.922       0.000
  1765                 DIVIDER       0.00    27.11     0  12:09           0        0.86       0.000
  180                  DIVIDER       0.00     7.27     0  11:47           0        1.93       0.000
  1805                 DIVIDER       0.00   500.45     0  12:08           0        60.3       0.000
  1807                 DIVIDER       0.00   488.35     0  12:07           0        60.3       0.000
  1809                 DIVIDER       0.00   230.43     0  12:37           0        57.3       0.000
  1818                 DIVIDER       0.00    21.35     0  16:26           0        3.96       0.000
  1895                 DIVIDER       0.00   528.61     0  12:09           0        61.6       0.000
  1897                 DIVIDER       0.00   528.69     0  12:09           0        61.5       0.000
  1952                 DIVIDER       0.00    44.95     0  12:18           0        3.97       0.000
  1955                 DIVIDER       0.00    22.26     0  12:16           0        1.05       0.000
  2428                 DIVIDER     137.42   137.42     0  12:00         3.2        3.38       0.000
  399                  DIVIDER      72.55    72.55     0  12:00        1.56        1.56       0.000
  416                  DIVIDER       0.00     8.07     0  11:39           0        1.03       0.000
  589                  DIVIDER       0.00    38.31     0  12:37           0        6.21       0.000
  792                  DIVIDER       0.00    83.40     0  11:59           0        1.87       0.000
  851                  DIVIDER       0.00    68.61     0  11:54           0        3.05       0.000
  860                  DIVIDER       0.00     7.26     0  11:48           0        1.93       0.000
  861                  DIVIDER       0.00     7.23     0  11:48           0        1.93       0.000
  870                  DIVIDER       0.00   247.99     0  12:01           0        11.3       0.000
  895                  DIVIDER     171.75   216.43     0  12:00        4.13        10.9       0.000
  905                  DIVIDER       0.00    58.06     0  11:58           0        1.36       0.000
  DIV-10               DIVIDER     190.31   429.50     0  12:01        4.66          16       0.000
  DIV-170              DIVIDER       0.00   235.18     0  12:09           0          16       0.000
  JCT-24               DIVIDER       0.00    64.44     0  12:00           0       0.527       0.000
  1436                 STORAGE      60.07    60.07     0  12:00        1.27        1.27      -0.005
  1729                 STORAGE     149.32   156.79     0  12:00        3.51        4.54      -0.001
  1837                 STORAGE      73.59    95.51     0  12:00        1.59        6.24      -0.001
  1842                 STORAGE      51.02    51.02     0  12:00        1.06        1.06      -0.001
  1844                 STORAGE      65.83    65.83     0  12:00         1.4         1.4      -0.001
  1845                 STORAGE      33.57   185.02     0  11:59       0.672        4.78       0.005
  1998                 STORAGE     381.82   432.51     0  12:06        11.8        13.9       0.002
  2003                 STORAGE     372.25   460.45     0  12:01        10.9        16.2       0.016
  2005                 STORAGE     352.36   501.60     0  12:00        10.1          37      -0.002
  2012                 STORAGE     218.02   331.94     0  12:03        5.47        43.2      -0.002
  2013                 STORAGE      57.88   251.07     0  12:06        1.19        57.4      -0.002
  2014                 STORAGE     332.52   333.22     0  12:00        9.22        10.3       0.013
  2097                 STORAGE       0.00     4.73     0  13:12           0        1.38      -0.002
  2355                 STORAGE     178.56   178.56     0  12:00        4.34        4.34       2.007
  3000                 STORAGE      46.26    46.26     0  12:00       0.956       0.956       0.094
  3010                 STORAGE      98.88   177.86     0  11:59         2.2        4.06       0.077
  3020                 STORAGE     216.48   216.48     0  12:00        4.88        4.88      -0.001
  
  
  *********************
  Node Flooding Summary
  *********************
  
  Flooding refers to all water that overflows a node, whether it ponds or not.
  --------------------------------------------------------------------------
                                                             Total   Maximum
                                 Maximum   Time of Max       Flood    Ponded
                        Hours       Rate    Occurrence      Volume    Volume
  Node                 Flooded       CFS   days hr:min    10^6 gal  1000 ft³
  --------------------------------------------------------------------------
  1762                    0.14      6.80      0  12:02       0.015     0.000
  1764                    0.25     13.90      0  12:09       0.069     0.000
  1876                    0.14     28.75      0  12:00       0.057     0.000
  238                     1.94      2.44      0  12:39       0.082     0.000
  272                     2.29     19.45      0  12:16       0.448     0.000
  662                     0.54      8.60      0  12:00       0.093     0.000
  787                     0.11     11.30      0  12:00       0.019     0.000
  788                     0.03      3.53      0  12:03       0.001     0.000
  791                     0.01      1.51      0  11:59       0.000     0.000
  859                     5.87     38.21      0  12:19       2.029     0.000
  868                     0.85     38.76      0  12:03       0.509     0.000
  869                     0.69     51.30      0  12:09       0.599     0.000
  879                     1.05     55.52      0  12:00       1.099     0.000
  883                     1.18      1.35      0  12:35       0.022     0.000
  901                     0.01      1.49      0  11:59       0.000     0.000
  902                     0.04      6.78      0  11:59       0.002     0.000
  1088-2                  2.70      6.84      0  12:38       0.321     0.000
  
  
  **********************
  Storage Volume Summary
  **********************
  
  ------------------------------------------------------------------------------------------------
                         Average    Avg   Evap  Exfil     Maximum    Max    Time of Max    Maximum
                          Volume   Pcnt   Pcnt   Pcnt      Volume   Pcnt     Occurrence    Outflow
  Storage Unit          1000 ft³   Full   Loss   Loss    1000 ft³   Full    days hr:min        CFS
  ------------------------------------------------------------------------------------------------
  1436                     0.592    0.2    0.0    0.0      25.686    8.1       0  12:09      26.14
  1729                    71.218    8.1    0.0    0.0     233.951   26.6       0  12:17      44.95
  1837                    18.372    3.8    0.0    0.0      93.879   19.3       0  12:37      38.31
  1842                     1.621    0.5    0.0    0.0      31.108   10.2       0  12:09      23.16
  1844                    22.354    4.0    0.0    0.0      84.598   15.2       0  13:07       4.73
  1845                    42.243   12.3    0.0    0.0     229.479   66.8       0  12:41      29.35
  1998                   225.559   22.6    0.0    0.0     744.409   74.5       0  12:34     118.68
  2003                     6.049    2.0    0.0    0.0     207.503   68.8       0  12:09     327.44
  2005                   408.316   18.0    0.0    0.0    1320.586   58.3       0  13:59     137.74
  2012                   216.702   27.6    0.0    0.0     627.418   79.8       0  16:22     142.10
  2013                    76.567    5.9    0.0    0.0     212.456   16.3       0  12:37     230.43
  2014                    21.031   16.8    0.0    0.0     107.430   85.9       0  12:01     325.74
  2097                    24.157   22.4    0.0    0.0      46.383   43.0       0  16:26       4.35
  2355                     0.195    2.6    0.0    0.0       6.592   86.8       0  12:00     178.31
  3000                     9.407   10.3    0.0    0.0      45.584   49.7       0  12:16       9.80
  3010                    37.510   16.4    0.0    0.0     210.713   92.1       0  12:44      20.45
  3020                    94.742   12.1    0.0    0.0     317.806   40.7       0  12:39      28.22
  
  
  ***********************
  Outfall Loading Summary
  ***********************
  
  -----------------------------------------------------------
                         Flow       Avg       Max       Total
                         Freq      Flow      Flow      Volume
  Outfall Node           Pcnt       CFS       CFS    10^6 gal
  -----------------------------------------------------------
  1821                  96.87    166.77   1541.52     104.402
  -----------------------------------------------------------
  System                96.87    166.77   1541.52     104.402
  
  
  ********************
  Link Flow Summary
  ********************
  
  -----------------------------------------------------------------------------
                                 Maximum  Time of Max   Maximum    Max/    Max/
                                  |Flow|   Occurrence   |Veloc|    Full    Full
  Link                 Type          CFS  days hr:min    ft/sec    Flow   Depth
  -----------------------------------------------------------------------------
  1088-OVERFLOW        CONDUIT      0.01     0  12:03      2.53    1.00    1.00
  1379                 CONDUIT     23.54     0  12:39     15.22    0.01    0.09
  1382                 CHANNEL     44.95     0  12:18      3.32    0.00    0.14
  1386                 CHANNEL    230.43     0  12:37      9.54    0.00    0.22
  1395                 CHANNEL    488.35     0  12:07      5.54    0.03    0.37
  1397                 CHANNEL    500.45     0  12:08      5.73    0.02    0.37
  1400                 CHANNEL    527.66     0  12:10      6.37    0.06    0.25
  1405                 CHANNEL    528.69     0  12:09      3.72    0.61    0.77
  1408                 CHANNEL    528.61     0  12:09      6.55    0.02    0.23
  1412                 CHANNEL     21.35     0  16:26      5.70    0.00    0.03
  1413                 CONDUIT    840.62     0  12:07     12.71    0.27    0.52
  1415                 CONDUIT   1128.65     0  12:08     11.67    0.31    0.57
  1562                 CONDUIT      3.03     0  11:50      7.55    0.08    0.19
  1563                 CONDUIT      3.03     0  11:50      1.84    0.04    0.09
  1567                 CONDUIT      7.30     0  11:46      8.30    0.07    0.18
  1568                 CONDUIT     26.14     0  12:10      7.57    0.48    0.49
  1569                 CONDUIT     83.40     0  11:59      9.74    1.03    0.91
  1570                 CONDUIT      4.69     0  12:40      6.74    0.16    0.27
  1573                 CONDUIT     57.45     0  12:03      8.79    1.07    1.00
  1576                 CONDUIT     35.57     0  12:42      5.55    0.30    0.36
  1577                 CONDUIT      7.31     0  11:46      6.05    0.11    0.23
  1578                 CONDUIT     56.57     0  12:35     11.50    0.56    0.55
  1579                 CONDUIT      2.96     0  11:53      3.36    0.16    0.27
  1581                 CONDUIT      7.30     0  11:46      6.13    0.11    0.23
  1585                 CONDUIT     26.14     0  12:10      9.65    0.35    0.41
  1586                 CONDUIT     57.86     0  13:35     11.17    0.61    0.58
  1590                 CONDUIT      8.07     0  11:39      9.58    0.07    0.18
  1591                 CONDUIT      4.69     0  12:40      7.32    0.15    0.26
  1592                 CONDUIT     38.31     0  12:38      6.96    0.24    0.31
  1593                 CONDUIT    127.33     0  11:55      7.02    1.08    1.00
  1594                 CONDUIT     38.31     0  12:38      8.27    0.71    0.62
  1595                 CONDUIT      3.06     0  11:51      1.63    0.05    0.11
  1597                 CONDUIT      7.30     0  11:46      5.15    0.14    0.25
  1599                 CONDUIT     56.57     0  12:35      9.57    0.72    0.66
  1600                 CONDUIT      3.00     0  11:52      2.57    0.02    0.06
  1601                 CONDUIT      2.94     0  11:54      1.68    0.04    0.10
  1602                 CONDUIT    190.21     0  11:58     18.37    1.12    1.00
  1603                 CONDUIT      2.89     0  11:57      2.10    0.03    0.08
  1606                 CONDUIT      3.02     0  11:51      1.53    0.05    0.11
  1607                 CONDUIT     26.14     0  12:10      8.14    0.44    0.46
  1608                 CONDUIT     58.01     0  12:04      9.00    1.08    0.92
  1609                 CONDUIT     26.14     0  12:10      7.76    0.47    0.48
  1610                 CONDUIT     85.14     0  11:59     10.15    1.05    0.90
  1612                 CONDUIT     58.06     0  11:58      8.95    1.08    0.92
  1613                 CONDUIT     56.57     0  12:34      8.93    0.78    0.70
  1614                 CONDUIT      2.95     0  11:53      2.83    0.21    0.31
  1616                 CONDUIT      2.96     0  11:52      2.35    0.27    0.36
  1618                 CONDUIT     68.61     0  11:54     10.71    1.08    1.00
  1620                 CONDUIT      3.03     0  11:50      1.88    1.08    1.00
  1621                 CONDUIT     61.46     0  13:34      7.63    1.11    0.93
  1622                 CONDUIT     56.57     0  12:35      7.85    0.92    0.80
  1623                 CONDUIT     35.57     0  12:42      4.88    0.37    0.40
  1624                 CONDUIT      4.69     0  12:41      7.63    0.14    0.25
  1625                 CONDUIT     38.31     0  12:38      6.81    0.49    0.49
  1626                 CONDUIT      4.69     0  12:41      7.65    0.14    0.25
  1627                 CONDUIT      7.29     0  11:47      5.28    0.14    0.25
  1630                 CONDUIT      7.31     0  11:46      6.06    0.11    0.23
  1631                 CONDUIT     35.57     0  12:41      5.41    0.33    0.38
  1632                 CONDUIT     22.56     0  12:39     13.93    1.07    0.95
  1633                 CONDUIT     56.57     0  12:35      7.41    0.99    0.85
  1635                 CONDUIT      7.89     0  11:39      5.81    0.14    0.25
  1636                 CONDUIT    122.60     0  11:53     11.86    1.12    1.00
  1637                 CONDUIT      7.23     0  11:48      3.14    0.28    0.36
  1638                 CONDUIT     37.60     0  14:45      2.38    1.20    0.95
  1639                 CONDUIT      7.27     0  11:47      5.83    0.12    0.23
  1641                 CONDUIT     82.58     0  11:59      9.88    1.02    0.87
  1642                 CONDUIT    180.27     0  11:56     17.44    1.12    1.00
  1643                 CONDUIT     31.62     0  11:47      7.77    0.61    0.56
  1644                 CONDUIT     26.14     0  12:10     10.21    0.32    0.39
  1645                 CONDUIT    180.03     0  11:56     17.47    1.12    1.00
  1646                 CONDUIT     32.22     0  11:47      4.99    1.08    1.00
  1647                 CONDUIT     57.94     0  13:35      9.12    0.85    0.75
  1649                 CONDUIT     32.33     0  11:47      8.32    0.59    0.55
  1651                 CONDUIT     56.57     0  12:34      8.78    0.80    0.72
  1652                 CONDUIT      7.26     0  11:48      4.33    0.18    0.29
  1653                 CONDUIT      4.69     0  12:41      8.36    0.12    0.23
  1656                 CONDUIT      2.90     0  11:56      1.77    0.04    0.09
  1657                 CONDUIT     22.56     0  12:40     14.88    0.48    0.49
  1658                 CONDUIT      7.29     0  11:45      6.11    0.11    0.23
  1659                 CONDUIT     38.31     0  12:37      7.34    0.83    0.69
  1660                 CONDUIT      7.33     0  11:45      5.46    0.13    0.25
  1661                 CONDUIT     22.56     0  12:40     14.03    0.53    0.52
  1664                 CONDUIT     21.43     0  16:21      6.59    0.46    0.48
  1665                 CONDUIT    198.96     0  12:03     11.02    1.08    1.00
  1666                 CONDUIT     21.44     0  16:21      6.70    0.44    0.47
  1667                 CONDUIT     35.57     0  12:41      2.48    0.77    0.83
  1668                 CONDUIT      7.28     0  17:32      1.13    1.08    1.00
  1669                 CONDUIT    235.17     0  12:09     19.13    0.67    0.60
  1670                 CONDUIT    173.28     0  12:00      9.69    1.08    1.00
  1671                 CONDUIT      7.15     0  11:50      2.97    0.49    0.50
  1673                 CONDUIT      8.07     0  11:39      4.93    1.08    1.00
  1674                 CONDUIT      5.30     0  11:32      3.23    1.08    1.00
  170-OVERFLOW         CONDUIT      0.00     0  00:00      0.00    0.00    0.00
  1731                 CONDUIT     21.38     0  16:26      8.11    0.05    0.15
  1744                 CONDUIT    149.50     0  20:45      3.49    1.37    1.00
  1746                 CONDUIT      4.69     0  12:40      7.65    0.14    0.25
  1748                 CONDUIT     22.25     0  12:16      9.24    0.86    0.72
  1752                 CONDUIT     35.02     0  13:13      5.39    1.08    1.00
  1755                 CONDUIT     44.95     0  12:18     10.07    0.68    0.60
  1756                 CONDUIT      4.69     0  12:40      9.24    0.10    0.22
  1761                 CONDUIT      7.85     0  11:43      4.83    1.07    1.00
  1768                 CONDUIT      8.00     0  12:29      5.05    1.08    1.00
  1769                 CONDUIT     38.78     0  12:06     13.31    1.08    1.00
  1770                 CONDUIT     36.62     0  12:09     12.65    1.08    0.94
  1771                 CONDUIT     24.54     0  11:58      8.62    1.08    1.00
  1772                 CONDUIT     26.91     0  12:09     14.50    0.63    0.57
  1773                 CONDUIT     26.78     0  12:09     13.45    0.68    0.61
  1776                 CONDUIT     26.73     0  12:09     12.45    0.75    0.65
  1793                 CHANNEL   1124.09     0  12:09      8.12    0.01    0.12
  1796                 CHANNEL   1541.52     0  12:06      7.53    0.03    0.16
  1820                 CONDUIT     83.69     0  12:01     10.05    1.07    0.92
  1848                 CONDUIT      4.73     0  13:08      6.44    0.09    0.21
  1852                 CHANNEL      4.73     0  13:12      2.16    0.00    0.03
  1864                 CONDUIT      4.35     0  16:33      3.05    0.44    0.46
  1869                 CONDUIT    314.96     0  12:02      9.98    0.20    0.44
  1873                 CONDUIT    314.97     0  12:02      7.75    0.29    0.53
  1879                 CONDUIT     50.94     0  11:52      7.77    1.08    1.00
  1883                 CHANNEL     29.35     0  12:42     12.03    0.00    0.08
  1885                 CHANNEL     29.35     0  12:42      5.77    0.00    0.03
  1900                 CONDUIT    818.28     0  12:06     10.07    0.60    0.56
  1957                 CHANNEL     22.26     0  12:16      0.39    0.00    0.05
  2077                 CHANNEL      0.00     0  00:00      0.00    0.00    0.00
  2080                 CHANNEL      0.00     0  00:00      0.00    0.00    0.00
  2091                 CONDUIT      0.00     0  00:00      0.00    0.00    0.00
  2111                 CONDUIT      0.00     0  00:00      0.00    0.00    0.00
  2172                 CONDUIT      9.15     0  12:10      0.65    0.00    0.01
  2173                 CONDUIT      7.96     0  12:13      0.76    0.00    0.01
  2175                 CHANNEL      7.91     0  12:13      6.33    0.00    0.01
  2244                 CONDUIT      0.00     0  00:00      0.00    0.00    0.00
  2245                 CONDUIT    144.47     0  14:03      2.36    0.02    0.09
  2258                 CHANNEL     92.13     0  12:09      6.11    0.00    0.02
  2259                 CHANNEL     58.71     0  12:15      7.30    0.00    0.02
  2268                 CONDUIT     61.89     0  12:35      5.15    0.08    0.23
  2269                 CONDUIT     59.76     0  12:40      4.68    0.09    0.25
  2274                 CONDUIT    507.10     0  12:08     13.89    1.10    0.90
  2275                 CONDUIT    502.09     0  12:08     15.58    0.87    0.72
  2276                 CONDUIT    528.54     0  12:09     19.45    0.33    0.37
  2277                 CONDUIT    528.66     0  12:09     17.58    0.67    0.55
  2282                 DUMMY      142.10     0  16:22
  2346                 CONDUIT      0.43     0  12:16      0.00    0.00    0.01
  2350                 CONDUIT      0.00     0  00:00      0.00    0.00    0.00
  2351                 CONDUIT      0.00     0  00:00      0.00    0.00    0.00
  2359                 CHANNEL    122.27     0  12:00     11.12    0.00    0.10
  2371                 CONDUIT      0.00     0  00:00      0.00    0.00    0.00
  2379                 CONDUIT      0.00     0  00:00      0.00    0.00    0.00
  2383                 CONDUIT      0.02     0  15:30      0.00    0.00    0.00
  2384                 CONDUIT      0.01     0  18:17      0.00    0.00    0.00
  CDT-101              CHANNEL      0.00     0  00:00      0.00    0.00    0.00
  CDT-103              CONDUIT      4.69     0  12:40      6.16    0.06    0.16
  CDT-105              CONDUIT    151.99     0  11:59     23.28    1.08    1.00
  CDT-107              DUMMY       83.69     0  12:01
  CDT-129              DUMMY        7.89     0  11:39
  CDT-131              DUMMY        0.00     0  00:00
  CDT-15               CONDUIT     61.81     0  12:04     10.61    0.12    0.30
  CDT-17               CONDUIT     37.87     0  12:11      4.76    0.09    0.23
  CDT-19               CONDUIT     45.52     0  12:00      5.50    0.08    0.23
  CDT-21               CONDUIT     87.21     0  12:00      6.40    0.16    0.35
  CDT-23               CONDUIT     86.93     0  12:01      8.36    0.15    0.34
  CDT-25               DUMMY      123.33     0  11:47
  CDT-27               CONDUIT    138.07     0  12:01      9.00    0.20    0.39
  CDT-29               CONDUIT    316.36     0  12:02      7.90    0.85    0.91
  CDT-31               CONDUIT    123.33     0  11:47     11.85    1.12    1.00
  CDT-33               CONDUIT     35.47     0  12:02      7.02    0.03    0.28
  CDT-35               CONDUIT     37.66     0  12:00      3.94    0.02    0.10
  CDT-37               CONDUIT      4.39     0  12:09      6.94    0.01    0.05
  CDT-39               DUMMY       26.14     0  12:10
  CDT-43               DUMMY       26.73     0  12:09
  CDT-45               CONDUIT      0.00     0  00:00      0.00    0.00    0.00
  CDT-47               CONDUIT      0.00     0  00:00      0.00    0.00    0.00
  CDT-49               CONDUIT      0.00     0  00:00      0.00    0.00    0.00
  CDT-57               CONDUIT     64.44     0  12:00      7.38    0.40    0.71
  CDT-59               CONDUIT     20.16     0  11:51      7.92    1.12    1.00
  CDT-61               CONDUIT     64.25     0  12:01     16.10    0.59    0.55
  CDT-63               CONDUIT     73.79     0  12:01     13.38    0.89    0.73
  CDT-65               CONDUIT     73.51     0  12:02     12.79    0.93    0.76
  CDT-67               DUMMY       73.51     0  12:02
  CDT-69               CONDUIT      0.00     0  00:00      0.00    0.00    0.00
  CDT-73               CONDUIT     46.28     0  12:00      4.40    0.03    0.14
  CDT-75               CONDUIT      3.20     0  11:39      2.65    0.00    0.01
  CDT-77               CONDUIT      2.93     0  11:55      1.88    0.03    0.09
  CDT-79               CONDUIT      0.97     0  12:04      1.37    0.00    0.01
  CDT-81               CONDUIT      1.53     0  12:05      1.84    0.00    0.03
  CDT-83               CONDUIT      2.71     0  12:04     13.55    0.01    0.17
  CDT-85               CONDUIT      0.67     0  12:07      1.80    0.00    0.01
  CDT-87               CONDUIT      0.00     0  00:00      0.00    0.00    0.02
  CDT-89               CONDUIT      0.00     0  00:00      0.00    0.00    0.00
  CDT-91               CONDUIT      0.00     0  00:00      0.00    0.00    0.00
  CDT-93               CONDUIT     10.60     0  13:33     14.66    1.08    0.93
  CDT-95               CONDUIT     22.00     0  16:26      7.63    1.08    0.94
  COTTONWOOD_PARK_OVERFLOW CONDUIT     92.23     0  12:09      4.40    0.03    0.14
  I-90-5-OVERFLOW      CONDUIT      0.00     0  00:00      0.00    0.00    0.00
  I-90-NORTH-OVERFLOW  CONDUIT    122.33     0  12:00      4.01    0.11    0.28
  MITCHELL_POND        CONDUIT    261.76     0  12:01     19.94    0.44    0.62
  MITCHELL_POND_OVERFLOW CONDUIT      9.90     0  12:09      1.71    0.00    0.03
  OS-34                CONDUIT      0.02     0  14:48      0.00    0.00    0.00
  ROADWAY-1            CONDUIT    121.24     0  12:37      2.62    0.01    0.05
  ROADWAY-2            CONDUIT     20.82     0  12:08      4.07    0.00    0.01
  ROADWAY-3            CONDUIT      0.00     0  00:00      0.00    0.00    0.00
  ROADWAY-4            CONDUIT      0.00     0  00:00      0.00    0.00    0.00
  ROADWAY-5            CONDUIT      0.00     0  00:00      0.00    0.00    0.00
  ROADWAY-7            CONDUIT      0.00     0  00:00      0.00    0.00    0.00
  ROADWAY-8            CONDUIT      0.00     0  00:00      0.00    0.00    0.00
  ROADWAY-9            CONDUIT     12.57     0  12:19      2.02    0.00    0.02
  SUNFLOWER_PARK_R5_OVERFLOW CONDUIT      0.00     0  00:00      0.00    0.00    0.00
  BOX_ORIFICE_R6       ORIFICE    141.08     0  12:37                      0.00
  CDT-13               ORIFICE      0.00     0  00:00                          
  CDT-97               ORIFICE     23.54     0  12:39                      0.00
  CDT-99               ORIFICE      4.69     0  12:39                      0.00
  I-90-1               ORIFICE     44.95     0  12:17                          
  I-90-4_ORIFICE       ORIFICE     29.35     0  12:41                      0.00
  I-90-5-ORIFICE       ORIFICE     38.31     0  12:37                      0.00
  MITCHELL_POND-ORIFICE ORIFICE     53.66     0  12:01                      0.00
  N_I90-ORIFICE        ORIFICE     55.68     0  12:00                      0.00
  POND-I90-6-ORIFICE   ORIFICE     23.16     0  12:09                      0.00
  POND_R3_ORIFICE      ORIFICE    235.18     0  12:09                      0.00
  PRIVATE_POND_2097-ORIFICE ORIFICE      4.35     0  16:26                      0.00
  R1-ORIFICE           ORIFICE     56.57     0  12:34                      0.00
  R2-ORIFICE           ORIFICE     26.14     0  12:09                      0.00
  R4-ORIFICE-1         ORIFICE      0.08     0  13:59                      0.00
  R4-ORIFICE-2         ORIFICE      0.06     0  13:59                      0.00
  R4-ORIFICE-3         ORIFICE    137.60     0  13:59                      0.00
  R5-ORIFICE           ORIFICE    142.10     0  16:22                      0.00
  R5-ORIFICE-2         ORIFICE      0.00     0  00:00                      0.00
  SILVERADO            ORIFICE      4.73     0  13:07                      0.00
  WEIR-R6              WEIR        89.35     0  12:37                      0.00
  
  
  *************************
  Conduit Surcharge Summary
  *************************
  
  ----------------------------------------------------------------------------
                                                           Hours        Hours 
                         --------- Hours Full --------   Above Full   Capacity
  Conduit                Both Ends  Upstream  Dnstream   Normal Flow   Limited
  ----------------------------------------------------------------------------
  1088-OVERFLOW               2.70      2.70      2.70      2.70         2.70
  1569                        0.01      0.01      0.01      0.01         0.01
  1573                        0.11      0.11      0.11      0.11         0.11
  1593                        1.05      1.05      1.05      1.06         1.05
  1602                        0.18      0.18      0.18      0.18         0.18
  1608                        0.04      0.04      0.04      0.05         0.04
  1610                        0.01      0.01      0.01      0.01         0.01
  1612                        0.03      0.03      0.03      0.03         0.03
  1618                        0.30      0.30      0.30      0.03         0.30
  1620                        2.29      2.29      2.29      2.31         2.29
  1621                        1.18      1.18      1.18      1.18         1.18
  1632                        1.94      1.94      1.94      1.94         1.94
  1636                        0.46      0.46      0.46      0.47         0.46
  1638                        2.70      2.70      2.70      2.72         2.70
  1641                        0.01      0.01      0.01      0.01         0.01
  1642                        0.27      0.27      0.27      0.28         0.27
  1645                        0.28      0.28      0.28      0.28         0.28
  1646                        0.71      0.71      0.71      0.04         0.71
  1665                        0.69      0.69      0.69      0.70         0.69
  1668                        5.87      5.87      5.87      0.28         5.87
  1670                        0.85      0.85      0.85      0.07         0.85
  1673                        1.12      1.12      1.12      1.12         1.12
  1674                        1.79      1.79      1.79      1.79         1.79
  1744                       10.65     10.65     10.65      2.02        10.65
  1752                        1.15      1.15      1.15      0.06         1.15
  1761                        0.74      0.74      0.74      0.74         0.74
  1768                        0.74      0.74      0.74      0.76         0.74
  1769                        0.14      0.14      0.14      0.05         0.14
  1770                        0.16      0.16      0.16      0.16         0.16
  1771                        0.25      0.25      0.25      0.02         0.25
  1820                        0.04      0.04      0.04      0.04         0.04
  1879                        0.54      0.54      0.54      0.06         0.54
  2274                        0.09      0.09      0.09      0.09         0.09
  CDT-105                     0.14      0.14      0.14      0.14         0.14
  CDT-31                      0.82      0.82      0.82      0.82         0.82
  CDT-59                      0.36      0.36      0.36      0.36         0.36
  CDT-93                      1.67      1.67      1.67      1.67         1.67
  CDT-95                      4.59      4.59      4.59      4.60         4.59
  

  Analysis begun on:  Tue Aug  5 12:42:12 2025
  Analysis ended on:  Tue Aug  5 12:42:15 2025
  Total elapsed time: 00:00:03