
  EPA STORM WATER MANAGEMENT MODEL - VERSION 5.2 (Build 5.2.4)
  ------------------------------------------------------------

  
  ERROR 209: undefined object * at line 241 of [SUBCATCHMENT] section:
  S_10000000_250869 RG_CONESTEE      * 1292.434000 14.000000 3249.000000 1.201000 0.000000                 

  
  ERROR 209: undefined object * at line 242 of [SUBCATCHMENT] section:
  S_10000000_255027 RG_CONESTEE      * 757.407000 5.000000 2799.000000 1.590000 0.000000                 

  
  ERROR 209: undefined object * at line 243 of [SUBCATCHMENT] section:
  S_10000000_261034 RG_CONESTEE      * 318.598000 13.000000 2367.000000 1.746000 0.000000                 

  
  ERROR 209: undefined object * at line 244 of [SUBCATCHMENT] section:
  S_10000000_270869 RG_LANDFILL      * 723.156000 13.000000 2809.000000 1.536000 0.000000                 

  
  ERROR 209: undefined object * at line 245 of [SUBCATCHMENT] section:
  S_10000000_276895 RG_LANDFILL      * 91.669000 31.000000 1223.000000 3.594000 0.000000                 

  
  ERROR 209: undefined object * at line 246 of [SUBCATCHMENT] section:
  S_10000000_278602 RG_LANDFILL      * 167.492000 30.000000 1518.000000 3.469000 0.000000                 

  
  ERROR 209: undefined object * at line 247 of [SUBCATCHMENT] section:
  S_10000000_282763 RG_LANDFILL      * 576.738000 27.000000 2747.000000 1.818000 0.000000                 

  
  ERROR 209: undefined object * at line 248 of [SUBCATCHMENT] section:
  S_10000000_287698 RG_UNIVERSITY    * 46.170000 27.000000 760.000000 4.734000 0.000000                 

  
  ERROR 209: undefined object * at line 249 of [SUBCATCHMENT] section:
  S_10000000_289620 RG_UNIVERSITY    * 46.890000 46.000000 875.000000 2.201000 0.000000                 

  
  ERROR 209: undefined object * at line 250 of [SUBCATCHMENT] section:
  S_10000000_291491 RG_UNIVERSITY    * 66.605000 37.000000 911.000000 4.611000 0.000000                 

  
  ERROR 209: undefined object * at line 251 of [SUBCATCHMENT] section:
  S_10000000_292028 RG_UNIVERSITY    * 51.309000 33.000000 1020.000000 6.194000 0.000000                 

  
  ERROR 209: undefined object * at line 252 of [SUBCATCHMENT] section:
  S_10000000_295799 RG_UNIVERSITY    * 310.223000 27.000000 2132.000000 2.994000 0.000000                 

  
  ERROR 209: undefined object * at line 253 of [SUBCATCHMENT] section:
  S_10000000_300427 RG_UNIVERSITY    * 539.797000 45.000000 3324.000000 2.248000 0.000000                 

  
  ERROR 209: undefined object * at line 254 of [SUBCATCHMENT] section:
  S_10000000_303726 RG_UNIVERSITY    * 172.387000 68.000000 1328.000000 3.082000 0.000000                 

  
  ERROR 209: undefined object * at line 255 of [SUBCATCHMENT] section:
  S_10000000_304704 RG_UNIVERSITY    * 235.872000 71.000000 1458.000000 1.669000 0.000000                 

  
  ERROR 209: undefined object * at line 256 of [SUBCATCHMENT] section:
  S_10000000_307375 RG_SALVATION     * 253.364000 42.000000 1577.000000 0.900000 0.000000                 

  
  ERROR 209: undefined object * at line 257 of [SUBCATCHMENT] section:
  S_10000000_309243 RG_SALVATION     * 233.593000 43.000000 1368.000000 1.447000 0.000000                 

  
  ERROR 209: undefined object * at line 258 of [SUBCATCHMENT] section:
  S_10000000_311716 RG_SALVATION     * 172.408000 26.000000 1330.000000 1.176000 0.000000                 

  
  ERROR 209: undefined object * at line 259 of [SUBCATCHMENT] section:
  S_10000000_313546 RG_SALVATION     * 77.062000 22.000000 992.000000 1.526000 0.000000                 

  
  ERROR 209: undefined object * at line 260 of [SUBCATCHMENT] section:
  S_10000000_314924 RG_SALVATION     * 362.862000 35.000000 1898.000000 1.295000 0.000000                 

  
  ERROR 209: undefined object * at line 261 of [SUBCATCHMENT] section:
  S_10000000_315749 RG_SALVATION     * 75.022000 32.000000 738.000000 1.594000 0.000000                 

  
  ERROR 209: undefined object * at line 262 of [SUBCATCHMENT] section:
  S_10000000_318217 RG_SALVATION     * 283.744000 27.000000 2121.000000 1.401000 0.000000                 

  
  ERROR 209: undefined object * at line 263 of [SUBCATCHMENT] section:
  S_10000000_321860 RG_SALVATION     * 215.258000 25.000000 1436.000000 1.573000 0.000000                 

  
  ERROR 209: undefined object * at line 264 of [SUBCATCHMENT] section:
  S_10000000_322343 RG_SALVATION     * 155.951000 9.000000 1069.000000 0.973000 0.000000                 

  
  ERROR 209: undefined object * at line 265 of [SUBCATCHMENT] section:
  S_10000000_324865 RG_GTECH         * 344.650000 17.000000 2085.000000 1.385000 0.000000                 

  
  ERROR 209: undefined object * at line 266 of [SUBCATCHMENT] section:
  S_10000000_325894 RG_GTECH         * 232.730000 14.000000 1858.000000 1.359000 0.000000                 

  
  ERROR 209: undefined object * at line 267 of [SUBCATCHMENT] section:
  S_10000000_329306 RG_GTECH         * 182.481000 19.000000 1443.000000 1.865000 0.000000                 

  
  ERROR 209: undefined object * at line 268 of [SUBCATCHMENT] section:
  S_10000000_330355 RG_GTECH         * 116.338000 9.000000 948.000000 1.975000 0.000000                 

  
  ERROR 209: undefined object * at line 269 of [SUBCATCHMENT] section:
  S_10000000_331688 RG_GTECH         * 308.951000 9.000000 1487.000000 1.234000 0.000000                 

  
  ERROR 209: undefined object * at line 270 of [SUBCATCHMENT] section:
  S_10000000_336270 RG_GTECH         * 318.958000 15.000000 1637.000000 1.183000 0.000000                 

  
  ERROR 209: undefined object * at line 271 of [SUBCATCHMENT] section:
  S_10000000_339431 RG_GTECH         * 194.007000 18.000000 1745.000000 1.363000 0.000000                 

  
  ERROR 209: undefined object * at line 272 of [SUBCATCHMENT] section:
  S_10000000_342722 RG_GTECH         * 291.567000 12.000000 1767.000000 1.851000 0.000000                 

  
  ERROR 209: undefined object * at line 273 of [SUBCATCHMENT] section:
  S_10000000_345884 RG_GTECH         * 183.483000 5.000000 1292.000000 2.889000 0.000000                 

  
  ERROR 209: undefined object * at line 274 of [SUBCATCHMENT] section:
  S_10000000_348414 RG_GTECH         * 259.272000 2.000000 2177.000000 2.694000 0.000000                 

  
  ERROR 209: undefined object * at line 275 of [SUBCATCHMENT] section:
  S_10000000_349589 RG_GTECH         * 101.826000 3.000000 1279.000000 3.586000 0.000000                 

  
  ERROR 209: undefined object * at line 276 of [SUBCATCHMENT] section:
  S_10000000_351037 RG_GTECH         * 437.737000 8.000000 2678.000000 1.969000 0.000000                 

  
  ERROR 209: undefined object * at line 277 of [SUBCATCHMENT] section:
  S_10000000_352752 RG_GATEWAY       * 152.707000 9.000000 1398.000000 2.793000 0.000000                 

  
  ERROR 209: undefined object * at line 278 of [SUBCATCHMENT] section:
  S_10000000_354171 RG_GATEWAY       * 15.841000 10.000000 494.000000 4.126000 0.000000                 

  
  ERROR 209: undefined object * at line 279 of [SUBCATCHMENT] section:
  S_10000000_354996 RG_GATEWAY       * 356.921000 18.000000 1867.000000 1.791000 0.000000                 

  
  ERROR 209: undefined object * at line 280 of [SUBCATCHMENT] section:
  S_10000000_355596 RG_GATEWAY       * 135.518000 5.000000 1256.000000 2.719000 0.000000                 

  
  ERROR 209: undefined object * at line 281 of [SUBCATCHMENT] section:
  S_10000000_357594 RG_GATEWAY       * 686.334000 15.000000 2895.000000 1.424000 0.000000                 

  
  ERROR 209: undefined object * at line 282 of [SUBCATCHMENT] section:
  S_10000000_358674 RG_GATEWAY       * 339.167000 4.000000 2292.000000 2.306000 0.000000                 

  
  ERROR 209: undefined object * at line 283 of [SUBCATCHMENT] section:
  S_10000000_361989 RG_GATEWAY       * 218.471000 2.000000 1837.000000 2.585000 0.000000                 

  
  ERROR 209: undefined object * at line 284 of [SUBCATCHMENT] section:
  S_10000000_364360 RG_GATEWAY       * 143.689000 4.000000 1668.000000 2.888000 0.000000                 

  
  ERROR 209: undefined object * at line 285 of [SUBCATCHMENT] section:
  S_10000000_365877 RG_GATEWAY       * 244.157000 10.000000 1853.000000 2.680000 0.000000                 

  
  ERROR 209: undefined object * at line 286 of [SUBCATCHMENT] section:
  S_10000000_366678 RG_GATEWAY       * 191.703000 4.000000 1796.000000 3.172000 0.000000                 

  
  ERROR 209: undefined object * at line 287 of [SUBCATCHMENT] section:
  S_10000000_368274 RG_GATEWAY       * 120.206000 6.000000 1044.000000 2.869000 0.000000                 

  
  ERROR 211: invalid number  at line 12842 of [XSECT] section:
  C_10116000_001700 MODBASKETHANDLE 15.000000        40.000000  20.000000  0.000000   1          0         

  
  ERROR 211: invalid number  at line 13990 of [XSECT] section:
  C_11500000_002349 MODBASKETHANDLE 7.000000         20.000000  10.000000  0.000000   1          0         

  
  ERROR 211: invalid number  at line 14965 of [XSECT] section:
  C_12706000_004083 MODBASKETHANDLE 3.330000         14.000000  7.000000   0.000000   1          0         

  
  ERROR 211: invalid number  at line 15013 of [XSECT] section:
  C_12707000_000162 MODBASKETHANDLE 8.760000         23.000000  11.500000  0.000000   1          0         


  Analysis begun on:  Tue Aug  5 12:47:04 2025
  Analysis ended on:  Tue Aug  5 12:47:05 2025
  Total elapsed time: 00:00:01