
  ---------------------------------------------------------------------
    Innovyze Storm Water Management Model
  ---------------------------------------------------------------------

  ---------------------------------------------------------------------

  Version                        = 1.0.10.0
  Platform                       = 64-bit (x64)
  Build date                     = 14/12/2019
  Copyright                      = Copyright (c) 2019 Innovyze
  Computer name                  = REMOL9CTW0N2
  Architecture                   = 64-bit
  CPU Type                       = Intel(R) Xeon(R) CPU E3-1535M v6 @ 3.10GHz
  Number of Cores                = 8
  RAM (GB)                       = 32
  ---------------------------------------------------------------------

  

  **************************
    Innovyze License Check
  **************************

  License mode            : N
  License dongle settings : DongleType=6,NetworkDongleAddress=,NetworkDongleKeyID=,DemoMode=0
  License settings        : Soft local
  License serial number   : WS98760081PM
  License name            : Innovyze
  

  
  *************************************************************
    NOTE: The summary statistics displayed in this report are
    based on results found at every computational time step,  
    not just on results from each reporting time step.
  *************************************************************

  ********************
    Analysis Options
  ********************

  Flow Units ............... CFS
  Process Models:
    Rainfall/Runoff ........ NO
    RDII ................... NO
    Snowmelt ............... NO
    Groundwater ............ NO
    Flow Routing ........... YES
    Ponding Allowed ........ NO
    Water Quality .......... NO
  Flow Routing Method ...... DYNWAVE

  Surcharge Method ......... EXTRAN
  Starting Date ............ 01/01/2002 00:00:00
  Ending Date .............. 01/01/2002 08:00:00
  Antecedent Dry Days ...... 0.0
  Report Time Step ......... 00:15:00
  Routing Time Step ........ 20.00 sec
  Variable Time Step ....... NO
  Maximum Trials ........... 8
  Head Tolerance ........... 0.005000 ft

  
  
  **************************        Volume        Volume
  Flow Routing Continuity        acre-feet      10^6 gal
  **************************     ---------     ---------
  Dry Weather Inflow .......         0.000         0.000
  Wet Weather Inflow .......         0.000         0.000
  Groundwater Inflow .......         0.000         0.000
  RDII Inflow ..............         0.000         0.000
  External Inflow ..........         0.000         0.000
  External Outflow .........         0.000         0.000
  Internal Outflow .........         0.000         0.000
  Evaporation Loss .........         0.000         0.000
  Exfiltration Loss ........         0.000         0.000
  Initial Stored Volume ....         1.569         0.511
  Final Stored Volume ......         1.569         0.511
  Continuity Error (%) .....         0.000
  
  ************************************
    Highest Flow Instability Indexes
  ************************************

  Link 1602 (0)
  Link 1630 (0)
  Link 1600 (0)
  Link 1570 (0)
  Link 1030 (0)
  Link 8130 (0)
  Link 8100 (0)
  Link 8060 (0)
  Link 8040 (0)



  **********************
    Node Depth Summary
  **********************

  ----------------------------------------------------------------------------------------------
                                 Average  Maximum  Maximum  Time of Max    Reported  Time of Max
                                   Depth    Depth  Run HGL   Occurrence   Max Depth   Occurrence
  Node                 Type         Feet     Feet     Feet  days hr:min        Feet  days hr:min
  ----------------------------------------------------------------------------------------------
  80408                JUNCTION     0.00     0.00   124.60     0  00:00      124.60     0  00:00
  80608                JUNCTION     0.00     0.00   118.30     0  00:00      118.30     0  00:00
  81009                JUNCTION     0.00     0.00   128.20     0  00:00      128.20     0  00:00
  81309                JUNCTION     0.00     0.00   117.50     0  00:00      117.50     0  00:00
  82309                JUNCTION     0.00     0.00   112.30     0  00:00      112.30     0  00:00
  10309                JUNCTION     0.00     0.00   101.60     0  00:00      101.60     0  00:00
  15009                JUNCTION     0.00     0.00   111.50     0  00:00      111.50     0  00:00
  16009                JUNCTION     0.00     0.00   102.00     0  00:00      102.00     0  00:00
  16109                JUNCTION     0.00     0.00   102.80     0  00:00      102.80     0  00:00
  10208                OUTFALL      4.50     4.50    94.40     0  00:00       94.40     0  00:00

  

  ***********************
    Node Inflow Summary
  ***********************

  ------------------------------------------------------------------------------------------------------
                                  Maximum  Maximum                  Lateral       Total        Flow
                                  Lateral    Total  Time of Max      Inflow      Inflow     Balance
                                   Inflow   Inflow   Occurrence      Volume      Volume       Error
  Node                 Type           CFS      CFS  days hr:min    10^6 gal    10^6 gal    10^6 gal or %
  ------------------------------------------------------------------------------------------------------
  80408                JUNCTION      0.00     0.00     0  00:00           0           0       0.000 gal
  80608                JUNCTION      0.00     0.00     0  00:00           0           0       0.000 gal
  81009                JUNCTION      0.00     0.00     0  00:00           0           0       0.000 gal
  81309                JUNCTION      0.00     0.00     0  00:00           0           0       0.000 gal
  82309                JUNCTION      0.00     0.00     0  00:00           0           0       0.000 gal
  10309                JUNCTION      0.00     0.00     0  00:00           0           0       0.000 gal
  15009                JUNCTION      0.00     0.00     0  00:00           0           0       0.000 gal
  16009                JUNCTION      0.00     0.00     0  00:00           0           0       0.000 gal
  16109                JUNCTION      0.00     0.00     0  00:00           0           0       0.000 gal
  10208                OUTFALL       0.00     0.00     0  00:00           0           0       0.000 gal

  

  **************************
    Node Surcharge Summary
  **************************


  No nodes were surcharged.
  

  *************************
    Node Flooding Summary
  *************************

  No nodes were flooded.
  

  ***************************
    Outfall Loading Summary
  ***************************

  -----------------------------------------------------------
                         Flow       Avg       Max       Total
                         Freq      Flow      Flow      Volume
  Outfall Node           Pcnt       CFS       CFS    10^6 gal
  -----------------------------------------------------------
  10208                  0.00      0.00      0.00       0.000
  -----------------------------------------------------------
  System                 0.00      0.00      0.00       0.000

  

  *********************
    Link Flow Summary
  *********************

  --------------------------------------------------------------------------------------------------------------------------------------------------
                                     Maximum  Time of Max        Maximum  Time of Max    Max/   Maximum  Time of Max    Max/  Time of Max    Maximum
                                  |Run Flow|   Occurrence  |Output Flow|   Occurrence    Full   |Veloc|   Occurrence    Full   Occurrence  Top Width
  Link                 Type              CFS  days hr:min            CFS  days hr:min    Flow    ft/sec  days hr:min   Depth  days hr:min         ft
  --------------------------------------------------------------------------------------------------------------------------------------------------
  8040                 CONDUIT          0.00     0  00:00           0.00     0  00:00    0.00      0.00     0  00:00    0.00     0  00:00
  8060                 CONDUIT          0.00     0  00:00           0.00     0  00:00    0.00      0.00     0  00:00    0.00     0  00:00
  8100                 CHANNEL          0.00     0  00:00           0.00     0  00:00    0.00      0.00     0  00:00    0.00     0  00:00
  8130                 CONDUIT          0.00     0  00:00           0.00     0  00:00    0.00      0.00     0  00:00    0.00     0  00:00
  1030                 CONDUIT          0.00     0  00:00           0.00     0  00:00    0.00      0.00     0  00:00    0.25     0  00:00
  1570                 CONDUIT          0.00     0  00:00           0.00     0  00:00    0.00      0.00     0  00:00    0.00     0  00:00
  1600                 CONDUIT          0.00     0  00:00           0.00     0  00:00    0.00      0.00     0  00:00    0.00     0  00:00
  1630                 CONDUIT          0.00     0  00:00           0.00     0  00:00    0.00      0.00     0  00:00    0.00     0  00:00
  1602                 CONDUIT          0.00     0  00:00           0.00     0  00:00    0.00      0.00     0  00:00    0.00     0  00:00

  

  *******************************
    Flow Classification Summary
  *******************************

  -----------------------------------------------------------------------------------------------------
                      Adjusted    ---------- Fraction of Time in Flow Class ---------------------------
                       /Actual         Up    Down  Sub   Sup   Up    Down  Norm  Inlet New    New
  Conduit               Length    Dry  Dry   Dry   Crit  Crit  Crit  Crit  Ltd   Ctrl  Length Roughness
  -----------------------------------------------------------------------------------------------------
  8040                    1.00   1.00  0.00  0.00  0.00  0.00  0.00  0.00  0.00  0.00  1800.00    0.0150
  8060                    1.00   1.00  0.00  0.00  0.00  0.00  0.00  0.00  0.00  0.00  2075.00    0.0150
  8100                    1.00   1.00  0.00  0.00  0.00  0.00  0.00  0.00  0.00  0.00  5100.00    0.0100
  8130                    1.00   1.00  0.00  0.00  0.00  0.00  0.00  0.00  0.00  0.00  3500.00    0.0150
  1030                    1.00   1.00  0.00  0.00  0.00  0.00  0.00  0.00  0.00  0.00  4500.00    0.0160
  1570                    1.00   1.00  0.00  0.00  0.00  0.00  0.00  0.00  0.00  0.00  5000.00    0.0154
  1600                    1.00   1.00  0.00  0.00  0.00  0.00  0.00  0.00  0.00  0.00  500.00    0.0150
  1630                    1.00   1.00  0.00  0.00  0.00  0.00  0.00  0.00  0.00  0.00  300.00    0.0150
  1602                    1.00   1.00  0.00  0.00  0.00  0.00  0.00  0.00  0.00  0.00  5000.00    0.0340

  

  *****************************
    Conduit Surcharge Summary
  *****************************

  No conduits were surcharged.

  
  

  **************************
    Innovyze License Check
  **************************

  Quick license check successful


  *************************
    System Resource Usage
  *************************

  Threads available      = 8
  Threads requested      = 1
  Threads used           = 1
  Virtual memory         = 7.2 MB
  Physical memory        = 12.7 MB
  Peak physical memory*  = 29.2 MB   (*Note: not accurate for multi-inp processes)
  Total CPU time         = 0.0 s
  Elapsed clock time     = 0.0 s
  Ratio CPU/clock        = 0.0


  Analysis begun on:  Sun Dec 15 07:10:13 2019
  Analysis ended on:  Sun Dec 15 07:10:13 2019
  Total elapsed time: < 1 sec