
  EPA STORM WATER MANAGEMENT MODEL - VERSION 5.2 (Build 5.2.4)
  ------------------------------------------------------------

  WARNING 04: minimum elevation drop used for Conduit 1
  
  ****************
  Analysis Options
  ****************
  Flow Units ............... CFS
  Process Models:
    Rainfall/Runoff ........ YES
    RDII ................... YES
    Snowmelt ............... NO
    Groundwater ............ NO
    Flow Routing ........... YES
    Ponding Allowed ........ NO
    Water Quality .......... NO
  Infiltration Method ...... HORTON
  Flow Routing Method ...... DYNWAVE
  Surcharge Method ......... EXTRAN
  Starting Date ............ 05/01/1948 00:00:00
  Ending Date .............. 12/30/3048 00:00:00
  Antecedent Dry Days ...... 0.0
  Report Time Step ......... 01:00:00
  Wet Time Step ............ 00:15:00
  Dry Time Step ............ 01:00:00
  Routing Time Step ........ 900.00 sec
  Variable Time Step ....... YES
  Maximum Trials ........... 8
  Number of Threads ........ 1
  Head Tolerance ........... 0.005000 ft
  
  
  **********************           Volume        Volume
  Rainfall Dependent I/I        acre-feet      10^6 gal
  **********************        ---------     ---------
  Sewershed Rainfall ......     22501.549      7332.466
  RDII Produced ...........      2247.150       732.267
  RDII Ratio ..............         0.100
  