
  EPA STORM WATER MANAGEMENT MODEL - VERSION 5.2 (Build 5.2.4)
  ------------------------------------------------------------

  WARNING 04: minimum elevation drop used for Conduit 1
  
  *************
  Element Count
  *************
  Number of rain gages ...... 1
  Number of subcatchments ... 1
  Number of nodes ........... 2
  Number of links ........... 1
  Number of pollutants ...... 0
  Number of land uses ....... 0
  
  
  ****************
  Raingage Summary
  ****************
                                                      Data       Recording
  Name                 Data Source                    Type       Interval 
  ------------------------------------------------------------------------
  Rain                 C:\Users\dickinro\OneDrive - Autodesk\Documents\GitHub\1729-SWMM5-Models\1000Years\1000_years_rainfall.dat
  
  
  ********************
  Subcatchment Summary
  ********************
  Name                       Area     Width   %Imperv    %Slope Rain Gage            Outlet              
  -----------------------------------------------------------------------------------------------------------
  MySubCatchment            10.00    660.00     10.00    0.5000 Rain                 Outfall_From_Horton 
  
  
  ************
  Node Summary
  ************
                                           Invert      Max.    Ponded    External
  Name                 Type                 Elev.     Depth      Area    Inflow  
  -------------------------------------------------------------------------------
  Outfall_From_Horton  JUNCTION              0.00     10.00       0.0    Yes
  1                    OUTFALL               0.00      0.00       0.0    Yes
  
  
  ************
  Link Summary
  ************
  Name             From Node        To Node          Type            Length    %Slope Roughness
  ---------------------------------------------------------------------------------------------
  1                Outfall_From_Horton 1                CONDUIT          400.0    0.0003    0.0100
  
  
  *********************
  Cross Section Summary
  *********************
                                        Full     Full     Hyd.     Max.   No. of     Full
  Conduit          Shape               Depth     Area     Rad.    Width  Barrels     Flow
  ---------------------------------------------------------------------------------------
  1                DUMMY                0.00     0.00     0.00     0.00        1     0.00
  
  
  ****************
  Analysis Options
  ****************
  Flow Units ............... CFS
  Process Models:
    Rainfall/Runoff ........ YES
    RDII ................... YES
    Snowmelt ............... NO
    Groundwater ............ NO
    Flow Routing ........... YES
    Ponding Allowed ........ NO
    Water Quality .......... NO
  Infiltration Method ...... HORTON
  Flow Routing Method ...... DYNWAVE
  Surcharge Method ......... EXTRAN
  Starting Date ............ 05/01/2548 00:00:00
  Ending Date .............. 12/30/3048 00:00:00
  Antecedent Dry Days ...... 0.0
  Report Time Step ......... 01:00:00
  Wet Time Step ............ 00:15:00
  Dry Time Step ............ 01:00:00
  Routing Time Step ........ 900.00 sec
  Variable Time Step ....... YES
  Maximum Trials ........... 8
  Number of Threads ........ 1
  Head Tolerance ........... 0.005000 ft
  
  
  **********************           Volume        Volume
  Rainfall Dependent I/I        acre-feet      10^6 gal
  **********************        ---------     ---------
  Sewershed Rainfall ......      9132.338      2975.909
  RDII Produced ...........       912.017       297.194
  RDII Ratio ..............         0.100
  
  
  **************************        Volume         Depth
  Runoff Quantity Continuity     acre-feet        inches
  **************************     ---------       -------
  Total Precipitation ......     18255.825     21906.990
  Evaporation Loss .........       375.609       450.730
  Infiltration Loss ........     11156.089     13387.307
  Surface Runoff ...........      6839.068      8206.882
  Final Storage ............         0.000         0.000
  Continuity Error (%) .....        -0.630
  
  
  **************************        Volume        Volume
  Flow Routing Continuity        acre-feet      10^6 gal
  **************************     ---------     ---------
  Dry Weather Inflow .......    168243.826     54824.764
  Wet Weather Inflow .......      6839.068      2228.613
  Groundwater Inflow .......         0.000         0.000
  RDII Inflow ..............       912.017       297.194
  External Inflow ..........    725384.330    236377.321
  External Outflow .........    901379.241    293727.892
  Flooding Loss ............         0.000         0.000
  Evaporation Loss .........         0.000         0.000
  Exfiltration Loss ........         0.000         0.000
  Initial Stored Volume ....         0.000         0.000
  Final Stored Volume ......         0.000         0.000
  Continuity Error (%) .....         0.000
  
  
  ***************************
  Time-Step Critical Elements
  ***************************
  None
  
  
  ********************************
  Highest Flow Instability Indexes
  ********************************
  All links are stable.
  
  
  *********************************
  Most Frequent Nonconverging Nodes
  *********************************
  Convergence obtained at all time steps.
  
  
  *************************
  Routing Time Step Summary
  *************************
  Minimum Time Step           :   899.50 sec
  Average Time Step           :   900.00 sec
  Maximum Time Step           :   900.00 sec
  % of Time in Steady State   :     0.00
  Average Iterations per Step :     2.00
  % of Steps Not Converging   :     0.00
  Time Step Frequencies       :
     900.000 - 200.996 sec      :   100.00 %
     200.996 - 44.888 sec      :     0.00 %
     44.888 - 10.025 sec      :     0.00 %
     10.025 -  2.239 sec      :     0.00 %
      2.239 -  0.500 sec      :     0.00 %
  
  
  ***************************
  Subcatchment Runoff Summary
  ***************************
  
  ------------------------------------------------------------------------------------------------------------------------------
                            Total      Total      Total      Total     Imperv       Perv      Total       Total     Peak  Runoff
                           Precip      Runon       Evap      Infil     Runoff     Runoff     Runoff      Runoff   Runoff   Coeff
  Subcatchment                 in         in         in         in         in         in         in    10^6 gal      CFS
  ------------------------------------------------------------------------------------------------------------------------------
  MySubCatchment         21906.99       0.00     450.73   13387.31    2013.83    6193.05    8206.88     2228.45    39.09   0.375
  
  
  ******************
  Node Depth Summary
  ******************
  
  ---------------------------------------------------------------------------------
                                 Average  Maximum  Maximum  Time of Max    Reported
                                   Depth    Depth      HGL   Occurrence   Max Depth
  Node                 Type         Feet     Feet     Feet  days hr:min        Feet
  ---------------------------------------------------------------------------------
  Outfall_From_Horton  JUNCTION     0.00     0.00     0.00     0  00:00        0.00
  1                    OUTFALL      0.00     0.00     0.00     0  00:00        0.00
  
  
  *******************
  Node Inflow Summary
  *******************
  
  -------------------------------------------------------------------------------------------------
                                  Maximum  Maximum                  Lateral       Total        Flow
                                  Lateral    Total  Time of Max      Inflow      Inflow     Balance
                                   Inflow   Inflow   Occurrence      Volume      Volume       Error
  Node                 Type           CFS      CFS  days hr:min    10^6 gal    10^6 gal     Percent
  -------------------------------------------------------------------------------------------------
  Outfall_From_Horton  JUNCTION     40.89    40.89  24686  08:00    1.48e+05    1.48e+05       0.000
  1                    OUTFALL       1.50    42.39  24686  08:00    1.46e+05    2.94e+05       0.000
  
  
  **********************
  Node Surcharge Summary
  **********************
  
  Surcharging occurs when water rises above the top of the highest conduit.
  ---------------------------------------------------------------------
                                               Max. Height   Min. Depth
                                   Hours       Above Crown    Below Rim
  Node                 Type      Surcharged           Feet         Feet
  ---------------------------------------------------------------------
  Outfall_From_Horton  JUNCTION   4388736.00          0.000       10.000
  
  
  *********************
  Node Flooding Summary
  *********************
  
  No nodes were flooded.
  
  
  ***********************
  Outfall Loading Summary
  ***********************
  
  -----------------------------------------------------------
                         Flow       Avg       Max       Total
                         Freq      Flow      Flow      Volume
  Outfall Node           Pcnt       CFS       CFS    10^6 gal
  -----------------------------------------------------------
  1                    100.00      2.49     42.39  293706.078
  -----------------------------------------------------------
  System               100.00      2.49     42.39  293706.078
  
  
  ********************
  Link Flow Summary
  ********************
  
  -----------------------------------------------------------------------------
                                 Maximum  Time of Max   Maximum    Max/    Max/
                                  |Flow|   Occurrence   |Veloc|    Full    Full
  Link                 Type          CFS  days hr:min    ft/sec    Flow   Depth
  -----------------------------------------------------------------------------
  1                    DUMMY       40.89  24686  08:00
  
  
  ***************************
  Flow Classification Summary
  ***************************
  
  -------------------------------------------------------------------------------------
                      Adjusted    ---------- Fraction of Time in Flow Class ---------- 
                       /Actual         Up    Down  Sub   Sup   Up    Down  Norm  Inlet 
  Conduit               Length    Dry  Dry   Dry   Crit  Crit  Crit  Crit  Ltd   Ctrl  
  -------------------------------------------------------------------------------------
  
  
  *************************
  Conduit Surcharge Summary
  *************************
  
  No conduits were surcharged.
  

  Analysis begun on:  Tue Aug  5 08:18:48 2025
  Analysis ended on:  Tue Aug  5 08:36:33 2025
  Total elapsed time: 00:17:45