
  EPA STORM WATER MANAGEMENT MODEL - VERSION 5.2 (Build 5.2.4)
  ------------------------------------------------------------

  
  ERROR 235: invalid infiltration parameters at line 1718 of [INFIL] section:
  0700766#1        3.000000   0.500000   4.000000  

  
  ERROR 235: invalid infiltration parameters at line 1719 of [INFIL] section:
  0700866#1        3.000000   0.500000   4.000000  

  
  ERROR 235: invalid infiltration parameters at line 1720 of [INFIL] section:
  0701066#1        3.000000   0.500000   4.000000  

  
  ERROR 235: invalid infiltration parameters at line 1721 of [INFIL] section:
  0701566#1        3.000000   0.500000   4.000000  

  
  ERROR 235: invalid infiltration parameters at line 1722 of [INFIL] section:
  0701660ND#1      3.000000   0.500000   4.000000  

  
  ERROR 235: invalid infiltration parameters at line 1723 of [INFIL] section:
  0701666#1        3.000000   0.500000   4.000000  

  
  ERROR 235: invalid infiltration parameters at line 1724 of [INFIL] section:
  0701966#1        3.000000   0.500000   4.000000  

  
  ERROR 235: invalid infiltration parameters at line 1726 of [INFIL] section:
  0702166#1        3.000000   0.500000   4.000000  

  
  ERROR 235: invalid infiltration parameters at line 1727 of [INFIL] section:
  0702166ND#1      3.000000   0.500000   4.000000  

  
  ERROR 235: invalid infiltration parameters at line 1729 of [INFIL] section:
  0702266_2#1      3.000000   0.500000   4.000000  

  
  ERROR 235: invalid infiltration parameters at line 1732 of [INFIL] section:
  0702766#1        3.000000   0.500000   4.000000  

  
  ERROR 235: invalid infiltration parameters at line 1734 of [INFIL] section:
  0702966#1        3.000000   0.500000   4.000000  

  
  ERROR 235: invalid infiltration parameters at line 1735 of [INFIL] section:
  0703160#1        3.000000   0.500000   4.000000  

  
  ERROR 235: invalid infiltration parameters at line 1736 of [INFIL] section:
  0703260#1        3.000000   0.500000   4.000000  

  
  ERROR 235: invalid infiltration parameters at line 1738 of [INFIL] section:
  0703754#1        3.000000   0.500000   4.000000  

  
  ERROR 235: invalid infiltration parameters at line 1739 of [INFIL] section:
  0703954#1        3.000000   0.500000   4.000000  

  
  ERROR 235: invalid infiltration parameters at line 1740 of [INFIL] section:
  1301336#1        3.000000   0.500000   4.000000  

  
  ERROR 235: invalid infiltration parameters at line 1741 of [INFIL] section:
  1304036#1        3.000000   0.500000   4.000000  

  
  ERROR 235: invalid infiltration parameters at line 1742 of [INFIL] section:
  13121512ST#1     3.000000   0.500000   4.000000  

  
  ERROR 235: invalid infiltration parameters at line 1744 of [INFIL] section:
  13121712ST#1     3.000000   0.500000   4.000000  

  
  ERROR 235: invalid infiltration parameters at line 1745 of [INFIL] section:
  13121812ST#1     3.000000   0.500000   4.000000  

  
  ERROR 235: invalid infiltration parameters at line 1747 of [INFIL] section:
  13135824ST#1     3.000000   0.500000   4.000000  

  
  ERROR 235: invalid infiltration parameters at line 1748 of [INFIL] section:
  13136324ST#1     3.000000   0.500000   4.000000  

  
  ERROR 235: invalid infiltration parameters at line 2004 of [INFIL] section:
  5425118_1        3.000000   0.500000   4.000000  

  
  ERROR 235: invalid infiltration parameters at line 2029 of [INFIL] section:
  5461208_1        3.000000   0.500000   4.000000  

  
  ERROR 235: invalid infiltration parameters at line 2030 of [INFIL] section:
  5461510_1        3.000000   0.500000   4.000000  

  
  ERROR 235: invalid infiltration parameters at line 2047 of [INFIL] section:
  5522912_1        3.000000   0.500000   4.000000  

  
  ERROR 235: invalid infiltration parameters at line 2049 of [INFIL] section:
  5525212_1        3.000000   0.500000   4.000000  

  
  ERROR 235: invalid infiltration parameters at line 2050 of [INFIL] section:
  5527210_1        3.000000   0.500000   4.000000  

  
  ERROR 235: invalid infiltration parameters at line 2065 of [INFIL] section:
  5539524_1        3.000000   0.500000   4.000000  

  
  ERROR 235: invalid infiltration parameters at line 2073 of [INFIL] section:
  5564108_1        3.000000   0.500000   4.000000  

  
  ERROR 235: invalid infiltration parameters at line 2074 of [INFIL] section:
  5564208_1        3.000000   0.500000   4.000000  

  
  ERROR 235: invalid infiltration parameters at line 2075 of [INFIL] section:
  5564608CD_1      3.000000   0.500000   4.000000  

  
  ERROR 235: invalid infiltration parameters at line 2076 of [INFIL] section:
  5565508_1        3.000000   0.500000   4.000000  

  
  ERROR 235: invalid infiltration parameters at line 2077 of [INFIL] section:
  5566308CD_1      3.000000   0.500000   4.000000  

  
  ERROR 235: invalid infiltration parameters at line 2078 of [INFIL] section:
  5568308ND_1      3.000000   0.500000   4.000000  

  
  ERROR 235: invalid infiltration parameters at line 2083 of [INFIL] section:
  5901036#1        3.000000   0.500000   4.000000  

  
  ERROR 235: invalid infiltration parameters at line 2084 of [INFIL] section:
  5901636#1        3.000000   0.500000   4.000000  

  
  ERROR 235: invalid infiltration parameters at line 2085 of [INFIL] section:
  5901736#1        3.000000   0.500000   4.000000  

  
  ERROR 235: invalid infiltration parameters at line 2086 of [INFIL] section:
  5902624#1        3.000000   0.500000   4.000000  

  
  ERROR 235: invalid infiltration parameters at line 2087 of [INFIL] section:
  5903422#1        3.000000   0.500000   4.000000  

  
  ERROR 235: invalid infiltration parameters at line 2090 of [INFIL] section:
  5904020#1        3.000000   0.500000   4.000000  

  
  ERROR 235: invalid infiltration parameters at line 2093 of [INFIL] section:
  5904318#1        3.000000   0.500000   4.000000  

  
  ERROR 235: invalid infiltration parameters at line 2099 of [INFIL] section:
  5905512#1        3.000000   0.500000   4.000000  

  
  ERROR 235: invalid infiltration parameters at line 2100 of [INFIL] section:
  5905612#1        3.000000   0.500000   4.000000  

  
  ERROR 235: invalid infiltration parameters at line 2105 of [INFIL] section:
  5907610#1        3.000000   0.500000   4.000000  

  
  ERROR 235: invalid infiltration parameters at line 2106 of [INFIL] section:
  5907710#1        3.000000   0.500000   4.000000  

  
  ERROR 235: invalid infiltration parameters at line 2112 of [INFIL] section:
  5909210#1        3.000000   0.500000   4.000000  

  
  ERROR 235: invalid infiltration parameters at line 2117 of [INFIL] section:
  5910215#1        3.000000   0.500000   4.000000  

  
  ERROR 235: invalid infiltration parameters at line 2118 of [INFIL] section:
  5910715#1        3.000000   0.500000   4.000000  

  
  ERROR 235: invalid infiltration parameters at line 2119 of [INFIL] section:
  5911115#1        3.000000   0.500000   4.000000  

  
  ERROR 235: invalid infiltration parameters at line 2120 of [INFIL] section:
  5911215#1        3.000000   0.500000   4.000000  

  
  ERROR 235: invalid infiltration parameters at line 2121 of [INFIL] section:
  5911612#1        3.000000   0.500000   4.000000  

  
  ERROR 235: invalid infiltration parameters at line 2122 of [INFIL] section:
  5912010#1        3.000000   0.500000   4.000000  

  
  ERROR 235: invalid infiltration parameters at line 2125 of [INFIL] section:
  5913010#1        3.000000   0.500000   4.000000  

  
  ERROR 235: invalid infiltration parameters at line 2126 of [INFIL] section:
  5913110#1        3.000000   0.500000   4.000000  

  
  ERROR 235: invalid infiltration parameters at line 2133 of [INFIL] section:
  5916008#1        3.000000   0.500000   4.000000  

  
  ERROR 235: invalid infiltration parameters at line 2134 of [INFIL] section:
  5916442#1        3.000000   0.500000   4.000000  

  
  ERROR 235: invalid infiltration parameters at line 2140 of [INFIL] section:
  5920810#1        3.000000   0.500000   4.000000  

  
  ERROR 235: invalid infiltration parameters at line 2150 of [INFIL] section:
  5923912#1        3.000000   0.500000   4.000000  

  
  ERROR 235: invalid infiltration parameters at line 2151 of [INFIL] section:
  5924308#1        3.000000   0.500000   4.000000  

  
  ERROR 235: invalid infiltration parameters at line 2156 of [INFIL] section:
  5926708#1        3.000000   0.500000   4.000000  

  
  ERROR 235: invalid infiltration parameters at line 2159 of [INFIL] section:
  5928312#1        3.000000   0.500000   4.000000  

  
  ERROR 235: invalid infiltration parameters at line 2162 of [INFIL] section:
  5933412#1        3.000000   0.500000   4.000000  

  
  ERROR 235: invalid infiltration parameters at line 2167 of [INFIL] section:
  5934512#1        3.000000   0.500000   4.000000  

  
  ERROR 235: invalid infiltration parameters at line 2170 of [INFIL] section:
  5935312#1        3.000000   0.500000   4.000000  

  
  ERROR 235: invalid infiltration parameters at line 2172 of [INFIL] section:
  5938410#1        3.000000   0.500000   4.000000  

  
  ERROR 235: invalid infiltration parameters at line 2174 of [INFIL] section:
  5940266#1        3.000000   0.500000   4.000000  

  
  ERROR 235: invalid infiltration parameters at line 2175 of [INFIL] section:
  5941154#1        3.000000   0.500000   4.000000  

  
  ERROR 235: invalid infiltration parameters at line 2176 of [INFIL] section:
  5941354#1        3.000000   0.500000   4.000000  

  
  ERROR 235: invalid infiltration parameters at line 2177 of [INFIL] section:
  5941648#1        3.000000   0.500000   4.000000  

  
  ERROR 235: invalid infiltration parameters at line 2178 of [INFIL] section:
  5941842#1        3.000000   0.500000   4.000000  

  
  ERROR 235: invalid infiltration parameters at line 2179 of [INFIL] section:
  5942042#1        3.000000   0.500000   4.000000  

  
  ERROR 235: invalid infiltration parameters at line 2180 of [INFIL] section:
  5942242#1        3.000000   0.500000   4.000000  

  
  ERROR 235: invalid infiltration parameters at line 2182 of [INFIL] section:
  5953410#1        3.000000   0.500000   4.000000  

  
  ERROR 235: invalid infiltration parameters at line 2184 of [INFIL] section:
  6000636#1        3.000000   0.500000   4.000000  

  
  ERROR 235: invalid infiltration parameters at line 2186 of [INFIL] section:
  6002430#1        3.000000   0.500000   4.000000  

  
  ERROR 235: invalid infiltration parameters at line 2189 of [INFIL] section:
  6004122#1        3.000000   0.500000   4.000000  

  
  ERROR 235: invalid infiltration parameters at line 2190 of [INFIL] section:
  6004824#1        3.000000   0.500000   4.000000  

  
  ERROR 235: invalid infiltration parameters at line 2194 of [INFIL] section:
  6006642#1        3.000000   0.500000   4.000000  

  
  ERROR 235: invalid infiltration parameters at line 2197 of [INFIL] section:
  6008910#1        3.000000   0.500000   4.000000  

  
  ERROR 235: invalid infiltration parameters at line 2201 of [INFIL] section:
  6021910#1        3.000000   0.500000   4.000000  

  
  ERROR 235: invalid infiltration parameters at line 2209 of [INFIL] section:
  6029608#1        3.000000   0.500000   4.000000  

  
  ERROR 235: invalid infiltration parameters at line 2212 of [INFIL] section:
  6033315#1        3.000000   0.500000   4.000000  

  
  ERROR 235: invalid infiltration parameters at line 2214 of [INFIL] section:
  6035510#1        3.000000   0.500000   4.000000  

  
  ERROR 235: invalid infiltration parameters at line 2215 of [INFIL] section:
  6035710#1        3.000000   0.500000   4.000000  

  
  ERROR 235: invalid infiltration parameters at line 2218 of [INFIL] section:
  6037420#1        3.000000   0.500000   4.000000  

  
  ERROR 235: invalid infiltration parameters at line 2240 of [INFIL] section:
  6120215_1        3.000000   0.500000   4.000000  

  
  ERROR 235: invalid infiltration parameters at line 2241 of [INFIL] section:
  6120708_1        3.000000   0.500000   4.000000  

  
  ERROR 235: invalid infiltration parameters at line 2264 of [INFIL] section:
  6150210_1        3.000000   0.500000   4.000000  

  
  ERROR 235: invalid infiltration parameters at line 2275 of [INFIL] section:
  6300718#1        3.000000   0.500000   4.000000  

  
  ERROR 235: invalid infiltration parameters at line 2278 of [INFIL] section:
  6301408#1        3.000000   0.500000   4.000000  

  
  ERROR 235: invalid infiltration parameters at line 2280 of [INFIL] section:
  6302312#1        3.000000   0.500000   4.000000  

  
  ERROR 235: invalid infiltration parameters at line 2281 of [INFIL] section:
  6302708#1        3.000000   0.500000   4.000000  

  
  ERROR 235: invalid infiltration parameters at line 2282 of [INFIL] section:
  6303836#1        3.000000   0.500000   4.000000  

  
  ERROR 235: invalid infiltration parameters at line 2288 of [INFIL] section:
  6305427#1        3.000000   0.500000   4.000000  

  
  ERROR 235: invalid infiltration parameters at line 2289 of [INFIL] section:
  6305727#1        3.000000   0.500000   4.000000  

  
  ERROR 235: invalid infiltration parameters at line 2292 of [INFIL] section:
  6306224#1        3.000000   0.500000   4.000000  

  
  ERROR 235: invalid infiltration parameters at line 2294 of [INFIL] section:
  6306718#1        3.000000   0.500000   4.000000  

  
  ERROR 235: invalid infiltration parameters at line 2296 of [INFIL] section:
  6309712#1        3.000000   0.500000   4.000000  

  
  Maximum error count exceeded.

  Analysis begun on:  Tue Aug  5 09:52:59 2025
  Analysis ended on:  Tue Aug  5 09:53:00 2025
  Total elapsed time: 00:00:01