
  EPA STORM WATER MANAGEMENT MODEL - VERSION 5.2 (Build 5.2.4)
  ------------------------------------------------------------

  
  ****************
  Analysis Options
  ****************
  Flow Units ............... CFS
  Process Models:
    Rainfall/Runoff ........ NO
    RDII ................... NO
    Snowmelt ............... NO
    Groundwater ............ NO
    Flow Routing ........... YES
    Ponding Allowed ........ NO
    Water Quality .......... NO
  Flow Routing Method ...... DYNWAVE
  Surcharge Method ......... EXTRAN
  Starting Date ............ 01/01/2002 00:00:00
  Ending Date .............. 01/01/2002 12:00:00
  Antecedent Dry Days ...... 5.0
  Report Time Step ......... 00:05:00
  Routing Time Step ........ 10.00 sec
  Variable Time Step ....... YES
  Maximum Trials ........... 8
  Number of Threads ........ 1
  Head Tolerance ........... 0.005000 ft
  
  
  **************************        Volume        Volume
  Flow Routing Continuity        acre-feet      10^6 gal
  **************************     ---------     ---------
  Dry Weather Inflow .......         0.000         0.000
  Wet Weather Inflow .......         0.000         0.000
  Groundwater Inflow .......         0.000         0.000
  RDII Inflow ..............         0.000         0.000
  External Inflow ..........         1.488         0.485
  External Outflow .........         0.000         0.000
  Flooding Loss ............         0.796         0.259
  Evaporation Loss .........         0.000         0.000
  Exfiltration Loss ........         0.000         0.000
  Initial Stored Volume ....         0.045         0.015
  Final Stored Volume ......         0.721         0.235
  Continuity Error (%) .....         1.032
  
  
  *************************
  Highest Continuity Errors
  *************************
  Node 10 (77.63%)
  Node 20 (62.59%)
  Node 18 (49.78%)
  Node 12 (38.90%)
  Node 16 (34.34%)
  
  
  ***************************
  Time-Step Critical Elements
  ***************************
  None
  
  
  ********************************
  Highest Flow Instability Indexes
  ********************************
  All links are stable.
  
  
  *********************************
  Most Frequent Nonconverging Nodes
  *********************************
  Node 14 (1.18%)
  Node 22 (0.51%)
  Node 12 (0.49%)
  Node 20 (0.46%)
  Node 10 (0.35%)
  
  
  *************************
  Routing Time Step Summary
  *************************
  Minimum Time Step           :    10.00 sec
  Average Time Step           :    10.00 sec
  Maximum Time Step           :    10.00 sec
  % of Time in Steady State   :     0.00
  Average Iterations per Step :     2.16
  % of Steps Not Converging   :     1.18
  Time Step Frequencies       :
     10.000 -  1.585 sec      :   100.00 %
      1.585 -  0.251 sec      :     0.00 %
      0.251 -  0.040 sec      :     0.00 %
      0.040 -  0.006 sec      :     0.00 %
      0.006 -  0.001 sec      :     0.00 %
  
  
  ******************
  Node Depth Summary
  ******************
  
  ---------------------------------------------------------------------------------
                                 Average  Maximum  Maximum  Time of Max    Reported
                                   Depth    Depth      HGL   Occurrence   Max Depth
  Node                 Type         Feet     Feet     Feet  days hr:min        Feet
  ---------------------------------------------------------------------------------
  10                   JUNCTION     0.46     3.70     5.00     0  09:18        2.47
  12                   JUNCTION     0.93     3.33     4.43     0  09:18        2.26
  16                   JUNCTION     0.84     3.50     5.00     0  05:24        2.38
  18                   JUNCTION     0.57     2.60     4.00     0  09:28        2.60
  20                   JUNCTION     0.61     3.80     5.00     0  09:18        2.36
  22                   JUNCTION     1.40     3.78     4.78     0  02:37        2.19
  24                   JUNCTION     1.32     3.40     5.00     0  03:14        3.01
  36                   JUNCTION     2.00     3.20     5.00     0  01:38        3.20
  14                   OUTFALL      3.00     3.00     3.00     0  00:00        3.00
  
  
  *******************
  Node Inflow Summary
  *******************
  
  -------------------------------------------------------------------------------------------------
                                  Maximum  Maximum                  Lateral       Total        Flow
                                  Lateral    Total  Time of Max      Inflow      Inflow     Balance
                                   Inflow   Inflow   Occurrence      Volume      Volume       Error
  Node                 Type           CFS      CFS  days hr:min    10^6 gal    10^6 gal     Percent
  -------------------------------------------------------------------------------------------------
  10                   JUNCTION      0.00     0.50     0  08:01           0      0.0394     347.118
  12                   JUNCTION      0.00     0.42     0  02:37           0      0.0775      63.676
  16                   JUNCTION      0.00     0.61     0  04:33           0      0.0875      52.291
  18                   JUNCTION      0.00     0.50     0  06:29           0      0.0593      99.136
  20                   JUNCTION      0.00     0.31     0  07:03           0      0.0473     167.277
  22                   JUNCTION      0.00     0.59     0  01:46           0       0.108      39.205
  24                   JUNCTION      0.00     0.87     0  02:57           0       0.114      35.863
  36                   JUNCTION      3.00     3.00     0  03:00       0.377       0.381       4.139
  14                   OUTFALL       0.00     0.59     0  01:46           0       0.108       0.000
  
  
  **********************
  Node Surcharge Summary
  **********************
  
  Surcharging occurs when water rises above the top of the highest conduit.
  ---------------------------------------------------------------------
                                               Max. Height   Min. Depth
                                   Hours       Above Crown    Below Rim
  Node                 Type      Surcharged           Feet         Feet
  ---------------------------------------------------------------------
  10                   JUNCTION        2.74          2.700        0.000
  12                   JUNCTION        5.74          2.327        7.573
  16                   JUNCTION        5.56          2.500        0.000
  18                   JUNCTION        2.79          1.600        0.000
  20                   JUNCTION        2.97          2.800        0.000
  22                   JUNCTION        9.50          2.780        6.220
  24                   JUNCTION        6.43          2.400        0.000
  36                   JUNCTION        6.63          2.200        0.000
  
  
  *********************
  Node Flooding Summary
  *********************
  
  Flooding refers to all water that overflows a node, whether it ponds or not.
  --------------------------------------------------------------------------
                                                             Total   Maximum
                                 Maximum   Time of Max       Flood    Ponded
                        Hours       Rate    Occurrence      Volume     Depth
  Node                 Flooded       CFS   days hr:min    10^6 gal      Feet
  --------------------------------------------------------------------------
  10                      0.01      0.22      0  09:18       0.000     0.000
  16                      0.01      0.14      0  05:24       0.000     0.000
  18                      0.02      0.27      0  09:28       0.000     0.000
  20                      0.01      0.04      0  09:18       0.000     0.000
  24                      0.02      0.44      0  03:14       0.000     0.000
  36                      6.37      2.53      0  05:24       0.259     0.000
  
  
  ***********************
  Outfall Loading Summary
  ***********************
  
  -----------------------------------------------------------
                         Flow       Avg       Max       Total
                         Freq      Flow      Flow      Volume
  Outfall Node           Pcnt       CFS       CFS    10^6 gal
  -----------------------------------------------------------
  14                    99.98      0.33      0.59       0.108
  -----------------------------------------------------------
  System                99.98      0.33      0.59       0.108
  
  
  ********************
  Link Flow Summary
  ********************
  
  -----------------------------------------------------------------------------
                                 Maximum  Time of Max   Maximum    Max/    Max/
                                  |Flow|   Occurrence   |Veloc|    Full    Full
  Link                 Type          CFS  days hr:min    ft/sec    Flow   Depth
  -----------------------------------------------------------------------------
  11                   CONDUIT      0.22     0  09:13      0.31    1.39    1.00
  13                   CONDUIT      0.42     0  02:37      0.80    2.61    1.00
  17                   CONDUIT      0.50     0  06:29      0.87    3.14    1.00
  19                   CONDUIT      0.37     0  08:02      0.56    2.31    1.00
  21                   CONDUIT      0.31     0  07:03      0.49    1.96    1.00
  23                   CONDUIT      0.59     0  01:46      0.91    1.18    1.00
  25                   CONDUIT      0.61     0  04:33      1.03    3.80    1.00
  43                   CONDUIT      0.87     0  02:57      1.24    3.85    1.00
  
  
  ***************************
  Flow Classification Summary
  ***************************
  
  -------------------------------------------------------------------------------------
                      Adjusted    ---------- Fraction of Time in Flow Class ---------- 
                       /Actual         Up    Down  Sub   Sup   Up    Down  Norm  Inlet 
  Conduit               Length    Dry  Dry   Dry   Crit  Crit  Crit  Crit  Ltd   Ctrl  
  -------------------------------------------------------------------------------------
  11                      1.00   0.16  0.16  0.00  0.68  0.00  0.00  0.00  0.02  0.00
  13                      1.00   0.00  0.02  0.00  0.98  0.00  0.00  0.00  0.00  0.00
  17                      1.00   0.11  0.00  0.00  0.89  0.00  0.00  0.00  0.00  0.00
  19                      1.00   0.18  0.00  0.00  0.82  0.00  0.00  0.00  0.00  0.00
  21                      1.00   0.02  0.13  0.00  0.85  0.00  0.00  0.00  0.00  0.00
  23                      1.00   0.00  0.00  0.00  1.00  0.00  0.00  0.00  0.00  0.00
  25                      1.00   0.08  0.00  0.00  0.92  0.00  0.00  0.00  0.00  0.00
  43                      1.00   0.08  0.00  0.00  0.92  0.00  0.00  0.00  0.00  0.00
  
  
  *************************
  Conduit Surcharge Summary
  *************************
  
  ----------------------------------------------------------------------------
                                                           Hours        Hours 
                         --------- Hours Full --------   Above Full   Capacity
  Conduit                Both Ends  Upstream  Dnstream   Normal Flow   Limited
  ----------------------------------------------------------------------------
  11                          2.74      2.74      2.97      0.33         0.02
  13                          5.74      5.74      9.50      7.51         0.03
  17                          2.59      5.56      2.79      4.86         0.24
  19                          2.56      2.79      2.74      2.68         0.02
  21                          2.97      2.97      5.74      4.87         0.03
  23                          9.50      9.50     12.00      1.76         0.01
  25                          4.32      6.43      5.56      6.20         3.12
  43                          5.04      6.62      6.43      6.49         4.79
  

  Analysis begun on:  Tue Aug  5 09:54:56 2025
  Analysis ended on:  Tue Aug  5 09:54:56 2025
  Total elapsed time: < 1 sec