
  EPA STORM WATER MANAGEMENT MODEL - VERSION 5.2 (Build 5.2.4)
  ------------------------------------------------------------

  
  ****************
  Analysis Options
  ****************
  Flow Units ............... CFS
  Process Models:
    Rainfall/Runoff ........ NO
    RDII ................... NO
    Snowmelt ............... NO
    Groundwater ............ NO
    Flow Routing ........... YES
    Ponding Allowed ........ YES
    Water Quality .......... NO
  Flow Routing Method ...... DYNWAVE
  Surcharge Method ......... EXTRAN
  Starting Date ............ 01/01/2002 00:00:00
  Ending Date .............. 01/01/2002 23:00:00
  Antecedent Dry Days ...... 5.0
  Report Time Step ......... 00:01:00
  Routing Time Step ........ 10.00 sec
  Variable Time Step ....... YES
  Maximum Trials ........... 8
  Number of Threads ........ 1
  Head Tolerance ........... 0.000100 ft
  
  
  **************************        Volume        Volume
  Flow Routing Continuity        acre-feet      10^6 gal
  **************************     ---------     ---------
  Dry Weather Inflow .......       135.366        44.111
  Wet Weather Inflow .......         0.000         0.000
  Groundwater Inflow .......         0.000         0.000
  RDII Inflow ..............         0.000         0.000
  External Inflow ..........         0.000         0.000
  External Outflow .........        39.052        12.726
  Flooding Loss ............        97.975        31.927
  Evaporation Loss .........         0.000         0.000
  Exfiltration Loss ........         0.000         0.000
  Initial Stored Volume ....         0.029         0.010
  Final Stored Volume ......         0.076         0.025
  Continuity Error (%) .....        -1.261
  
  
  *************************
  Highest Continuity Errors
  *************************
  Node 40 (-19.42%)
  Node 52 (-13.55%)
  Node 24 (4.29%)
  Node 16 (-3.65%)
  Node 18 (-2.54%)
  
  
  ***************************
  Time-Step Critical Elements
  ***************************
  Node 52 (21.94%)
  Link 57 (17.52%)
  Link 45 (14.36%)
  Node 40 (13.80%)
  Link 59 (5.47%)
  
  
  ********************************
  Highest Flow Instability Indexes
  ********************************
  Link 17 (29)
  Link 19 (27)
  Link 47 (25)
  Link 57 (25)
  Link 11 (19)
  
  
  *********************************
  Most Frequent Nonconverging Nodes
  *********************************
  Node 14 (99.98%)
  Node 12 (99.71%)
  Node 44 (99.52%)
  Node 42 (99.51%)
  Node 20 (99.47%)
  
  
  *************************
  Routing Time Step Summary
  *************************
  Minimum Time Step           :     0.13 sec
  Average Time Step           :     4.29 sec
  Maximum Time Step           :    10.00 sec
  % of Time in Steady State   :     0.00
  Average Iterations per Step :     8.00
  % of Steps Not Converging   :    99.98
  Time Step Frequencies       :
     10.000 -  1.585 sec      :    72.79 %
      1.585 -  0.251 sec      :    26.68 %
      0.251 -  0.040 sec      :     0.53 %
      0.040 -  0.006 sec      :     0.00 %
      0.006 -  0.001 sec      :     0.00 %
  
  
  ******************
  Node Depth Summary
  ******************
  
  ---------------------------------------------------------------------------------
                                 Average  Maximum  Maximum  Time of Max    Reported
                                   Depth    Depth      HGL   Occurrence   Max Depth
  Node                 Type         Feet     Feet     Feet  days hr:min        Feet
  ---------------------------------------------------------------------------------
  10                   JUNCTION     7.17    34.55    49.00     0  14:42       23.69
  12                   JUNCTION     8.58    27.34    39.61     0  19:56       17.06
  16                   JUNCTION     8.28    37.25    50.80     0  09:22       26.53
  18                   JUNCTION     9.10    37.57    50.24     0  09:22       27.08
  20                   JUNCTION     7.90    34.62    47.93     0  14:42       20.46
  22                   JUNCTION     8.84     8.85    20.00     0  00:03        8.85
  26                   JUNCTION    17.76    35.64    50.41     0  07:00       31.47
  30                   JUNCTION    19.06    37.72    50.89     0  07:00       33.07
  36                   JUNCTION     1.69     1.69    20.00     0  00:00        1.69
  40                   JUNCTION     4.24    21.28    38.88     0  16:40       18.08
  42                   JUNCTION     8.98    34.85    47.42     0  09:22       25.25
  44                   JUNCTION     8.86    37.23    49.69     0  14:42       23.00
  46                   JUNCTION     8.64    33.07    45.44     0  19:56       19.36
  48                   JUNCTION     1.29     1.29    20.00     0  00:00        1.29
  50                   JUNCTION     2.08     2.08    20.00     0  00:00        2.08
  52                   JUNCTION     2.00    18.18    35.32     0  01:48       11.70
  14                   OUTFALL      1.00     1.00    11.10     0  00:00        1.00
  24                   DIVIDER      1.00     1.00    15.70     0  00:00        1.00
  8000                 STORAGE      1.57     2.13    15.77     0  06:02        2.12
  8002                 STORAGE      1.40     2.11    19.81     0  15:16        2.11
  8004                 STORAGE      1.23     2.18    19.18     0  22:49        2.17
  9000                 STORAGE      1.52     2.04    15.68     0  04:19        2.03
  
  
  *******************
  Node Inflow Summary
  *******************
  
  -------------------------------------------------------------------------------------------------
                                  Maximum  Maximum                  Lateral       Total        Flow
                                  Lateral    Total  Time of Max      Inflow      Inflow     Balance
                                   Inflow   Inflow   Occurrence      Volume      Volume       Error
  Node                 Type           CFS      CFS  days hr:min    10^6 gal    10^6 gal     Percent
  -------------------------------------------------------------------------------------------------
  10                   JUNCTION      0.00     4.54     0  15:27           0        1.22      -1.015
  12                   JUNCTION      0.00    10.76     0  20:50           0        2.42       0.053
  16                   JUNCTION      0.00    21.00     0  00:00           0         1.5      -3.523
  18                   JUNCTION      0.00    16.53     0  00:02           0        1.83      -2.474
  20                   JUNCTION      0.00     5.47     0  20:50           0        1.33       0.394
  22                   JUNCTION     18.00    45.99     0  07:23         6.3        15.5       0.009
  26                   JUNCTION      0.00    21.00     0  00:00           0       0.969       0.074
  30                   JUNCTION     18.00    18.20     0  07:00         6.3        7.27       0.005
  36                   JUNCTION     18.00    18.00     0  07:00         6.3         6.3       0.410
  40                   JUNCTION      0.00    42.00     0  00:00           0        2.94     -16.261
  42                   JUNCTION      0.00     3.37     0  11:59           0       0.896      -0.429
  44                   JUNCTION      0.00     3.76     0  20:50           0       0.959       0.592
  46                   JUNCTION      0.00     4.37     0  00:01           0        1.01       0.015
  48                   JUNCTION     18.00    18.00     0  07:00         6.3         6.3       0.015
  50                   JUNCTION     18.00    18.00     0  07:00         6.3        6.35       0.257
  52                   JUNCTION      0.00    42.00     0  00:00           0        3.85     -11.930
  14                   OUTFALL      18.00    28.38     0  07:00         6.3        12.7       0.000
  24                   DIVIDER      18.00    59.13     0  07:15         6.3        14.2       4.478
  8000                 STORAGE       0.00     2.57     0  00:21           0       0.972       0.038
  8002                 STORAGE       0.00     6.38     0  09:03           0        2.94      -0.004
  8004                 STORAGE       0.00     7.46     0  08:07           0        3.84      -0.262
  9000                 STORAGE       0.00     3.64     0  00:03           0         1.4       0.594
  
  
  **********************
  Node Surcharge Summary
  **********************
  
  Surcharging occurs when water rises above the top of the highest conduit.
  ---------------------------------------------------------------------
                                               Max. Height   Min. Depth
                                   Hours       Above Crown    Below Rim
  Node                 Type      Surcharged           Feet         Feet
  ---------------------------------------------------------------------
  10                   JUNCTION       22.66         33.548        0.000
  12                   JUNCTION       22.99         26.337        0.000
  16                   JUNCTION       21.82         35.254        0.000
  18                   JUNCTION       22.92         35.574        0.000
  20                   JUNCTION       22.97         33.617        0.000
  22                   JUNCTION       23.00          7.852        0.000
  26                   JUNCTION       22.98         34.643        0.000
  30                   JUNCTION       22.99         36.723        0.000
  36                   JUNCTION       23.00          0.693        0.000
  40                   JUNCTION        8.43         20.280        0.000
  42                   JUNCTION       22.96         33.852        0.000
  44                   JUNCTION       22.97         36.226        0.000
  46                   JUNCTION       22.97         32.071        0.000
  48                   JUNCTION       23.00          0.286        0.000
  50                   JUNCTION       23.00          1.083        0.000
  52                   JUNCTION        7.77         17.175        0.000
  24                   DIVIDER        22.99          0.000        0.000
  
  
  *********************
  Node Flooding Summary
  *********************
  
  Flooding refers to all water that overflows a node, whether it ponds or not.
  --------------------------------------------------------------------------
                                                             Total   Maximum
                                 Maximum   Time of Max       Flood    Ponded
                        Hours       Rate    Occurrence      Volume     Depth
  Node                 Flooded       CFS   days hr:min    10^6 gal      Feet
  --------------------------------------------------------------------------
  22                     22.78     35.55      0  07:23       8.634     0.000
  36                     23.00     14.95      0  07:07       3.362     0.000
  48                     23.00     18.00      0  08:00       6.256     0.000
  50                     22.78     12.93      0  07:43       2.509     0.000
  24                     22.99     57.62      0  07:39      11.811     0.000
  
  
  **********************
  Storage Volume Summary
  **********************
  
  ------------------------------------------------------------------------------------------------
                         Average    Avg   Evap  Exfil     Maximum    Max    Time of Max    Maximum
                          Volume   Pcnt   Pcnt   Pcnt      Volume   Pcnt     Occurrence    Outflow
  Storage Unit          1000 ft³   Full   Loss   Loss    1000 ft³   Full    days hr:min        CFS
  ------------------------------------------------------------------------------------------------
  8000                     0.437    7.1    0.0    0.0       0.592    9.7       0  06:02      21.00
  8002                     0.391    6.4    0.0    0.0       0.588    9.6       0  15:16      42.00
  8004                     0.344    5.6    0.0    0.0       0.607    9.9       0  22:49      42.00
  9000                     0.422    6.9    0.0    0.0       0.567    9.3       0  04:19      21.00
  
  
  ***********************
  Outfall Loading Summary
  ***********************
  
  -----------------------------------------------------------
                         Flow       Avg       Max       Total
                         Freq      Flow      Flow      Volume
  Outfall Node           Pcnt       CFS       CFS    10^6 gal
  -----------------------------------------------------------
  14                   100.00     20.54     28.38      12.725
  -----------------------------------------------------------
  System               100.00     20.54     28.38      12.725
  
  
  ********************
  Link Flow Summary
  ********************
  
  -----------------------------------------------------------------------------
                                 Maximum  Time of Max   Maximum    Max/    Max/
                                  |Flow|   Occurrence   |Veloc|    Full    Full
  Link                 Type          CFS  days hr:min    ft/sec    Flow   Depth
  -----------------------------------------------------------------------------
  11                   CONDUIT      5.47     0  20:50      6.97    1.24    1.00
  13                   CONDUIT     11.32     0  20:50     14.42    2.32    1.00
  17                   CONDUIT     13.88     0  00:02      4.42    0.51    1.00
  19                   CONDUIT      4.54     0  15:27      8.15    0.59    1.00
  21                   CONDUIT      5.98     0  20:50      7.61    1.34    1.00
  23                   CONDUIT     10.38     0  15:55     13.22    2.91    1.00
  25                   CONDUIT      3.64     0  00:03      4.67    1.10    1.00
  31                   CONDUIT      3.41     0  00:52      5.05    0.71    1.00
  33                   CONDUIT     18.41     0  07:00     23.44    3.87    1.00
  35                   CONDUIT      2.57     0  00:21      3.28    1.01    1.00
  43                   CONDUIT     17.50     0  00:36     22.29    2.13    1.00
  45                   CONDUIT      6.38     0  09:03      8.14    1.51    1.00
  47                   CONDUIT      3.37     0  11:59      4.31    2.87    1.00
  49                   CONDUIT      3.76     0  20:50      5.50    3.05    1.00
  51                   CONDUIT      4.30     0  20:50      5.48    4.06    1.00
  53                   CONDUIT      4.78     0  20:50      6.61    3.29    1.00
  55                   CONDUIT      4.80     0  00:00      7.20    1.07    1.00
  57                   CONDUIT      7.46     0  08:07      9.51    1.52    1.00
  59                   CONDUIT     24.37     0  11:54     31.03    2.14    1.00
  5000                 PUMP        21.00     0  00:00              1.00
  5002                 PUMP        21.00     0  00:00              1.00
  5004                 PUMP        21.00     0  00:00              1.00
  5006                 PUMP        21.00     0  00:00              1.00
  5008                 PUMP        21.00     0  00:00              1.00
  5010                 PUMP        21.00     0  00:00              1.00
  
  
  ***************************
  Flow Classification Summary
  ***************************
  
  -------------------------------------------------------------------------------------
                      Adjusted    ---------- Fraction of Time in Flow Class ---------- 
                       /Actual         Up    Down  Sub   Sup   Up    Down  Norm  Inlet 
  Conduit               Length    Dry  Dry   Dry   Crit  Crit  Crit  Crit  Ltd   Ctrl  
  -------------------------------------------------------------------------------------
  11                      1.00   0.00  0.00  0.00  1.00  0.00  0.00  0.00  0.00  0.00
  13                      1.00   0.00  0.00  0.00  1.00  0.00  0.00  0.00  0.00  0.00
  17                      1.00   0.00  0.00  0.00  1.00  0.00  0.00  0.00  0.00  0.00
  19                      1.00   0.00  0.00  0.00  1.00  0.00  0.00  0.00  0.00  0.00
  21                      1.00   0.00  0.00  0.00  1.00  0.00  0.00  0.00  0.00  0.00
  23                      1.00   0.00  0.00  0.00  1.00  0.00  0.00  0.00  0.00  0.00
  25                      1.00   0.00  0.00  0.00  1.00  0.00  0.00  0.00  0.00  0.00
  31                      1.00   0.00  0.00  0.00  1.00  0.00  0.00  0.00  0.00  0.00
  33                      1.00   0.00  0.00  0.00  1.00  0.00  0.00  0.00  0.00  0.00
  35                      1.00   0.00  0.00  0.00  1.00  0.00  0.00  0.00  0.00  0.00
  43                      1.00   0.00  0.07  0.00  0.90  0.03  0.00  0.00  0.67  0.00
  45                      1.00   0.00  0.00  0.00  0.89  0.11  0.00  0.00  0.00  0.00
  47                      1.00   0.00  0.00  0.00  1.00  0.00  0.00  0.00  0.00  0.00
  49                      1.00   0.00  0.00  0.00  1.00  0.00  0.00  0.00  0.00  0.00
  51                      1.00   0.00  0.00  0.00  1.00  0.00  0.00  0.00  0.00  0.00
  53                      1.00   0.00  0.00  0.00  1.00  0.00  0.00  0.00  0.00  0.00
  55                      1.00   0.00  0.00  0.00  1.00  0.00  0.00  0.00  0.00  0.00
  57                      1.00   0.00  0.00  0.00  0.77  0.23  0.00  0.00  0.00  0.00
  59                      1.00   0.00  0.03  0.00  0.93  0.04  0.00  0.00  0.70  0.00
  
  
  *************************
  Conduit Surcharge Summary
  *************************
  
  ----------------------------------------------------------------------------
                                                           Hours        Hours 
                         --------- Hours Full --------   Above Full   Capacity
  Conduit                Both Ends  Upstream  Dnstream   Normal Flow   Limited
  ----------------------------------------------------------------------------
  11                         22.61     22.61     22.97      0.23         2.61
  13                         22.98     22.98     23.00      8.36         9.55
  17                         21.69     21.69     22.91      0.01         0.46
  19                         22.61     22.61     22.96      0.01         0.02
  21                         22.96     22.97     22.98      0.43         2.91
  23                         22.99     23.00     22.99     23.00        22.99
  25                         21.50     22.99     21.51      1.30         0.01
  31                         22.98     22.98     22.99      0.01         0.09
  33                         22.99     22.99     23.00     22.99        22.94
  35                         22.91     22.99     22.92      0.05         0.01
  43                          7.03      7.03     22.99      8.34         7.02
  45                         18.92     23.00     18.92     14.92        10.31
  47                         22.95     22.96     22.95     10.48        10.68
  49                         22.94     22.95     22.96     11.54        11.07
  51                         22.94     22.96     22.96     13.90        12.31
  53                         22.96     22.96     22.98     11.75        11.45
  55                         23.00     23.00     23.00      0.01         0.01
  57                         17.13     23.00     17.13     22.95        15.94
  59                          6.91      6.91     22.99      7.79         6.89
  
  
  ***************
  Pumping Summary
  ***************
  
  ---------------------------------------------------------------------------------------------------------
                                                  Min       Avg       Max     Total     Power    % Time Off
                        Percent   Number of      Flow      Flow      Flow    Volume     Usage    Pump Curve
  Pump                 Utilized   Start-Ups       CFS       CFS       CFS  10^6 gal     Kw-hr    Low   High
  ---------------------------------------------------------------------------------------------------------
  5000                    32.34         396      0.00      6.51     21.00     1.423     44.99    0.0    0.0
  5002                    77.99          44      0.00      2.00     21.00     0.968     50.42    0.0    0.0
  5004                    30.54         762      0.00      8.18     21.00     1.545     47.38    0.0    0.1
  5006                    29.96         868      0.00     11.43     21.00     2.133     57.29    0.0    0.0
  5008                    30.54         762      0.00      8.18     21.00     1.545     47.38    0.0    0.1
  5010                    29.96         868      0.00     11.43     21.00     2.133     57.29    0.0    0.0
  

  Analysis begun on:  Tue Aug  5 10:04:40 2025
  Analysis ended on:  Tue Aug  5 10:04:41 2025
  Total elapsed time: 00:00:01