
  EPA STORM WATER MANAGEMENT MODEL - VERSION 5.2 (Build 5.2.4)
  ------------------------------------------------------------

  
  ERROR 211: invalid number P-50 at line 89 of [INLET] section:
  CombInlet1        Curb         P-50       2.0     2.0    4.0         0.1           0.0       ON_GRADE

  
  ERROR 205: invalid keyword 0.0 at line 93 of [INLET_USAGE] section:
  C1       CombInlet1   J2          1        0.0       0.0      0.0              0.0 0.0

  
  ERROR 205: invalid keyword 0.0 at line 94 of [INLET_USAGE] section:
  C2       CombInlet1   J3          1        0.0       0.0      0.0              0.0 0.0

  
  ERROR 205: invalid keyword 0.0 at line 95 of [INLET_USAGE] section:
  C3       CombInlet1   J4          1        0.0       0.0      0.0              0.0 0.0

  
  ERROR 205: invalid keyword 0.0 at line 96 of [INLET_USAGE] section:
  C4       CombInlet1   J5          1        0.0       0.0      0.0              0.0 0.0

  
  ERROR 205: invalid keyword 0.0 at line 97 of [INLET_USAGE] section:
  C5       CombInlet1   J7          1        0.0       0.0      0.0              0.0 0.0

  
  ERROR 205: invalid keyword 0.0 at line 98 of [INLET_USAGE] section:
  C6       CombInlet1   J8          1        0.0       0.0      0.0              0.0 0.0

  
  ERROR 205: invalid keyword 0.0 at line 99 of [INLET_USAGE] section:
  C7       CombInlet1   J9          1        0.0       0.0      0.0              0.0 0.0

  
  ERROR 209: undefined object CombInlet at line 100 of [INLET_USAGE] section:
  C8       CombInlet 1  J10         1        0.0       0.0      0.0              0.0 0.0

  
  ERROR 209: undefined object NONE at line 104 of [INFLOW] section:
  J1     FLOW         Inflow1      FLOW  1.0      1.0      0.0       NONE

  
  ERROR 209: undefined object NONE at line 105 of [INFLOW] section:
  J6     FLOW         Inflow2      FLOW  1.0      1.0      0.0       NONE

  
  ERROR 209: undefined object NONE at line 106 of [INFLOW] section:
  J7     FLOW         Inflow2      FLOW  1.0      1.0      0.0       NONE

  
  ERROR 209: undefined object NONE at line 107 of [INFLOW] section:
  J8     FLOW         Inflow2      FLOW  1.0      1.0      0.0       NONE

  
  ERROR 209: undefined object NONE at line 108 of [INFLOW] section:
  J9     FLOW         Inflow2      FLOW  1.0      1.0      0.0       NONE

  
  ERROR 205: invalid keyword INLETS at line 124 of [REPORT] section:
  INLETS     ALL


  Analysis begun on:  Tue Aug  5 10:04:41 2025
  Analysis ended on:  Tue Aug  5 10:04:41 2025
  Total elapsed time: < 1 sec