
  EPA STORM WATER MANAGEMENT MODEL - VERSION 5.2 (Build 5.2.4)
  ------------------------------------------------------------

  
  *************
  Element Count
  *************
  Number of rain gages ...... 1
  Number of subcatchments ... 17
  Number of nodes ........... 28
  Number of links ........... 27
  Number of pollutants ...... 0
  Number of land uses ....... 0
  
  
  ****************
  Raingage Summary
  ****************
                                                      Data       Recording
  Name                 Data Source                    Type       Interval 
  ------------------------------------------------------------------------
  RAINGAGE             TIMESERI-5                     CUMULATIVE  10 min.
  
  
  ********************
  Subcatchment Summary
  ********************
  Name                       Area     Width   %Imperv    %Slope Rain Gage            Outlet              
  -----------------------------------------------------------------------------------------------------------
  1                         15.22    835.00      0.00    2.0000 RAINGAGE             AS-DKN9             
  10                        15.64    730.00      0.00    2.0000 RAINGAGE             AS-DKN1             
  11                         0.93    326.00      0.00    2.0000 RAINGAGE             AS-AG14             
  12                         2.24    411.00      0.00    2.0000 RAINGAGE             AS-AG12             
  13                         4.52    872.00      0.00    2.0000 RAINGAGE             AS-AG11             
  14                         3.04    785.00      0.00    2.0000 RAINGAGE             AS-AG10             
  15                         0.75    430.00      0.00    2.0000 RAINGAGE             AS-AG9              
  16                         3.24    654.00      0.00    2.0000 RAINGAGE             AS-AG8              
  17                         1.57    335.00      0.00    2.0000 RAINGAGE             AS-AG7              
  18                         1.50    294.00      0.00    2.0000 RAINGAGE             AS-AG6              
  2                          4.21    520.00      0.00    2.0000 RAINGAGE             AS-DKN9             
  3                         15.43    903.00      0.00    2.0000 RAINGAGE             AS-DKN8             
  4                          3.67    356.00      0.00    2.0000 RAINGAGE             AS-DKN7             
  5                          5.58    721.00      0.00    2.0000 RAINGAGE             AS-DKN6             
  6                          3.92    432.00      0.00    2.0000 RAINGAGE             AS-DKN5             
  7                          4.21    540.00      0.00    2.0000 RAINGAGE             AS-DKN4             
  8                          2.67    966.00      0.00    2.0000 RAINGAGE             AS-DKN3             
  
  
  ************
  Node Summary
  ************
                                           Invert      Max.    Ponded    External
  Name                 Type                 Elev.     Depth      Area    Inflow  
  -------------------------------------------------------------------------------
  OUTFALL              OUTFALL              -5.83      0.00       0.0
  AS-2                 STORAGE              -5.84     19.03       0.0
  AS-AG10              STORAGE              -3.88     16.40       0.0
  AS-AG11              STORAGE              -3.79     12.87       0.0
  AS-AG12              STORAGE              -3.56     11.87       0.0
  AS-AG13              STORAGE              -3.52     11.07       0.0
  AS-AG14              STORAGE              -1.12     11.17       0.0    Yes
  AS-AG1A              STORAGE              -5.59     16.53       0.0    Yes
  AS-AG1B              STORAGE              -5.62     16.54       0.0
  AS-AG1C              STORAGE              -5.66     16.68       0.0
  AS-AG2               STORAGE              -5.41     16.42       0.0
  AS-AG3               STORAGE              -5.24     14.15       0.0
  AS-AG4               STORAGE              -4.98     11.80       0.0
  AS-AG5               STORAGE              -4.82     12.14       0.0    Yes
  AS-AG6               STORAGE              -4.70     12.00       0.0    Yes
  AS-AG7               STORAGE              -4.54     12.72       0.0
  AS-AG8               STORAGE              -4.29     13.37       0.0
  AS-AG9               STORAGE              -4.02     17.02       0.0
  AS-DKN1              STORAGE              -2.23     11.36       0.0
  AS-DKN1A             STORAGE              -1.89     11.19       0.0
  AS-DKN2              STORAGE              -1.84     11.17       0.0
  AS-DKN3              STORAGE              -1.47     12.89       0.0
  AS-DKN4              STORAGE              -1.15     14.75       0.0    Yes
  AS-DKN5              STORAGE              -0.72     16.83       0.0
  AS-DKN6              STORAGE              -0.38     19.76       0.0
  AS-DKN7              STORAGE               0.01     23.77       0.0
  AS-DKN8              STORAGE               0.45     24.95       0.0
  AS-DKN9              STORAGE               0.78     25.18       0.0
  
  
  ************
  Link Summary
  ************
  Name             From Node        To Node          Type            Length    %Slope Roughness
  ---------------------------------------------------------------------------------------------
  1                AS-DKN9          AS-DKN8          CONDUIT          413.0    0.0799    0.0150
  10               AS-AG13          AS-AG12          CONDUIT           90.8    0.0441    0.0150
  11               AS-AG12          AS-AG11          CONDUIT          409.0    0.0562    0.0150
  12               AS-AG11          AS-AG10          CONDUIT          170.0    0.0553    0.0150
  13               AS-AG10          AS-AG9           CONDUIT          284.0    0.0479    0.0150
  14               AS-AG9           AS-AG8           CONDUIT          516.0    0.0516    0.0150
  15               AS-AG8           AS-AG7           CONDUIT          535.0    0.0482    0.0150
  16               AS-AG7           AS-AG6           CONDUIT          303.0    0.0498    0.0150
  17               AS-AG6           AS-AG5           CONDUIT          254.0    0.0500    0.0150
  18               AS-AG5           AS-AG4           CONDUIT          312.0    0.0500    0.0150
  19               AS-AG4           AS-AG3           CONDUIT          525.0    0.0499    0.0150
  2                AS-DKN8          AS-DKN7          CONDUIT          545.0    0.0798    0.0150
  20               AS-AG3           AS-AG2           CONDUIT          357.0    0.0476    0.0150
  21               AS-AG2           AS-AG1A          CONDUIT          347.4    0.0518    0.0150
  22               AS-AG1A          AS-AG1B          CONDUIT           58.8    0.0510    0.0150
  29               AS-DKN2          AS-DKN1A         CONDUIT           66.0    0.0757    0.0150
  3                AS-DKN7          AS-DKN6          CONDUIT          500.0    0.0790    0.0150
  30               AS-AG1C          AS-2             CONDUIT          348.8    0.0516    0.0150
  31               AS-AG1B          AS-AG1C          CONDUIT           78.0    0.0513    0.0150
  32               AS-AG14          AS-AG13          CONDUIT          313.6    0.0510    0.0150
  4                AS-DKN6          AS-DKN5          CONDUIT          423.0    0.0804    0.0150
  5                AS-DKN5          AS-DKN4          CONDUIT          530.0    0.0811    0.0150
  6                AS-DKN4          AS-DKN3          CONDUIT          405.3    0.0790    0.0150
  7                AS-DKN3          AS-DKN2          CONDUIT          454.7    0.0814    0.0150
  8                AS-DKN1A         AS-DKN1          CONDUIT          427.3    0.0796    0.0150
  9                AS-DKN1          AS-AG10          CONDUIT          565.9    0.0795    0.0150
  ORIFICE          AS-2             OUTFALL          ORIFICE     
  
  
  *********************
  Cross Section Summary
  *********************
                                        Full     Full     Hyd.     Max.   No. of     Full
  Conduit          Shape               Depth     Area     Rad.    Width  Barrels     Flow
  ---------------------------------------------------------------------------------------
  1                CIRCULAR             2.40     4.52     0.60     2.40        1     6.07
  10               CIRCULAR             1.60     2.01     0.40     1.60        1     1.53
  11               CIRCULAR             2.40     4.52     0.60     2.40        1     5.09
  12               CIRCULAR             2.40     4.52     0.60     2.40        1     5.05
  13               CIRCULAR             2.40     4.52     0.60     2.40        1     4.70
  14               CIRCULAR             2.40     4.52     0.60     2.40        1     4.87
  15               CIRCULAR             2.40     4.52     0.60     2.40        1     4.71
  16               CIRCULAR             2.40     4.52     0.60     2.40        1     4.79
  17               CIRCULAR             2.40     4.52     0.60     2.40        1     4.80
  18               CIRCULAR             2.40     4.52     0.60     2.40        1     4.80
  19               CIRCULAR             2.40     4.52     0.60     2.40        1     4.79
  2                CIRCULAR             2.40     4.52     0.60     2.40        1     6.06
  20               CIRCULAR             2.40     4.52     0.60     2.40        1     4.68
  21               CIRCULAR             2.40     4.52     0.60     2.40        1     4.88
  22               CIRCULAR             2.40     4.52     0.60     2.40        1     4.85
  29               CIRCULAR             2.40     4.52     0.60     2.40        1     5.91
  3                CIRCULAR             2.40     4.52     0.60     2.40        1     6.03
  30               CIRCULAR             2.40     4.52     0.60     2.40        1     4.87
  31               CIRCULAR             2.40     4.52     0.60     2.40        1     4.86
  32               CIRCULAR             1.60     2.01     0.40     1.60        1     1.64
  4                CIRCULAR             2.40     4.52     0.60     2.40        1     6.08
  5                CIRCULAR             2.40     4.52     0.60     2.40        1     6.11
  6                CIRCULAR             2.40     4.52     0.60     2.40        1     6.03
  7                CIRCULAR             2.40     4.52     0.60     2.40        1     6.12
  8                CIRCULAR             2.40     4.52     0.60     2.40        1     6.05
  9                CIRCULAR             2.40     4.52     0.60     2.40        1     6.05
  
  
  ****************
  Analysis Options
  ****************
  Flow Units ............... CMS
  Process Models:
    Rainfall/Runoff ........ YES
    RDII ................... NO
    Snowmelt ............... NO
    Groundwater ............ NO
    Flow Routing ........... YES
    Ponding Allowed ........ NO
    Water Quality .......... NO
  Infiltration Method ...... CURVE_NUMBER
  Flow Routing Method ...... DYNWAVE
  Surcharge Method ......... EXTRAN
  Starting Date ............ 08/05/2011 00:00:00
  Ending Date .............. 08/07/2011 00:00:00
  Antecedent Dry Days ...... 0.0
  Report Time Step ......... 00:05:00
  Wet Time Step ............ 00:05:00
  Dry Time Step ............ 00:05:00
  Routing Time Step ........ 5.00 sec
  Variable Time Step ....... YES
  Maximum Trials ........... 8
  Number of Threads ........ 1
  Head Tolerance ........... 0.001524 m
  
  
  *********************
  Control Actions Taken
  *********************

  
  **************************        Volume         Depth
  Runoff Quantity Continuity     hectare-m            mm
  **************************     ---------       -------
  Total Precipitation ......         3.052        34.560
  Evaporation Loss .........         0.000         0.000
  Infiltration Loss ........         3.007        34.045
  Surface Runoff ...........         0.045         0.515
  Final Storage ............         0.000         0.000
  Continuity Error (%) .....         0.000
  
  
  **************************        Volume        Volume
  Flow Routing Continuity        hectare-m      10^6 ltr
  **************************     ---------     ---------
  Dry Weather Inflow .......         0.000         0.000
  Wet Weather Inflow .......         0.045         0.455
  Groundwater Inflow .......         0.000         0.000
  RDII Inflow ..............         0.000         0.000
  External Inflow ..........        15.850       158.497
  External Outflow .........        15.639       156.389
  Flooding Loss ............         0.000         0.000
  Evaporation Loss .........         0.000         0.000
  Exfiltration Loss ........         0.000         0.000
  Initial Stored Volume ....         0.000         0.000
  Final Stored Volume ......         0.249         2.490
  Continuity Error (%) .....         0.046
  
  
  *************************
  Highest Continuity Errors
  *************************
  Node AS-DKN5 (2.49%)
  Node AS-DKN7 (1.63%)
  
  
  ***************************
  Time-Step Critical Elements
  ***************************
  None
  
  
  ********************************
  Highest Flow Instability Indexes
  ********************************
  All links are stable.
  
  
  *********************************
  Most Frequent Nonconverging Nodes
  *********************************
  Convergence obtained at all time steps.
  
  
  *************************
  Routing Time Step Summary
  *************************
  Minimum Time Step           :     1.03 sec
  Average Time Step           :     4.97 sec
  Maximum Time Step           :     5.00 sec
  % of Time in Steady State   :     0.00
  Average Iterations per Step :     2.00
  % of Steps Not Converging   :     0.00
  Time Step Frequencies       :
      5.000 -  3.155 sec      :    99.24 %
      3.155 -  1.991 sec      :     0.47 %
      1.991 -  1.256 sec      :     0.26 %
      1.256 -  0.792 sec      :     0.03 %
      0.792 -  0.500 sec      :     0.00 %
  
  
  ***************************
  Subcatchment Runoff Summary
  ***************************
  
  ------------------------------------------------------------------------------------------------------------------------------
                            Total      Total      Total      Total     Imperv       Perv      Total       Total     Peak  Runoff
                           Precip      Runon       Evap      Infil     Runoff     Runoff     Runoff      Runoff   Runoff   Coeff
  Subcatchment                 mm         mm         mm         mm         mm         mm         mm    10^6 ltr      CMS
  ------------------------------------------------------------------------------------------------------------------------------
  1                         34.56       0.00       0.00      34.05       0.00       0.51       0.51        0.08     0.05   0.015
  10                        34.56       0.00       0.00      34.05       0.00       0.51       0.51        0.08     0.05   0.015
  11                        34.56       0.00       0.00      34.05       0.00       0.51       0.51        0.00     0.00   0.015
  12                        34.56       0.00       0.00      34.05       0.00       0.51       0.51        0.01     0.01   0.015
  13                        34.56       0.00       0.00      34.05       0.00       0.51       0.51        0.02     0.02   0.015
  14                        34.56       0.00       0.00      34.05       0.00       0.51       0.51        0.02     0.01   0.015
  15                        34.56       0.00       0.00      34.05       0.00       0.51       0.51        0.00     0.00   0.015
  16                        34.56       0.00       0.00      34.05       0.00       0.51       0.51        0.02     0.01   0.015
  17                        34.56       0.00       0.00      34.05       0.00       0.51       0.51        0.01     0.01   0.015
  18                        34.56       0.00       0.00      34.05       0.00       0.51       0.51        0.01     0.01   0.015
  2                         34.56       0.00       0.00      34.05       0.00       0.51       0.51        0.02     0.01   0.015
  3                         34.56       0.00       0.00      34.05       0.00       0.51       0.51        0.08     0.05   0.015
  4                         34.56       0.00       0.00      34.05       0.00       0.51       0.51        0.02     0.01   0.015
  5                         34.56       0.00       0.00      34.05       0.00       0.51       0.51        0.03     0.02   0.015
  6                         34.56       0.00       0.00      34.05       0.00       0.51       0.51        0.02     0.01   0.015
  7                         34.56       0.00       0.00      34.05       0.00       0.51       0.51        0.02     0.01   0.015
  8                         34.56       0.00       0.00      34.05       0.00       0.51       0.51        0.01     0.01   0.015
  
  
  ******************
  Node Depth Summary
  ******************
  
  ---------------------------------------------------------------------------------
                                 Average  Maximum  Maximum  Time of Max    Reported
                                   Depth    Depth      HGL   Occurrence   Max Depth
  Node                 Type       Meters   Meters   Meters  days hr:min      Meters
  ---------------------------------------------------------------------------------
  OUTFALL              OUTFALL      0.00     0.00    -5.83     0  00:00        0.00
  AS-2                 STORAGE      1.28     3.97    -1.87     0  05:56        3.97
  AS-AG10              STORAGE      0.59     2.39    -1.50     0  05:59        2.39
  AS-AG11              STORAGE      0.56     2.30    -1.49     0  05:58        2.30
  AS-AG12              STORAGE      0.51     2.07    -1.49     0  05:59        2.07
  AS-AG13              STORAGE      0.53     2.05    -1.47     0  05:59        2.05
  AS-AG14              STORAGE      0.42     0.83    -0.29     0  02:10        0.83
  AS-AG1A              STORAGE      1.17     3.77    -1.82     0  05:55        3.77
  AS-AG1B              STORAGE      1.18     3.80    -1.82     0  05:55        3.80
  AS-AG1C              STORAGE      1.19     3.83    -1.83     0  05:55        3.83
  AS-AG2               STORAGE      1.12     3.63    -1.78     0  05:55        3.63
  AS-AG3               STORAGE      1.09     3.51    -1.73     0  05:54        3.51
  AS-AG4               STORAGE      1.03     3.31    -1.67     0  05:53        3.31
  AS-AG5               STORAGE      1.00     3.19    -1.64     0  05:52        3.19
  AS-AG6               STORAGE      0.98     3.09    -1.61     0  05:51        3.09
  AS-AG7               STORAGE      0.84     2.96    -1.59     0  05:53        2.96
  AS-AG8               STORAGE      0.68     2.73    -1.55     0  05:55        2.73
  AS-AG9               STORAGE      0.61     2.50    -1.52     0  05:58        2.50
  AS-DKN1              STORAGE      0.16     0.79    -1.44     0  06:02        0.79
  AS-DKN1A             STORAGE      0.13     0.61    -1.28     0  01:15        0.61
  AS-DKN2              STORAGE      0.13     0.61    -1.23     0  02:05        0.61
  AS-DKN3              STORAGE      0.13     0.60    -0.87     0  01:59        0.60
  AS-DKN4              STORAGE      0.13     0.61    -0.54     0  01:53        0.61
  AS-DKN5              STORAGE      0.03     0.18    -0.54     0  01:46        0.18
  AS-DKN6              STORAGE      0.01     0.13    -0.25     0  01:55        0.13
  AS-DKN7              STORAGE      0.01     0.14     0.16     0  01:32        0.14
  AS-DKN8              STORAGE      0.01     0.17     0.62     0  01:06        0.17
  AS-DKN9              STORAGE      0.00     0.15     0.93     0  00:52        0.15
  
  
  *******************
  Node Inflow Summary
  *******************
  
  -------------------------------------------------------------------------------------------------
                                  Maximum  Maximum                  Lateral       Total        Flow
                                  Lateral    Total  Time of Max      Inflow      Inflow     Balance
                                   Inflow   Inflow   Occurrence      Volume      Volume       Error
  Node                 Type           CMS      CMS  days hr:min    10^6 ltr    10^6 ltr     Percent
  -------------------------------------------------------------------------------------------------
  OUTFALL              OUTFALL      0.000    2.336     0  05:56           0         156       0.000
  AS-2                 STORAGE      0.000    2.337     0  05:46           0         157       0.105
  AS-AG10              STORAGE      0.010    1.804     0  02:20      0.0156        72.8      -0.002
  AS-AG11              STORAGE      0.016    0.983     0  06:03      0.0232        45.2       0.171
  AS-AG12              STORAGE      0.008    0.980     0  06:00      0.0115        45.2       0.088
  AS-AG13              STORAGE      0.000    0.980     0  02:11           0        45.2       0.016
  AS-AG14              STORAGE      0.980    0.980     0  02:00        45.3        45.3       0.174
  AS-AG1A              STORAGE      0.000    2.369     0  05:04           0         157       0.102
  AS-AG1B              STORAGE      0.000    2.349     0  05:29           0         157       0.032
  AS-AG1C              STORAGE      0.000    2.345     0  05:33           0         157       0.095
  AS-AG2               STORAGE      0.000    2.422     0  02:05           0         157       0.159
  AS-AG3               STORAGE      0.000    2.730     0  02:05           0         158       0.208
  AS-AG4               STORAGE      0.000    2.904     0  02:09           0         158       0.183
  AS-AG5               STORAGE      0.240    2.994     0  02:11         3.2         158       0.127
  AS-AG6               STORAGE      1.491    2.998     0  02:13        82.6         156       0.114
  AS-AG7               STORAGE      0.005    1.803     0  06:15     0.00807        73.3       0.247
  AS-AG8               STORAGE      0.011    1.799     0  06:14      0.0167        72.9       0.206
  AS-AG9               STORAGE      0.003    1.797     0  06:05     0.00386        72.8       0.133
  AS-DKN1              STORAGE      0.054    0.849     0  02:07      0.0805        27.8       0.499
  AS-DKN1A             STORAGE      0.000    0.842     0  02:02           0        27.7      -0.064
  AS-DKN2              STORAGE      0.000    0.843     0  01:59           0        27.7       0.063
  AS-DKN3              STORAGE      0.009    0.844     0  01:54      0.0137        27.7      -0.003
  AS-DKN4              STORAGE      0.823    0.849     0  01:28        27.4        27.7      -0.081
  AS-DKN5              STORAGE      0.014    0.094     0  00:50      0.0202       0.311       2.553
  AS-DKN6              STORAGE      0.019    0.039     0  01:40      0.0287       0.228      -0.897
  AS-DKN7              STORAGE      0.013    0.045     0  01:13      0.0189       0.203       1.655
  AS-DKN8              STORAGE      0.053    0.086     0  00:50      0.0794       0.182      -0.821
  AS-DKN9              STORAGE      0.067    0.067     0  00:50         0.1         0.1      -2.786
  
  
  **********************
  Node Surcharge Summary
  **********************
  
  No nodes were surcharged.
  
  
  *********************
  Node Flooding Summary
  *********************
  
  No nodes were flooded.
  
  
  **********************
  Storage Volume Summary
  **********************
  
  ------------------------------------------------------------------------------------------------
                         Average    Avg   Evap  Exfil     Maximum    Max    Time of Max    Maximum
                          Volume   Pcnt   Pcnt   Pcnt      Volume   Pcnt     Occurrence    Outflow
  Storage Unit           1000 m³   Full   Loss   Loss     1000 m³   Full    days hr:min        CMS
  ------------------------------------------------------------------------------------------------
  AS-2                     0.020    3.9    0.0    0.0       0.083   16.4       0  05:56      2.336
  AS-AG10                  0.014    1.3    0.0    0.0       0.094    9.0       0  05:59      1.797
  AS-AG11                  0.005    1.6    0.0    0.0       0.036   10.9       0  05:58      0.986
  AS-AG12                  0.004    1.4    0.0    0.0       0.030    9.9       0  05:59      0.983
  AS-AG13                  0.004    1.6    0.0    0.0       0.030   10.5       0  05:59      0.980
  AS-AG14                  0.003    1.0    0.0    0.0       0.010    3.4       0  02:10      0.980
  AS-AG1A                  0.017    4.0    0.0    0.0       0.078   17.9       0  05:55      2.349
  AS-AG1B                  0.017    4.0    0.0    0.0       0.078   18.0       0  05:55      2.345
  AS-AG1C                  0.018    4.0    0.0    0.0       0.079   18.0       0  05:55      2.337
  AS-AG2                   0.016    3.7    0.0    0.0       0.074   17.1       0  05:55      2.369
  AS-AG3                   0.015    4.1    0.0    0.0       0.070   19.1       0  05:54      2.422
  AS-AG4                   0.014    4.5    0.0    0.0       0.065   21.4       0  05:53      2.730
  AS-AG5                   0.031    4.1    0.0    0.0       0.148   19.6       0  05:52      2.904
  AS-AG6                   0.012    4.0    0.0    0.0       0.058   19.0       0  05:51      2.943
  AS-AG7                   0.010    3.0    0.0    0.0       0.055   16.7       0  05:53      1.807
  AS-AG8                   0.008    2.2    0.0    0.0       0.049   14.0       0  05:55      1.803
  AS-AG9                   0.006    1.4    0.0    0.0       0.042    9.4       0  05:58      1.799
  AS-DKN1                  0.001    0.4    0.0    0.0       0.009    3.0       0  06:02      0.868
  AS-DKN1A                 0.001    0.3    0.0    0.0       0.005    1.8       0  01:15      0.842
  AS-DKN2                  0.001    0.4    0.0    0.0       0.005    1.8       0  02:05      0.842
  AS-DKN3                  0.001    0.3    0.0    0.0       0.005    1.5       0  01:59      0.843
  AS-DKN4                  0.001    0.3    0.0    0.0       0.005    1.3       0  01:53      0.842
  AS-DKN5                  0.000    0.0    0.0    0.0       0.001    0.1       0  01:46      0.038
  AS-DKN6                  0.000    0.0    0.0    0.0       0.000    0.0       0  01:55      0.035
  AS-DKN7                  0.000    0.0    0.0    0.0       0.000    0.0       0  01:32      0.036
  AS-DKN8                  0.000    0.0    0.0    0.0       0.000    0.1       0  01:06      0.043
  AS-DKN9                  0.000    0.0    0.0    0.0       0.001    0.0       0  00:52      0.045
  
  
  ***********************
  Outfall Loading Summary
  ***********************
  
  -----------------------------------------------------------
                         Flow       Avg       Max       Total
                         Freq      Flow      Flow      Volume
  Outfall Node           Pcnt       CMS       CMS    10^6 ltr
  -----------------------------------------------------------
  OUTFALL               98.11     0.928     2.336     156.388
  -----------------------------------------------------------
  System                98.11     0.928     2.336     156.388
  
  
  ********************
  Link Flow Summary
  ********************
  
  -----------------------------------------------------------------------------
                                 Maximum  Time of Max   Maximum    Max/    Max/
                                  |Flow|   Occurrence   |Veloc|    Full    Full
  Link                 Type          CMS  days hr:min     m/sec    Flow   Depth
  -----------------------------------------------------------------------------
  1                    CONDUIT     0.045     0  00:54      0.40    0.01    0.06
  10                   CONDUIT     0.980     0  06:00      1.08    0.64    1.00
  11                   CONDUIT     0.983     0  06:03      0.82    0.19    0.91
  12                   CONDUIT     0.986     0  06:04      0.72    0.20    0.98
  13                   CONDUIT     1.797     0  06:05      1.00    0.38    1.00
  14                   CONDUIT     1.799     0  06:14      0.94    0.37    1.00
  15                   CONDUIT     1.803     0  06:15      0.76    0.38    1.00
  16                   CONDUIT     1.807     0  06:13      0.64    0.38    1.00
  17                   CONDUIT     2.943     0  02:10      1.15    0.61    1.00
  18                   CONDUIT     2.904     0  02:09      1.15    0.61    1.00
  19                   CONDUIT     2.730     0  02:05      1.13    0.57    1.00
  2                    CONDUIT     0.043     0  01:15      0.40    0.01    0.06
  20                   CONDUIT     2.422     0  02:05      1.07    0.52    1.00
  21                   CONDUIT     2.369     0  05:04      0.96    0.49    1.00
  22                   CONDUIT     2.349     0  05:29      0.87    0.48    1.00
  29                   CONDUIT     0.842     0  02:02      1.14    0.14    0.25
  3                    CONDUIT     0.036     0  01:40      0.37    0.01    0.06
  30                   CONDUIT     2.337     0  05:46      0.82    0.48    1.00
  31                   CONDUIT     2.345     0  05:33      0.94    0.48    1.00
  32                   CONDUIT     0.980     0  02:11      1.25    0.60    0.41
  4                    CONDUIT     0.035     0  01:55      0.28    0.01    0.06
  5                    CONDUIT     0.076     0  00:50      0.21    0.01    0.16
  6                    CONDUIT     0.842     0  01:54      0.96    0.14    0.25
  7                    CONDUIT     0.843     0  01:59      0.97    0.14    0.25
  8                    CONDUIT     0.842     0  02:06      1.06    0.14    0.29
  9                    CONDUIT     0.868     0  04:18      1.11    0.14    0.41
  ORIFICE              ORIFICE     2.336     0  05:56                      1.00
  
  
  ***************************
  Flow Classification Summary
  ***************************
  
  -------------------------------------------------------------------------------------
                      Adjusted    ---------- Fraction of Time in Flow Class ---------- 
                       /Actual         Up    Down  Sub   Sup   Up    Down  Norm  Inlet 
  Conduit               Length    Dry  Dry   Dry   Crit  Crit  Crit  Crit  Ltd   Ctrl  
  -------------------------------------------------------------------------------------
  1                       1.00   0.87  0.03  0.00  0.10  0.00  0.00  0.00  0.98  0.00
  10                      1.00   0.00  0.00  0.00  1.00  0.00  0.00  0.00  0.00  0.00
  11                      1.00   0.00  0.00  0.00  1.00  0.00  0.00  0.00  0.73  0.00
  12                      1.00   0.00  0.00  0.00  1.00  0.00  0.00  0.00  0.00  0.00
  13                      1.00   0.00  0.00  0.00  1.00  0.00  0.00  0.00  0.02  0.00
  14                      1.00   0.00  0.00  0.00  1.00  0.00  0.00  0.00  0.72  0.00
  15                      1.00   0.00  0.00  0.00  1.00  0.00  0.00  0.00  0.70  0.00
  16                      1.00   0.00  0.00  0.00  1.00  0.00  0.00  0.00  0.00  0.00
  17                      1.00   0.00  0.00  0.00  1.00  0.00  0.00  0.00  0.00  0.00
  18                      1.00   0.00  0.00  0.00  1.00  0.00  0.00  0.00  0.00  0.00
  19                      1.00   0.00  0.00  0.00  1.00  0.00  0.00  0.00  0.67  0.00
  2                       1.00   0.84  0.03  0.00  0.13  0.00  0.00  0.00  0.97  0.00
  20                      1.00   0.00  0.00  0.00  1.00  0.00  0.00  0.00  0.00  0.00
  21                      1.00   0.00  0.00  0.00  1.00  0.00  0.00  0.00  0.00  0.00
  22                      1.00   0.00  0.00  0.00  1.00  0.00  0.00  0.00  0.00  0.00
  29                      1.00   0.59  0.08  0.00  0.33  0.00  0.00  0.00  0.75  0.00
  3                       1.00   0.75  0.09  0.00  0.16  0.00  0.00  0.00  0.98  0.00
  30                      1.00   0.00  0.00  0.00  1.00  0.00  0.00  0.00  0.01  0.00
  31                      1.00   0.00  0.00  0.00  1.00  0.00  0.00  0.00  0.00  0.00
  32                      1.00   0.00  0.00  0.00  0.00  0.00  0.00  1.00  0.00  0.00
  4                       1.00   0.70  0.05  0.00  0.25  0.00  0.00  0.00  0.98  0.00
  5                       1.00   0.69  0.02  0.00  0.30  0.00  0.00  0.00  0.81  0.00
  6                       1.00   0.67  0.01  0.00  0.31  0.00  0.00  0.00  0.80  0.00
  7                       1.00   0.67  0.00  0.00  0.33  0.00  0.00  0.00  0.98  0.00
  8                       1.00   0.00  0.59  0.00  0.40  0.00  0.00  0.00  0.95  0.00
  9                       1.00   0.00  0.00  0.00  0.15  0.00  0.00  0.85  0.04  0.00
  
  
  *************************
  Conduit Surcharge Summary
  *************************
  
  ----------------------------------------------------------------------------
                                                           Hours        Hours 
                         --------- Hours Full --------   Above Full   Capacity
  Conduit                Both Ends  Upstream  Dnstream   Normal Flow   Limited
  ----------------------------------------------------------------------------
  10                          4.58      4.58      4.77      0.01         0.01
  13                          0.01      0.01      2.23      0.01         0.01
  14                          2.23      2.23      4.06      0.01         0.01
  15                          4.06      4.06      5.55      0.01         0.01
  16                          5.55      5.55      6.34      0.01         0.01
  17                          6.34      6.34      6.84      0.01         0.01
  18                          6.84      6.84      7.39      0.01         0.01
  19                          7.39      7.39      8.25      0.01         0.01
  20                          8.25      8.25      8.78      0.01         0.01
  21                          8.78      8.78      9.30      0.01         0.01
  22                          9.30      9.30      9.38      0.01         0.01
  30                          9.50      9.50     10.01      0.01         0.01
  31                          9.38      9.38      9.50      0.01         0.01
  

  Analysis begun on:  Tue Aug  5 10:07:13 2025
  Analysis ended on:  Tue Aug  5 10:07:14 2025
  Total elapsed time: 00:00:01