
  EPA STORM WATER MANAGEMENT MODEL - VERSION 5.2 (Build 5.2.4)
  ------------------------------------------------------------

  
  ****************
  Analysis Options
  ****************
  Flow Units ............... CMS
  Process Models:
    Rainfall/Runoff ........ YES
    RDII ................... YES
    Snowmelt ............... YES
    Groundwater ............ NO
    Flow Routing ........... YES
    Ponding Allowed ........ YES
    Water Quality .......... NO
  Flow Routing Method ...... DYNWAVE
  Surcharge Method ......... EXTRAN
  Starting Date ............ 05/23/2012 00:00:00
  Ending Date .............. 05/30/2012 23:50:00
  Antecedent Dry Days ...... 0.0
  Report Time Step ......... 00:10:00
  Routing Time Step ........ 10.00 sec
  Variable Time Step ....... YES
  Maximum Trials ........... 4
  Number of Threads ........ 1
  Head Tolerance ........... 0.005000 m
  
  
  *********************
  Control Actions Taken
  *********************
   05/23/2012: 00:00:00 Link ORI-13 setting changed to   0.00 by Control INNOVYZE-INIT-STATUS-0
   05/25/2012: 00:00:07 Link ORI-11 setting changed to   0.00 by Control RULE-11
   05/25/2012: 00:00:07 Link ORI-13 setting changed to   1.00 by Control RULE-13

  
  **************************        Volume        Volume
  Flow Routing Continuity        hectare-m      10^6 ltr
  **************************     ---------     ---------
  Dry Weather Inflow .......        19.998       199.980
  Wet Weather Inflow .......         0.000         0.000
  Groundwater Inflow .......         0.000         0.000
  RDII Inflow ..............         0.000         0.000
  External Inflow ..........         4.303        43.026
  External Outflow .........        10.939       109.392
  Flooding Loss ............        11.960       119.605
  Evaporation Loss .........         0.000         0.000
  Exfiltration Loss ........         0.000         0.000
  Initial Stored Volume ....         0.004         0.038
  Final Stored Volume ......         1.300        12.998
  Continuity Error (%) .....         0.431
  
  
  *************************
  Highest Continuity Errors
  *************************
  Node JCT-14 (-2.62%)
  
  
  ***************************
  Time-Step Critical Elements
  ***************************
  None
  
  
  ********************************
  Highest Flow Instability Indexes
  ********************************
  All links are stable.
  
  
  *********************************
  Most Frequent Nonconverging Nodes
  *********************************
  Node CREEK (2.59%)
  Node CREEK2 (2.59%)
  Node JCT-14 (2.59%)
  Node JCT-12 (0.01%)
  
  
  *************************
  Routing Time Step Summary
  *************************
  Minimum Time Step           :     1.50 sec
  Average Time Step           :     9.96 sec
  Maximum Time Step           :    10.00 sec
  % of Time in Steady State   :     0.00
  Average Iterations per Step :     2.40
  % of Steps Not Converging   :     2.59
  Time Step Frequencies       :
     10.000 -  5.493 sec      :    99.61 %
      5.493 -  3.017 sec      :     0.25 %
      3.017 -  1.657 sec      :     0.12 %
      1.657 -  0.910 sec      :     0.01 %
      0.910 -  0.500 sec      :     0.00 %
  
  
  ******************
  Node Depth Summary
  ******************
  
  ---------------------------------------------------------------------------------
                                 Average  Maximum  Maximum  Time of Max    Reported
                                   Depth    Depth      HGL   Occurrence   Max Depth
  Node                 Type       Meters   Meters   Meters  days hr:min      Meters
  ---------------------------------------------------------------------------------
  JCT-12               JUNCTION     0.96     3.37   424.57     2  12:40        3.37
  JCT-14               JUNCTION     1.04     3.44   424.64     2  12:40        3.44
  CREEK                OUTFALL      1.83     4.19   424.57     2  12:40        4.19
  CREEK2               OUTFALL      1.83     4.19   424.57     2  12:40        4.19
  DAM2                 STORAGE      0.98     3.50   424.70     2  10:39        3.50
  
  
  *******************
  Node Inflow Summary
  *******************
  
  -------------------------------------------------------------------------------------------------
                                  Maximum  Maximum                  Lateral       Total        Flow
                                  Lateral    Total  Time of Max      Inflow      Inflow     Balance
                                   Inflow   Inflow   Occurrence      Volume      Volume       Error
  Node                 Type           CMS      CMS  days hr:min    10^6 ltr    10^6 ltr     Percent
  -------------------------------------------------------------------------------------------------
  JCT-12               JUNCTION     0.000    0.143     2  00:00           0        14.6       0.065
  JCT-14               JUNCTION     0.000    1.196     2  02:30           0         138      -2.549
  CREEK                OUTFALL      0.000    0.143     2  00:00           0        14.6       0.000
  CREEK2               OUTFALL      0.000    1.196     2  02:30           0         138       0.000
  DAM2                 STORAGE      4.630    5.511     2  07:00         200         247       1.931
  
  
  **********************
  Node Surcharge Summary
  **********************
  
  Surcharging occurs when water rises above the top of the highest conduit.
  ---------------------------------------------------------------------
                                               Max. Height   Min. Depth
                                   Hours       Above Crown    Below Rim
  Node                 Type      Surcharged         Meters       Meters
  ---------------------------------------------------------------------
  JCT-12               JUNCTION      174.82          2.995        0.130
  JCT-14               JUNCTION       55.28          2.540        0.055
  
  
  *********************
  Node Flooding Summary
  *********************
  
  Flooding refers to all water that overflows a node, whether it ponds or not.
  --------------------------------------------------------------------------
                                                             Total   Maximum
                                 Maximum   Time of Max       Flood    Ponded
                        Hours       Rate    Occurrence      Volume     Depth
  Node                 Flooded       CMS   days hr:min    10^6 ltr    Meters
  --------------------------------------------------------------------------
  DAM2                    8.35     4.195      2  12:41     119.605     0.000
  
  
  **********************
  Storage Volume Summary
  **********************
  
  ------------------------------------------------------------------------------------------------
                         Average    Avg   Evap  Exfil     Maximum    Max    Time of Max    Maximum
                          Volume   Pcnt   Pcnt   Pcnt      Volume   Pcnt     Occurrence    Outflow
  Storage Unit           1000 m³   Full   Loss   Loss     1000 m³   Full    days hr:min        CMS
  ------------------------------------------------------------------------------------------------
  DAM2                    23.839   24.6    0.0    0.0      96.918  100.0       2  10:39      1.072
  
  
  ***********************
  Outfall Loading Summary
  ***********************
  
  -----------------------------------------------------------
                         Flow       Avg       Max       Total
                         Freq      Flow      Flow      Volume
  Outfall Node           Pcnt       CMS       CMS    10^6 ltr
  -----------------------------------------------------------
  CREEK                 53.09     0.040     0.143      14.589
  CREEK2                96.23     0.207     1.196     137.828
  -----------------------------------------------------------
  System                74.66     0.247     1.196     152.417
  
  
  ********************
  Link Flow Summary
  ********************
  
  -----------------------------------------------------------------------------
                                 Maximum  Time of Max   Maximum    Max/    Max/
                                  |Flow|   Occurrence   |Veloc|    Full    Full
  Link                 Type          CMS  days hr:min     m/sec    Flow   Depth
  -----------------------------------------------------------------------------
  CDT-15               CONDUIT     1.196     2  02:30      1.86    0.56    1.00
  EXISTING300          CONDUIT     0.143     2  00:00      1.30    0.70    1.00
  ORI-11               ORIFICE     0.143     2  00:00                      1.00
  ORI-13               ORIFICE     1.195     2  02:30                      1.00
  
  
  ***************************
  Flow Classification Summary
  ***************************
  
  -------------------------------------------------------------------------------------
                      Adjusted    ---------- Fraction of Time in Flow Class ---------- 
                       /Actual         Up    Down  Sub   Sup   Up    Down  Norm  Inlet 
  Conduit               Length    Dry  Dry   Dry   Crit  Crit  Crit  Crit  Ltd   Ctrl  
  -------------------------------------------------------------------------------------
  CDT-15                  1.00   0.00  0.00  0.00  1.00  0.00  0.00  0.00  0.00  0.00
  EXISTING300             1.00   0.00  0.00  0.00  1.00  0.00  0.00  0.00  0.00  0.00
  
  
  *************************
  Conduit Surcharge Summary
  *************************
  
  ----------------------------------------------------------------------------
                                                           Hours        Hours 
                         --------- Hours Full --------   Above Full   Capacity
  Conduit                Both Ends  Upstream  Dnstream   Normal Flow   Limited
  ----------------------------------------------------------------------------
  CDT-15                     55.22     55.22    191.83      0.01         0.01
  EXISTING300               174.55    174.55    191.83      0.01         0.01
  

  Analysis begun on:  Tue Aug  5 10:07:16 2025
  Analysis ended on:  Tue Aug  5 10:07:16 2025
  Total elapsed time: < 1 sec