
  EPA STORM WATER MANAGEMENT MODEL - VERSION 5.2 (Build 5.2.4)
  ------------------------------------------------------------

              DUKE UNIVERSITY- WEST CAMPUS 
              Continuous Simulation 
  
  ****************
  Analysis Options
  ****************
  Flow Units ............... CFS
  Process Models:
    Rainfall/Runoff ........ YES
    RDII ................... NO
    Snowmelt ............... NO
    Groundwater ............ NO
    Flow Routing ........... YES
    Ponding Allowed ........ NO
    Water Quality .......... YES
  Infiltration Method ...... HORTON
  Flow Routing Method ...... KINWAVE
  Starting Date ............ 01/01/2000 00:00:00
  Ending Date .............. 12/31/2000 23:55:00
  Antecedent Dry Days ...... 0.0
  Report Time Step ......... 01:00:00
  Wet Time Step ............ 00:15:00
  Dry Time Step ............ 02:00:00
  Routing Time Step ........ 300.00 sec
  
  
  *********************
  Rainfall File Summary
  *********************
  Station    First        Last         Recording   Periods    Periods    Periods
  ID         Date         Date         Frequency  w/Precip    Missing    Malfunc.
  -------------------------------------------------------------------------------
  
  
  ERROR 317: cannot open rainfall data file D:\SWMMandSoftware\SWMM5.013_June2018\EPASWMM5.1.013\Swmm5.1.013UpdateTests\DataFiles\rdu.dat.

  Analysis begun on:  Tue Aug  5 10:54:34 2025
  Analysis ended on:  Tue Aug  5 10:54:34 2025
  Total elapsed time: < 1 sec