
  EPA STORM WATER MANAGEMENT MODEL - VERSION 5.2 (Build 5.2.4)
  ------------------------------------------------------------

   SW 1 0 9A1 'BROWARD COUNTY Multi FAMILY SITE - Runoff example # 47'A2 'RUNO 
  
  *************
  Element Count
  *************
  Number of rain gages ...... 1
  Number of subcatchments ... 4
  Number of nodes ........... 5
  Number of links ........... 4
  Number of pollutants ...... 5
  Number of land uses ....... 1
  
  
  *****************
  Pollutant Summary
  *****************
                               Ppt.      GW         Kdecay
  Name                 Units   Concen.   Concen.    1/days    CoPollutant
  -----------------------------------------------------------------------
  COD                   MG/L      5.00      0.00      0.00
  TOT.SOL               MG/L      5.00      0.00      0.00
  TOT.NIT               MG/L      0.30      0.00      0.00
  TSS                   MG/L      5.00      0.00      0.00
  O-PO4-P               MG/L      0.00      0.00      0.00
  
  
  ***************
  Landuse Summary
  ***************
                         Sweeping   Maximum      Last
  Name                   Interval   Removal     Swept
  ---------------------------------------------------
  HOUSING                    0.00      0.00      0.00
  
  
  ****************
  Raingage Summary
  ****************
                                                      Data       Recording
  Name                 Data Source                    Type       Interval 
  ------------------------------------------------------------------------
  GAGE1                RainSeries1                    INTENSITY    5 min.
  
  
  ********************
  Subcatchment Summary
  ********************
  Name                       Area     Width   %Imperv    %Slope Rain Gage            Outlet              
  -----------------------------------------------------------------------------------------------------------
  CA-1                       5.00    600.00     39.00    2.7000 GAGE1                P001                
  CA-7                       1.60    200.00     48.60    2.7000 GAGE1                P005                
  CA-8                       4.57    500.00     46.70    2.7000 GAGE1                P009                
  CA-11                      3.58    600.00     47.00    2.7000 GAGE1                P011                


  *******************
  LID Control Summary
  *******************
                                   No. of        Unit        Unit      % Area    % Imperv      % Perv
  Subcatchment     LID Control      Units        Area       Width     Covered     Treated     Treated
  ---------------------------------------------------------------------------------------------------
  CA-11            BioRetention         1   155944.80      100.00      100.00      100.00        0.00
  
  
  ************
  Node Summary
  ************
                                           Invert      Max.    Ponded    External
  Name                 Type                 Elev.     Depth      Area    Inflow  
  -------------------------------------------------------------------------------
  P001                 JUNCTION              1.10     20.00       0.0
  P005                 JUNCTION              1.58     20.00       0.0
  P009                 JUNCTION              3.60     20.00       0.0
  P011                 JUNCTION              2.89     20.00       0.0
  Outlet               OUTFALL               0.00      4.00       0.0
  
  
  ************
  Link Summary
  ************
  Name             From Node        To Node          Type            Length    %Slope Roughness
  ---------------------------------------------------------------------------------------------
  P001             P001             Outlet           CONDUIT          220.0    0.5000    0.0150
  P005             P005             P001             CONDUIT          240.0    0.2000    0.0150
  P009             P009             P005             CONDUIT          505.0    0.4000    0.0240
  P011             P011             P005             CONDUIT          655.0    0.2000    0.0240
  
  
  *********************
  Cross Section Summary
  *********************
                                        Full     Full     Hyd.     Max.   No. of     Full
  Conduit          Shape               Depth     Area     Rad.    Width  Barrels     Flow
  ---------------------------------------------------------------------------------------
  P001             CIRCULAR             4.00    12.57     1.00     4.00        1    88.03
  P005             CIRCULAR             3.00     7.07     0.75     3.00        1    25.85
  P009             CIRCULAR             2.25     3.98     0.56     2.25        1    10.61
  P011             CIRCULAR             2.50     4.91     0.62     2.50        1     9.94
  
  
  ****************
  Analysis Options
  ****************
  Flow Units ............... CFS
  Process Models:
    Rainfall/Runoff ........ YES
    RDII ................... NO
    Snowmelt ............... NO
    Groundwater ............ NO
    Flow Routing ........... YES
    Ponding Allowed ........ NO
    Water Quality .......... YES
  Infiltration Method ...... GREEN_AMPT
  Flow Routing Method ...... DYNWAVE
  Surcharge Method ......... EXTRAN
  Starting Date ............ 07/15/1977 06:30:00
  Ending Date .............. 07/15/1977 22:00:00
  Antecedent Dry Days ...... 7.0
  Report Time Step ......... 00:01:00
  Wet Time Step ............ 00:05:00
  Dry Time Step ............ 00:05:00
  Routing Time Step ........ 30.00 sec
  Variable Time Step ....... YES
  Maximum Trials ........... 8
  Number of Threads ........ 1
  Head Tolerance ........... 0.005000 ft
  
  
  **************************        Volume         Depth
  Runoff Quantity Continuity     acre-feet        inches
  **************************     ---------       -------
  Initial LID Storage ......         0.716         0.583
  Total Precipitation ......         3.330         2.711
  Evaporation Loss .........         0.343         0.280
  Infiltration Loss ........         0.934         0.760
  Surface Runoff ...........         1.474         1.200
  Final Storage ............         1.330         1.083
  Continuity Error (%) .....        -0.867
  
  
  **************************           COD       TOT.SOL       TOT.NIT           TSS       O-PO4-P
  Runoff Quality Continuity            lbs           lbs           lbs           lbs           lbs
  **************************    ----------    ----------    ----------    ----------    ----------
  Initial Buildup ..........      5056.849     13379.165       125.370     13379.165       103.603
  Surface Buildup ..........       472.405      1194.276        10.228      1194.276         8.045
  Wet Deposition ...........        45.253        45.253         2.715        45.253         0.018
  Sweeping Removal .........         0.000         0.000         0.000         0.000         0.000
  Infiltration Loss ........        12.690        12.690         0.761        12.690         0.005
  BMP Removal ..............         0.378         0.378         0.023         0.378         0.000
  Surface Runoff ...........      3780.283     10167.911        55.388     10167.911        65.807
  Remaining Buildup ........      1768.943      4425.501        81.408      4425.501        45.850
  Continuity Error (%) .....         0.219         0.084         0.530         0.084         0.004
  
  
  **************************        Volume        Volume
  Flow Routing Continuity        acre-feet      10^6 gal
  **************************     ---------     ---------
  Dry Weather Inflow .......         0.000         0.000
  Wet Weather Inflow .......         1.470         0.479
  Groundwater Inflow .......         0.000         0.000
  RDII Inflow ..............         0.000         0.000
  External Inflow ..........         0.000         0.000
  External Outflow .........         1.469         0.479
  Flooding Loss ............         0.000         0.000
  Evaporation Loss .........         0.000         0.000
  Exfiltration Loss ........         0.000         0.000
  Initial Stored Volume ....         0.000         0.000
  Final Stored Volume ......         0.000         0.000
  Continuity Error (%) .....         0.061
  
  
  **************************           COD       TOT.SOL       TOT.NIT           TSS       O-PO4-P
  Quality Routing Continuity           lbs           lbs           lbs           lbs           lbs
  **************************    ----------    ----------    ----------    ----------    ----------
  Dry Weather Inflow .......         0.000         0.000         0.000         0.000         0.000
  Wet Weather Inflow .......      3754.617     10017.471        55.156      9964.135        65.456
  Groundwater Inflow .......         0.000         0.000         0.000         0.000         0.000
  RDII Inflow ..............         0.000         0.000         0.000         0.000         0.000
  External Inflow ..........         0.000         0.000         0.000         0.000         0.000
  External Outflow .........      3794.000     10191.795        55.436     10145.242        65.976
  Flooding Loss ............         0.000         0.000         0.000         0.000         0.000
  Exfiltration Loss ........         0.000         0.000         0.000         0.000         0.000
  Mass Reacted .............         0.000         0.000         0.000         0.000         0.000
  Initial Stored Mass ......         0.000         0.000         0.000         0.000         0.000
  Final Stored Mass ........         0.238         4.579         0.002         7.668         0.003
  Continuity Error (%) .....        -1.055        -1.786        -0.512        -1.895        -0.799
  
  
  ***************************
  Time-Step Critical Elements
  ***************************
  Link P001 (19.28%)
  
  
  ********************************
  Highest Flow Instability Indexes
  ********************************
  All links are stable.
  
  
  *********************************
  Most Frequent Nonconverging Nodes
  *********************************
  Convergence obtained at all time steps.
  
  
  *************************
  Routing Time Step Summary
  *************************
  Minimum Time Step           :    13.83 sec
  Average Time Step           :    28.10 sec
  Maximum Time Step           :    30.00 sec
  % of Time in Steady State   :     0.00
  Average Iterations per Step :     2.01
  % of Steps Not Converging   :     0.00
  Time Step Frequencies       :
     30.000 - 13.228 sec      :   100.00 %
     13.228 -  5.833 sec      :     0.00 %
      5.833 -  2.572 sec      :     0.00 %
      2.572 -  1.134 sec      :     0.00 %
      1.134 -  0.500 sec      :     0.00 %
  
  
  ***************************
  Subcatchment Runoff Summary
  ***************************
  
  ------------------------------------------------------------------------------------------------------------------------------
                            Total      Total      Total      Total     Imperv       Perv      Total       Total     Peak  Runoff
                           Precip      Runon       Evap      Infil     Runoff     Runoff     Runoff      Runoff   Runoff   Coeff
  Subcatchment                 in         in         in         in         in         in         in    10^6 gal      CFS
  ------------------------------------------------------------------------------------------------------------------------------
  CA-1                       2.71       0.00       0.16       1.09       1.02       0.47       1.49        0.20    11.86   0.551
  CA-7                       2.71       0.00       0.16       0.90       1.27       0.42       1.69        0.07     4.52   0.623
  CA-8                       2.71       0.00       0.16       0.95       1.22       0.42       1.64        0.20    12.25   0.603
  CA-11                      2.71       0.00       0.64       0.00       0.00       0.00       0.02        0.00     0.07   0.006
  

  ***********************
  LID Performance Summary
  ***********************

  --------------------------------------------------------------------------------------------------------------------
                                         Total      Evap     Infil   Surface    Drain    Initial     Final  Continuity
                                        Inflow      Loss      Loss   Outflow   Outflow   Storage   Storage       Error
  Subcatchment      LID Control             in        in        in        in        in        in        in           %
  --------------------------------------------------------------------------------------------------------------------
  CA-11             BioRetention          2.71      0.64      0.00      0.02      0.00      2.40      4.46       -0.07
  
  ****************************
  Subcatchment Washoff Summary
  ****************************
  
  ------------------------------------------------------------------------------------------
                                 COD       TOT.SOL       TOT.NIT           TSS       O-PO4-P
  Subcatchment                   lbs           lbs           lbs           lbs           lbs
  ------------------------------------------------------------------------------------------
  CA-1                      1676.908      4552.887        23.348      4552.887        28.341
  CA-7                       547.639      1456.661         8.560      1456.661         9.896
  CA-8                      1555.725      4158.352        23.480      4158.352        27.570
  CA-11                        0.010         0.010         0.001         0.010         0.000
  ------------------------------------------------------------------------------------------
  System                    3780.283     10167.911        55.388     10167.911        65.807
  
  
  ******************
  Node Depth Summary
  ******************
  
  ---------------------------------------------------------------------------------
                                 Average  Maximum  Maximum  Time of Max    Reported
                                   Depth    Depth      HGL   Occurrence   Max Depth
  Node                 Type         Feet     Feet     Feet  days hr:min        Feet
  ---------------------------------------------------------------------------------
  P001                 JUNCTION     0.18     1.46     2.56     0  02:22        1.46
  P005                 JUNCTION     0.20     1.59     3.17     0  02:22        1.59
  P009                 JUNCTION     0.20     2.10     5.70     0  02:21        2.09
  P011                 JUNCTION     0.02     0.31     3.20     0  02:25        0.31
  Outlet               OUTFALL      0.17     1.46     1.46     0  02:22        1.46
  
  
  *******************
  Node Inflow Summary
  *******************
  
  -------------------------------------------------------------------------------------------------
                                  Maximum  Maximum                  Lateral       Total        Flow
                                  Lateral    Total  Time of Max      Inflow      Inflow     Balance
                                   Inflow   Inflow   Occurrence      Volume      Volume       Error
  Node                 Type           CFS      CFS  days hr:min    10^6 gal    10^6 gal     Percent
  -------------------------------------------------------------------------------------------------
  P001                 JUNCTION     11.86    25.06     0  02:21       0.202       0.478      -0.061
  P005                 JUNCTION      4.52    15.91     0  02:21      0.0731       0.278       0.323
  P009                 JUNCTION     12.25    12.25     0  02:20       0.202       0.202      -0.287
  P011                 JUNCTION      0.07     0.76     0  02:22     0.00153     0.00288      10.431
  Outlet               OUTFALL       0.00    25.01     0  02:22           0       0.479       0.000
  
  
  **********************
  Node Surcharge Summary
  **********************
  
  No nodes were surcharged.
  
  
  *********************
  Node Flooding Summary
  *********************
  
  No nodes were flooded.
  
  
  ***********************
  Outfall Loading Summary
  ***********************
  
  ---------------------------------------------------------------------------------------------------------------------------------
                         Flow       Avg       Max       Total         Total         Total         Total         Total         Total
                         Freq      Flow      Flow      Volume           COD       TOT.SOL       TOT.NIT           TSS       O-PO4-P
  Outfall Node           Pcnt       CFS       CFS    10^6 gal           lbs           lbs           lbs           lbs           lbs
  ---------------------------------------------------------------------------------------------------------------------------------
  Outlet                40.63      4.45     25.01       0.479      3797.813     10218.091        55.450     10189.523        66.014
  ---------------------------------------------------------------------------------------------------------------------------------
  System                40.63      4.45     25.01       0.479      3797.813     10218.091        55.450     10189.523        66.014
  
  
  ********************
  Link Flow Summary
  ********************
  
  -----------------------------------------------------------------------------
                                 Maximum  Time of Max   Maximum    Max/    Max/
                                  |Flow|   Occurrence   |Veloc|    Full    Full
  Link                 Type          CFS  days hr:min    ft/sec    Flow   Depth
  -----------------------------------------------------------------------------
  P001                 CONDUIT     25.01     0  02:22      6.03    0.28    0.36
  P005                 CONDUIT     14.48     0  02:22      4.03    0.56    0.51
  P009                 CONDUIT     11.63     0  02:21      3.36    1.10    0.81
  P011                 CONDUIT      0.76     0  02:22      0.50    0.08    0.37
  
  
  ***************************
  Flow Classification Summary
  ***************************
  
  -------------------------------------------------------------------------------------
                      Adjusted    ---------- Fraction of Time in Flow Class ---------- 
                       /Actual         Up    Down  Sub   Sup   Up    Down  Norm  Inlet 
  Conduit               Length    Dry  Dry   Dry   Crit  Crit  Crit  Crit  Ltd   Ctrl  
  -------------------------------------------------------------------------------------
  P001                    1.00   0.01  0.00  0.00  0.81  0.18  0.00  0.00  0.00  0.00
  P005                    1.00   0.01  0.00  0.00  0.99  0.00  0.00  0.00  0.72  0.00
  P009                    1.00   0.01  0.63  0.00  0.36  0.00  0.00  0.00  0.92  0.00
  P011                    1.00   0.01  0.14  0.00  0.85  0.00  0.00  0.00  0.84  0.00
  
  
  *************************
  Conduit Surcharge Summary
  *************************
  
  ----------------------------------------------------------------------------
                                                           Hours        Hours 
                         --------- Hours Full --------   Above Full   Capacity
  Conduit                Both Ends  Upstream  Dnstream   Normal Flow   Limited
  ----------------------------------------------------------------------------
  P009                        0.01      0.01      0.01      0.06         0.01
  
  
  ***************************
  Link Pollutant Load Summary
  ***************************
  
  ------------------------------------------------------------------------------------------
                                 COD       TOT.SOL       TOT.NIT           TSS       O-PO4-P
  Link                           lbs           lbs           lbs           lbs           lbs
  ------------------------------------------------------------------------------------------
  P001                      3797.813     1.022e+04        55.450     1.019e+04        66.014
  P005                      2086.781      5349.197        31.928      5109.576        37.299
  P009                      1668.419      5039.187        24.321      5395.193        29.077
  P011                        11.902         0.058         0.232         0.058         0.297
  

  Analysis begun on:  Tue Aug  5 10:55:16 2025
  Analysis ended on:  Tue Aug  5 10:55:16 2025
  Total elapsed time: < 1 sec