
  EPA STORM WATER MANAGEMENT MODEL - VERSION 5.2 (Build 5.2.4)
  ------------------------------------------------------------

  
  *************
  Element Count
  *************
  Number of rain gages ...... 1
  Number of subcatchments ... 4
  Number of nodes ........... 13
  Number of links ........... 11
  Number of pollutants ...... 0
  Number of land uses ....... 0
  
  
  ****************
  Raingage Summary
  ****************
                                                      Data       Recording
  Name                 Data Source                    Type       Interval 
  ------------------------------------------------------------------------
  Weather_Station_10424981 Chicago_100yr                  INTENSITY   10 min.
  
  
  ********************
  Subcatchment Summary
  ********************
  Name                       Area     Width   %Imperv    %Slope Rain Gage            Outlet              
  -----------------------------------------------------------------------------------------------------------
  A185                      10.15    599.00     70.00    1.5000 Weather_Station_10424981 400295              
  A186                       6.16    555.00     70.00    1.5000 Weather_Station_10424981 379776              
  A187                      22.08   1259.00     70.00    1.5000 Weather_Station_10424981 379585              
  A188                      13.59    536.00     70.00    1.5000 Weather_Station_10424981 389253              
  
  
  ************
  Node Summary
  ************
                                           Invert      Max.    Ponded    External
  Name                 Type                 Elev.     Depth      Area    Inflow  
  -------------------------------------------------------------------------------
  379585               JUNCTION           2317.09     10.00       0.0
  379754               JUNCTION           2316.86     10.00       0.0
  379776               JUNCTION           2316.93     10.00       0.0
  379778               JUNCTION           2315.35     10.00       0.0
  389231               JUNCTION           2318.90     10.00       0.0
  389232               JUNCTION           2316.54     10.00       0.0
  389235               JUNCTION           2311.43     10.00       0.0
  389253               JUNCTION           2334.88     10.00       0.0
  400295               JUNCTION           2317.65     10.00       0.0
  400577               JUNCTION           2316.86     10.00       0.0
  400583               JUNCTION           2310.20     10.00       0.0
  379782               OUTFALL            2311.35      0.00       0.0
  Silverberry_4        STORAGE            2309.71     15.09       0.0
  
  
  ************
  Link Summary
  ************
  Name             From Node        To Node          Type            Length    %Slope Roughness
  ---------------------------------------------------------------------------------------------
  379755           379585           379754           CONDUIT          114.8    0.2000    0.0150
  379780           379776           379778           CONDUIT          170.6    0.9229    0.0150
  389238           389231           389232           CONDUIT          173.4    1.3603    0.0150
  389240           389232           389235           CONDUIT           98.1    5.2111    0.0150
  389256           389253           389231           CONDUIT           48.1   35.2090    0.0150
  400581           400295           400577           CONDUIT          134.4    0.5859    0.0150
  400584           400577           400583           CONDUIT          426.5    1.5617    0.0150
  FAKE_400583      400583           Silverberry_4    CONDUIT            0.1    3.4881    0.0150
  FAKE_379778      379778           Silverberry_4    CONDUIT            0.1    4.4093    0.0150
  FAKE_389235      389235           Silverberry_4    CONDUIT            0.1    3.8037    0.0150
  FAKE_379754      379754           Silverberry_4    CONDUIT            0.1    3.5933    0.0150
  
  
  *********************
  Cross Section Summary
  *********************
                                        Full     Full     Hyd.     Max.   No. of     Full
  Conduit          Shape               Depth     Area     Rad.    Width  Barrels     Flow
  ---------------------------------------------------------------------------------------
  379755           CIRCULAR             5.41    23.02     1.35     5.41        1   124.76
  379780           CIRCULAR             1.48     1.71     0.37     1.48        1     8.38
  389238           CIRCULAR             2.21     3.85     0.55     2.21        1    30.01
  389240           CIRCULAR             2.21     3.85     0.55     2.21        1    58.73
  389256           CIRCULAR             0.98     0.76     0.25     0.98        1    17.56
  400581           CIRCULAR             3.44     9.32     0.86     3.44        1    63.98
  400584           CIRCULAR             3.44     9.32     0.86     3.44        1   104.45
  FAKE_400583      CIRCULAR             3.44     9.32     0.86     3.44        1   156.10
  FAKE_379778      CIRCULAR             1.48     1.71     0.37     1.48        1    18.32
  FAKE_389235      CIRCULAR             2.21     3.85     0.55     2.21        1    50.18
  FAKE_379754      CIRCULAR             5.41    23.02     1.35     5.41        1   528.82
  
  
  ****************
  Analysis Options
  ****************
  Flow Units ............... CFS
  Process Models:
    Rainfall/Runoff ........ YES
    RDII ................... NO
    Snowmelt ............... NO
    Groundwater ............ NO
    Flow Routing ........... YES
    Ponding Allowed ........ YES
    Water Quality .......... NO
  Infiltration Method ...... HORTON
  Flow Routing Method ...... DYNWAVE
  Surcharge Method ......... EXTRAN
  Starting Date ............ 05/22/2014 14:00:00
  Ending Date .............. 05/24/2014 06:00:00
  Antecedent Dry Days ...... 0.0
  Report Time Step ......... 00:01:00
  Wet Time Step ............ 00:03:00
  Dry Time Step ............ 00:10:00
  Routing Time Step ........ 10.00 sec
  Variable Time Step ....... YES
  Maximum Trials ........... 8
  Number of Threads ........ 1
  Head Tolerance ........... 0.000100 ft
  
  
  **************************        Volume         Depth
  Runoff Quantity Continuity     acre-feet        inches
  **************************     ---------       -------
  Total Precipitation ......         1.959         0.452
  Evaporation Loss .........         0.000         0.000
  Infiltration Loss ........         0.588         0.136
  Surface Runoff ...........         1.258         0.290
  Final Storage ............         0.114         0.026
  Continuity Error (%) .....        -0.030
  
  
  **************************        Volume        Volume
  Flow Routing Continuity        acre-feet      10^6 gal
  **************************     ---------     ---------
  Dry Weather Inflow .......         0.000         0.000
  Wet Weather Inflow .......         1.258         0.410
  Groundwater Inflow .......         0.000         0.000
  RDII Inflow ..............         0.000         0.000
  External Inflow ..........         0.000         0.000
  External Outflow .........         0.000         0.000
  Flooding Loss ............         0.083         0.027
  Evaporation Loss .........         0.000         0.000
  Exfiltration Loss ........         0.000         0.000
  Initial Stored Volume ....         5.521         1.799
  Final Stored Volume ......         6.696         2.182
  Continuity Error (%) .....         0.010
  
  
  *************************
  Highest Continuity Errors
  *************************
  Node 400583 (10.75%)
  Node 400577 (2.08%)
  Node 389232 (1.14%)
  
  
  ***************************
  Time-Step Critical Elements
  ***************************
  Link 389256 (2.78%)
  
  
  ********************************
  Highest Flow Instability Indexes
  ********************************
  All links are stable.
  
  
  *********************************
  Most Frequent Nonconverging Nodes
  *********************************
  Node 379782 (0.87%)
  Node 389235 (0.72%)
  Node 400583 (0.36%)
  Node 379778 (0.13%)
  Node 400577 (0.10%)
  
  
  *************************
  Routing Time Step Summary
  *************************
  Minimum Time Step           :     2.71 sec
  Average Time Step           :     9.95 sec
  Maximum Time Step           :    10.00 sec
  % of Time in Steady State   :     0.00
  Average Iterations per Step :     2.21
  % of Steps Not Converging   :     0.87
  Time Step Frequencies       :
     10.000 -  5.493 sec      :    99.94 %
      5.493 -  3.017 sec      :     0.05 %
      3.017 -  1.657 sec      :     0.01 %
      1.657 -  0.910 sec      :     0.00 %
      0.910 -  0.500 sec      :     0.00 %
  
  
  ***************************
  Subcatchment Runoff Summary
  ***************************
  
  ------------------------------------------------------------------------------------------------------------------------------
                            Total      Total      Total      Total     Imperv       Perv      Total       Total     Peak  Runoff
                           Precip      Runon       Evap      Infil     Runoff     Runoff     Runoff      Runoff   Runoff   Coeff
  Subcatchment                 in         in         in         in         in         in         in    10^6 gal      CFS
  ------------------------------------------------------------------------------------------------------------------------------
  A185                       0.45       0.00       0.00       0.14       0.29       0.00       0.29        0.08     3.41   0.642
  A186                       0.45       0.00       0.00       0.14       0.29       0.00       0.29        0.05     2.26   0.642
  A187                       0.45       0.00       0.00       0.14       0.29       0.00       0.29        0.17     7.34   0.642
  A188                       0.45       0.00       0.00       0.14       0.29       0.00       0.29        0.11     4.00   0.642
  
  
  ******************
  Node Depth Summary
  ******************
  
  ---------------------------------------------------------------------------------
                                 Average  Maximum  Maximum  Time of Max    Reported
                                   Depth    Depth      HGL   Occurrence   Max Depth
  Node                 Type         Feet     Feet     Feet  days hr:min        Feet
  ---------------------------------------------------------------------------------
  379585               JUNCTION     0.14     0.78  2317.87     0  01:30        0.78
  379754               JUNCTION     0.33     0.46  2317.32     0  01:30        0.46
  379776               JUNCTION     0.27     0.62  2317.54     0  00:00        0.61
  379778               JUNCTION     1.84     4.94  2320.30     0  00:00        1.86
  389231               JUNCTION     0.04     0.57  2319.47     0  01:30        0.57
  389232               JUNCTION     0.65     0.77  2317.31     0  00:00        0.76
  389235               JUNCTION     5.76     5.78  2317.21     1  15:58        5.78
  389253               JUNCTION     0.02     0.32  2335.20     0  01:30        0.32
  400295               JUNCTION     0.03     0.68  2318.33     0  00:02        0.64
  400577               JUNCTION     0.34     1.28  2318.15     0  00:01        1.18
  400583               JUNCTION     6.99    10.00  2320.20     0  00:00        7.13
  379782               OUTFALL      0.00     0.00  2311.35     0  00:00        0.00
  Silverberry_4        STORAGE      7.48     7.50  2317.21     1  15:59        7.50
  
  
  *******************
  Node Inflow Summary
  *******************
  
  -------------------------------------------------------------------------------------------------
                                  Maximum  Maximum                  Lateral       Total        Flow
                                  Lateral    Total  Time of Max      Inflow      Inflow     Balance
                                   Inflow   Inflow   Occurrence      Volume      Volume       Error
  Node                 Type           CFS      CFS  days hr:min    10^6 gal    10^6 gal     Percent
  -------------------------------------------------------------------------------------------------
  379585               JUNCTION      7.34     7.34     0  01:30       0.174       0.174       0.019
  379754               JUNCTION      0.00     7.33     0  01:30           0       0.174       0.475
  379776               JUNCTION      2.26     3.63     0  00:00      0.0486      0.0492       0.510
  379778               JUNCTION      0.00    12.29     0  00:00           0      0.0506       0.997
  389231               JUNCTION      0.00     4.00     0  01:30           0       0.107      -0.035
  389232               JUNCTION      0.00     6.31     0  00:00           0        0.11       1.153
  389235               JUNCTION      0.00     5.57     0  00:00           0       0.111       0.062
  389253               JUNCTION      4.00     4.00     0  01:30       0.107       0.107       0.013
  400295               JUNCTION      3.41     3.41     0  01:30      0.0801      0.0809       0.166
  400577               JUNCTION      0.00    25.41     0  00:00           0      0.0891       2.120
  400583               JUNCTION      0.00   206.04     0  00:00           0       0.136      12.045
  379782               OUTFALL       0.00     0.00     0  00:00           0           0       0.000 gal
  Silverberry_4        STORAGE       0.00    16.92     0  01:30           0        2.22       0.025
  
  
  **********************
  Node Surcharge Summary
  **********************
  
  Surcharging occurs when water rises above the top of the highest conduit.
  ---------------------------------------------------------------------
                                               Max. Height   Min. Depth
                                   Hours       Above Crown    Below Rim
  Node                 Type      Surcharged           Feet         Feet
  ---------------------------------------------------------------------
  379778               JUNCTION       39.97          3.467        5.056
  389235               JUNCTION       40.00          3.562        4.224
  400583               JUNCTION       39.99          6.555        0.000
  
  
  *********************
  Node Flooding Summary
  *********************
  
  Flooding refers to all water that overflows a node, whether it ponds or not.
  --------------------------------------------------------------------------
                                                             Total   Maximum
                                 Maximum   Time of Max       Flood    Ponded
                        Hours       Rate    Occurrence      Volume     Depth
  Node                 Flooded       CFS   days hr:min    10^6 gal      Feet
  --------------------------------------------------------------------------
  400583                  0.01    204.04      0  00:00       0.023     0.000
  
  
  **********************
  Storage Volume Summary
  **********************
  
  ------------------------------------------------------------------------------------------------
                         Average    Avg   Evap  Exfil     Maximum    Max    Time of Max    Maximum
                          Volume   Pcnt   Pcnt   Pcnt      Volume   Pcnt     Occurrence    Outflow
  Storage Unit          1000 ft³   Full   Loss   Loss    1000 ft³   Full    days hr:min        CFS
  ------------------------------------------------------------------------------------------------
  Silverberry_4          285.740   10.7    0.0    0.0     289.014   10.8       1  15:59     222.39
  
  
  ***********************
  Outfall Loading Summary
  ***********************
  
  -----------------------------------------------------------
                         Flow       Avg       Max       Total
                         Freq      Flow      Flow      Volume
  Outfall Node           Pcnt       CFS       CFS    10^6 gal
  -----------------------------------------------------------
  379782                 0.00      0.00      0.00       0.000
  -----------------------------------------------------------
  System                 0.00      0.00      0.00       0.000
  
  
  ********************
  Link Flow Summary
  ********************
  
  -----------------------------------------------------------------------------
                                 Maximum  Time of Max   Maximum    Max/    Max/
                                  |Flow|   Occurrence   |Veloc|    Full    Full
  Link                 Type          CFS  days hr:min    ft/sec    Flow   Depth
  -----------------------------------------------------------------------------
  379755               CONDUIT      7.33     0  01:30      5.34    0.06    0.11
  379780               CONDUIT      3.63     0  00:00      3.42    0.43    0.68
  389238               CONDUIT      3.98     0  01:30      6.49    0.13    0.22
  389240               CONDUIT      6.31     0  00:00      2.95    0.11    0.67
  389256               CONDUIT      4.00     0  01:30     12.01    0.23    0.45
  400581               CONDUIT      3.40     0  01:30      4.28    0.05    0.27
  400584               CONDUIT     25.40     0  00:00      4.56    0.24    0.69
  FAKE_400583          CONDUIT    206.04     0  00:00     22.38    1.32    1.00
  FAKE_379778          CONDUIT     12.29     0  00:00      7.78    0.67    1.00
  FAKE_389235          CONDUIT      5.57     0  00:00      1.45    0.11    1.00
  FAKE_379754          CONDUIT      7.41     0  01:31      9.14    0.01    0.08
  
  
  ***************************
  Flow Classification Summary
  ***************************
  
  -------------------------------------------------------------------------------------
                      Adjusted    ---------- Fraction of Time in Flow Class ---------- 
                       /Actual         Up    Down  Sub   Sup   Up    Down  Norm  Inlet 
  Conduit               Length    Dry  Dry   Dry   Crit  Crit  Crit  Crit  Ltd   Ctrl  
  -------------------------------------------------------------------------------------
  379755                  1.00   0.00  0.00  0.00  0.97  0.03  0.00  0.00  0.04  0.00
  379780                  1.00   0.00  0.00  0.00  1.00  0.00  0.00  0.00  0.06  0.00
  389238                  1.00   0.00  0.00  0.00  0.98  0.02  0.00  0.00  0.99  0.00
  389240                  1.21   0.00  0.00  0.00  1.00  0.00  0.00  0.00  0.00  0.00
  389256                  2.98   0.00  0.00  0.00  0.01  0.99  0.00  0.00  0.99  0.00
  400581                  1.00   0.00  0.00  0.00  0.96  0.04  0.00  0.00  0.95  0.00
  400584                  1.00   0.00  0.00  0.00  1.00  0.00  0.00  0.00  0.05  0.00
  FAKE_400583           1364.01   0.00  0.00  0.00  1.00  0.00  0.00  0.00  0.00  0.00
  FAKE_379778           879.93   0.00  0.00  0.00  1.00  0.00  0.00  0.00  0.00  0.00
  FAKE_389235           1073.59   0.00  0.00  0.00  1.00  0.00  0.00  0.00  0.00  0.00
  FAKE_379754           1808.95   0.00  0.00  0.00  0.94  0.03  0.00  0.03  0.00  0.00
  
  
  *************************
  Conduit Surcharge Summary
  *************************
  
  ----------------------------------------------------------------------------
                                                           Hours        Hours 
                         --------- Hours Full --------   Above Full   Capacity
  Conduit                Both Ends  Upstream  Dnstream   Normal Flow   Limited
  ----------------------------------------------------------------------------
  379780                      0.01      0.01     39.97      0.01         0.01
  389240                      0.01      0.01     40.00      0.01         0.01
  400584                      0.01      0.01     39.99      0.01         0.01
  FAKE_400583                39.99     39.99     40.00      0.01         0.03
  FAKE_379778                39.97     39.97     40.00      0.01         0.09
  FAKE_389235                40.00     40.00     40.00      0.01         0.14
  

  Analysis begun on:  Tue Aug  5 10:58:28 2025
  Analysis ended on:  Tue Aug  5 10:58:28 2025
  Total elapsed time: < 1 sec