
  EPA STORM WATER MANAGEMENT MODEL - VERSION 5.2 (Build 5.2.4)
  ------------------------------------------------------------

  WARNING 09: time series interval greater than recording interval for Rain Gage Gage-All
  
  ****************
  Analysis Options
  ****************
  Flow Units ............... CFS
  Process Models:
    Rainfall/Runoff ........ YES
    RDII ................... NO
    Snowmelt ............... NO
    Groundwater ............ NO
    Flow Routing ........... NO
    Water Quality .......... NO
  Infiltration Method ...... HORTON
  Surcharge Method ......... EXTRAN
  Starting Date ............ 01/01/2009 00:00:00
  Ending Date .............. 03/30/2009 00:00:00
  Antecedent Dry Days ...... 0.0
  Report Time Step ......... 00:15:00
  Wet Time Step ............ 00:15:00
  Dry Time Step ............ 00:15:00
  
  
  **************************        Volume         Depth
  Runoff Quantity Continuity     acre-feet        inches
  **************************     ---------       -------
  Total Precipitation ......       106.083         1.000
  Evaporation Loss .........         0.000         0.000
  Infiltration Loss ........        90.444         0.853
  Surface Runoff ...........        16.807         0.158
  Final Storage ............         0.126         0.001
  Continuity Error (%) .....        -1.219
  
  
  **************************        Volume        Volume
  Flow Routing Continuity        acre-feet      10^6 gal
  **************************     ---------     ---------
  Dry Weather Inflow .......         0.000         0.000
  Wet Weather Inflow .......        16.807         5.477
  Groundwater Inflow .......         0.000         0.000
  RDII Inflow ..............         0.000         0.000
  External Inflow ..........         0.000         0.000
  External Outflow .........        16.807         5.477
  Flooding Loss ............         0.000         0.000
  Evaporation Loss .........         0.000         0.000
  Exfiltration Loss ........         0.000         0.000
  Initial Stored Volume ....         0.000         0.000
  Final Stored Volume ......         0.000         0.000
  Continuity Error (%) .....         0.000
  
  
  ***************************
  Subcatchment Runoff Summary
  ***************************
  
  ------------------------------------------------------------------------------------------------------------------------------
                            Total      Total      Total      Total     Imperv       Perv      Total       Total     Peak  Runoff
                           Precip      Runon       Evap      Infil     Runoff     Runoff     Runoff      Runoff   Runoff   Coeff
  Subcatchment                 in         in         in         in         in         in         in    10^6 gal      CFS
  ------------------------------------------------------------------------------------------------------------------------------
  Wat003-D                   1.00       0.00       0.00       0.91       0.05       0.10       0.10        0.04     1.08   0.097
  Wat004-D                   1.00       0.00       0.00       0.96       0.02       0.05       0.05        0.01     0.28   0.047
  Wat006-D                   1.00       0.00       0.00       0.97       0.05       0.03       0.03        0.01     0.33   0.032
  Wat008-D                   1.00       0.00       0.00       0.88       0.13       0.13       0.13        0.22     5.28   0.132
  Wat009-D                   1.00       0.00       0.00       0.90       0.18       0.11       0.11        1.56    26.97   0.107
  Wat010-D                   1.00       0.00       0.00       0.83       0.12       0.19       0.19        0.03     0.70   0.188
  Wat003-W                   1.00       0.00       0.00       0.69       0.05       0.31       0.31        0.12     2.22   0.312
  Wat004-W                   1.00       0.00       0.00       0.87       0.02       0.13       0.13        0.02     0.52   0.132
  Wat006-W                   1.00       0.00       0.00       0.91       0.05       0.09       0.09        0.03     0.62   0.093
  Wat008-W                   1.00       0.00       0.00       0.76       0.13       0.25       0.25        0.43     7.88   0.252
  Wat009-W                   1.00       0.00       0.00       0.81       0.18       0.20       0.20        2.96    38.08   0.203
  Wat010-W                   1.00       0.00       0.00       0.65       0.12       0.37       0.37        0.05     1.07   0.370
  

  Analysis begun on:  Tue Aug  5 10:58:29 2025
  Analysis ended on:  Tue Aug  5 10:58:30 2025
  Total elapsed time: 00:00:01