
======================================================================
SWMM5 Import to ICM InfoWorks (V2) - 2025-10-29 12:05:27 -0400
======================================================================
Database GUID: C36032B0-080D-497D-9504-9A7ADEBA846B
Import Mode: Single File
Files to process: 1
Cleanup empty label lists: true
Validate after import: true
======================================================================

======================================================================
BATCH IMPORT PROCESSING
======================================================================

======================================================================
[1/1] FILE: bug_item8_link_seepage.inp
======================================================================
Full path: C:\Users\dickinro\OneDrive - Autodesk\Documents\GitHub\1729-SWMM5-Models\OWA_EXTRAN\bug_item8_link_seepage.inp
Model group: bug_item8_link_seepage_20251029_1205

PHASE 1: Import SWMM5 file
  Model group created with ID: 392
  Importing: bug_item8_link_seepage.inp
  SUCCESS: Imported 6 objects
  Network statistics:
    Nodes: 10
    Links: 13
    Subcatchments: 0
  Network committed

  Cleaning up empty label lists...
    Found Label List: bug_item8_link_seepage
  WARNING: Error checking label list: no such field
      Has content - keeping
    No empty label lists found

  PHASE 2: Validation
    No validation warnings

  Import successful

======================================================================
BATCH IMPORT SUMMARY
======================================================================

Import Mode: Single File
Files processed: 1
Successful: 1
Failed: 0

Aggregate Statistics:
  Total nodes: 10
  Total links: 13
  Total subcatchments: 0

======================================================================
Batch import completed!
Log file: C:\Users\dickinro\OneDrive - Autodesk\Documents\GitHub\1729-SWMM5-Models\OWA_EXTRAN/ICM Import Log Files/SWMM5_Batch_Import_20251029_120527.log
======================================================================
