
======================================================================
SWMM5 Import to ICM InfoWorks (V2) - 2025-10-29 15:39:13 -0400
======================================================================
Database GUID: CF4976F1-E477-4199-9E21-3F2A6A383318
Import Mode: Batch - Directory Only
Files to process: 82
Cleanup empty label lists: true
Validate after import: true
======================================================================

======================================================================
BATCH IMPORT PROCESSING
======================================================================

======================================================================
[1/82] FILE: barrels_custom_shape.inp
======================================================================
Full path: C:\Users\dickinro\OneDrive - Autodesk\Documents\GitHub\1729-SWMM5-Models\OWA_EXTRAN/barrels_custom_shape.inp
Model group: SWMM5 - barrels_custom_shape

PHASE 1: Import SWMM5 file
  Model group created with ID: 2
  Importing: barrels_custom_shape.inp
  SUCCESS: Imported 6 objects
  Network statistics:
    Nodes: 10
    Links: 9
    Subcatchments: 0
  Network committed

  Cleaning up empty label lists...
    Found Label List: barrels_custom_shape
  WARNING: Error checking label list: no such field
      Has content - keeping
    No empty label lists found

  PHASE 2: Validation
    No validation warnings

  Import successful

======================================================================
[2/82] FILE: bug_item11_swmm5.1.014_more_links_than_nodes (1).inp
======================================================================
Full path: C:\Users\dickinro\OneDrive - Autodesk\Documents\GitHub\1729-SWMM5-Models\OWA_EXTRAN/bug_item11_swmm5.1.014_more_links_than_nodes (1).inp
Model group: SWMM5 - bug_item11_swmm5.1.014_more_links_than_nodes (1)

PHASE 1: Import SWMM5 file
  Model group created with ID: 3
  Importing: bug_item11_swmm5.1.014_more_links_than_nodes (1).inp
  SUCCESS: Imported 6 objects
  Network statistics:
    Nodes: 10
    Links: 13
    Subcatchments: 0
  Network committed

  Cleaning up empty label lists...
    Found Label List: bug_item11_swmm5.1.014_more_links_than_nodes (1)
  WARNING: Error checking label list: no such field
      Has content - keeping
    No empty label lists found

  PHASE 2: Validation
    No validation warnings

  Import successful

======================================================================
[3/82] FILE: bug_item11_swmm5.1.014_more_links_than_nodes (2).inp
======================================================================
Full path: C:\Users\dickinro\OneDrive - Autodesk\Documents\GitHub\1729-SWMM5-Models\OWA_EXTRAN/bug_item11_swmm5.1.014_more_links_than_nodes (2).inp
Model group: SWMM5 - bug_item11_swmm5.1.014_more_links_than_nodes (2)

PHASE 1: Import SWMM5 file
  Model group created with ID: 4
  Importing: bug_item11_swmm5.1.014_more_links_than_nodes (2).inp
  SUCCESS: Imported 6 objects
  Network statistics:
    Nodes: 10
    Links: 13
    Subcatchments: 0
  Network committed

  Cleaning up empty label lists...
    Found Label List: bug_item11_swmm5.1.014_more_links_than_nodes (2)
  WARNING: Error checking label list: no such field
      Has content - keeping
    No empty label lists found

  PHASE 2: Validation
    No validation warnings

  Import successful

======================================================================
[4/82] FILE: bug_item11_swmm5.1.014_more_links_than_nodes(1).inp
======================================================================
Full path: C:\Users\dickinro\OneDrive - Autodesk\Documents\GitHub\1729-SWMM5-Models\OWA_EXTRAN/bug_item11_swmm5.1.014_more_links_than_nodes(1).inp
Model group: SWMM5 - bug_item11_swmm5.1.014_more_links_than_nodes(1)

PHASE 1: Import SWMM5 file
  Model group created with ID: 5
  Importing: bug_item11_swmm5.1.014_more_links_than_nodes(1).inp
  SUCCESS: Imported 6 objects
  Network statistics:
    Nodes: 10
    Links: 13
    Subcatchments: 0
  Network committed

  Cleaning up empty label lists...
    Found Label List: bug_item11_swmm5.1.014_more_links_than_nodes(1)
  WARNING: Error checking label list: no such field
      Has content - keeping
    No empty label lists found

  PHASE 2: Validation
    No validation warnings

  Import successful

======================================================================
[5/82] FILE: bug_item11_swmm5.1.014_more_links_than_nodes.inp
======================================================================
Full path: C:\Users\dickinro\OneDrive - Autodesk\Documents\GitHub\1729-SWMM5-Models\OWA_EXTRAN/bug_item11_swmm5.1.014_more_links_than_nodes.inp
Model group: SWMM5 - bug_item11_swmm5.1.014_more_links_than_nodes

PHASE 1: Import SWMM5 file
  Model group created with ID: 6
  Importing: bug_item11_swmm5.1.014_more_links_than_nodes.inp
  SUCCESS: Imported 6 objects
  Network statistics:
    Nodes: 10
    Links: 13
    Subcatchments: 0
  Network committed

  Cleaning up empty label lists...
    Found Label List: bug_item11_swmm5.1.014_more_links_than_nodes
  WARNING: Error checking label list: no such field
      Has content - keeping
    No empty label lists found

  PHASE 2: Validation
    No validation warnings

  Import successful

======================================================================
[6/82] FILE: bug_item8_link_seepage.inp
======================================================================
Full path: C:\Users\dickinro\OneDrive - Autodesk\Documents\GitHub\1729-SWMM5-Models\OWA_EXTRAN/bug_item8_link_seepage.inp
Model group: SWMM5 - bug_item8_link_seepage

PHASE 1: Import SWMM5 file
  Model group created with ID: 7
  Importing: bug_item8_link_seepage.inp
  SUCCESS: Imported 6 objects
  Network statistics:
    Nodes: 10
    Links: 13
    Subcatchments: 0
  Network committed

  Cleaning up empty label lists...
    Found Label List: bug_item8_link_seepage
  WARNING: Error checking label list: no such field
      Has content - keeping
    No empty label lists found

  PHASE 2: Validation
    No validation warnings

  Import successful

======================================================================
[7/82] FILE: EDSYPHON.inp
======================================================================
Full path: C:\Users\dickinro\OneDrive - Autodesk\Documents\GitHub\1729-SWMM5-Models\OWA_EXTRAN/EDSYPHON.inp
Model group: SWMM5 - EDSYPHON

PHASE 1: Import SWMM5 file
  Model group created with ID: 8
  Importing: EDSYPHON.inp
  SUCCESS: Imported 6 objects
  Network statistics:
    Nodes: 8
    Links: 8
    Subcatchments: 0
  Network committed

  Cleaning up empty label lists...
    Found Label List: EDSYPHON
  WARNING: Error checking label list: no such field
      Has content - keeping
    No empty label lists found

  PHASE 2: Validation
    No validation warnings

  Import successful

======================================================================
[8/82] FILE: emc_exam1.inp
======================================================================
Full path: C:\Users\dickinro\OneDrive - Autodesk\Documents\GitHub\1729-SWMM5-Models\OWA_EXTRAN/emc_exam1.inp
Model group: SWMM5 - emc_exam1

PHASE 1: Import SWMM5 file
  Model group created with ID: 9
  Importing: emc_exam1.inp
  SUCCESS: Imported 6 objects
  Network statistics:
    Nodes: 9
    Links: 9
    Subcatchments: 0
  Network committed

  Cleaning up empty label lists...
    Found Label List: emc_exam1
  WARNING: Error checking label list: no such field
      Has content - keeping
    No empty label lists found

  PHASE 2: Validation
    No validation warnings

  Import successful

======================================================================
[9/82] FILE: EPANET_SWMMHazenWilliamscomparison.inp
======================================================================
Full path: C:\Users\dickinro\OneDrive - Autodesk\Documents\GitHub\1729-SWMM5-Models\OWA_EXTRAN/EPANET_SWMMHazenWilliamscomparison.inp
Model group: SWMM5 - EPANET_SWMMHazenWilliamscomparison

PHASE 1: Import SWMM5 file
  Model group created with ID: 10
  Importing: EPANET_SWMMHazenWilliamscomparison.inp
  SUCCESS: Imported 5 objects
  Network statistics:
    Nodes: 9
    Links: 11
    Subcatchments: 0
  Network committed

  Cleaning up empty label lists...
    Found Label List: EPANET_SWMMHazenWilliamscomparison
  WARNING: Error checking label list: no such field
      Has content - keeping
    No empty label lists found

  PHASE 2: Validation
    No validation warnings

  Import successful

======================================================================
[10/82] FILE: exam1.inp
======================================================================
Full path: C:\Users\dickinro\OneDrive - Autodesk\Documents\GitHub\1729-SWMM5-Models\OWA_EXTRAN/exam1.inp
Model group: SWMM5 - exam1

PHASE 1: Import SWMM5 file
  Model group created with ID: 11
  Importing: exam1.inp
  SUCCESS: Imported 6 objects
  Network statistics:
    Nodes: 10
    Links: 10
    Subcatchments: 0
  Network committed

  Cleaning up empty label lists...
    Found Label List: exam1
  WARNING: Error checking label list: no such field
      Has content - keeping
    No empty label lists found

  PHASE 2: Validation
    No validation warnings

  Import successful

======================================================================
[11/82] FILE: EXAM12_SW5.INP
======================================================================
Full path: C:\Users\dickinro\OneDrive - Autodesk\Documents\GitHub\1729-SWMM5-Models\OWA_EXTRAN/EXAM12_SW5.INP
Model group: SWMM5 - EXAM12_SW5

PHASE 1: Import SWMM5 file
  Model group created with ID: 12
  Importing: EXAM12_SW5.INP
  SUCCESS: Imported 5 objects
  Network statistics:
    Nodes: 8
    Links: 7
    Subcatchments: 0
  Network committed

  Cleaning up empty label lists...
    Found Label List: EXAM12_SW5
  WARNING: Error checking label list: no such field
      Has content - keeping
    No empty label lists found

  PHASE 2: Validation
    No validation warnings

  Import successful

======================================================================
[12/82] FILE: EXAM1_45_days_SW5.INP
======================================================================
Full path: C:\Users\dickinro\OneDrive - Autodesk\Documents\GitHub\1729-SWMM5-Models\OWA_EXTRAN/EXAM1_45_days_SW5.INP
Model group: SWMM5 - EXAM1_45_days_SW5

PHASE 1: Import SWMM5 file
  Model group created with ID: 13
  Importing: EXAM1_45_days_SW5.INP
  SUCCESS: Imported 6 objects
  Network statistics:
    Nodes: 10
    Links: 9
    Subcatchments: 0
  Network committed

  Cleaning up empty label lists...
    Found Label List: EXAM1_45_days_SW5
  WARNING: Error checking label list: no such field
      Has content - keeping
    No empty label lists found

  PHASE 2: Validation
    No validation warnings

  Import successful

======================================================================
[13/82] FILE: EXAM1_ICM.inp
======================================================================
Full path: C:\Users\dickinro\OneDrive - Autodesk\Documents\GitHub\1729-SWMM5-Models\OWA_EXTRAN/EXAM1_ICM.inp
Model group: SWMM5 - EXAM1_ICM

PHASE 1: Import SWMM5 file
  Model group created with ID: 14
  Importing: EXAM1_ICM.inp
  SUCCESS: Imported 6 objects
  Network statistics:
    Nodes: 10
    Links: 9
    Subcatchments: 0
  Network committed

  Cleaning up empty label lists...
    Found Label List: EXAM1_ICM
  WARNING: Error checking label list: no such field
      Has content - keeping
    No empty label lists found

  PHASE 2: Validation
    No validation warnings

  Import successful

======================================================================
[14/82] FILE: exam1_negative_flow_examples.inp
======================================================================
Full path: C:\Users\dickinro\OneDrive - Autodesk\Documents\GitHub\1729-SWMM5-Models\OWA_EXTRAN/exam1_negative_flow_examples.inp
Model group: SWMM5 - exam1_negative_flow_examples

PHASE 1: Import SWMM5 file
  Model group created with ID: 15
  Importing: exam1_negative_flow_examples.inp
  SUCCESS: Imported 6 objects
  Network statistics:
    Nodes: 10
    Links: 9
    Subcatchments: 0
  Network committed

  Cleaning up empty label lists...
    Found Label List: exam1_negative_flow_examples
  WARNING: Error checking label list: no such field
      Has content - keeping
    No empty label lists found

  PHASE 2: Validation
    No validation warnings

  Import successful

======================================================================
[15/82] FILE: EXAM1_no_adverse_slopes_SW5.INP
======================================================================
Full path: C:\Users\dickinro\OneDrive - Autodesk\Documents\GitHub\1729-SWMM5-Models\OWA_EXTRAN/EXAM1_no_adverse_slopes_SW5.INP
Model group: SWMM5 - EXAM1_no_adverse_slopes_SW5

PHASE 1: Import SWMM5 file
  Model group created with ID: 16
  Importing: EXAM1_no_adverse_slopes_SW5.INP
  SUCCESS: Imported 6 objects
  Network statistics:
    Nodes: 10
    Links: 9
    Subcatchments: 0
  Network committed

  Cleaning up empty label lists...
    Found Label List: EXAM1_no_adverse_slopes_SW5
  WARNING: Error checking label list: no such field
      Has content - keeping
    No empty label lists found

  PHASE 2: Validation
    No validation warnings

  Import successful

======================================================================
[16/82] FILE: EXAM1_OUTLET_Curve_SI.inp
======================================================================
Full path: C:\Users\dickinro\OneDrive - Autodesk\Documents\GitHub\1729-SWMM5-Models\OWA_EXTRAN/EXAM1_OUTLET_Curve_SI.inp
Model group: SWMM5 - EXAM1_OUTLET_Curve_SI

PHASE 1: Import SWMM5 file
  Model group created with ID: 17
  Importing: EXAM1_OUTLET_Curve_SI.inp
  SUCCESS: Imported 6 objects
  Network statistics:
    Nodes: 10
    Links: 9
    Subcatchments: 0
  Network committed

  Cleaning up empty label lists...
    Found Label List: EXAM1_OUTLET_Curve_SI
  WARNING: Error checking label list: no such field
      Has content - keeping
    No empty label lists found

  PHASE 2: Validation
    No validation warnings

  Import successful

======================================================================
[17/82] FILE: exam1_PID_Freeboard.inp
======================================================================
Full path: C:\Users\dickinro\OneDrive - Autodesk\Documents\GitHub\1729-SWMM5-Models\OWA_EXTRAN/exam1_PID_Freeboard.inp
Model group: SWMM5 - exam1_PID_Freeboard

PHASE 1: Import SWMM5 file
  Model group created with ID: 18
  Importing: exam1_PID_Freeboard.inp
  SUCCESS: Imported 6 objects
  Network statistics:
    Nodes: 10
    Links: 9
    Subcatchments: 0
  Network committed

  Cleaning up empty label lists...
    Found Label List: exam1_PID_Freeboard
  WARNING: Error checking label list: no such field
      Has content - keeping
    No empty label lists found

  PHASE 2: Validation
    No validation warnings

  Import successful

======================================================================
[18/82] FILE: EXAM1_SW5.inp
======================================================================
Full path: C:\Users\dickinro\OneDrive - Autodesk\Documents\GitHub\1729-SWMM5-Models\OWA_EXTRAN/EXAM1_SW5.inp
Model group: SWMM5 - EXAM1_SW5

PHASE 1: Import SWMM5 file
  Model group created with ID: 19
  Importing: EXAM1_SW5.inp
  SUCCESS: Imported 6 objects
  Network statistics:
    Nodes: 10
    Links: 9
    Subcatchments: 0
  Network committed

  Cleaning up empty label lists...
    Found Label List: EXAM1_SW5
  WARNING: Error checking label list: no such field
      Has content - keeping
    No empty label lists found

  PHASE 2: Validation
    No validation warnings

  Import successful

======================================================================
[19/82] FILE: EXAM1_SW5_external_load_of_tss.inp
======================================================================
Full path: C:\Users\dickinro\OneDrive - Autodesk\Documents\GitHub\1729-SWMM5-Models\OWA_EXTRAN/EXAM1_SW5_external_load_of_tss.inp
Model group: SWMM5 - EXAM1_SW5_external_load_of_tss

PHASE 1: Import SWMM5 file
  Model group created with ID: 20
  Importing: EXAM1_SW5_external_load_of_tss.inp
  SUCCESS: Imported 7 objects
  Network statistics:
    Nodes: 10
    Links: 9
    Subcatchments: 0
  Network committed

  Cleaning up empty label lists...
    Found Label List: EXAM1_SW5_external_load_of_tss
  WARNING: Error checking label list: no such field
      Has content - keeping
    No empty label lists found

  PHASE 2: Validation
    No validation warnings

  Import successful

======================================================================
[20/82] FILE: EXAM21_SW5.inp
======================================================================
Full path: C:\Users\dickinro\OneDrive - Autodesk\Documents\GitHub\1729-SWMM5-Models\OWA_EXTRAN/EXAM21_SW5.inp
Model group: SWMM5 - EXAM21_SW5

PHASE 1: Import SWMM5 file
  Model group created with ID: 21
  Importing: EXAM21_SW5.inp
  SUCCESS: Imported 6 objects
  Network statistics:
    Nodes: 9
    Links: 8
    Subcatchments: 0
  Network committed

  Cleaning up empty label lists...
    Found Label List: EXAM21_SW5
  WARNING: Error checking label list: no such field
      Has content - keeping
    No empty label lists found

  PHASE 2: Validation
    No validation warnings

  Import successful

======================================================================
[21/82] FILE: EXAM25_SW5.INP
======================================================================
Full path: C:\Users\dickinro\OneDrive - Autodesk\Documents\GitHub\1729-SWMM5-Models\OWA_EXTRAN/EXAM25_SW5.INP
Model group: SWMM5 - EXAM25_SW5

PHASE 1: Import SWMM5 file
  Model group created with ID: 22
  Importing: EXAM25_SW5.INP
  SUCCESS: Imported 6 objects
  Network statistics:
    Nodes: 4
    Links: 3
    Subcatchments: 0
  Network committed

  Cleaning up empty label lists...
    Found Label List: EXAM25_SW5
  WARNING: Error checking label list: no such field
      Has content - keeping
    No empty label lists found

  PHASE 2: Validation
    No validation warnings

  Import successful

======================================================================
[22/82] FILE: EXAM2_long_step_SW5.inp
======================================================================
Full path: C:\Users\dickinro\OneDrive - Autodesk\Documents\GitHub\1729-SWMM5-Models\OWA_EXTRAN/EXAM2_long_step_SW5.inp
Model group: SWMM5 - EXAM2_long_step_SW5

PHASE 1: Import SWMM5 file
  Model group created with ID: 23
  Importing: EXAM2_long_step_SW5.inp
  SUCCESS: Imported 6 objects
  Network statistics:
    Nodes: 10
    Links: 9
    Subcatchments: 0
  Network committed

  Cleaning up empty label lists...
    Found Label List: EXAM2_long_step_SW5
  WARNING: Error checking label list: no such field
      Has content - keeping
    No empty label lists found

  PHASE 2: Validation
    No validation warnings

  Import successful

======================================================================
[23/82] FILE: EXAM2_WITH_Fixed_Stage.inp
======================================================================
Full path: C:\Users\dickinro\OneDrive - Autodesk\Documents\GitHub\1729-SWMM5-Models\OWA_EXTRAN/EXAM2_WITH_Fixed_Stage.inp
Model group: SWMM5 - EXAM2_WITH_Fixed_Stage

PHASE 1: Import SWMM5 file
  Model group created with ID: 24
  Importing: EXAM2_WITH_Fixed_Stage.inp
  SUCCESS: Imported 5 objects
  Network statistics:
    Nodes: 10
    Links: 9
    Subcatchments: 0
  Network committed

  Cleaning up empty label lists...
    Found Label List: EXAM2_WITH_Fixed_Stage
  WARNING: Error checking label list: no such field
      Has content - keeping
    No empty label lists found

  PHASE 2: Validation
    No validation warnings

  Import successful

======================================================================
[24/82] FILE: EXAM2_with_numerical_problem_SW5.inp
======================================================================
Full path: C:\Users\dickinro\OneDrive - Autodesk\Documents\GitHub\1729-SWMM5-Models\OWA_EXTRAN/EXAM2_with_numerical_problem_SW5.inp
Model group: SWMM5 - EXAM2_with_numerical_problem_SW5

PHASE 1: Import SWMM5 file
  Model group created with ID: 25
  Importing: EXAM2_with_numerical_problem_SW5.inp
  SUCCESS: Imported 6 objects
  Network statistics:
    Nodes: 11
    Links: 10
    Subcatchments: 0
  Network committed

  Cleaning up empty label lists...
    Found Label List: EXAM2_with_numerical_problem_SW5
  WARNING: Error checking label list: no such field
      Has content - keeping
    No empty label lists found

  PHASE 2: Validation
    No validation warnings

  Import successful

======================================================================
[25/82] FILE: EXAM2_WITH_TIDE_SW5.inp
======================================================================
Full path: C:\Users\dickinro\OneDrive - Autodesk\Documents\GitHub\1729-SWMM5-Models\OWA_EXTRAN/EXAM2_WITH_TIDE_SW5.inp
Model group: SWMM5 - EXAM2_WITH_TIDE_SW5

PHASE 1: Import SWMM5 file
  Model group created with ID: 26
  Importing: EXAM2_WITH_TIDE_SW5.inp
  SUCCESS: Imported 6 objects
  Network statistics:
    Nodes: 10
    Links: 9
    Subcatchments: 0
  Network committed

  Cleaning up empty label lists...
    Found Label List: EXAM2_WITH_TIDE_SW5
  WARNING: Error checking label list: no such field
      Has content - keeping
    No empty label lists found

  PHASE 2: Validation
    No validation warnings

  Import successful

======================================================================
[26/82] FILE: EXAM30_SW5.inp
======================================================================
Full path: C:\Users\dickinro\OneDrive - Autodesk\Documents\GitHub\1729-SWMM5-Models\OWA_EXTRAN/EXAM30_SW5.inp
Model group: SWMM5 - EXAM30_SW5

PHASE 1: Import SWMM5 file
  Model group created with ID: 27
  Importing: EXAM30_SW5.inp
  SUCCESS: Imported 6 objects
  Network statistics:
    Nodes: 11
    Links: 10
    Subcatchments: 0
  Network committed

  Cleaning up empty label lists...
    Found Label List: EXAM30_SW5
  WARNING: Error checking label list: no such field
      Has content - keeping
    No empty label lists found

  PHASE 2: Validation
    No validation warnings

  Import successful

======================================================================
[27/82] FILE: EXAM32_SW5.inp
======================================================================
Full path: C:\Users\dickinro\OneDrive - Autodesk\Documents\GitHub\1729-SWMM5-Models\OWA_EXTRAN/EXAM32_SW5.inp
Model group: SWMM5 - EXAM32_SW5

PHASE 1: Import SWMM5 file
  Model group created with ID: 28
  Importing: EXAM32_SW5.inp
  SUCCESS: Imported 6 objects
  Network statistics:
    Nodes: 3
    Links: 2
    Subcatchments: 0
  Network committed

  Cleaning up empty label lists...
    Found Label List: EXAM32_SW5
  WARNING: Error checking label list: no such field
      Has content - keeping
    No empty label lists found

  PHASE 2: Validation
    No validation warnings

  Import successful

======================================================================
[28/82] FILE: EXAM60_SW5.INP
======================================================================
Full path: C:\Users\dickinro\OneDrive - Autodesk\Documents\GitHub\1729-SWMM5-Models\OWA_EXTRAN/EXAM60_SW5.INP
Model group: SWMM5 - EXAM60_SW5

PHASE 1: Import SWMM5 file
  Model group created with ID: 29
  Importing: EXAM60_SW5.INP
  SUCCESS: Imported 6 objects
  Network statistics:
    Nodes: 13
    Links: 12
    Subcatchments: 0
  Network committed

  Cleaning up empty label lists...
    Found Label List: EXAM60_SW5
  WARNING: Error checking label list: no such field
      Has content - keeping
    No empty label lists found

  PHASE 2: Validation
    No validation warnings

  Import successful

======================================================================
[29/82] FILE: EXAM70_SW5.INP
======================================================================
Full path: C:\Users\dickinro\OneDrive - Autodesk\Documents\GitHub\1729-SWMM5-Models\OWA_EXTRAN/EXAM70_SW5.INP
Model group: SWMM5 - EXAM70_SW5

PHASE 1: Import SWMM5 file
  Model group created with ID: 30
  Importing: EXAM70_SW5.INP
  SUCCESS: Imported 5 objects
  Network statistics:
    Nodes: 4
    Links: 3
    Subcatchments: 0
  Network committed

  Cleaning up empty label lists...
    Found Label List: EXAM70_SW5
  WARNING: Error checking label list: no such field
      Has content - keeping
    No empty label lists found

  PHASE 2: Validation
    No validation warnings

  Import successful

======================================================================
[30/82] FILE: EXAM7_with_pump3_SW5.INP
======================================================================
Full path: C:\Users\dickinro\OneDrive - Autodesk\Documents\GitHub\1729-SWMM5-Models\OWA_EXTRAN/EXAM7_with_pump3_SW5.INP
Model group: SWMM5 - EXAM7_with_pump3_SW5

PHASE 1: Import SWMM5 file
  Model group created with ID: 31
  Importing: EXAM7_with_pump3_SW5.INP
  SUCCESS: Imported 6 objects
  Network statistics:
    Nodes: 10
    Links: 10
    Subcatchments: 0
  Network committed

  Cleaning up empty label lists...
    Found Label List: EXAM7_with_pump3_SW5
  WARNING: Error checking label list: no such field
      Has content - keeping
    No empty label lists found

  PHASE 2: Validation
    No validation warnings

  Import successful

======================================================================
[31/82] FILE: EXAM7_with_pump3_TS_Rule.inp
======================================================================
Full path: C:\Users\dickinro\OneDrive - Autodesk\Documents\GitHub\1729-SWMM5-Models\OWA_EXTRAN/EXAM7_with_pump3_TS_Rule.inp
Model group: SWMM5 - EXAM7_with_pump3_TS_Rule

PHASE 1: Import SWMM5 file
  Model group created with ID: 32
  Importing: EXAM7_with_pump3_TS_Rule.inp
  SUCCESS: Imported 7 objects
  Network statistics:
    Nodes: 10
    Links: 10
    Subcatchments: 0
  Network committed

  Cleaning up empty label lists...
    Found Label List: EXAM7_with_pump3_TS_Rule
  WARNING: Error checking label list: no such field
      Has content - keeping
    No empty label lists found

  PHASE 2: Validation
    No validation warnings

  Import successful

======================================================================
[32/82] FILE: EXAM80a.INP
======================================================================
Full path: C:\Users\dickinro\OneDrive - Autodesk\Documents\GitHub\1729-SWMM5-Models\OWA_EXTRAN/EXAM80a.INP
Model group: SWMM5 - EXAM80a

PHASE 1: Import SWMM5 file
  Model group created with ID: 33
  Importing: EXAM80a.INP
  SUCCESS: Imported 6 objects
  Network statistics:
    Nodes: 6
    Links: 5
    Subcatchments: 0
  Network committed

  Cleaning up empty label lists...
    Found Label List: EXAM80a
  WARNING: Error checking label list: no such field
      Has content - keeping
    No empty label lists found

  PHASE 2: Validation
    No validation warnings

  Import successful

======================================================================
[33/82] FILE: EXAM80_Storage.inp
======================================================================
Full path: C:\Users\dickinro\OneDrive - Autodesk\Documents\GitHub\1729-SWMM5-Models\OWA_EXTRAN/EXAM80_Storage.inp
Model group: SWMM5 - EXAM80_Storage

PHASE 1: Import SWMM5 file
  Model group created with ID: 34
  Importing: EXAM80_Storage.inp
  SUCCESS: Imported 6 objects
  Network statistics:
    Nodes: 6
    Links: 5
    Subcatchments: 0
  Network committed

  Cleaning up empty label lists...
    Found Label List: EXAM80_Storage
  WARNING: Error checking label list: no such field
      Has content - keeping
    No empty label lists found

  PHASE 2: Validation
    No validation warnings

  Import successful

======================================================================
[34/82] FILE: extran1.inp
======================================================================
Full path: C:\Users\dickinro\OneDrive - Autodesk\Documents\GitHub\1729-SWMM5-Models\OWA_EXTRAN/extran1.inp
Model group: SWMM5 - extran1

PHASE 1: Import SWMM5 file
  Model group created with ID: 35
  Importing: extran1.inp
  SUCCESS: Imported 6 objects
  Network statistics:
    Nodes: 10
    Links: 9
    Subcatchments: 0
  Network committed

  Cleaning up empty label lists...
    Found Label List: extran1
  WARNING: Error checking label list: no such field
      Has content - keeping
    No empty label lists found

  PHASE 2: Validation
    No validation warnings

  Import successful

======================================================================
[35/82] FILE: extran10.inp
======================================================================
Full path: C:\Users\dickinro\OneDrive - Autodesk\Documents\GitHub\1729-SWMM5-Models\OWA_EXTRAN/extran10.inp
Model group: SWMM5 - extran10

PHASE 1: Import SWMM5 file
  Model group created with ID: 36
  Importing: extran10.inp
  SUCCESS: Imported 6 objects
  Network statistics:
    Nodes: 3
    Links: 6
    Subcatchments: 0
  Network committed

  Cleaning up empty label lists...
    Found Label List: extran10
  WARNING: Error checking label list: no such field
      Has content - keeping
    No empty label lists found

  PHASE 2: Validation
    No validation warnings

  Import successful

======================================================================
[36/82] FILE: extran10_slot.inp
======================================================================
Full path: C:\Users\dickinro\OneDrive - Autodesk\Documents\GitHub\1729-SWMM5-Models\OWA_EXTRAN/extran10_slot.inp
Model group: SWMM5 - extran10_slot

PHASE 1: Import SWMM5 file
  Model group created with ID: 37
  Importing: extran10_slot.inp
  SUCCESS: Imported 6 objects
  Network statistics:
    Nodes: 3
    Links: 6
    Subcatchments: 0
  Network committed

  Cleaning up empty label lists...
    Found Label List: extran10_slot
  WARNING: Error checking label list: no such field
      Has content - keeping
    No empty label lists found

  PHASE 2: Validation
    No validation warnings

  Import successful

======================================================================
[37/82] FILE: extran1_circular.inp
======================================================================
Full path: C:\Users\dickinro\OneDrive - Autodesk\Documents\GitHub\1729-SWMM5-Models\OWA_EXTRAN/extran1_circular.inp
Model group: SWMM5 - extran1_circular

PHASE 1: Import SWMM5 file
  Model group created with ID: 38
  Importing: extran1_circular.inp
  SUCCESS: Imported 6 objects
  Network statistics:
    Nodes: 10
    Links: 9
    Subcatchments: 0
  Network committed

  Cleaning up empty label lists...
    Found Label List: extran1_circular
  WARNING: Error checking label list: no such field
      Has content - keeping
    No empty label lists found

  PHASE 2: Validation
    No validation warnings

  Import successful

======================================================================
[38/82] FILE: extran1_circular_100_feet_long.inp
======================================================================
Full path: C:\Users\dickinro\OneDrive - Autodesk\Documents\GitHub\1729-SWMM5-Models\OWA_EXTRAN/extran1_circular_100_feet_long.inp
Model group: SWMM5 - extran1_circular_100_feet_long

PHASE 1: Import SWMM5 file
  Model group created with ID: 39
  Importing: extran1_circular_100_feet_long.inp
  SUCCESS: Imported 6 objects
  Network statistics:
    Nodes: 10
    Links: 9
    Subcatchments: 0
  Network committed

  Cleaning up empty label lists...
    Found Label List: extran1_circular_100_feet_long
  WARNING: Error checking label list: no such field
      Has content - keeping
    No empty label lists found

  PHASE 2: Validation
    No validation warnings

  Import successful

======================================================================
[39/82] FILE: extran1_control_rules.inp
======================================================================
Full path: C:\Users\dickinro\OneDrive - Autodesk\Documents\GitHub\1729-SWMM5-Models\OWA_EXTRAN/extran1_control_rules.inp
Model group: SWMM5 - extran1_control_rules

PHASE 1: Import SWMM5 file
  Model group created with ID: 40
  Importing: extran1_control_rules.inp
  SUCCESS: Imported 6 objects
  Network statistics:
    Nodes: 10
    Links: 9
    Subcatchments: 0
  Network committed

  Cleaning up empty label lists...
    Found Label List: extran1_control_rules
  WARNING: Error checking label list: no such field
      Has content - keeping
    No empty label lists found

  PHASE 2: Validation
    No validation warnings

  Import successful

======================================================================
[40/82] FILE: extran1_control_rules_wq.inp
======================================================================
Full path: C:\Users\dickinro\OneDrive - Autodesk\Documents\GitHub\1729-SWMM5-Models\OWA_EXTRAN/extran1_control_rules_wq.inp
Model group: SWMM5 - extran1_control_rules_wq

PHASE 1: Import SWMM5 file
  Model group created with ID: 41
  Importing: extran1_control_rules_wq.inp
  SUCCESS: Imported 6 objects
  Network statistics:
    Nodes: 10
    Links: 9
    Subcatchments: 0
  Network committed

  Cleaning up empty label lists...
    Found Label List: extran1_control_rules_wq
  WARNING: Error checking label list: no such field
      Has content - keeping
    No empty label lists found

  PHASE 2: Validation
    No validation warnings

  Import successful

======================================================================
[41/82] FILE: extran1_negative_depth.inp
======================================================================
Full path: C:\Users\dickinro\OneDrive - Autodesk\Documents\GitHub\1729-SWMM5-Models\OWA_EXTRAN/extran1_negative_depth.inp
Model group: SWMM5 - extran1_negative_depth

PHASE 1: Import SWMM5 file
  Model group created with ID: 42
  Importing: extran1_negative_depth.inp
  SUCCESS: Imported 6 objects
  Network statistics:
    Nodes: 10
    Links: 9
    Subcatchments: 0
  Network committed

  Cleaning up empty label lists...
    Found Label List: extran1_negative_depth
  WARNING: Error checking label list: no such field
      Has content - keeping
    No empty label lists found

  PHASE 2: Validation
    No validation warnings

  Import successful

======================================================================
[42/82] FILE: extran1_rectangular.inp
======================================================================
Full path: C:\Users\dickinro\OneDrive - Autodesk\Documents\GitHub\1729-SWMM5-Models\OWA_EXTRAN/extran1_rectangular.inp
Model group: SWMM5 - extran1_rectangular

PHASE 1: Import SWMM5 file
  Model group created with ID: 43
  Importing: extran1_rectangular.inp
  SUCCESS: Imported 6 objects
  Network statistics:
    Nodes: 10
    Links: 9
    Subcatchments: 0
  Network committed

  Cleaning up empty label lists...
    Found Label List: extran1_rectangular
  WARNING: Error checking label list: no such field
      Has content - keeping
    No empty label lists found

  PHASE 2: Validation
    No validation warnings

  Import successful

======================================================================
[43/82] FILE: extran1_slot.inp
======================================================================
Full path: C:\Users\dickinro\OneDrive - Autodesk\Documents\GitHub\1729-SWMM5-Models\OWA_EXTRAN/extran1_slot.inp
Model group: SWMM5 - extran1_slot

PHASE 1: Import SWMM5 file
  Model group created with ID: 44
  Importing: extran1_slot.inp
  SUCCESS: Imported 6 objects
  Network statistics:
    Nodes: 10
    Links: 9
    Subcatchments: 0
  Network committed

  Cleaning up empty label lists...
    Found Label List: extran1_slot
  WARNING: Error checking label list: no such field
      Has content - keeping
    No empty label lists found

  PHASE 2: Validation
    No validation warnings

  Import successful

======================================================================
[44/82] FILE: extran2.inp
======================================================================
Full path: C:\Users\dickinro\OneDrive - Autodesk\Documents\GitHub\1729-SWMM5-Models\OWA_EXTRAN/extran2.inp
Model group: SWMM5 - extran2

PHASE 1: Import SWMM5 file
  Model group created with ID: 45
  Importing: extran2.inp
  SUCCESS: Imported 6 objects
  Network statistics:
    Nodes: 10
    Links: 9
    Subcatchments: 0
  Network committed

  Cleaning up empty label lists...
    Found Label List: extran2
  WARNING: Error checking label list: no such field
      Has content - keeping
    No empty label lists found

  PHASE 2: Validation
    No validation warnings

  Import successful

======================================================================
[45/82] FILE: extran2_slot.inp
======================================================================
Full path: C:\Users\dickinro\OneDrive - Autodesk\Documents\GitHub\1729-SWMM5-Models\OWA_EXTRAN/extran2_slot.inp
Model group: SWMM5 - extran2_slot

PHASE 1: Import SWMM5 file
  Model group created with ID: 46
  Importing: extran2_slot.inp
  SUCCESS: Imported 6 objects
  Network statistics:
    Nodes: 10
    Links: 9
    Subcatchments: 0
  Network committed

  Cleaning up empty label lists...
    Found Label List: extran2_slot
  WARNING: Error checking label list: no such field
      Has content - keeping
    No empty label lists found

  PHASE 2: Validation
    No validation warnings

  Import successful

======================================================================
[46/82] FILE: extran3.inp
======================================================================
Full path: C:\Users\dickinro\OneDrive - Autodesk\Documents\GitHub\1729-SWMM5-Models\OWA_EXTRAN/extran3.inp
Model group: SWMM5 - extran3

PHASE 1: Import SWMM5 file
  Model group created with ID: 47
  Importing: extran3.inp
  SUCCESS: Imported 6 objects
  Network statistics:
    Nodes: 10
    Links: 10
    Subcatchments: 0
  Network committed

  Cleaning up empty label lists...
    Found Label List: extran3
  WARNING: Error checking label list: no such field
      Has content - keeping
    No empty label lists found

  PHASE 2: Validation
    No validation warnings

  Import successful

======================================================================
[47/82] FILE: extran3_dummy_link.inp
======================================================================
Full path: C:\Users\dickinro\OneDrive - Autodesk\Documents\GitHub\1729-SWMM5-Models\OWA_EXTRAN/extran3_dummy_link.inp
Model group: SWMM5 - extran3_dummy_link

PHASE 1: Import SWMM5 file
  Model group created with ID: 48
  Importing: extran3_dummy_link.inp
  SUCCESS: Imported 6 objects
  Network statistics:
    Nodes: 10
    Links: 10
    Subcatchments: 0
  Network committed

  Cleaning up empty label lists...
    Found Label List: extran3_dummy_link
  WARNING: Error checking label list: no such field
      Has content - keeping
    No empty label lists found

  PHASE 2: Validation
    No validation warnings

  Import successful

======================================================================
[48/82] FILE: extran3_dummy_links.inp
======================================================================
Full path: C:\Users\dickinro\OneDrive - Autodesk\Documents\GitHub\1729-SWMM5-Models\OWA_EXTRAN/extran3_dummy_links.inp
Model group: SWMM5 - extran3_dummy_links

PHASE 1: Import SWMM5 file
  Model group created with ID: 49
  Importing: extran3_dummy_links.inp
  SUCCESS: Imported 6 objects
  Network statistics:
    Nodes: 10
    Links: 9
    Subcatchments: 0
  Network committed

  Cleaning up empty label lists...
    Found Label List: extran3_dummy_links
  WARNING: Error checking label list: no such field
      Has content - keeping
    No empty label lists found

  PHASE 2: Validation
    No validation warnings

  Import successful

======================================================================
[49/82] FILE: extran3_noInflow.inp
======================================================================
Full path: C:\Users\dickinro\OneDrive - Autodesk\Documents\GitHub\1729-SWMM5-Models\OWA_EXTRAN/extran3_noInflow.inp
Model group: SWMM5 - extran3_noInflow

PHASE 1: Import SWMM5 file
  Model group created with ID: 50
  Importing: extran3_noInflow.inp
  SUCCESS: Imported 5 objects
  Network statistics:
    Nodes: 10
    Links: 10
    Subcatchments: 0
  Network committed

  Cleaning up empty label lists...
    Found Label List: extran3_noInflow
  WARNING: Error checking label list: no such field
      Has content - keeping
    No empty label lists found

  PHASE 2: Validation
    No validation warnings

  Import successful

======================================================================
[50/82] FILE: extran3_noInflow_circular_outfall.inp
======================================================================
Full path: C:\Users\dickinro\OneDrive - Autodesk\Documents\GitHub\1729-SWMM5-Models\OWA_EXTRAN/extran3_noInflow_circular_outfall.inp
Model group: SWMM5 - extran3_noInflow_circular_outfall

PHASE 1: Import SWMM5 file
  Model group created with ID: 51
  Importing: extran3_noInflow_circular_outfall.inp
  SUCCESS: Imported 5 objects
  Network statistics:
    Nodes: 10
    Links: 10
    Subcatchments: 0
  Network committed

  Cleaning up empty label lists...
    Found Label List: extran3_noInflow_circular_outfall
  WARNING: Error checking label list: no such field
      Has content - keeping
    No empty label lists found

  PHASE 2: Validation
    No validation warnings

  Import successful

======================================================================
[51/82] FILE: extran3_RC.inp
======================================================================
Full path: C:\Users\dickinro\OneDrive - Autodesk\Documents\GitHub\1729-SWMM5-Models\OWA_EXTRAN/extran3_RC.inp
Model group: SWMM5 - extran3_RC

PHASE 1: Import SWMM5 file
  Model group created with ID: 52
  Importing: extran3_RC.inp
  SUCCESS: Imported 6 objects
  Network statistics:
    Nodes: 11
    Links: 11
    Subcatchments: 0
  Network committed

  Cleaning up empty label lists...
    Found Label List: extran3_RC
  WARNING: Error checking label list: no such field
      Has content - keeping
    No empty label lists found

  PHASE 2: Validation
    No validation warnings

  Import successful

======================================================================
[52/82] FILE: extran3_RTC.inp
======================================================================
Full path: C:\Users\dickinro\OneDrive - Autodesk\Documents\GitHub\1729-SWMM5-Models\OWA_EXTRAN/extran3_RTC.inp
Model group: SWMM5 - extran3_RTC

PHASE 1: Import SWMM5 file
  Model group created with ID: 53
  Importing: extran3_RTC.inp
  SUCCESS: Imported 6 objects
  Network statistics:
    Nodes: 10
    Links: 10
    Subcatchments: 0
  Network committed

  Cleaning up empty label lists...
    Found Label List: extran3_RTC
  WARNING: Error checking label list: no such field
      Has content - keeping
    No empty label lists found

  PHASE 2: Validation
    No validation warnings

  Import successful

======================================================================
[53/82] FILE: extran3_RTC_Rule.inp
======================================================================
Full path: C:\Users\dickinro\OneDrive - Autodesk\Documents\GitHub\1729-SWMM5-Models\OWA_EXTRAN/extran3_RTC_Rule.inp
Model group: SWMM5 - extran3_RTC_Rule

PHASE 1: Import SWMM5 file
  Model group created with ID: 54
  Importing: extran3_RTC_Rule.inp
  SUCCESS: Imported 6 objects
  Network statistics:
    Nodes: 10
    Links: 10
    Subcatchments: 0
  Network committed

  Cleaning up empty label lists...
    Found Label List: extran3_RTC_Rule
  WARNING: Error checking label list: no such field
      Has content - keeping
    No empty label lists found

  PHASE 2: Validation
    No validation warnings

  Import successful

======================================================================
[54/82] FILE: extran3_slot.inp
======================================================================
Full path: C:\Users\dickinro\OneDrive - Autodesk\Documents\GitHub\1729-SWMM5-Models\OWA_EXTRAN/extran3_slot.inp
Model group: SWMM5 - extran3_slot

PHASE 1: Import SWMM5 file
  Model group created with ID: 55
  Importing: extran3_slot.inp
  SUCCESS: Imported 6 objects
  Network statistics:
    Nodes: 10
    Links: 10
    Subcatchments: 0
  Network committed

  Cleaning up empty label lists...
    Found Label List: extran3_slot
  WARNING: Error checking label list: no such field
      Has content - keeping
    No empty label lists found

  PHASE 2: Validation
    No validation warnings

  Import successful

======================================================================
[55/82] FILE: extran4.inp
======================================================================
Full path: C:\Users\dickinro\OneDrive - Autodesk\Documents\GitHub\1729-SWMM5-Models\OWA_EXTRAN/extran4.inp
Model group: SWMM5 - extran4

PHASE 1: Import SWMM5 file
  Model group created with ID: 56
  Importing: extran4.inp
  SUCCESS: Imported 6 objects
  Network statistics:
    Nodes: 10
    Links: 10
    Subcatchments: 0
  Network committed

  Cleaning up empty label lists...
    Found Label List: extran4
  WARNING: Error checking label list: no such field
      Has content - keeping
    No empty label lists found

  PHASE 2: Validation
    No validation warnings

  Import successful

======================================================================
[56/82] FILE: extran4_roadway.inp
======================================================================
Full path: C:\Users\dickinro\OneDrive - Autodesk\Documents\GitHub\1729-SWMM5-Models\OWA_EXTRAN/extran4_roadway.inp
Model group: SWMM5 - extran4_roadway

PHASE 1: Import SWMM5 file
  Model group created with ID: 57
  Importing: extran4_roadway.inp
  SUCCESS: Imported 6 objects
  Network statistics:
    Nodes: 10
    Links: 10
    Subcatchments: 0
  Network committed

  Cleaning up empty label lists...
    Found Label List: extran4_roadway
  WARNING: Error checking label list: no such field
      Has content - keeping
    No empty label lists found

  PHASE 2: Validation
    No validation warnings

  Import successful

======================================================================
[57/82] FILE: extran4_slot.inp
======================================================================
Full path: C:\Users\dickinro\OneDrive - Autodesk\Documents\GitHub\1729-SWMM5-Models\OWA_EXTRAN/extran4_slot.inp
Model group: SWMM5 - extran4_slot

PHASE 1: Import SWMM5 file
  Model group created with ID: 58
  Importing: extran4_slot.inp
  SUCCESS: Imported 6 objects
  Network statistics:
    Nodes: 10
    Links: 10
    Subcatchments: 0
  Network committed

  Cleaning up empty label lists...
    Found Label List: extran4_slot
  WARNING: Error checking label list: no such field
      Has content - keeping
    No empty label lists found

  PHASE 2: Validation
    No validation warnings

  Import successful

======================================================================
[58/82] FILE: extran4_slot_outlet_bc.inp
======================================================================
Full path: C:\Users\dickinro\OneDrive - Autodesk\Documents\GitHub\1729-SWMM5-Models\OWA_EXTRAN/extran4_slot_outlet_bc.inp
Model group: SWMM5 - extran4_slot_outlet_bc

PHASE 1: Import SWMM5 file
  Model group created with ID: 59
  Importing: extran4_slot_outlet_bc.inp
  SUCCESS: Imported 6 objects
  Network statistics:
    Nodes: 10
    Links: 10
    Subcatchments: 0
  Network committed

  Cleaning up empty label lists...
    Found Label List: extran4_slot_outlet_bc
  WARNING: Error checking label list: no such field
      Has content - keeping
    No empty label lists found

  PHASE 2: Validation
    No validation warnings

  Import successful

======================================================================
[59/82] FILE: extran4_slot_outlet_link.inp
======================================================================
Full path: C:\Users\dickinro\OneDrive - Autodesk\Documents\GitHub\1729-SWMM5-Models\OWA_EXTRAN/extran4_slot_outlet_link.inp
Model group: SWMM5 - extran4_slot_outlet_link

PHASE 1: Import SWMM5 file
  Model group created with ID: 60
  Importing: extran4_slot_outlet_link.inp
  SUCCESS: Imported 6 objects
  Network statistics:
    Nodes: 10
    Links: 10
    Subcatchments: 0
  Network committed

  Cleaning up empty label lists...
    Found Label List: extran4_slot_outlet_link
  WARNING: Error checking label list: no such field
      Has content - keeping
    No empty label lists found

  PHASE 2: Validation
    No validation warnings

  Import successful

======================================================================
[60/82] FILE: extran4_slot_zero_width.inp
======================================================================
Full path: C:\Users\dickinro\OneDrive - Autodesk\Documents\GitHub\1729-SWMM5-Models\OWA_EXTRAN/extran4_slot_zero_width.inp
Model group: SWMM5 - extran4_slot_zero_width

PHASE 1: Import SWMM5 file
  Model group created with ID: 61
  Importing: extran4_slot_zero_width.inp
  SUCCESS: Imported 6 objects
  Network statistics:
    Nodes: 10
    Links: 10
    Subcatchments: 0
  Network committed

  Cleaning up empty label lists...
    Found Label List: extran4_slot_zero_width
  WARNING: Error checking label list: no such field
      Has content - keeping
    No empty label lists found

  PHASE 2: Validation
    No validation warnings

  Import successful

======================================================================
[61/82] FILE: extran5.inp
======================================================================
Full path: C:\Users\dickinro\OneDrive - Autodesk\Documents\GitHub\1729-SWMM5-Models\OWA_EXTRAN/extran5.inp
Model group: SWMM5 - extran5

PHASE 1: Import SWMM5 file
  Model group created with ID: 62
  Importing: extran5.inp
  SUCCESS: Imported 6 objects
  Network statistics:
    Nodes: 11
    Links: 10
    Subcatchments: 0
  Network committed

  Cleaning up empty label lists...
    Found Label List: extran5
  WARNING: Error checking label list: no such field
      Has content - keeping
    No empty label lists found

  PHASE 2: Validation
    No validation warnings

  Import successful

======================================================================
[62/82] FILE: extran5_slot.inp
======================================================================
Full path: C:\Users\dickinro\OneDrive - Autodesk\Documents\GitHub\1729-SWMM5-Models\OWA_EXTRAN/extran5_slot.inp
Model group: SWMM5 - extran5_slot

PHASE 1: Import SWMM5 file
  Model group created with ID: 63
  Importing: extran5_slot.inp
  SUCCESS: Imported 6 objects
  Network statistics:
    Nodes: 11
    Links: 10
    Subcatchments: 0
  Network committed

  Cleaning up empty label lists...
    Found Label List: extran5_slot
  WARNING: Error checking label list: no such field
      Has content - keeping
    No empty label lists found

  PHASE 2: Validation
    No validation warnings

  Import successful

======================================================================
[63/82] FILE: extran6.inp
======================================================================
Full path: C:\Users\dickinro\OneDrive - Autodesk\Documents\GitHub\1729-SWMM5-Models\OWA_EXTRAN/extran6.inp
Model group: SWMM5 - extran6

PHASE 1: Import SWMM5 file
  Model group created with ID: 64
  Importing: extran6.inp
  SUCCESS: Imported 6 objects
  Network statistics:
    Nodes: 11
    Links: 11
    Subcatchments: 0
  Network committed

  Cleaning up empty label lists...
    Found Label List: extran6
  WARNING: Error checking label list: no such field
      Has content - keeping
    No empty label lists found

  PHASE 2: Validation
    No validation warnings

  Import successful

======================================================================
[64/82] FILE: extran6_slot.inp
======================================================================
Full path: C:\Users\dickinro\OneDrive - Autodesk\Documents\GitHub\1729-SWMM5-Models\OWA_EXTRAN/extran6_slot.inp
Model group: SWMM5 - extran6_slot

PHASE 1: Import SWMM5 file
  Model group created with ID: 65
  Importing: extran6_slot.inp
  SUCCESS: Imported 6 objects
  Network statistics:
    Nodes: 11
    Links: 11
    Subcatchments: 0
  Network committed

  Cleaning up empty label lists...
    Found Label List: extran6_slot
  WARNING: Error checking label list: no such field
      Has content - keeping
    No empty label lists found

  PHASE 2: Validation
    No validation warnings

  Import successful

======================================================================
[65/82] FILE: extran6_type1.inp
======================================================================
Full path: C:\Users\dickinro\OneDrive - Autodesk\Documents\GitHub\1729-SWMM5-Models\OWA_EXTRAN/extran6_type1.inp
Model group: SWMM5 - extran6_type1

PHASE 1: Import SWMM5 file
  Model group created with ID: 66
  Importing: extran6_type1.inp
  SUCCESS: Imported 6 objects
  Network statistics:
    Nodes: 11
    Links: 11
    Subcatchments: 0
  Network committed

  Cleaning up empty label lists...
    Found Label List: extran6_type1
  WARNING: Error checking label list: no such field
      Has content - keeping
    No empty label lists found

  PHASE 2: Validation
    No validation warnings

  Import successful

======================================================================
[66/82] FILE: extran7.inp
======================================================================
Full path: C:\Users\dickinro\OneDrive - Autodesk\Documents\GitHub\1729-SWMM5-Models\OWA_EXTRAN/extran7.inp
Model group: SWMM5 - extran7

PHASE 1: Import SWMM5 file
  Model group created with ID: 67
  Importing: extran7.inp
  SUCCESS: Imported 6 objects
  Network statistics:
    Nodes: 10
    Links: 10
    Subcatchments: 0
  Network committed

  Cleaning up empty label lists...
    Found Label List: extran7
  WARNING: Error checking label list: no such field
      Has content - keeping
    No empty label lists found

  PHASE 2: Validation
    No validation warnings

  Import successful

======================================================================
[67/82] FILE: extran7_high_pump_rate.inp
======================================================================
Full path: C:\Users\dickinro\OneDrive - Autodesk\Documents\GitHub\1729-SWMM5-Models\OWA_EXTRAN/extran7_high_pump_rate.inp
Model group: SWMM5 - extran7_high_pump_rate

PHASE 1: Import SWMM5 file
  Model group created with ID: 68
  Importing: extran7_high_pump_rate.inp
  SUCCESS: Imported 6 objects
  Network statistics:
    Nodes: 10
    Links: 10
    Subcatchments: 0
  Network committed

  Cleaning up empty label lists...
    Found Label List: extran7_high_pump_rate
  WARNING: Error checking label list: no such field
      Has content - keeping
    No empty label lists found

  PHASE 2: Validation
    No validation warnings

  Import successful

======================================================================
[68/82] FILE: extran7_rules.inp
======================================================================
Full path: C:\Users\dickinro\OneDrive - Autodesk\Documents\GitHub\1729-SWMM5-Models\OWA_EXTRAN/extran7_rules.inp
Model group: SWMM5 - extran7_rules

PHASE 1: Import SWMM5 file
  Model group created with ID: 69
  Importing: extran7_rules.inp
  SUCCESS: Imported 6 objects
  Network statistics:
    Nodes: 10
    Links: 10
    Subcatchments: 0
  Network committed

  Cleaning up empty label lists...
    Found Label List: extran7_rules
  WARNING: Error checking label list: no such field
      Has content - keeping
    No empty label lists found

  PHASE 2: Validation
    No validation warnings

  Import successful

======================================================================
[69/82] FILE: extran7_slot.inp
======================================================================
Full path: C:\Users\dickinro\OneDrive - Autodesk\Documents\GitHub\1729-SWMM5-Models\OWA_EXTRAN/extran7_slot.inp
Model group: SWMM5 - extran7_slot

PHASE 1: Import SWMM5 file
  Model group created with ID: 70
  Importing: extran7_slot.inp
  SUCCESS: Imported 6 objects
  Network statistics:
    Nodes: 10
    Links: 10
    Subcatchments: 0
  Network committed

  Cleaning up empty label lists...
    Found Label List: extran7_slot
  WARNING: Error checking label list: no such field
      Has content - keeping
    No empty label lists found

  PHASE 2: Validation
    No validation warnings

  Import successful

======================================================================
[70/82] FILE: extran7_type3_high_pump_rate.inp
======================================================================
Full path: C:\Users\dickinro\OneDrive - Autodesk\Documents\GitHub\1729-SWMM5-Models\OWA_EXTRAN/extran7_type3_high_pump_rate.inp
Model group: SWMM5 - extran7_type3_high_pump_rate

PHASE 1: Import SWMM5 file
  Model group created with ID: 71
  Importing: extran7_type3_high_pump_rate.inp
  SUCCESS: Imported 6 objects
  Network statistics:
    Nodes: 10
    Links: 10
    Subcatchments: 0
  Network committed

  Cleaning up empty label lists...
    Found Label List: extran7_type3_high_pump_rate
  WARNING: Error checking label list: no such field
      Has content - keeping
    No empty label lists found

  PHASE 2: Validation
    No validation warnings

  Import successful

======================================================================
[71/82] FILE: extran8a.inp
======================================================================
Full path: C:\Users\dickinro\OneDrive - Autodesk\Documents\GitHub\1729-SWMM5-Models\OWA_EXTRAN/extran8a.inp
Model group: SWMM5 - extran8a

PHASE 1: Import SWMM5 file
  Model group created with ID: 72
  Importing: extran8a.inp
  SUCCESS: Imported 5 objects
  Network statistics:
    Nodes: 10
    Links: 9
    Subcatchments: 0
  Network committed

  Cleaning up empty label lists...
    Found Label List: extran8a
  WARNING: Error checking label list: no such field
      Has content - keeping
    No empty label lists found

  PHASE 2: Validation
    No validation warnings

  Import successful

======================================================================
[72/82] FILE: extran8a_slot.inp
======================================================================
Full path: C:\Users\dickinro\OneDrive - Autodesk\Documents\GitHub\1729-SWMM5-Models\OWA_EXTRAN/extran8a_slot.inp
Model group: SWMM5 - extran8a_slot

PHASE 1: Import SWMM5 file
  Model group created with ID: 73
  Importing: extran8a_slot.inp
  SUCCESS: Imported 5 objects
  Network statistics:
    Nodes: 10
    Links: 9
    Subcatchments: 0
  Network committed

  Cleaning up empty label lists...
    Found Label List: extran8a_slot
  WARNING: Error checking label list: no such field
      Has content - keeping
    No empty label lists found

  PHASE 2: Validation
    No validation warnings

  Import successful

======================================================================
[73/82] FILE: extran8b.inp
======================================================================
Full path: C:\Users\dickinro\OneDrive - Autodesk\Documents\GitHub\1729-SWMM5-Models\OWA_EXTRAN/extran8b.inp
Model group: SWMM5 - extran8b

PHASE 1: Import SWMM5 file
  Model group created with ID: 74
  Importing: extran8b.inp
  SUCCESS: Imported 6 objects
  Network statistics:
    Nodes: 10
    Links: 9
    Subcatchments: 0
  Network committed

  Cleaning up empty label lists...
    Found Label List: extran8b
  WARNING: Error checking label list: no such field
      Has content - keeping
    No empty label lists found

  PHASE 2: Validation
    No validation warnings

  Import successful

======================================================================
[74/82] FILE: extran8b_slot.inp
======================================================================
Full path: C:\Users\dickinro\OneDrive - Autodesk\Documents\GitHub\1729-SWMM5-Models\OWA_EXTRAN/extran8b_slot.inp
Model group: SWMM5 - extran8b_slot

PHASE 1: Import SWMM5 file
  Model group created with ID: 75
  Importing: extran8b_slot.inp
  SUCCESS: Imported 6 objects
  Network statistics:
    Nodes: 10
    Links: 9
    Subcatchments: 0
  Network committed

  Cleaning up empty label lists...
    Found Label List: extran8b_slot
  WARNING: Error checking label list: no such field
      Has content - keeping
    No empty label lists found

  PHASE 2: Validation
    No validation warnings

  Import successful

======================================================================
[75/82] FILE: extran9.inp
======================================================================
Full path: C:\Users\dickinro\OneDrive - Autodesk\Documents\GitHub\1729-SWMM5-Models\OWA_EXTRAN/extran9.inp
Model group: SWMM5 - extran9

PHASE 1: Import SWMM5 file
  Model group created with ID: 76
  Importing: extran9.inp
  SUCCESS: Imported 6 objects
  Network statistics:
    Nodes: 2
    Links: 1
    Subcatchments: 0
  Network committed

  Cleaning up empty label lists...
    Found Label List: extran9
  WARNING: Error checking label list: no such field
      Has content - keeping
    No empty label lists found

  PHASE 2: Validation
    No validation warnings

  Import successful

======================================================================
[76/82] FILE: extran9_slot.inp
======================================================================
Full path: C:\Users\dickinro\OneDrive - Autodesk\Documents\GitHub\1729-SWMM5-Models\OWA_EXTRAN/extran9_slot.inp
Model group: SWMM5 - extran9_slot

PHASE 1: Import SWMM5 file
  Model group created with ID: 77
  Importing: extran9_slot.inp
  SUCCESS: Imported 6 objects
  Network statistics:
    Nodes: 2
    Links: 1
    Subcatchments: 0
  Network committed

  Cleaning up empty label lists...
    Found Label List: extran9_slot
  WARNING: Error checking label list: no such field
      Has content - keeping
    No empty label lists found

  PHASE 2: Validation
    No validation warnings

  Import successful

======================================================================
[77/82] FILE: extran9_with_slash.inp
======================================================================
Full path: C:\Users\dickinro\OneDrive - Autodesk\Documents\GitHub\1729-SWMM5-Models\OWA_EXTRAN/extran9_with_slash.inp
Model group: SWMM5 - extran9_with_slash

PHASE 1: Import SWMM5 file
  Model group created with ID: 78
  Importing: extran9_with_slash.inp
  SUCCESS: Imported 6 objects
  Network statistics:
    Nodes: 2
    Links: 1
    Subcatchments: 0
  Network committed

  Cleaning up empty label lists...
    Found Label List: extran9_with_slash
  WARNING: Error checking label list: no such field
      Has content - keeping
    No empty label lists found

  PHASE 2: Validation
    No validation warnings

  Import successful

======================================================================
[78/82] FILE: longTS_extran1.inp
======================================================================
Full path: C:\Users\dickinro\OneDrive - Autodesk\Documents\GitHub\1729-SWMM5-Models\OWA_EXTRAN/longTS_extran1.inp
Model group: SWMM5 - longTS_extran1

PHASE 1: Import SWMM5 file
  Model group created with ID: 79
  Importing: longTS_extran1.inp
  SUCCESS: Imported 6 objects
  Network statistics:
    Nodes: 10
    Links: 9
    Subcatchments: 0
  Network committed

  Cleaning up empty label lists...
    Found Label List: longTS_extran1
  WARNING: Error checking label list: no such field
      Has content - keeping
    No empty label lists found

  PHASE 2: Validation
    No validation warnings

  Import successful

======================================================================
[79/82] FILE: mod_extran1.inp
======================================================================
Full path: C:\Users\dickinro\OneDrive - Autodesk\Documents\GitHub\1729-SWMM5-Models\OWA_EXTRAN/mod_extran1.inp
Model group: SWMM5 - mod_extran1

PHASE 1: Import SWMM5 file
  Model group created with ID: 80
  Importing: mod_extran1.inp
  SUCCESS: Imported 6 objects
  Network statistics:
    Nodes: 10
    Links: 9
    Subcatchments: 0
  Network committed

  Cleaning up empty label lists...
    Found Label List: mod_extran1
  WARNING: Error checking label list: no such field
      Has content - keeping
    No empty label lists found

  PHASE 2: Validation
    No validation warnings

  Import successful

======================================================================
[80/82] FILE: PumpRTC_exam1.inp
======================================================================
Full path: C:\Users\dickinro\OneDrive - Autodesk\Documents\GitHub\1729-SWMM5-Models\OWA_EXTRAN/PumpRTC_exam1.inp
Model group: SWMM5 - PumpRTC_exam1

PHASE 1: Import SWMM5 file
  Model group created with ID: 81
  Importing: PumpRTC_exam1.inp
  SUCCESS: Imported 6 objects
  Network statistics:
    Nodes: 10
    Links: 11
    Subcatchments: 0
  Network committed

  Cleaning up empty label lists...
    Found Label List: PumpRTC_exam1
  WARNING: Error checking label list: no such field
      Has content - keeping
    No empty label lists found

  PHASE 2: Validation
    No validation warnings

  Import successful

======================================================================
[81/82] FILE: SI_very_simple_cfs_flow_import_ICM_SWMM.inp
======================================================================
Full path: C:\Users\dickinro\OneDrive - Autodesk\Documents\GitHub\1729-SWMM5-Models\OWA_EXTRAN/SI_very_simple_cfs_flow_import_ICM_SWMM.inp
Model group: SWMM5 - SI_very_simple_cfs_flow_import_ICM_SWMM

PHASE 1: Import SWMM5 file
  Model group created with ID: 82
  Importing: SI_very_simple_cfs_flow_import_ICM_SWMM.inp
  SUCCESS: Imported 6 objects
  Network statistics:
    Nodes: 2
    Links: 1
    Subcatchments: 0
  Network committed

  Cleaning up empty label lists...
    Found Label List: SI_very_simple_cfs_flow_import_ICM_SWMM
  WARNING: Error checking label list: no such field
      Has content - keeping
    No empty label lists found

  PHASE 2: Validation
    No validation warnings

  Import successful

======================================================================
[82/82] FILE: very_simple_cfs_flow_import_ICM_SWMM.inp
======================================================================
Full path: C:\Users\dickinro\OneDrive - Autodesk\Documents\GitHub\1729-SWMM5-Models\OWA_EXTRAN/very_simple_cfs_flow_import_ICM_SWMM.inp
Model group: SWMM5 - very_simple_cfs_flow_import_ICM_SWMM

PHASE 1: Import SWMM5 file
  Model group created with ID: 83
  Importing: very_simple_cfs_flow_import_ICM_SWMM.inp
  SUCCESS: Imported 6 objects
  Network statistics:
    Nodes: 2
    Links: 1
    Subcatchments: 0
  Network committed

  Cleaning up empty label lists...
    Found Label List: very_simple_cfs_flow_import_ICM_SWMM
  WARNING: Error checking label list: no such field
      Has content - keeping
    No empty label lists found

  PHASE 2: Validation
    No validation warnings

  Import successful

======================================================================
BATCH IMPORT SUMMARY
======================================================================

Import Mode: Batch - Directory Only
Files processed: 82
Successful: 82
Failed: 0

Aggregate Statistics:
  Total nodes: 743
  Total links: 721
  Total subcatchments: 0

======================================================================
Batch import completed!
Log file: C:\Users\dickinro\OneDrive - Autodesk\Documents\GitHub\1729-SWMM5-Models\OWA_EXTRAN/ICM Import Log Files/SWMM5_Batch_Import_20251029_153913.log
======================================================================
