
  EPA STORM WATER MANAGEMENT MODEL - VERSION 5.2 (Build 5.2.4)
  ------------------------------------------------------------

  
  ERROR 205: invalid keyword CROWN_CUTOFF at line 191 of [OPTION] section:
  CROWN_CUTOFF
  
  ERROR 207: duplicate ID name 1 at line 202 of [JUNC] section:
  1               	8.326     	11.674    	0         	0         	0         

  
  ERROR 207: duplicate ID name 2 at line 207 of [OUTFALL] section:
  2               	5.437     	FREE      	                	NO      	                

  
  ERROR 207: duplicate ID name 9 at line 208 of [OUTFALL] section:
  9               	0.4       	FREE      	                	NO      	                

  
  ERROR 207: duplicate ID name ST1 at line 213 of [STORAGE] section:
  ST1             	1.797   	20        	0         	TABULAR   	STORAGE                     	0       	0       

  
  ERROR 207: duplicate ID name ST2 at line 214 of [STORAGE] section:
  ST2             	0.587   	20        	0         	TABULAR   	STORAGE                     	0       	0       

  
  ERROR 207: duplicate ID name IN at line 219 of [CONDUIT] section:
  IN              	1               	ST1             	100       	0.013     	0         	6.154     	0         	0         

  
  ERROR 207: duplicate ID name OUT at line 220 of [CONDUIT] section:
  OUT             	ST1             	2               	100       	0.013     	6.15      	0         	0         	0         

  
  ERROR 207: duplicate ID name TUNNEL at line 221 of [CONDUIT] section:
  TUNNEL          	ST1             	ST2             	500       	0.013     	0         	0         	0         	0         

  
  ERROR 207: duplicate ID name GATE at line 226 of [ORIFICE] section:
  GATE            	ST2             	9               	SIDE        	0         	0         	NO      	0         


  Analysis begun on:  Tue Aug  5 11:09:43 2025
  Analysis ended on:  Tue Aug  5 11:09:43 2025
  Total elapsed time: < 1 sec