
  EPA STORM WATER MANAGEMENT MODEL - VERSION 5.2 (Build 5.2.4)
  ------------------------------------------------------------

  
  ERROR 205: invalid keyword CROWN_CUTOFF at line 268 of [OPTION] section:
  CROWN_CUTOFF
  
  ERROR 207: duplicate ID name 1 at line 279 of [RAINGAGE] section:
  1               	INTENSITY	0:15    	1.0     	TIMESERIES	Rainfall        

  
  ERROR 207: duplicate ID name Dummy at line 280 of [RAINGAGE] section:
  Dummy           	INTENSITY	1:00    	1.0     	TIMESERIES	Dummy           

  
  ERROR 207: duplicate ID name 1 at line 285 of [SUBCATCHMENT] section:
  1               	1               	2               	5       	100     	140     	0.5     	0       	                

  
  ERROR 207: duplicate ID name 2 at line 286 of [SUBCATCHMENT] section:
  2               	Dummy           	3               	0.5     	100     	500     	0.5     	0       	                

  
  ERROR 207: duplicate ID name 3 at line 318 of [JUNC] section:
  3               	0         	0         	0         	0         	0         

  
  ERROR 207: duplicate ID name 4 at line 319 of [JUNC] section:
  4               	0         	0         	0         	0         	0         

  
  ERROR 207: duplicate ID name TSS at line 324 of [POLLUT] section:
  TSS             	MG/L  	0.0       	0.0       	0.0       	0.0       	NO        	*               	0.0       	0.0       	0.0       

  
  ERROR 207: duplicate ID name All at line 330 of [LANDUSE] section:
  All             	0         	0         	0         


  Analysis begun on:  Tue Aug  5 11:09:43 2025
  Analysis ended on:  Tue Aug  5 11:09:43 2025
  Total elapsed time: < 1 sec