
  EPA STORM WATER MANAGEMENT MODEL - VERSION 5.2 (Build 5.2.4)
  ------------------------------------------------------------

  
  ERROR 203: too few items at line 43 of [HYDROGRAPH] section:
  10	

  
  ERROR 209: undefined object KITCHENER at line 48 of [HYDROGRAPH] section:
  12	KITCHENER

  
  ERROR 209: undefined object KITCHENER at line 53 of [HYDROGRAPH] section:
  3	KITCHENER

  
  ERROR 209: undefined object KITCHENER at line 58 of [HYDROGRAPH] section:
  7	KITCHENER

  
  ERROR 209: undefined object KITCHENER at line 63 of [HYDROGRAPH] section:
  8	KITCHENER

  
  ERROR 209: undefined object KITCHENER at line 68 of [HYDROGRAPH] section:
  9	KITCHENER

  
  ERROR 203: too few items at line 73 of [HYDROGRAPH] section:
  KITCHENER	

  
  ERROR 209: undefined object KITCHENER at line 78 of [HYDROGRAPH] section:
  SITE1	KITCHENER

  
  ERROR 209: undefined object KITCHENER at line 83 of [HYDROGRAPH] section:
  SITE11	KITCHENER

  
  ERROR 209: undefined object KITCHENER at line 88 of [HYDROGRAPH] section:
  SITE13	KITCHENER

  
  ERROR 209: undefined object KITCHENER at line 93 of [HYDROGRAPH] section:
  SITE14	KITCHENER

  
  ERROR 209: undefined object KITCHENER at line 98 of [HYDROGRAPH] section:
  SITE15	KITCHENER

  
  ERROR 209: undefined object KITCHENER at line 103 of [HYDROGRAPH] section:
  SITE16	KITCHENER

  
  ERROR 209: undefined object KITCHENER at line 108 of [HYDROGRAPH] section:
  SITE17	KITCHENER

  
  ERROR 209: undefined object KITCHENER at line 113 of [HYDROGRAPH] section:
  SITE2	KITCHENER

  
  ERROR 209: undefined object KITCHENER at line 118 of [HYDROGRAPH] section:
  SITE3	KITCHENER

  
  ERROR 209: undefined object KITCHENER at line 123 of [HYDROGRAPH] section:
  SITE4	KITCHENER

  
  ERROR 209: undefined object KITCHENER at line 128 of [HYDROGRAPH] section:
  SITE5	KITCHENER

  
  ERROR 209: undefined object KITCHENER at line 133 of [HYDROGRAPH] section:
  SITE6	KITCHENER

  
  ERROR 209: undefined object 1855 at line 22786 of [CONDUIT] section:
  100482	300434	1855	5.823635	0.013000	296.800000	296.775000	0.000000	0.000000

  
  ERROR 209: undefined object 1853 at line 23782 of [CONDUIT] section:
  101035	300920	1853	28.877745	0.013000	290.063000	289.870000	0.000000	0.000000

  
  ERROR 209: undefined object 1858 at line 25036 of [CONDUIT] section:
  101711	301493	1858	18.699370	0.013000	317.385000	317.303000	0.000000	0.000000

  
  ERROR 209: undefined object 1843 at line 25896 of [CONDUIT] section:
  102148	301893	1843	26.478285	0.013000	314.904000	314.250000	0.000000	0.000000

  
  ERROR 209: undefined object 1854 at line 26624 of [CONDUIT] section:
  102538	302255	1854	14.917446	0.013000	298.422000	298.321000	0.000000	0.000000

  
  ERROR 209: undefined object 1856 at line 26990 of [CONDUIT] section:
  102722	302428	1856	26.301411	0.013000	315.171000	315.168000	0.000000	0.000000

  
  ERROR 209: undefined object 2249 at line 27408 of [CONDUIT] section:
  103060	303147	2249	8.297535	0.013000	280.610000	280.585000	0.000000	0.000000

  
  ERROR 209: undefined object 1850 at line 27514 of [CONDUIT] section:
  103114	303244	1850	33.107424	0.013000	276.150000	275.840000	0.000000	0.000000

  
  ERROR 209: undefined object 1850 at line 27516 of [CONDUIT] section:
  103115	303176	1850	17.384946	0.013000	279.959000	279.806000	0.000000	0.000000

  
  ERROR 209: undefined object 1861 at line 27740 of [CONDUIT] section:
  103230	303274	1861	14.407274	0.013000	290.550000	290.480000	0.000000	0.000000

  
  ERROR 209: undefined object 1857 at line 28318 of [CONDUIT] section:
  103735	303365	1857	19.716278	0.013000	307.228000	307.130000	0.000000	0.000000

  
  ERROR 209: undefined object 1863 at line 31298 of [CONDUIT] section:
  105463	304768	1863	5.536876	0.013000	325.526000	325.440000	0.000000	0.000000

  
  ERROR 209: undefined object 1867 at line 31450 of [CONDUIT] section:
  105792	305573	1867	34.872792	0.013000	301.302000	301.199000	0.000000	0.000000

  
  ERROR 209: undefined object 1867 at line 31590 of [CONDUIT] section:
  105863	305589	1867	31.731744	0.013000	300.996000	300.439000	0.000000	0.000000

  
  ERROR 209: undefined object 1867 at line 31592 of [CONDUIT] section:
  105864	305575	1867	15.493062	0.013000	301.304000	301.109000	0.000000	0.000000

  
  ERROR 209: undefined object 1862 at line 31716 of [CONDUIT] section:
  105928	305393	1862	33.712070	0.013000	318.172000	317.998000	0.000000	0.000000

  
  ERROR 209: undefined object 1863 at line 32776 of [CONDUIT] section:
  106473	305961	1863	33.549756	0.013000	325.438000	325.330000	0.000000	0.000000

  
  ERROR 209: undefined object 1866 at line 39046 of [CONDUIT] section:
  110584	309910	1866	14.762444	0.013000	347.052000	346.810000	0.000000	0.000000

  
  ERROR 209: undefined object 2730 at line 39518 of [CONDUIT] section:
  110832	310128	2730	9.899747	0.013000	333.800000	333.400000	0.000000	0.000000

  
  ERROR 209: undefined object 2696 at line 39668 of [CONDUIT] section:
  110912	310313	2696	16.827508	0.013000	295.440000	295.354000	0.000000	0.000000

  
  ERROR 209: undefined object 1864 at line 40814 of [CONDUIT] section:
  118498	311084	1864	8.225005	0.013000	281.680000	281.300000	0.000000	0.000000

  
  ERROR 209: undefined object 1842 at line 41346 of [CONDUIT] section:
  118789	311365	1842	19.802486	0.013000	321.380000	321.230000	0.000000	0.000000

  
  ERROR 209: undefined object 1859 at line 41926 of [CONDUIT] section:
  119380	311719	1859	5.808530	0.013000	299.507000	299.490000	0.000000	0.000000

  
  ERROR 209: undefined object 2700 at line 42366 of [CONDUIT] section:
  119692	312100	2700	77.337582	0.013000	296.530000	296.420000	0.000000	0.000000

  
  ERROR 209: undefined object 3193 at line 44216 of [CONDUIT] section:
  2000152	2000148	3193	13.936240	0.013000	301.560000	301.000000	0.000000	0.000000

  
  ERROR 209: undefined object 1850 at line 45097 of [CONDUIT] section:
  CDT-139	1850	OFALL-24	10.386606	0.013000	282.000000	276.600000	0.000000	0.000000

  
  ERROR 209: undefined object 1866 at line 45103 of [CONDUIT] section:
  CDT-145	1866	OFALL-30	11.799066	0.013000	350.072000	349.800000	0.000000	0.000000

  
  ERROR 209: undefined object 3189 at line 45171 of [CONDUIT] section:
  CDT-83	JCT-218	3189	11.352984	0.013000	331.540000	331.456000	0.000000	0.000000

  
  ERROR 209: undefined object 2699 at line 45179 of [CONDUIT] section:
  CDT-91	JCT-228	2699	7.111319	0.013000	288.594000	288.000000	0.000000	0.000000

  
  ERROR 209: undefined object 2698 at line 45187 of [CONDUIT] section:
  DONALD_MILNE-INLET-PIPE	DONALD-MILNE-INLET	2698	11.647764	0.013000	344.300000	343.830000	0.000000	0.000000

  
  ERROR 209: undefined object 2698 at line 45189 of [CONDUIT] section:
  DONALD_OVF-PIPE	2698	DONALD-MILNE-OVF-1	21.361388	0.013000	348.000000	348.500000	0.000000	0.000000

  
  ERROR 209: undefined object 1855 at line 45191 of [CONDUIT] section:
  FREEPORT-WET-WELL-OVF	1855	WET-WELL-OVERFLOW	10.024928	0.013000	299.000000	296.500000	0.000000	0.000000

  
  ERROR 209: undefined object 2696 at line 69049 of [DWF] section:
  2696	FLOW	1.233913	""	""	""	""


  Analysis begun on:  Tue Aug  5 17:01:05 2025
  Analysis ended on:  Tue Aug  5 17:01:06 2025
  Total elapsed time: 00:00:01