
  EPA STORM WATER MANAGEMENT MODEL - VERSION 5.2 (Build 5.2.4)
  ------------------------------------------------------------

  WARNING 03: negative offset ignored for Link C3
  
  ****************
  Analysis Options
  ****************
  Flow Units ............... GPM
  Process Models:
    Rainfall/Runoff ........ NO
    RDII ................... NO
    Snowmelt ............... NO
    Groundwater ............ NO
    Flow Routing ........... YES
    Ponding Allowed ........ YES
    Water Quality .......... NO
  Flow Routing Method ...... DYNWAVE
  Surcharge Method ......... EXTRAN
  Starting Date ............ 06/01/2012 00:00:00
  Ending Date .............. 06/01/2012 23:55:00
  Antecedent Dry Days ...... 5.0
  Report Time Step ......... 00:00:10
  Routing Time Step ........ 2.00 sec
  Variable Time Step ....... YES
  Maximum Trials ........... 8
  Number of Threads ........ 1
  Head Tolerance ........... 0.000010 ft
  
  
  **************************        Volume        Volume
  Flow Routing Continuity        acre-feet      10^6 gal
  **************************     ---------     ---------
  Dry Weather Inflow .......         0.077         0.025
  Wet Weather Inflow .......         0.000         0.000
  Groundwater Inflow .......         0.000         0.000
  RDII Inflow ..............         0.000         0.000
  External Inflow ..........         0.004         0.001
  External Outflow .........         0.223         0.073
  Flooding Loss ............         0.004         0.001
  Evaporation Loss .........         0.000         0.000
  Exfiltration Loss ........         0.000         0.000
  Initial Stored Volume ....         0.000         0.000
  Final Stored Volume ......         0.016         0.005
  Continuity Error (%) .....      -196.390
  
  
  *************************
  Highest Continuity Errors
  *************************
  Node PS-3 (9.69%)
  Node PS-6 (9.32%)
  Node 41 (8.65%)
  Node 71 (7.27%)
  Node 72 (7.24%)
  
  
  ***************************
  Time-Step Critical Elements
  ***************************
  None
  
  
  ********************************
  Highest Flow Instability Indexes
  ********************************
  All links are stable.
  
  
  *********************************
  Most Frequent Nonconverging Nodes
  *********************************
  Node 12 (9.53%)
  Node 10 (4.62%)
  Node 7 (3.10%)
  Node 8 (3.03%)
  Node 9 (2.96%)
  
  
  *************************
  Routing Time Step Summary
  *************************
  Minimum Time Step           :     2.00 sec
  Average Time Step           :     2.00 sec
  Maximum Time Step           :     2.00 sec
  % of Time in Steady State   :     0.00
  Average Iterations per Step :     2.79
  % of Steps Not Converging   :     9.53
  Time Step Frequencies       :
      2.000 -  0.437 sec      :   100.00 %
      0.437 -  0.096 sec      :     0.00 %
      0.096 -  0.021 sec      :     0.00 %
      0.021 -  0.005 sec      :     0.00 %
      0.005 -  0.001 sec      :     0.00 %
  
  
  ******************
  Node Depth Summary
  ******************
  
  ---------------------------------------------------------------------------------
                                 Average  Maximum  Maximum  Time of Max    Reported
                                   Depth    Depth      HGL   Occurrence   Max Depth
  Node                 Type         Feet     Feet     Feet  days hr:min        Feet
  ---------------------------------------------------------------------------------
  1                    JUNCTION     0.05     0.21   397.84     0  13:47        0.21
  10                   JUNCTION     0.12     0.38   467.80     0  06:35        0.38
  11                   JUNCTION     0.34     1.08   467.62     0  06:35        1.07
  2                    JUNCTION     0.05     0.13   397.30     0  13:49        0.13
  21                   JUNCTION     0.02     0.02   396.48     0  15:36        0.02
  22                   JUNCTION     0.03     0.03   395.15     0  04:09        0.03
  24                   JUNCTION     0.01     0.20   398.46     0  13:47        0.20
  3                    JUNCTION     0.05     0.13   395.21     0  18:25        0.13
  30                   JUNCTION     0.02     0.02   425.28     0  11:12        0.02
  31                   JUNCTION     0.13     0.13   422.23     0  07:07        0.13
  32                   JUNCTION     0.02     0.02   420.50     0  08:57        0.02
  33                   JUNCTION     0.04     0.04   412.13     0  09:46        0.04
  34                   JUNCTION     0.04     0.04   411.58     0  03:39        0.04
  35                   JUNCTION     0.03     0.03   409.89     0  17:35        0.03
  4                    JUNCTION     0.09     0.20   394.24     0  18:28        0.20
  40                   JUNCTION     0.02     0.02   403.11     0  00:03        0.02
  42                   JUNCTION     0.02     0.14   411.52     0  14:12        0.14
  43                   JUNCTION     0.00     0.00   420.73     0  00:00        0.00
  44                   JUNCTION     0.00     0.00   415.92     0  00:00        0.00
  45                   JUNCTION     0.01     0.06   411.16     0  14:12        0.06
  50                   JUNCTION     0.01     0.01   433.82     0  23:07        0.01
  51                   JUNCTION     0.01     0.01   430.11     0  08:52        0.01
  52                   JUNCTION     0.02     0.02   425.39     0  16:25        0.02
  53                   JUNCTION     0.01     0.01   423.02     0  02:33        0.01
  54                   JUNCTION     0.01     0.01   403.99     0  05:30        0.01
  6                    JUNCTION     0.09     0.44   435.70     0  13:56        0.44
  60                   JUNCTION     0.00     0.00   413.50     0  00:00        0.00
  61                   JUNCTION     0.00     0.00   410.94     0  00:00        0.00
  62                   JUNCTION     0.00     0.00   407.02     0  00:00        0.00
  63                   JUNCTION     0.00     0.00   403.24     0  00:00        0.00
  70                   JUNCTION     0.00     0.00   437.79     0  05:29        0.00
  71                   JUNCTION     0.05     0.05   436.69     0  13:52        0.05
  72                   JUNCTION     0.93     0.96   436.69     0  22:24        0.96
  73                   JUNCTION     0.41     0.42   436.62     0  10:36        0.42
  8                    JUNCTION     0.11     0.37   471.36     0  06:34        0.37
  80                   JUNCTION     0.01     0.01   443.09     0  17:20        0.01
  81                   JUNCTION     0.01     0.01   431.97     0  00:49        0.01
  83                   JUNCTION     0.01     0.01   445.73     0  05:14        0.01
  84                   JUNCTION     0.02     0.02   441.54     0  16:28        0.02
  86                   JUNCTION     0.00     0.00   442.08     0  00:00        0.00
  87                   JUNCTION     0.00     0.00   435.54     0  00:00        0.00
  9                    JUNCTION     0.11     0.36   469.49     0  06:35        0.36
  PS-1                 JUNCTION     0.00     0.00   433.50     0  00:00        0.00
  PS-2                 JUNCTION     0.00     0.00   441.50     0  00:00        0.00
  PS-3                 JUNCTION     2.47   104.55   545.75     0  03:34      104.55
  PS-4                 JUNCTION    12.13   104.81   505.25     0  05:55      104.81
  PS-5                 JUNCTION     6.15   104.50   508.25     0  04:02      104.50
  PS-6                 JUNCTION     0.65   105.12   502.25     0  09:10      105.07
  12                   OUTFALL      0.12     0.39   467.12     0  06:35        0.39
  23                   STORAGE      1.29     2.00   393.48     0  22:55        2.00
  41                   STORAGE      1.12     1.50   401.35     0  05:53        1.50
  5                    STORAGE      1.88     3.00   391.76     0  13:55        3.00
  7                    STORAGE      1.87     3.06   433.73     0  22:55        3.05
  82                   STORAGE      0.91     1.83   426.69     0  23:55        1.83
  85                   STORAGE      0.64     1.29   429.32     0  23:55        1.29
  
  
  *******************
  Node Inflow Summary
  *******************
  
  -------------------------------------------------------------------------------------------------
                                  Maximum  Maximum                  Lateral       Total        Flow
                                  Lateral    Total  Time of Max      Inflow      Inflow     Balance
                                   Inflow   Inflow   Occurrence      Volume      Volume       Error
  Node                 Type           GPM      GPM  days hr:min    10^6 gal    10^6 gal     Percent
  -------------------------------------------------------------------------------------------------
  1                    JUNCTION      0.00    67.55     0  13:47           0     0.00654      -0.008
  10                   JUNCTION      0.00   309.50     0  06:35           0      0.0725       0.011
  11                   JUNCTION      0.00   307.75     0  06:35           0      0.0725      -0.114
  2                    JUNCTION      0.00    65.67     0  13:47           0     0.00654       0.567
  21                   JUNCTION      0.69     0.69     0  00:00     0.00099     0.00099       0.157
  22                   JUNCTION      0.00     0.69     0  05:56           0    0.000989       0.317
  24                   JUNCTION      0.00    70.13     0  22:55           0    0.000681     -29.531
  3                    JUNCTION      0.00    36.34     0  18:24           0     0.00774       0.142
  30                   JUNCTION      1.60     1.60     0  00:00      0.0023      0.0023       0.194
  31                   JUNCTION      0.00     1.60     0  13:31           0     0.00229       0.546
  32                   JUNCTION      0.00     1.60     0  22:04           0     0.00228       0.137
  33                   JUNCTION      2.32     2.32     0  00:00     0.00333     0.00333       0.116
  34                   JUNCTION      0.00     2.32     0  01:09           0     0.00333       0.636
  35                   JUNCTION      0.00     3.92     0  22:01           0     0.00558       0.087
  4                    JUNCTION      0.00    33.93     0  18:25           0     0.00773       0.383
  40                   JUNCTION      1.28     1.28     0  00:00     0.00184     0.00184       0.095
  42                   JUNCTION      0.00    18.14     0  05:56           0     0.00113      -9.070
  43                   JUNCTION      0.00     0.00     0  00:00           0           0       0.000 gal
  44                   JUNCTION      0.00     0.00     0  00:00           0           0       0.000 gal
  45                   JUNCTION      0.00    17.99     0  14:12           0     0.00124       0.025
  50                   JUNCTION      0.56     0.56     0  00:00    0.000804    0.000804       0.181
  51                   JUNCTION      0.00     0.56     0  02:27           0    0.000802       0.138
  52                   JUNCTION      0.00     0.56     0  00:44           0    0.000801       0.394
  53                   JUNCTION      0.00     0.56     0  08:52           0    0.000798       0.237
  54                   JUNCTION      0.00     0.56     0  02:07           0    0.000796       0.109
  6                    JUNCTION      0.00   295.15     0  10:35           0      0.0236       0.264
  60                   JUNCTION      0.00     0.00     0  00:00           0           0       0.000 gal
  61                   JUNCTION      0.00     0.00     0  00:00           0           0       0.000 gal
  62                   JUNCTION      0.00     0.00     0  00:00           0           0       0.000 gal
  63                   JUNCTION      0.00     0.00     0  00:00           0           0       0.000 gal
  70                   JUNCTION      0.09     0.09     0  00:00    0.000129    0.000129       0.309
  71                   JUNCTION      0.00     4.24     0  01:44           0    0.000137       7.842
  72                   JUNCTION      2.83     2.92     0  13:52     0.00406     0.00419       7.803
  73                   JUNCTION      8.76    11.68     0  13:44      0.0126      0.0164       0.240
  8                    JUNCTION      0.00   415.17     0  03:34           0      0.0203     -72.050
  80                   JUNCTION      0.08     0.08     0  00:00    0.000115    0.000115       1.434
  81                   JUNCTION      0.16     0.16     0  00:00     0.00023     0.00023       0.354
  83                   JUNCTION      0.17     0.17     0  00:00    0.000244    0.000244       0.398
  84                   JUNCTION      0.00     0.17     0  01:17           0    0.000243       0.601
  86                   JUNCTION      0.00     0.00     0  00:00           0           0       0.000 gal
  87                   JUNCTION      0.00     0.00     0  00:00           0           0       0.000 gal
  9                    JUNCTION      0.00   349.26     0  06:34           0      0.0726       0.115
  PS-1                 JUNCTION      0.00     0.00     0  00:00           0           0       0.000 gal
  PS-2                 JUNCTION      0.00     0.00     0  00:00           0           0       0.000 gal
  PS-3                 JUNCTION      0.00   400.00     0  01:09           0       0.023      10.733
  PS-4                 JUNCTION      0.00    22.00     0  05:53           0     0.00142       3.792
  PS-5                 JUNCTION      0.00   290.00     0  02:35           0     0.00818       6.991
  PS-6                 JUNCTION      0.00    70.00     0  09:08           0    0.000761      10.274
  12                   OUTFALL       0.00   307.90     0  06:35           0      0.0726       0.000
  23                   STORAGE       0.00     0.69     0  09:11           0    0.000985       0.002
  41                   STORAGE       0.00     1.39     0  00:04           0     0.00183       9.472
  5                    STORAGE       0.00    29.87     0  18:28           0      0.0085      -0.061
  7                    STORAGE       0.00   288.42     0  13:56           0      0.0235       0.010
  82                   STORAGE       0.00     0.24     0  14:30           0    0.000342       0.000
  85                   STORAGE       0.00     0.17     0  13:00           0    0.000242       0.000
  
  
  **********************
  Node Surcharge Summary
  **********************
  
  Surcharging occurs when water rises above the top of the highest conduit.
  ---------------------------------------------------------------------
                                               Max. Height   Min. Depth
                                   Hours       Above Crown    Below Rim
  Node                 Type      Surcharged           Feet         Feet
  ---------------------------------------------------------------------
  11                   JUNCTION        0.33          0.313        7.221
  72                   JUNCTION       22.19          0.048        6.186
  PS-3                 JUNCTION        2.93        104.050        0.000
  PS-4                 JUNCTION       17.98        104.685        0.000
  PS-5                 JUNCTION       14.26        104.167        0.000
  PS-6                 JUNCTION        0.16        104.953        0.000
  
  
  *********************
  Node Flooding Summary
  *********************
  
  Flooding refers to all water that overflows a node, whether it ponds or not.
  --------------------------------------------------------------------------
                                                             Total   Maximum
                                 Maximum   Time of Max       Flood    Ponded
                        Hours       Rate    Occurrence      Volume     Depth
  Node                 Flooded       GPM   days hr:min    10^6 gal      Feet
  --------------------------------------------------------------------------
  PS-3                    0.03    330.07      0  09:41       0.000   100.000
  PS-4                    1.03     22.00      0  05:55       0.000   100.000
  PS-5                    0.42    277.42      0  04:02       0.000   100.000
  PS-6                    0.01     48.30      0  22:55       0.000   100.000
  
  
  **********************
  Storage Volume Summary
  **********************
  
  ------------------------------------------------------------------------------------------------
                         Average    Avg   Evap  Exfil     Maximum    Max    Time of Max    Maximum
                          Volume   Pcnt   Pcnt   Pcnt      Volume   Pcnt     Occurrence    Outflow
  Storage Unit          1000 ft³   Full   Loss   Loss    1000 ft³   Full    days hr:min        GPM
  ------------------------------------------------------------------------------------------------
  23                       0.032   51.5    0.0    0.0       0.050   80.0       0  22:55      70.00
  41                       0.028   56.0    0.0    0.0       0.038   75.0       0  05:53      22.00
  5                        0.047   53.7    0.0    0.0       0.075   85.8       0  13:55     290.00
  7                        0.047   53.4    0.0    0.0       0.076   87.3       0  22:55     400.00
  82                       0.023   21.9    0.0    0.0       0.046   44.2       0  23:55       0.00
  85                       0.016    9.2    0.0    0.0       0.032   18.5       0  23:55       0.00
  
  
  ***********************
  Outfall Loading Summary
  ***********************
  
  -----------------------------------------------------------
                         Flow       Avg       Max       Total
                         Freq      Flow      Flow      Volume
  Outfall Node           Pcnt       GPM       GPM    10^6 gal
  -----------------------------------------------------------
  12                    84.95     59.55    307.90       0.073
  -----------------------------------------------------------
  System                84.95     59.55    307.90       0.073
  
  
  ********************
  Link Flow Summary
  ********************
  
  -----------------------------------------------------------------------------
                                 Maximum  Time of Max   Maximum    Max/    Max/
                                  |Flow|   Occurrence   |Veloc|    Full    Full
  Link                 Type          GPM  days hr:min    ft/sec    Flow   Depth
  -----------------------------------------------------------------------------
  C1                   CONDUIT     65.67     0  13:47      2.38    0.17    0.23
  C10                  CONDUIT      1.60     0  07:43      1.48    0.00    0.04
  C11                  CONDUIT     33.61     0  13:49      1.61    0.08    0.19
  C12                  CONDUIT      2.32     0  01:09      0.83    0.01    0.07
  C13                  CONDUIT      2.32     0  13:46      0.70    0.01    0.05
  C14                  CONDUIT      3.92     0  18:36      2.03    0.00    0.04
  C15                  CONDUIT      1.39     0  00:04      1.80    0.00    0.52
  C16                  CONDUIT     18.14     0  05:56      3.29    2.91    1.00
  C17                  CONDUIT     17.99     0  14:12      0.99    0.08    0.17
  C18                  CONDUIT      0.00     0  00:00      0.00    0.00    0.00
  C19                  CONDUIT      0.00     0  00:00      0.00    0.00    0.01
  C2                   CONDUIT    307.75     0  06:35      2.76    0.61    0.78
  C20                  CONDUIT     17.13     0  14:12      2.79    0.01    0.08
  C21                  CONDUIT      0.56     0  02:27      0.84    0.00    0.03
  C22                  CONDUIT     33.93     0  18:25      1.66    0.08    0.19
  C23                  CONDUIT      0.56     0  00:44      1.05    0.00    0.02
  C24                  CONDUIT      0.56     0  08:52      0.65    0.00    0.03
  C25                  CONDUIT      0.56     0  02:07      1.15    0.00    0.02
  C26                  CONDUIT      0.56     0  05:42      0.00    0.00    0.02
  C27                  CONDUIT      0.00     0  00:00      0.00    0.00    0.00
  C28                  CONDUIT      0.00     0  00:00      0.00    0.00    0.00
  C29                  CONDUIT      0.00     0  00:00      0.00    0.00    0.00
  C3                   CONDUIT    307.90     0  06:35      2.31    1.06    0.79
  C30                  CONDUIT      0.00     0  00:00      0.00    0.00    0.00
  C31                  CONDUIT      0.09     0  01:02      0.00    0.00    0.01
  C32                  CONDUIT      4.15     0  01:44      0.16    0.01    0.54
  C33                  CONDUIT     29.31     0  18:28      1.05    0.14    0.23
  C34                  CONDUIT      2.92     0  13:44      0.03    0.01    0.53
  C35                  CONDUIT     11.85     0  10:36      1.91    0.01    0.29
  C36                  CONDUIT      0.08     0  10:39      0.00    0.00    0.02
  C37                  CONDUIT      0.16     0  00:49      0.00    0.00    0.02
  C38                  CONDUIT      0.00     0  00:00      0.00    0.00    0.00
  C39                  CONDUIT      0.17     0  01:17      0.00    0.00    0.03
  C4                   CONDUIT      0.69     0  05:56      0.77    0.00    0.03
  C40                  CONDUIT      0.17     0  13:00      0.39    0.00    0.04
  C41                  CONDUIT      0.00     0  00:00      0.00    0.00    0.00
  C42                  CONDUIT      0.00     0  00:00      0.00    0.00    0.00
  C43                  CONDUIT      0.00     0  00:00      0.00    0.00    0.00
  C44                  CONDUIT    283.47     0  13:56      7.24    1.41    1.00
  C45                  CONDUIT    288.42     0  13:56      2.87    0.76    0.61
  C46                  CONDUIT    349.26     0  06:34      3.89    0.60    0.56
  C47                  CONDUIT    309.50     0  06:35      3.59    0.57    0.54
  C48                  CONDUIT    415.17     0  03:34      5.18    0.88    0.87
  C5                   CONDUIT      0.69     0  09:11      0.40    0.01    0.05
  C6                   CONDUIT     70.13     0  22:55      7.16    8.81    1.00
  C7                   CONDUIT     63.63     0  13:47      1.77    0.19    0.28
  C8                   CONDUIT      1.60     0  13:31      0.96    0.00    0.05
  C9                   CONDUIT      1.60     0  22:04      1.12    0.00    0.04
  PUMP1                PUMP         0.00     0  00:00              0.00
  PUMP2                PUMP         0.00     0  00:00              0.00
  PUMP3                PUMP       400.00     0  01:09              1.00
  PUMP4                PUMP        22.00     0  05:53              1.00
  PUMP5                PUMP       290.00     0  02:35              1.00
  PUMP6                PUMP        70.00     0  09:08              1.00
  
  
  ***************************
  Flow Classification Summary
  ***************************
  
  -------------------------------------------------------------------------------------
                      Adjusted    ---------- Fraction of Time in Flow Class ---------- 
                       /Actual         Up    Down  Sub   Sup   Up    Down  Norm  Inlet 
  Conduit               Length    Dry  Dry   Dry   Crit  Crit  Crit  Crit  Ltd   Ctrl  
  -------------------------------------------------------------------------------------
  C1                      1.00   0.00  0.00  0.00  0.98  0.02  0.00  0.00  0.95  0.00
  C10                     1.00   0.01  0.00  0.00  0.00  0.00  0.00  0.99  0.00  0.00
  C11                     1.00   0.00  0.00  0.00  0.00  0.00  0.00  1.00  0.00  0.00
  C12                     1.00   0.00  0.00  0.00  0.00  0.00  0.00  1.00  0.00  0.00
  C13                     1.00   0.00  0.00  0.00  0.00  0.00  0.00  1.00  0.00  0.00
  C14                     1.00   0.00  0.00  0.00  0.00  0.00  0.00  1.00  0.00  0.00
  C15                     1.00   0.00  0.00  0.00  1.00  0.00  0.00  0.00  1.00  0.00
  C16                     1.00   0.25  0.70  0.00  0.01  0.00  0.05  0.00  0.62  0.00
  C17                     1.00   0.25  0.00  0.00  0.00  0.00  0.00  0.75  0.00  0.00
  C18                     1.00   1.00  0.00  0.00  0.00  0.00  0.00  0.00  0.00  0.00
  C19                     1.00   0.98  0.02  0.00  0.00  0.00  0.00  0.00  0.00  0.00
  C2                      1.00   0.15  0.00  0.00  0.84  0.01  0.00  0.00  0.85  0.00
  C20                     1.00   0.25  0.00  0.00  0.00  0.00  0.00  0.75  0.00  0.00
  C21                     1.00   0.00  0.00  0.00  0.00  0.00  0.00  1.00  0.00  0.00
  C22                     1.00   0.01  0.00  0.00  0.00  0.00  0.00  0.99  0.00  0.00
  C23                     1.00   0.00  0.00  0.00  0.00  0.00  0.00  1.00  0.00  0.00
  C24                     1.00   0.00  0.00  0.00  0.00  0.00  0.00  1.00  0.00  0.00
  C25                     1.00   0.00  0.00  0.00  0.00  0.00  0.00  1.00  0.00  0.00
  C26                     1.53   0.01  0.00  0.00  0.00  0.00  0.00  0.99  0.00  0.00
  C27                     1.00   1.00  0.00  0.00  0.00  0.00  0.00  0.00  0.00  0.00
  C28                     1.00   1.00  0.00  0.00  0.00  0.00  0.00  0.00  0.00  0.00
  C29                     1.00   1.00  0.00  0.00  0.00  0.00  0.00  0.00  0.00  0.00
  C3                      1.00   0.15  0.00  0.00  0.85  0.00  0.00  0.00  0.00  0.00
  C30                     1.00   1.00  0.00  0.00  0.00  0.00  0.00  0.00  0.00  0.00
  C31                     2.57   0.00  0.00  0.00  0.00  0.00  0.00  1.00  0.00  0.00
  C32                     1.00   0.00  0.00  0.00  0.99  0.00  0.00  0.01  0.06  0.00
  C33                     1.00   0.01  0.00  0.00  0.00  0.00  0.00  0.99  0.00  0.00
  C34                     1.00   0.00  0.07  0.00  0.00  0.00  0.93  0.00  0.00  0.00
  C35                     1.00   0.00  0.00  0.00  0.02  0.00  0.00  0.97  0.03  0.00
  C36                     1.00   0.00  0.00  0.00  0.00  0.00  0.00  1.00  0.00  0.00
  C37                     1.00   0.00  0.00  0.00  0.00  0.00  0.00  1.00  0.00  0.00
  C38                     1.00   1.00  0.00  0.00  0.00  0.00  0.00  0.00  0.00  0.00
  C39                     1.00   0.00  0.00  0.00  0.00  0.00  0.00  1.00  0.00  0.00
  C4                      1.00   0.00  0.00  0.00  0.00  0.00  0.00  1.00  0.00  0.00
  C40                     1.00   0.00  0.00  0.00  0.00  0.00  0.00  1.00  0.00  0.00
  C41                     1.00   1.00  0.00  0.00  0.00  0.00  0.00  0.00  0.00  0.00
  C42                     2.55   1.00  0.00  0.00  0.00  0.00  0.00  0.00  0.00  0.00
  C43                     1.00   1.00  0.00  0.00  0.00  0.00  0.00  0.00  0.00  0.00
  C44                     1.00   0.11  0.87  0.00  0.00  0.00  0.02  0.00  0.00  0.00
  C45                     1.00   0.00  0.00  0.00  0.00  0.00  0.00  1.00  0.00  0.00
  C46                     1.00   0.15  0.00  0.00  0.00  0.00  0.00  0.85  0.00  0.00
  C47                     1.00   0.15  0.00  0.00  0.00  0.00  0.00  0.85  0.00  0.00
  C48                     1.00   0.05  0.10  0.00  0.82  0.00  0.03  0.00  0.51  0.00
  C5                      1.00   0.00  0.00  0.00  0.00  0.00  0.00  1.00  0.00  0.00
  C6                      1.00   0.38  0.59  0.00  0.03  0.00  0.01  0.00  0.60  0.00
  C7                      1.00   0.38  0.00  0.00  0.00  0.00  0.00  0.62  0.00  0.00
  C8                      1.00   0.00  0.00  0.00  0.00  0.00  0.00  1.00  0.00  0.00
  C9                      1.00   0.01  0.00  0.00  0.00  0.00  0.00  0.99  0.00  0.00
  
  
  *************************
  Conduit Surcharge Summary
  *************************
  
  ----------------------------------------------------------------------------
                                                           Hours        Hours 
                         --------- Hours Full --------   Above Full   Capacity
  Conduit                Both Ends  Upstream  Dnstream   Normal Flow   Limited
  ----------------------------------------------------------------------------
  C15                         0.01      0.01     21.87      0.01         0.01
  C16                         1.03      1.03     17.97      1.04         0.01
  C2                          0.01      0.01      0.33      0.01         0.01
  C3                          0.01      0.01      1.29      0.06         0.01
  C32                         0.01      0.01     22.19      0.01         0.01
  C34                         0.01      0.01     22.17      0.01         0.01
  C44                         0.41      0.42     14.24      0.42         0.01
  C48                         0.01      0.01      2.92      0.01         0.01
  C6                          0.16      0.16      0.16      0.17         0.01
  
  
  ***************
  Pumping Summary
  ***************
  
  ---------------------------------------------------------------------------------------------------------
                                                  Min       Avg       Max     Total     Power    % Time Off
                        Percent   Number of      Flow      Flow      Flow    Volume     Usage    Pump Curve
  Pump                 Utilized   Start-Ups       GPM       GPM       GPM  10^6 gal     Kw-hr    Low   High
  ---------------------------------------------------------------------------------------------------------
  PUMP1                    0.00           0      0.00      0.00      0.00     0.000      0.00    0.0    0.0
  PUMP2                    0.00           0      0.00      0.00      0.00     0.000      0.00    0.0    0.0
  PUMP3                    4.06          47      0.00    394.85    400.00     0.023      4.05    0.0    2.1
  PUMP4                    4.49           9      0.00     21.95     22.00     0.001      0.45    0.0    0.0
  PUMP5                    1.98          21      0.00    287.45    290.00     0.008      2.77    0.0    0.0
  PUMP6                    0.76           4      0.00     69.57     70.00     0.001      0.19    0.0    0.0
  

  Analysis begun on:  Tue Aug  5 17:01:06 2025
  Analysis ended on:  Tue Aug  5 17:01:12 2025
  Total elapsed time: 00:00:06