
  EPA STORM WATER MANAGEMENT MODEL - VERSION 5.2 (Build 5.2.4)
  ------------------------------------------------------------

  WARNING 04: minimum elevation drop used for Conduit 01C0022B_01C0022A
  WARNING 04: minimum elevation drop used for Conduit 01CF002_01CF001
  WARNING 04: minimum elevation drop used for Conduit 02A0001B_02A0001A
  WARNING 03: negative offset ignored for Link 02AA001_FUT_02A0008
  WARNING 04: minimum elevation drop used for Conduit 02CA012_02CA011
  WARNING 04: minimum elevation drop used for Conduit 02CB001_02CA006
  WARNING 04: minimum elevation drop used for Conduit 02D0006A_02D0006
  WARNING 04: minimum elevation drop used for Conduit 02D0007A_02D0007
  WARNING 04: minimum elevation drop used for Conduit 02GJ006_02GJ007
  WARNING 03: negative offset ignored for Link 03A0004_FUT_03A0007
  WARNING 04: minimum elevation drop used for Conduit 03A0005.10_03A0005.15
  WARNING 04: minimum elevation drop used for Conduit 03A0005.2_03A0005.13
  WARNING 04: minimum elevation drop used for Conduit 03A0005.6_03A0005.12
  WARNING 03: negative offset ignored for Link 03A0010F_03A0010
  WARNING 03: negative offset ignored for Link 03C0001_FUT_03A0007
  WARNING 04: minimum elevation drop used for Conduit 03CA004_03CA003
  WARNING 03: negative offset ignored for Link 03CJ001_FUT_03CB013
  WARNING 03: negative offset ignored for Link 04A0005A_04A0005
  WARNING 03: negative offset ignored for Link 04A0007A_04A0007
  WARNING 04: minimum elevation drop used for Conduit 04A0023_04A0023B
  WARNING 03: negative offset ignored for Link 04AC001_04A0007
  WARNING 04: minimum elevation drop used for Conduit 04C0002_04C0001A
  WARNING 04: minimum elevation drop used for Conduit 04D0014_04D0013
  WARNING 04: minimum elevation drop used for Conduit 04DK001A_04DK001
  WARNING 04: minimum elevation drop used for Conduit 04E0012B_04EM002
  WARNING 04: minimum elevation drop used for Conduit 04EB006A_04EB006
  WARNING 04: minimum elevation drop used for Conduit 04FU001A_04FU001
  WARNING 04: minimum elevation drop used for Conduit 04FU002_04FU001A
  WARNING 04: minimum elevation drop used for Conduit 04G0001_04H0005
  WARNING 04: minimum elevation drop used for Conduit 04G0009A_04G0009
  WARNING 04: minimum elevation drop used for Conduit 04G0009B_04G0009A
  WARNING 04: minimum elevation drop used for Conduit 04GB008_04GB007
  WARNING 04: minimum elevation drop used for Conduit 04JA001_04J0001
  WARNING 04: minimum elevation drop used for Conduit 06A0001A_06A0001
  WARNING 04: minimum elevation drop used for Conduit 06A0001B_06A0001A
  WARNING 04: minimum elevation drop used for Conduit 06EA008/06EA007
  WARNING 04: minimum elevation drop used for Conduit 06HW006_06HW005
  WARNING 04: minimum elevation drop used for Conduit 06KJ004_06KJ003
  WARNING 03: negative offset ignored for Link 06MG004_06MG003
  WARNING 04: minimum elevation drop used for Conduit 07A0003_07A0002A
  WARNING 04: minimum elevation drop used for Conduit 07B0014_07B0013
  WARNING 04: minimum elevation drop used for Conduit 07BA006A_07BA006
  WARNING 08: elevation drop exceeds length for Conduit 07JU001_11E0026A
  WARNING 04: minimum elevation drop used for Conduit 07L0004A_07L0004
  WARNING 04: minimum elevation drop used for Conduit 07LF001_07L0008
  WARNING 04: minimum elevation drop used for Conduit 07RE009_07RE008
  WARNING 04: minimum elevation drop used for Conduit 07RH002_07RH001
  WARNING 04: minimum elevation drop used for Conduit 08A0004_08A0003
  WARNING 03: negative offset ignored for Link 08C0001A_08C0001
  WARNING 04: minimum elevation drop used for Conduit 08CE002A_08CE002
  WARNING 03: negative offset ignored for Link 08DG002B_08DG002
  WARNING 08: elevation drop exceeds length for Conduit 08DH004A_08DH004
  WARNING 04: minimum elevation drop used for Conduit 08E0002_08E0001
  WARNING 03: negative offset ignored for Link 08ED001A_08ED001
  WARNING 03: negative offset ignored for Link 08ED001D/08ED001A
  WARNING 04: minimum elevation drop used for Conduit 08EI003_08EI002C
  WARNING 04: minimum elevation drop used for Conduit 08FE001B_08FE001
  WARNING 03: negative offset ignored for Link 08G0002A_08G0002
  WARNING 04: minimum elevation drop used for Conduit 09A0009_09A0008
  WARNING 03: negative offset ignored for Link 09DI002A_09DI002
  WARNING 03: negative offset ignored for Link 09DI002B/09DI002A
  WARNING 03: negative offset ignored for Link 09ED014_09ED008
  WARNING 03: negative offset ignored for Link 10A0006C_10A0006
  WARNING 03: negative offset ignored for Link 10A0006D_10A0006C
  WARNING 03: negative offset ignored for Link 10A0007E_10A0007
  WARNING 08: elevation drop exceeds length for Conduit 10BB002A_10BB002
  WARNING 04: minimum elevation drop used for Conduit 10E0003B_10E0003
  WARNING 04: minimum elevation drop used for Conduit 10FC003_10FC002
  WARNING 04: minimum elevation drop used for Conduit 10G0013_10G0012
  WARNING 03: negative offset ignored for Link 10H0010_10H0009
  WARNING 04: minimum elevation drop used for Conduit 10J0003A_10J0003
  WARNING 04: minimum elevation drop used for Conduit 11CB003D_11CB003A
  WARNING 04: minimum elevation drop used for Conduit 11E0004_13F0001
  WARNING 04: minimum elevation drop used for Conduit 11E0007_11E0006
  WARNING 04: minimum elevation drop used for Conduit 11E0014_11E0013
  WARNING 04: minimum elevation drop used for Conduit 11E0053_11E0052
  WARNING 04: minimum elevation drop used for Conduit 12AC002F_12AC001B
  WARNING 04: minimum elevation drop used for Conduit 12B0008B_12B0008A
  WARNING 04: minimum elevation drop used for Conduit 12B0008C_12B0008B
  WARNING 04: minimum elevation drop used for Conduit 12BC002A_12BC002
  WARNING 04: minimum elevation drop used for Conduit 13DB009C_13DB009B
  WARNING 03: negative offset ignored for Link 13F0030_13F0029
  WARNING 03: negative offset ignored for Link 13F0031_13F0030
  WARNING 04: minimum elevation drop used for Conduit 14DA012_14DD001
  WARNING 04: minimum elevation drop used for Conduit 14EA001C_14EA001B
  WARNING 03: negative offset ignored for Link 15CB008_15CB007
  WARNING 03: negative offset ignored for Link 17E0001_02A0001B
  WARNING 03: negative offset ignored for Link 17E0005_17E0004
  WARNING 03: negative offset ignored for Link 17E0006_17E0005
  WARNING 03: negative offset ignored for Link 17E0007_17E0006
  WARNING 04: minimum elevation drop used for Conduit 18AL015D_18AL015B
  WARNING 04: minimum elevation drop used for Conduit 20C0004_20C0003
  WARNING 03: negative offset ignored for Link 21AA006A_21AA006
  WARNING 03: negative offset ignored for Link 26HD005B_26HD005
  WARNING 03: negative offset ignored for Link 28EA006J_28EA006C
  WARNING 03: negative offset ignored for Link 28EA006K_28EA006J
  WARNING 04: minimum elevation drop used for Conduit 28EC001C_28EC001B
  WARNING 04: minimum elevation drop used for Conduit 28EC001D_28EC001C
  WARNING 03: negative offset ignored for Link 28EE004_28EA006J
  WARNING 03: negative offset ignored for Link BSN34A2_1_14A0016
  WARNING 03: negative offset ignored for Link BSN34A2_2_BSN34A2_1
  WARNING 03: negative offset ignored for Link BSN34A2_2_BSN34A2_1
  WARNING 03: negative offset ignored for Link BSN_34A_1_14A0016
  WARNING 03: negative offset ignored for Link BSN_34A_4_BSN_34A_3
  WARNING 04: minimum elevation drop used for Conduit CDT-13
  WARNING 04: minimum elevation drop used for Conduit FUT03A0005.17_FUT03A0005.18
  WARNING 04: minimum elevation drop used for Conduit FUT_01A0001_02A0001B
  WARNING 03: negative offset ignored for Link FUT_02A0002_FUT_02A0001
  WARNING 03: negative offset ignored for Link FUT_02A0003_FUT_02A0002
  WARNING 03: negative offset ignored for Link FUT_02A0003_FUT_02A0002
  WARNING 03: negative offset ignored for Link FUT_02A0004_FUT_02A0003
  WARNING 03: negative offset ignored for Link FUT_02A0005_FUT_02A0004
  WARNING 03: negative offset ignored for Link FUT_02A0006_FUT_02A0005
  WARNING 03: negative offset ignored for Link FUT_02A0006_FUT_02A0005
  WARNING 03: negative offset ignored for Link FUT_02A0007_FUT_02A0006
  WARNING 03: negative offset ignored for Link FUT_02A0007_FUT_02A0006
  WARNING 03: negative offset ignored for Link FUT_02A0008_FUT_02A0007
  WARNING 03: negative offset ignored for Link FUT_03A0003_FUT_03A0002
  WARNING 03: negative offset ignored for Link FUT_03A0005_FUT_03A0004
  WARNING 03: negative offset ignored for Link FUT_03A0006_FUT_03A0005
  WARNING 03: negative offset ignored for Link FUT_03A0007_FUT_03A0006
  WARNING 03: negative offset ignored for Link G23A0011_3_G23A0011_2
  WARNING 03: negative offset ignored for Link PS201FM_04A0006
  WARNING 03: negative offset ignored for Link PSBSN29__OUT2_ESSSOUT
  WARNING 04: minimum elevation drop used for Conduit PSG23B_OUT4_PSG23B_OUT5
  WARNING 04: minimum elevation drop used for Conduit PSG23B_OUT_PSG23B_OUT2
  WARNING 02: maximum depth increased for Node 06EJ005C
  WARNING 02: maximum depth increased for Node 06FF006A
  WARNING 02: maximum depth increased for Node 06FK001
  WARNING 02: maximum depth increased for Node 07B0023
  WARNING 02: maximum depth increased for Node 08DJ007
  WARNING 02: maximum depth increased for Node 10C0007
  WARNING 02: maximum depth increased for Node 10H0010
  WARNING 02: maximum depth increased for Node 11AF004
  WARNING 02: maximum depth increased for Node PSBRNDNFM
  
  ****************
  Analysis Options
  ****************
  Flow Units ............... GPM
  Process Models:
    Rainfall/Runoff ........ YES
    RDII ................... YES
    Snowmelt ............... NO
    Groundwater ............ NO
    Flow Routing ........... YES
    Ponding Allowed ........ YES
    Water Quality .......... NO
  Flow Routing Method ...... DYNWAVE
  Surcharge Method ......... EXTRAN
  Starting Date ............ 06/13/2014 00:00:00
  Ending Date .............. 06/20/2014 23:55:00
  Antecedent Dry Days ...... 5.0
  Report Time Step ......... 00:15:00
  Routing Time Step ........ 15.00 sec
  Variable Time Step ....... YES
  Maximum Trials ........... 8
  Number of Threads ........ 1
  Head Tolerance ........... 0.005000 ft
  
  
  **********************           Volume        Volume
  Rainfall Dependent I/I        acre-feet      10^6 gal
  **********************        ---------     ---------
  Sewershed Rainfall ......     44031.191     14348.221
  RDII Produced ...........       639.516       208.396
  RDII Ratio ..............         0.015
  