
  EPA STORM WATER MANAGEMENT MODEL - VERSION 5.2 (Build 5.2.4)
  ------------------------------------------------------------

    Input and Output FilesSW 1 0 20 
  WARNING 04: minimum elevation drop used for Conduit pipe1
  WARNING 04: minimum elevation drop used for Conduit pipe2
  WARNING 04: minimum elevation drop used for Conduit pipe3
  WARNING 04: minimum elevation drop used for Conduit pipe4
  WARNING 04: minimum elevation drop used for Conduit pipe5
  WARNING 04: minimum elevation drop used for Conduit pipe6
  WARNING 04: minimum elevation drop used for Conduit pipe7
  WARNING 04: minimum elevation drop used for Conduit pipe8
  WARNING 04: minimum elevation drop used for Conduit pipe9
  WARNING 04: minimum elevation drop used for Conduit pip10
  WARNING 04: minimum elevation drop used for Conduit pip11
  WARNING 04: minimum elevation drop used for Conduit pip12
  WARNING 04: minimum elevation drop used for Conduit pip13
  WARNING 04: minimum elevation drop used for Conduit pip14
  WARNING 04: minimum elevation drop used for Conduit pip15
  WARNING 04: minimum elevation drop used for Conduit pip16
  WARNING 04: minimum elevation drop used for Conduit pip17
  WARNING 04: minimum elevation drop used for Conduit pip18
  WARNING 04: minimum elevation drop used for Conduit pip19
  WARNING 04: minimum elevation drop used for Conduit pip20
  WARNING 04: minimum elevation drop used for Conduit outlet
  
  *************
  Element Count
  *************
  Number of rain gages ...... 0
  Number of subcatchments ... 0
  Number of nodes ........... 22
  Number of links ........... 21
  Number of pollutants ...... 0
  Number of land uses ....... 0
  
  
  ************
  Node Summary
  ************
                                           Invert      Max.    Ponded    External
  Name                 Type                 Elev.     Depth      Area    Inflow  
  -------------------------------------------------------------------------------
  Inflow               JUNCTION             10.00     10.00       0.0    Yes
  mid1                 JUNCTION             10.00     10.00       0.0
  mid10                JUNCTION             10.00     10.00       0.0
  mid11                JUNCTION             10.00     10.00       0.0
  mid12                JUNCTION             10.00     10.00       0.0
  mid13                JUNCTION             10.00     10.00       0.0
  mid14                JUNCTION             10.00     10.00       0.0
  mid15                JUNCTION             10.00     10.00       0.0
  mid16                JUNCTION             10.00     10.00       0.0
  mid17                JUNCTION             10.00     10.00       0.0
  mid18                JUNCTION             10.00     10.00       0.0
  mid19                JUNCTION             10.00     10.00       0.0
  mid2                 JUNCTION             10.00     10.00       0.0
  mid20                JUNCTION             10.00     10.00       0.0
  mid3                 JUNCTION             10.00     10.00       0.0
  mid4                 JUNCTION             10.00     10.00       0.0
  mid5                 JUNCTION             10.00     10.00       0.0
  mid6                 JUNCTION             10.00     10.00       0.0
  mid7                 JUNCTION             10.00     10.00       0.0
  mid8                 JUNCTION             10.00     10.00       0.0
  mid9                 JUNCTION             10.00     10.00       0.0
  Outlet               OUTFALL              10.00      4.00       0.0
  
  
  ************
  Link Summary
  ************
  Name             From Node        To Node          Type            Length    %Slope Roughness
  ---------------------------------------------------------------------------------------------
  pipe1            Inflow           mid1             CONDUIT         1000.0    0.0001    0.0110
  pipe2            mid1             mid2             CONDUIT         1000.0    0.0001    0.0110
  pipe3            mid2             mid3             CONDUIT         1000.0    0.0001    0.0110
  pipe4            mid3             mid4             CONDUIT         1000.0    0.0001    0.0110
  pipe5            mid4             mid5             CONDUIT         1000.0    0.0001    0.0110
  pipe6            mid5             mid6             CONDUIT         1000.0    0.0001    0.0110
  pipe7            mid6             mid7             CONDUIT         1000.0    0.0001    0.0110
  pipe8            mid7             mid8             CONDUIT         1000.0    0.0001    0.0110
  pipe9            mid8             mid9             CONDUIT         1000.0    0.0001    0.0110
  pip10            mid9             mid10            CONDUIT         1000.0    0.0001    0.0110
  pip11            mid10            mid11            CONDUIT         1000.0    0.0001    0.0110
  pip12            mid11            mid12            CONDUIT         1000.0    0.0001    0.0110
  pip13            mid12            mid13            CONDUIT         1000.0    0.0001    0.0110
  pip14            mid13            mid14            CONDUIT         1000.0    0.0001    0.0110
  pip15            mid14            mid15            CONDUIT         1000.0    0.0001    0.0110
  pip16            mid15            mid16            CONDUIT         1000.0    0.0001    0.0110
  pip17            mid16            mid17            CONDUIT         1000.0    0.0001    0.0110
  pip18            mid17            mid18            CONDUIT         1000.0    0.0001    0.0110
  pip19            mid18            mid19            CONDUIT         1000.0    0.0001    0.0110
  pip20            mid19            mid20            CONDUIT         1000.0    0.0001    0.0110
  outlet           mid20            Outlet           CONDUIT         1000.0    0.0001    0.0110
  
  
  *********************
  Cross Section Summary
  *********************
                                        Full     Full     Hyd.     Max.   No. of     Full
  Conduit          Shape               Depth     Area     Rad.    Width  Barrels     Flow
  ---------------------------------------------------------------------------------------
  pipe1            CIRCULAR             4.00    12.57     1.00     4.00        1   761.94
  pipe2            CIRCULAR             4.00    12.57     1.00     4.00        1   761.94
  pipe3            CIRCULAR             4.00    12.57     1.00     4.00        1   761.94
  pipe4            CIRCULAR             4.00    12.57     1.00     4.00        1   761.94
  pipe5            CIRCULAR             4.00    12.57     1.00     4.00        1   761.94
  pipe6            CIRCULAR             4.00    12.57     1.00     4.00        1   761.94
  pipe7            CIRCULAR             4.00    12.57     1.00     4.00        1   761.94
  pipe8            CIRCULAR             4.00    12.57     1.00     4.00        1   761.94
  pipe9            CIRCULAR             4.00    12.57     1.00     4.00        1   761.94
  pip10            CIRCULAR             4.00    12.57     1.00     4.00        1   761.94
  pip11            CIRCULAR             4.00    12.57     1.00     4.00        1   761.94
  pip12            CIRCULAR             4.00    12.57     1.00     4.00        1   761.94
  pip13            CIRCULAR             4.00    12.57     1.00     4.00        1   761.94
  pip14            CIRCULAR             4.00    12.57     1.00     4.00        1   761.94
  pip15            CIRCULAR             4.00    12.57     1.00     4.00        1   761.94
  pip16            CIRCULAR             4.00    12.57     1.00     4.00        1   761.94
  pip17            CIRCULAR             4.00    12.57     1.00     4.00        1   761.94
  pip18            CIRCULAR             4.00    12.57     1.00     4.00        1   761.94
  pip19            CIRCULAR             4.00    12.57     1.00     4.00        1   761.94
  pip20            CIRCULAR             4.00    12.57     1.00     4.00        1   761.94
  outlet           CIRCULAR             4.00    12.57     1.00     4.00        1   761.94
  
  
  ****************
  Analysis Options
  ****************
  Flow Units ............... GPM
  Process Models:
    Rainfall/Runoff ........ NO
    RDII ................... NO
    Snowmelt ............... NO
    Groundwater ............ NO
    Flow Routing ........... YES
    Ponding Allowed ........ NO
    Water Quality .......... NO
  Flow Routing Method ...... DYNWAVE
  Surcharge Method ......... EXTRAN
  Starting Date ............ 02/22/2002 00:00:00
  Ending Date .............. 02/28/2002 13:20:00
  Antecedent Dry Days ...... 0.0
  Report Time Step ......... 00:00:10
  Routing Time Step ........ 1.00 sec
  Variable Time Step ....... YES
  Maximum Trials ........... 20
  Number of Threads ........ 1
  Head Tolerance ........... 0.000100 ft
  
  
  **************************        Volume        Volume
  Flow Routing Continuity        acre-feet      10^6 gal
  **************************     ---------     ---------
  Dry Weather Inflow .......         0.000         0.000
  Wet Weather Inflow .......         0.000         0.000
  Groundwater Inflow .......         0.000         0.000
  RDII Inflow ..............         0.000         0.000
  External Inflow ..........         0.003         0.001
  External Outflow .........         0.001         0.000
  Flooding Loss ............         0.000         0.000
  Evaporation Loss .........         0.000         0.000
  Exfiltration Loss ........         0.000         0.000
  Initial Stored Volume ....         0.000         0.000
  Final Stored Volume ......         0.006         0.002
  Continuity Error (%) .....      -113.889
  
  
  *************************
  Highest Continuity Errors
  *************************
  Node mid16 (7.74%)
  Node mid17 (7.70%)
  Node mid15 (7.64%)
  Node mid14 (7.47%)
  Node mid18 (7.46%)
  
  
  ***************************
  Time-Step Critical Elements
  ***************************
  None
  
  
  ********************************
  Highest Flow Instability Indexes
  ********************************
  All links are stable.
  
  
  *********************************
  Most Frequent Nonconverging Nodes
  *********************************
  Convergence obtained at all time steps.
  
  
  *************************
  Routing Time Step Summary
  *************************
  Minimum Time Step           :     0.50 sec
  Average Time Step           :     1.00 sec
  Maximum Time Step           :     1.00 sec
  % of Time in Steady State   :     0.00
  Average Iterations per Step :     2.00
  % of Steps Not Converging   :     0.00
  Time Step Frequencies       :
      1.000 -  0.871 sec      :   100.00 %
      0.871 -  0.758 sec      :     0.00 %
      0.758 -  0.660 sec      :     0.00 %
      0.660 -  0.574 sec      :     0.00 %
      0.574 -  0.500 sec      :     0.00 %
  
  
  ******************
  Node Depth Summary
  ******************
  
  ---------------------------------------------------------------------------------
                                 Average  Maximum  Maximum  Time of Max    Reported
                                   Depth    Depth      HGL   Occurrence   Max Depth
  Node                 Type         Feet     Feet     Feet  days hr:min        Feet
  ---------------------------------------------------------------------------------
  Inflow               JUNCTION     0.04     0.09    10.09     0  08:00        0.09
  mid1                 JUNCTION     0.04     0.08    10.08     0  08:16        0.08
  mid10                JUNCTION     0.02     0.03    10.03     2  12:09        0.03
  mid11                JUNCTION     0.02     0.03    10.03     2  21:46        0.03
  mid12                JUNCTION     0.02     0.03    10.03     3  07:49        0.03
  mid13                JUNCTION     0.02     0.03    10.03     3  17:53        0.03
  mid14                JUNCTION     0.02     0.02    10.02     4  03:04        0.02
  mid15                JUNCTION     0.02     0.02    10.02     4  10:45        0.02
  mid16                JUNCTION     0.01     0.02    10.02     4  17:02        0.02
  mid17                JUNCTION     0.01     0.02    10.02     4  22:08        0.02
  mid18                JUNCTION     0.01     0.02    10.02     5  02:15        0.02
  mid19                JUNCTION     0.01     0.02    10.02     5  05:27        0.02
  mid2                 JUNCTION     0.03     0.07    10.07     0  09:23        0.07
  mid20                JUNCTION     0.01     0.02    10.02     5  07:31        0.02
  mid3                 JUNCTION     0.03     0.06    10.06     0  12:04        0.06
  mid4                 JUNCTION     0.03     0.05    10.05     0  16:13        0.05
  mid5                 JUNCTION     0.03     0.04    10.04     0  21:33        0.04
  mid6                 JUNCTION     0.03     0.04    10.04     1  03:49        0.04
  mid7                 JUNCTION     0.03     0.04    10.04     1  10:53        0.04
  mid8                 JUNCTION     0.03     0.03    10.03     1  18:40        0.03
  mid9                 JUNCTION     0.02     0.03    10.03     2  03:07        0.03
  Outlet               OUTFALL      0.00     0.00    10.00     5  07:31        0.00
  
  
  *******************
  Node Inflow Summary
  *******************
  
  -------------------------------------------------------------------------------------------------
                                  Maximum  Maximum                  Lateral       Total        Flow
                                  Lateral    Total  Time of Max      Inflow      Inflow     Balance
                                   Inflow   Inflow   Occurrence      Volume      Volume       Error
  Node                 Type           GPM      GPM  days hr:min    10^6 gal    10^6 gal     Percent
  -------------------------------------------------------------------------------------------------
  Inflow               JUNCTION      2.00     2.00     0  00:15     0.00096     0.00096      -1.244
  mid1                 JUNCTION      0.00     1.89     0  08:00           0    0.000972       5.677
  mid10                JUNCTION      0.00     0.14     1  12:32           0    0.000587       6.882
  mid11                JUNCTION      0.00     0.12     1  18:20           0    0.000549       7.194
  mid12                JUNCTION      0.00     0.10     2  00:28           0    0.000512       7.505
  mid13                JUNCTION      0.00     0.09     2  06:57           0    0.000476       7.802
  mid14                JUNCTION      0.00     0.08     2  13:44           0    0.000442       8.067
  mid15                JUNCTION      0.00     0.07     2  20:52           0    0.000409       8.275
  mid16                JUNCTION      0.00     0.06     3  04:34           0    0.000378       8.386
  mid17                JUNCTION      0.00     0.06     3  13:40           0    0.000349       8.344
  mid18                JUNCTION      0.00     0.06     4  01:42           0    0.000322       8.064
  mid19                JUNCTION      0.00     0.05     4  15:01           0    0.000298       7.416
  mid2                 JUNCTION      0.00     1.54     0  08:10           0     0.00092       5.290
  mid20                JUNCTION      0.00     0.05     5  01:19           0    0.000277       5.578
  mid3                 JUNCTION      0.00     1.08     0  09:00           0    0.000874       5.298
  mid4                 JUNCTION      0.00     0.71     0  11:03           0     0.00083       5.407
  mid5                 JUNCTION      0.00     0.49     0  13:57           0    0.000787       5.570
  mid6                 JUNCTION      0.00     0.35     0  17:28           0    0.000746       5.776
  mid7                 JUNCTION      0.00     0.27     0  21:32           0    0.000705       6.018
  mid8                 JUNCTION      0.00     0.21     1  02:06           0    0.000665       6.287
  mid9                 JUNCTION      0.00     0.17     1  07:07           0    0.000626       6.577
  Outlet               OUTFALL       0.00     0.05     5  07:31           0    0.000262       0.000
  
  
  **********************
  Node Surcharge Summary
  **********************
  
  No nodes were surcharged.
  
  
  *********************
  Node Flooding Summary
  *********************
  
  No nodes were flooded.
  
  
  ***********************
  Outfall Loading Summary
  ***********************
  
  -----------------------------------------------------------
                         Flow       Avg       Max       Total
                         Freq      Flow      Flow      Volume
  Outfall Node           Pcnt       GPM       GPM    10^6 gal
  -----------------------------------------------------------
  Outlet                 0.00      0.00      0.00       0.000
  -----------------------------------------------------------
  System                 0.00      0.00      0.05       0.000
  
  
  ********************
  Link Flow Summary
  ********************
  
  -----------------------------------------------------------------------------
                                 Maximum  Time of Max   Maximum    Max/    Max/
                                  |Flow|   Occurrence   |Veloc|    Full    Full
  Link                 Type          GPM  days hr:min    ft/sec    Flow   Depth
  -----------------------------------------------------------------------------
  pipe1                CONDUIT      1.89     0  08:00      0.10    0.00    0.02
  pipe2                CONDUIT      1.54     0  08:10      0.08    0.00    0.02
  pipe3                CONDUIT      1.08     0  09:00      0.07    0.00    0.01
  pipe4                CONDUIT      0.71     0  11:03      0.06    0.00    0.01
  pipe5                CONDUIT      0.49     0  13:57      0.05    0.00    0.01
  pipe6                CONDUIT      0.35     0  17:28      0.04    0.00    0.01
  pipe7                CONDUIT      0.27     0  21:32      0.03    0.00    0.01
  pipe8                CONDUIT      0.21     1  02:06      0.03    0.00    0.01
  pipe9                CONDUIT      0.17     1  07:07      0.03    0.00    0.01
  pip10                CONDUIT      0.14     1  12:32      0.02    0.00    0.01
  pip11                CONDUIT      0.12     1  18:20      0.02    0.00    0.01
  pip12                CONDUIT      0.10     2  00:28      0.02    0.00    0.01
  pip13                CONDUIT      0.09     2  06:57      0.02    0.00    0.01
  pip14                CONDUIT      0.08     2  13:44      0.02    0.00    0.01
  pip15                CONDUIT      0.07     2  20:52      0.02    0.00    0.01
  pip16                CONDUIT      0.06     3  04:34      0.01    0.00    0.01
  pip17                CONDUIT      0.06     3  13:40      0.01    0.00    0.01
  pip18                CONDUIT      0.06     4  01:42      0.01    0.00    0.01
  pip19                CONDUIT      0.05     4  15:01      0.01    0.00    0.00
  pip20                CONDUIT      0.05     5  01:19      0.01    0.00    0.00
  outlet               CONDUIT      0.05     5  07:31      0.00    0.00    0.00
  
  
  ***************************
  Flow Classification Summary
  ***************************
  
  -------------------------------------------------------------------------------------
                      Adjusted    ---------- Fraction of Time in Flow Class ---------- 
                       /Actual         Up    Down  Sub   Sup   Up    Down  Norm  Inlet 
  Conduit               Length    Dry  Dry   Dry   Crit  Crit  Crit  Crit  Ltd   Ctrl  
  -------------------------------------------------------------------------------------
  pipe1                   1.00   0.00  0.00  0.00  1.00  0.00  0.00  0.00  0.00  0.00
  pipe2                   1.00   0.00  0.00  0.00  1.00  0.00  0.00  0.00  0.00  0.00
  pipe3                   1.00   0.00  0.00  0.00  1.00  0.00  0.00  0.00  0.00  0.00
  pipe4                   1.00   0.00  0.00  0.00  1.00  0.00  0.00  0.00  0.00  0.00
  pipe5                   1.00   0.01  0.00  0.00  0.99  0.00  0.00  0.00  0.00  0.00
  pipe6                   1.00   0.01  0.00  0.00  0.99  0.00  0.00  0.00  0.00  0.00
  pipe7                   1.00   0.02  0.00  0.00  0.98  0.00  0.00  0.00  0.00  0.00
  pipe8                   1.00   0.02  0.00  0.00  0.98  0.00  0.00  0.00  0.00  0.00
  pipe9                   1.00   0.03  0.00  0.00  0.97  0.00  0.00  0.00  0.00  0.00
  pip10                   1.00   0.04  0.00  0.00  0.96  0.00  0.00  0.00  0.00  0.00
  pip11                   1.00   0.05  0.00  0.00  0.95  0.00  0.00  0.00  0.00  0.00
  pip12                   1.00   0.06  0.00  0.00  0.94  0.00  0.00  0.00  0.00  0.00
  pip13                   1.00   0.07  0.00  0.00  0.93  0.00  0.00  0.00  0.00  0.00
  pip14                   1.00   0.08  0.00  0.00  0.92  0.00  0.00  0.00  0.00  0.00
  pip15                   1.00   0.09  0.00  0.00  0.91  0.00  0.00  0.00  0.00  0.00
  pip16                   1.00   0.10  0.00  0.00  0.90  0.00  0.00  0.00  0.00  0.00
  pip17                   1.00   0.11  0.00  0.00  0.89  0.00  0.00  0.00  0.00  0.00
  pip18                   1.00   0.12  0.00  0.00  0.88  0.00  0.00  0.00  0.00  0.00
  pip19                   1.00   0.13  0.00  0.00  0.87  0.00  0.00  0.00  0.00  0.00
  pip20                   1.00   0.14  0.00  0.00  0.86  0.00  0.00  0.00  0.00  0.00
  outlet                  1.00   0.15  0.00  0.00  0.85  0.00  0.00  0.00  0.00  0.00
  
  
  *************************
  Conduit Surcharge Summary
  *************************
  
  No conduits were surcharged.
  

  Analysis begun on:  Tue Aug  5 09:26:41 2025
  Analysis ended on:  Tue Aug  5 09:27:00 2025
  Total elapsed time: 00:00:19