
  EPA STORM WATER MANAGEMENT MODEL - VERSION 5.2 (Build 5.2.4)
  ------------------------------------------------------------

  
  ****************
  Analysis Options
  ****************
  Flow Units ............... CFS
  Process Models:
    Rainfall/Runoff ........ NO
    RDII ................... NO
    Snowmelt ............... NO
    Groundwater ............ NO
    Flow Routing ........... YES
    Ponding Allowed ........ YES
    Water Quality .......... NO
  Flow Routing Method ...... DYNWAVE
  Surcharge Method ......... EXTRAN
  Starting Date ............ 01/01/1988 00:00:00
  Ending Date .............. 01/01/1988 06:00:00
  Antecedent Dry Days ...... 0.0
  Report Time Step ......... 00:00:10
  Routing Time Step ........ 10.00 sec
  Variable Time Step ....... YES
  Maximum Trials ........... 8
  Number of Threads ........ 1
  Head Tolerance ........... 0.005000 ft
  
  
  *********************
  Control Actions Taken
  *********************

  
  **************************        Volume        Volume
  Flow Routing Continuity        acre-feet      10^6 gal
  **************************     ---------     ---------
  Dry Weather Inflow .......        19.834         6.463
  Wet Weather Inflow .......         0.000         0.000
  Groundwater Inflow .......         0.000         0.000
  RDII Inflow ..............         0.000         0.000
  External Inflow ..........       195.736        63.783
  External Outflow .........       182.732        59.546
  Flooding Loss ............        16.459         5.363
  Evaporation Loss .........         0.117         0.038
  Exfiltration Loss ........         0.000         0.000
  Initial Stored Volume ....         1.569         0.511
  Final Stored Volume ......        20.375         6.639
  Continuity Error (%) .....        -1.172
  
  
  *************************
  Highest Continuity Errors
  *************************
  Node 10309 (20.43%)
  Node 81309e (11.29%)
  Node 16009 (6.62%)
  Node 80608 (3.92%)
  Node 80608a (2.83%)
  
  
  ***************************
  Time-Step Critical Elements
  ***************************
  Link 1600 (3.16%)
  
  
  ********************************
  Highest Flow Instability Indexes
  ********************************
  Link OR1@82309d-82308d (110)
  Link 8060b (25)
  Link 8040b (24)
  Link OR1@82309b-15009b (20)
  Link 1600 (19)
  
  
  *********************************
  Most Frequent Nonconverging Nodes
  *********************************
  Node 10208 (16.78%)
  Node 10208b (16.78%)
  Node 10208c (16.78%)
  Node 10208d (16.78%)
  Node 10208e (16.78%)
  
  
  *************************
  Routing Time Step Summary
  *************************
  Minimum Time Step           :     1.73 sec
  Average Time Step           :     9.90 sec
  Maximum Time Step           :    10.00 sec
  % of Time in Steady State   :     0.00
  Average Iterations per Step :     4.61
  % of Steps Not Converging   :    16.78
  Time Step Frequencies       :
     10.000 -  5.493 sec      :    99.27 %
      5.493 -  3.017 sec      :     0.60 %
      3.017 -  1.657 sec      :     0.14 %
      1.657 -  0.910 sec      :     0.00 %
      0.910 -  0.500 sec      :     0.00 %
  
  
  ******************
  Node Depth Summary
  ******************
  
  ---------------------------------------------------------------------------------
                                 Average  Maximum  Maximum  Time of Max    Reported
                                   Depth    Depth      HGL   Occurrence   Max Depth
  Node                 Type         Feet     Feet     Feet  days hr:min        Feet
  ---------------------------------------------------------------------------------
  10309                JUNCTION     6.68     9.40   111.00     0  03:06        9.40
  10309a               JUNCTION     1.92     2.70   104.30     0  01:51        2.70
  10309b               JUNCTION     1.84     2.86   104.46     0  01:46        2.86
  10309c               JUNCTION     1.83     2.86   104.46     0  03:00        2.86
  10309d               JUNCTION     1.91     2.75   104.35     0  03:06        2.75
  10309e               JUNCTION     1.68     2.67   104.27     0  03:01        2.67
  15009                JUNCTION     1.45     2.45   113.95     0  01:35        2.45
  15009a               JUNCTION     1.44     2.45   113.95     0  01:35        2.45
  15009b               JUNCTION     1.78     2.98   114.48     0  01:25        2.98
  15009c               JUNCTION     0.74     1.27   112.77     0  03:00        1.27
  15009d               JUNCTION     1.44     2.45   113.95     0  01:35        2.45
  15009e               JUNCTION     1.21     2.21   123.21     0  02:50        2.21
  16009                JUNCTION     6.37     9.04   111.04     0  03:06        9.03
  16009a               JUNCTION     2.16     2.94   104.94     0  01:42        2.94
  16009b               JUNCTION     1.96     3.05   105.05     0  01:38        3.05
  16009c               JUNCTION     1.93     3.05   105.05     0  03:00        3.05
  16009d               JUNCTION     2.04     2.94   104.94     0  03:03        2.94
  16009e               JUNCTION     1.79     2.86   104.86     0  03:00        2.86
  16109                JUNCTION     5.81     8.39   111.19     0  03:06        8.38
  16109a               JUNCTION     2.17     2.96   105.76     0  01:50        2.96
  16109b               JUNCTION     1.63     2.85   105.65     0  01:44        2.85
  16109c               JUNCTION     1.41     2.40   105.20     0  03:00        2.40
  16109d               JUNCTION     1.98     2.96   105.76     0  03:02        2.96
  16109e               JUNCTION     1.52     2.57   105.37     0  03:00        2.57
  80408                JUNCTION     7.24    13.40   133.40     0  00:26       13.40
  80408a               JUNCTION     6.86    13.40   138.00     0  00:27       13.40
  80408b               JUNCTION     3.85    13.40   138.00     0  00:48       13.40
  80408c               JUNCTION     1.19     2.35   126.95     0  00:18        2.35
  80408d               JUNCTION     4.34    12.76   137.36     0  02:12       12.76
  80408e               JUNCTION     0.81     1.60   126.20     0  00:18        1.60
  80608                JUNCTION     7.65    16.70   135.00     0  00:26       16.70
  80608a               JUNCTION     8.62    16.70   135.00     0  00:26       16.70
  80608b               JUNCTION     5.64    16.70   135.00     0  00:48       16.70
  80608c               JUNCTION     1.75     3.14   121.44     0  03:00        3.14
  80608d               JUNCTION     6.69    16.70   135.00     0  02:12       16.70
  80608e               JUNCTION     1.75     4.61   122.91     0  02:27        4.61
  81009                JUNCTION     1.46     2.84   131.04     0  00:31        2.84
  81009a               JUNCTION     1.46     2.84   131.04     0  00:31        2.84
  81009b               JUNCTION     1.46     2.85   131.05     0  00:32        2.85
  81009c               JUNCTION     1.47     2.85   131.05     0  00:31        2.85
  81009d               JUNCTION     1.46     2.85   131.05     0  00:31        2.85
  81009e               JUNCTION     1.66     3.08   131.28     0  01:46        3.08
  81309                JUNCTION     1.71     3.10   120.60     0  01:00        3.10
  81309a               JUNCTION     1.71     3.10   120.60     0  01:00        3.10
  81309b               JUNCTION     1.62     2.89   120.39     0  00:53        2.89
  81309c               JUNCTION     1.93     3.40   120.90     0  03:00        3.40
  81309d               JUNCTION     1.71     3.10   120.60     0  01:00        3.10
  81309e               JUNCTION     6.22    12.50   130.00     0  00:39       12.50
  82308d               JUNCTION     9.84    22.14   134.44     0  02:55       21.51
  82309                JUNCTION    10.59    32.02   144.32     0  00:26       30.82
  82309a               JUNCTION    11.59    30.35   142.65     0  00:26       29.21
  82309b               JUNCTION     7.53    18.96   131.26     0  00:48       18.94
  82309c               JUNCTION     2.21     3.75   116.05     0  01:21        3.75
  NodeControl          JUNCTION     4.62    11.30   123.60     0  00:55       11.13
  10208                OUTFALL      1.58     2.20    92.10     0  03:09        2.20
  10208b               OUTFALL      1.65     2.63    92.53     0  01:46        2.63
  10208c               OUTFALL      1.64     2.63    92.53     0  03:00        2.63
  10208d               OUTFALL      1.71     2.52    92.42     0  03:05        2.52
  10208e               OUTFALL      1.50     2.44    92.34     0  03:01        2.44
  10208a               OUTFALL      4.50     4.50    94.40     0  00:00        4.50
  82309d               STORAGE      9.81    21.31   133.61     0  03:00       21.31
  
  
  *******************
  Node Inflow Summary
  *******************
  
  -------------------------------------------------------------------------------------------------
                                  Maximum  Maximum                  Lateral       Total        Flow
                                  Lateral    Total  Time of Max      Inflow      Inflow     Balance
                                   Inflow   Inflow   Occurrence      Volume      Volume       Error
  Node                 Type           CFS      CFS  days hr:min    10^6 gal    10^6 gal     Percent
  -------------------------------------------------------------------------------------------------
  10309                JUNCTION      0.00   120.03     0  03:07           0          10      25.681
  10309a               JUNCTION      0.00   122.39     0  01:41           0        11.2       2.236
  10309b               JUNCTION      0.00   135.16     0  01:35           0        10.8       0.225
  10309c               JUNCTION      0.00   135.00     0  03:00           0        10.9       0.169
  10309d               JUNCTION      0.00   121.91     0  03:03           0        10.6       0.364
  10309e               JUNCTION      0.00   112.50     0  03:00           0        8.57       0.306
  15009                JUNCTION      0.00    51.03     0  01:13           0        4.04       0.296
  15009a               JUNCTION      0.00    51.03     0  01:13           0        4.04       0.420
  15009b               JUNCTION      0.00    72.40     0  01:01           0        5.74       0.104
  15009c               JUNCTION      0.00   102.78     0  03:00           0        8.25      -0.029
  15009d               JUNCTION      0.00    50.99     0  01:13           0        4.04       0.274
  15009e               JUNCTION      0.00    59.55     0  02:24           0        4.33       0.306
  16009                JUNCTION      0.00   119.46     0  01:47           0        10.7       7.089
  16009a               JUNCTION      0.00   122.42     0  01:37           0        11.3       1.047
  16009b               JUNCTION      0.00   135.19     0  01:30           0        10.9       0.338
  16009c               JUNCTION      0.00   135.00     0  03:00           0        10.9       0.002
  16009d               JUNCTION      0.00   121.92     0  03:02           0        10.6       0.486
  16009e               JUNCTION      0.00   112.50     0  03:00           0        8.61       0.365
  16109                JUNCTION      0.00    74.01     0  01:14           0        7.13       0.000
  16109a               JUNCTION      0.00    71.98     0  01:50           0        7.37       0.000
  16109b               JUNCTION      0.00    64.71     0  01:31           0        5.17       0.000
  16109c               JUNCTION      0.00    32.21     0  03:00           0        2.67       0.000
  16109d               JUNCTION      0.00    71.94     0  03:00           0        6.61       0.000
  16109e               JUNCTION      0.00    52.96     0  02:30           0        4.31       0.000
  80408                JUNCTION     66.00    66.00     0  00:15        7.03        7.03       0.605
  80408a               JUNCTION     65.00    65.00     0  00:15        6.87        6.87       0.303
  80408b               JUNCTION     45.00    45.00     0  00:15        3.64        3.64      -0.196
  80408c               JUNCTION     45.00    45.00     0  00:15        3.64        3.64      -0.193
  80408d               JUNCTION     45.00    45.00     0  00:15        3.64        3.64      -0.190
  80408e               JUNCTION     22.50    22.50     0  00:15        1.82        1.82      -0.301
  80608                JUNCTION      0.00    66.51     0  00:17           0        4.27       4.077
  80608a               JUNCTION      0.00    66.48     0  00:19           0        5.84       2.909
  80608b               JUNCTION      0.00    46.51     0  00:22           0        3.64       1.759
  80608c               JUNCTION      0.00    46.51     0  00:22           0        3.64       0.273
  80608d               JUNCTION      0.00    46.51     0  00:22           0        3.64       1.812
  80608e               JUNCTION      0.00    23.49     0  00:23           0        1.82       1.709
  81009                JUNCTION     50.00    50.00     0  00:15        4.04        4.04      -0.487
  81009a               JUNCTION     50.00    50.00     0  00:15        4.04        4.04      -0.487
  81009b               JUNCTION     50.00    50.00     0  00:15        4.04        4.04      -0.492
  81009c               JUNCTION     50.00    50.00     0  00:15        4.04        4.04      -0.517
  81009d               JUNCTION     50.00    50.00     0  00:15        4.04        4.04      -0.487
  81009e               JUNCTION     50.00    50.00     0  00:15        4.04        4.04      -0.536
  81309                JUNCTION      0.00    53.76     0  00:40           0        4.06       0.409
  81309a               JUNCTION      0.00    53.76     0  00:40           0        4.06       0.410
  81309b               JUNCTION      0.00    53.42     0  00:42           0        4.06       0.562
  81309c               JUNCTION      0.00    53.86     0  00:39           0        4.06       0.928
  81309d               JUNCTION      0.00    53.77     0  00:40           0        4.06       0.412
  81309e               JUNCTION      0.00    54.30     0  00:30           0        4.07      12.721
  82308d               JUNCTION      0.00     6.11     0  04:47           0     0.00421       0.000
  82309                JUNCTION     40.00    99.98     0  00:25        3.23        7.32       2.704
  82309a               JUNCTION     40.00    99.16     0  00:25        3.23        7.55       2.473
  82309b               JUNCTION     40.00    85.59     0  00:49        3.23        6.81      -0.945
  82309c               JUNCTION     40.00    85.00     0  03:00        3.23        6.86      -0.138
  NodeControl          JUNCTION     40.00    62.51     0  02:30        3.23        5.02      -0.511
  10208                OUTFALL       0.00    86.82     0  03:09           0        7.91       0.000
  10208b               OUTFALL       0.00   135.07     0  01:46           0        10.8       0.000
  10208c               OUTFALL       0.00   134.95     0  03:00           0        10.8       0.000
  10208d               OUTFALL       0.00   121.82     0  03:05           0        10.5       0.000
  10208e               OUTFALL       0.00   112.45     0  03:01           0        8.54       0.000
  10208a               OUTFALL       0.00   122.25     0  01:51           0        10.9       0.000
  82309d               STORAGE      40.00    85.70     0  00:49        3.23         6.6      -0.193
  
  
  **********************
  Node Surcharge Summary
  **********************
  
  Surcharging occurs when water rises above the top of the highest conduit.
  ---------------------------------------------------------------------
                                               Max. Height   Min. Depth
                                   Hours       Above Crown    Below Rim
  Node                 Type      Surcharged           Feet         Feet
  ---------------------------------------------------------------------
  10309                JUNCTION        0.60          0.400        0.000
  16009                JUNCTION        0.06          0.039        8.961
  16109                JUNCTION        3.65          2.389       13.811
  80408                JUNCTION        2.94          9.400        0.000
  80408a               JUNCTION        2.70          9.400        0.000
  80408b               JUNCTION        2.24          9.400        0.000
  80408d               JUNCTION        2.17          8.759        0.641
  80608                JUNCTION        2.79         12.700        0.000
  80608a               JUNCTION        2.81         12.700        0.000
  80608b               JUNCTION        2.44         12.700        0.000
  80608d               JUNCTION        2.91         12.700        0.000
  80608e               JUNCTION        0.84          0.612       12.088
  81309e               JUNCTION        3.00          8.000        0.000
  82308d               JUNCTION        4.54         20.141       20.559
  82309                JUNCTION        3.00         25.817       10.683
  82309a               JUNCTION        2.92         24.148       12.352
  82309b               JUNCTION        2.60         12.759       23.741
  NodeControl          JUNCTION        2.28          5.101        9.699
  
  
  *********************
  Node Flooding Summary
  *********************
  
  Flooding refers to all water that overflows a node, whether it ponds or not.
  --------------------------------------------------------------------------
                                                             Total   Maximum
                                 Maximum   Time of Max       Flood    Ponded
                        Hours       Rate    Occurrence      Volume     Depth
  Node                 Flooded       CFS   days hr:min    10^6 gal      Feet
  --------------------------------------------------------------------------
  10309                   0.15     32.98      0  03:07       0.052     0.000
  80408                   2.70     47.22      0  00:28       2.719     0.000
  80408a                  2.63     46.00      0  00:27       1.001     0.000
  80408b                  0.01      6.07      0  00:48       0.001     0.000
  80608                   0.02     40.90      0  00:26       0.011     0.000
  80608a                  2.66     40.32      0  00:26       1.359     0.000
  80608b                  0.01      1.76      0  00:48       0.000     0.000
  80608d                  0.87     12.71      0  03:00       0.207     0.000
  81309e                  0.02     45.81      0  00:39       0.012     0.000
  
  
  **********************
  Storage Volume Summary
  **********************
  
  ------------------------------------------------------------------------------------------------
                         Average    Avg   Evap  Exfil     Maximum    Max    Time of Max    Maximum
                          Volume   Pcnt   Pcnt   Pcnt      Volume   Pcnt     Occurrence    Outflow
  Storage Unit          1000 ft³   Full   Loss   Loss    1000 ft³   Full    days hr:min        CFS
  ------------------------------------------------------------------------------------------------
  82309d                   7.850   23.0    0.0    0.0      17.046   49.9       0  03:00      71.95
  
  
  ***********************
  Outfall Loading Summary
  ***********************
  
  -----------------------------------------------------------
                         Flow       Avg       Max       Total
                         Freq      Flow      Flow      Volume
  Outfall Node           Pcnt       CFS       CFS    10^6 gal
  -----------------------------------------------------------
  10208                 92.39     52.91     86.82       7.908
  10208b                93.35     71.67    135.07      10.820
  10208c                96.19     69.72    134.95      10.849
  10208d                92.43     70.27    121.82      10.514
  10208e                92.39     57.20    112.45       8.544
  10208a                91.79     73.51    122.25      10.907
  -----------------------------------------------------------
  System                93.09    395.27    712.17      59.542
  
  
  ********************
  Link Flow Summary
  ********************
  
  -----------------------------------------------------------------------------
                                 Maximum  Time of Max   Maximum    Max/    Max/
                                  |Flow|   Occurrence   |Veloc|    Full    Full
  Link                 Type          CFS  days hr:min    ft/sec    Flow   Depth
  -----------------------------------------------------------------------------
  1030e                CONDUIT    112.45     0  03:01      5.72    0.04    0.28
  1030                 CONDUIT     86.82     0  03:09      0.92    0.36    0.62
  1030a                CONDUIT    122.25     0  01:51      3.14    0.04    0.40
  1030b                CONDUIT    135.07     0  01:46      5.98    0.04    0.30
  1030c                CONDUIT    134.95     0  03:00      5.98    0.04    0.30
  1030d                CONDUIT    121.82     0  03:05      5.83    0.04    0.29
  1570                 CONDUIT     50.48     0  01:35      3.26    0.41    0.72
  1570a                CONDUIT     50.47     0  01:35      4.36    0.41    0.49
  1570b                CONDUIT     70.54     0  01:26      5.29    0.57    0.55
  1570c                CONDUIT    102.78     0  03:00     11.85    0.12    0.39
  1570d                CONDUIT     50.45     0  01:35      4.48    0.41    0.49
  1570e                CONDUIT     59.55     0  02:50      5.59    0.34    0.46
  1600                 CONDUIT     69.11     0  01:47      5.98    0.47    1.00
  1600a                CONDUIT     71.99     0  01:59      5.99    0.49    0.49
  1600b                CONDUIT     64.71     0  01:53      4.69    0.44    0.49
  1600c                CONDUIT     32.35     0  03:06      2.68    0.22    0.45
  1600d                CONDUIT     71.92     0  03:02      5.20    0.49    0.49
  1600e                CONDUIT     52.95     0  03:00      4.80    0.36    0.45
  1602                 CONDUIT     74.01     0  01:14      4.29    1.71    1.00
  1602a                CONDUIT     71.98     0  01:50      4.33    1.66    0.80
  1602b                CONDUIT     64.71     0  01:31      4.06    1.49    0.79
  1602c                CONDUIT     32.21     0  03:00      2.54    0.74    0.62
  1602d                CONDUIT     71.94     0  03:00      4.29    1.66    0.80
  1602e                CONDUIT     52.96     0  02:30      3.32    1.22    0.76
  1630                 CONDUIT    120.03     0  03:07      5.36    0.05    1.00
  1630a                CONDUIT    122.39     0  01:41      7.46    0.05    0.31
  1630b                CONDUIT    135.16     0  01:35      5.73    0.06    0.33
  1630c                CONDUIT    135.00     0  03:00      5.61    0.06    0.33
  1630d                CONDUIT    121.91     0  03:03      5.48    0.05    0.32
  1630e                CONDUIT    112.50     0  03:00      5.31    0.05    0.31
  8040                 CONDUIT     66.51     0  00:17      6.32    1.42    1.00
  8040a                CONDUIT     66.48     0  00:19      7.64    0.90    1.00
  8040b                CONDUIT     46.51     0  00:22      7.11    0.63    1.00
  8040c                CONDUIT     46.51     0  00:22      7.11    0.63    0.68
  8040d                CONDUIT     46.51     0  00:22      7.11    0.63    1.00
  8040e                CONDUIT     23.49     0  00:23      6.17    0.32    0.69
  8060                 CONDUIT     59.98     0  00:25      5.24    1.13    1.00
  8060a                CONDUIT     59.16     0  00:25      5.26    1.11    1.00
  8060b                CONDUIT     46.76     0  03:11      4.86    0.88    1.00
  8060c                CONDUIT     45.00     0  03:00      5.27    0.84    0.64
  8060d                CONDUIT     45.70     0  00:49      4.79    0.86    1.00
  8060e                CONDUIT     37.81     0  03:10      3.90    0.71    1.00
  8100                 CONDUIT     53.76     0  00:40      6.47    0.69    0.64
  8100a                CONDUIT     53.76     0  00:40      6.47    0.69    0.64
  8100b                CONDUIT     53.42     0  00:42      6.55    0.68    0.61
  8100c                CONDUIT     53.86     0  00:39      6.52    0.69    0.67
  8100d                CONDUIT     53.77     0  00:40      6.47    0.69    0.64
  8100e                CONDUIT     53.58     0  00:30      6.41    0.69    0.84
  8130                 CONDUIT     51.03     0  01:13      5.62    0.72    0.61
  8130a                CONDUIT     51.03     0  01:13      5.63    0.72    0.61
  8130b                CONDUIT     51.88     0  01:01      4.90    0.74    0.64
  8130c                CONDUIT     50.00     0  03:00      6.06    0.71    0.52
  8130d                CONDUIT     50.99     0  01:13      5.54    0.72    0.61
  8130e                CONDUIT     50.00     0  01:59      4.35    0.93    0.75
  PUMP1                PUMP         9.55     0  00:55              1.00
  OR1@82309d-82308d    ORIFICE      6.11     0  04:47                      1.00
  OR1@82309b-15009b    ORIFICE     22.29     0  00:48                          
  WEIR1@82309c-15009c  WEIR        52.81     0  01:22                      0.51
  
  
  ***************************
  Flow Classification Summary
  ***************************
  
  -------------------------------------------------------------------------------------
                      Adjusted    ---------- Fraction of Time in Flow Class ---------- 
                       /Actual         Up    Down  Sub   Sup   Up    Down  Norm  Inlet 
  Conduit               Length    Dry  Dry   Dry   Crit  Crit  Crit  Crit  Ltd   Ctrl  
  -------------------------------------------------------------------------------------
  1030e                   1.00   0.04  0.00  0.00  0.96  0.00  0.00  0.00  0.00  0.00
  1030                    1.00   0.04  0.00  0.00  0.96  0.00  0.00  0.00  0.00  0.00
  1030a                   1.00   0.00  0.06  0.00  0.94  0.00  0.00  0.00  0.94  0.00
  1030b                   1.00   0.03  0.00  0.00  0.97  0.00  0.00  0.00  0.00  0.00
  1030c                   1.00   0.02  0.00  0.00  0.98  0.00  0.00  0.00  0.00  0.00
  1030d                   1.00   0.04  0.00  0.00  0.96  0.00  0.00  0.00  0.00  0.00
  1570                    1.00   0.00  0.00  0.00  1.00  0.00  0.00  0.00  0.95  0.00
  1570a                   1.00   0.00  0.00  0.00  1.00  0.00  0.00  0.00  0.95  0.00
  1570b                   1.00   0.00  0.00  0.00  0.97  0.03  0.00  0.00  0.89  0.00
  1570c                   5.02   0.00  0.00  0.00  0.42  0.58  0.00  0.00  0.99  0.00
  1570d                   1.00   0.00  0.00  0.00  1.00  0.00  0.00  0.00  0.93  0.00
  1570e                   1.00   0.00  0.04  0.00  0.95  0.01  0.00  0.00  0.93  0.00
  1600                    1.00   0.00  0.00  0.00  0.97  0.03  0.00  0.00  0.00  0.00
  1600a                   1.00   0.00  0.00  0.00  0.97  0.03  0.00  0.00  0.34  0.00
  1600b                   1.00   0.00  0.00  0.00  1.00  0.00  0.00  0.00  0.29  0.00
  1600c                   1.00   0.00  0.00  0.00  1.00  0.00  0.00  0.00  0.39  0.00
  1600d                   1.00   0.00  0.00  0.00  0.97  0.03  0.00  0.00  0.30  0.00
  1600e                   1.00   0.00  0.00  0.00  0.97  0.03  0.00  0.00  0.40  0.00
  1602                    1.00   0.00  0.00  0.00  1.00  0.00  0.00  0.00  0.33  0.00
  1602a                   1.00   0.00  0.00  0.00  1.00  0.00  0.00  0.00  0.00  0.00
  1602b                   1.00   0.00  0.00  0.00  1.00  0.00  0.00  0.00  0.34  0.00
  1602c                   1.00   0.00  0.00  0.00  1.00  0.00  0.00  0.00  0.03  0.00
  1602d                   1.00   0.00  0.00  0.00  1.00  0.00  0.00  0.00  0.00  0.00
  1602e                   1.00   0.00  0.00  0.00  1.00  0.00  0.00  0.00  0.00  0.00
  1630                    1.00   0.00  0.00  0.00  0.96  0.03  0.00  0.00  0.00  0.00
  1630a                   1.00   0.00  0.00  0.00  0.93  0.07  0.00  0.00  0.00  0.00
  1630b                   1.00   0.00  0.00  0.00  0.95  0.05  0.00  0.00  0.26  0.00
  1630c                   1.00   0.00  0.00  0.00  0.96  0.04  0.00  0.00  0.32  0.00
  1630d                   1.00   0.00  0.00  0.00  0.95  0.05  0.00  0.00  0.17  0.00
  1630e                   1.00   0.00  0.00  0.00  0.94  0.05  0.00  0.00  0.29  0.00
  8040                    1.00   0.00  0.00  0.00  0.99  0.01  0.00  0.00  0.34  0.00
  8040a                   1.00   0.00  0.00  0.00  0.97  0.03  0.00  0.00  0.48  0.00
  8040b                   1.00   0.00  0.00  0.00  0.96  0.04  0.00  0.00  0.54  0.00
  8040c                   1.00   0.00  0.00  0.00  0.96  0.04  0.00  0.00  0.94  0.00
  8040d                   1.00   0.00  0.00  0.00  0.96  0.04  0.00  0.00  0.49  0.00
  8040e                   1.00   0.00  0.00  0.00  0.95  0.05  0.00  0.00  0.94  0.00
  8060                    1.00   0.00  0.00  0.00  0.60  0.00  0.00  0.40  0.07  0.00
  8060a                   1.00   0.00  0.00  0.00  0.61  0.00  0.00  0.39  0.08  0.00
  8060b                   1.00   0.00  0.00  0.00  0.54  0.00  0.00  0.46  0.09  0.00
  8060c                   1.00   0.00  0.00  0.00  0.00  0.00  0.00  1.00  0.00  0.00
  8060d                   1.00   0.00  0.00  0.00  0.70  0.00  0.00  0.30  0.12  0.00
  8060e                   1.00   0.00  0.00  0.00  0.56  0.00  0.00  0.44  0.16  0.00
  8100                    1.00   0.00  0.00  0.00  0.96  0.04  0.00  0.00  0.89  0.00
  8100a                   1.00   0.00  0.00  0.00  0.96  0.04  0.00  0.00  0.89  0.00
  8100b                   1.00   0.00  0.00  0.00  0.96  0.04  0.00  0.00  0.88  0.00
  8100c                   1.00   0.00  0.00  0.00  0.96  0.04  0.00  0.00  0.89  0.00
  8100d                   1.00   0.00  0.00  0.00  0.96  0.04  0.00  0.00  0.89  0.00
  8100e                   1.00   0.00  0.00  0.00  0.96  0.04  0.00  0.00  0.50  0.00
  8130                    1.00   0.00  0.00  0.00  0.96  0.04  0.00  0.00  0.45  0.00
  8130a                   1.00   0.00  0.00  0.00  0.96  0.04  0.00  0.00  0.45  0.00
  8130b                   1.00   0.00  0.00  0.00  1.00  0.00  0.00  0.00  0.87  0.00
  8130c                   1.00   0.00  0.00  0.00  0.88  0.12  0.00  0.00  0.00  0.00
  8130d                   1.00   0.00  0.00  0.00  0.96  0.04  0.00  0.00  0.45  0.00
  8130e                   1.00   0.00  0.04  0.00  0.96  0.00  0.00  0.00  0.06  0.00
  
  
  *************************
  Conduit Surcharge Summary
  *************************
  
  ----------------------------------------------------------------------------
                                                           Hours        Hours 
                         --------- Hours Full --------   Above Full   Capacity
  Conduit                Both Ends  Upstream  Dnstream   Normal Flow   Limited
  ----------------------------------------------------------------------------
  1030                        0.01      0.60      0.01      0.01         0.01
  1570                        0.01      0.01      4.60      0.01         0.01
  1600                        3.65      3.65      4.46      0.01         0.01
  1602                        2.21      3.29      4.54      2.78         1.76
  1602a                       0.01      3.19      0.01      3.12         0.01
  1602b                       0.01      2.85      0.01      2.74         0.01
  1602d                       0.01      3.68      0.01      3.53         0.01
  1602e                       0.01      2.70      0.01      2.52         0.01
  1630                        0.06      0.06      0.60      0.01         0.01
  8040                        2.75      2.94      2.79      0.25         0.01
  8040a                       2.70      2.70      2.81      0.01         0.01
  8040b                       2.24      2.24      2.44      0.01         0.01
  8040d                       2.17      2.17      2.91      0.01         0.01
  8040e                       0.01      0.01      0.84      0.01         0.01
  8060                        2.79      2.79      3.00      0.06         0.01
  8060a                       2.81      2.81      2.92      0.06         0.01
  8060b                       2.44      2.44      2.60      0.01         0.01
  8060d                       2.91      2.91      3.48      0.01         0.01
  8060e                       0.84      0.84      2.28      0.01         0.01
  8100e                       0.01      0.01      3.00      0.01         0.01
  8130e                       0.01      0.01      3.00      0.01         0.01
  
  
  ***************
  Pumping Summary
  ***************
  
  ---------------------------------------------------------------------------------------------------------
                                                  Min       Avg       Max     Total     Power    % Time Off
                        Percent   Number of      Flow      Flow      Flow    Volume     Usage    Pump Curve
  Pump                 Utilized   Start-Ups       CFS       CFS       CFS  10^6 gal     Kw-hr    Low   High
  ---------------------------------------------------------------------------------------------------------
  PUMP1                   66.62           1      0.00      6.84      9.55     0.735      6.12    0.0   15.1
  

  Analysis begun on:  Tue Aug  5 09:27:36 2025
  Analysis ended on:  Tue Aug  5 09:27:36 2025
  Total elapsed time: < 1 sec