
  EPA STORM WATER MANAGEMENT MODEL - VERSION 5.2 (Build 5.2.4)
  ------------------------------------------------------------

                                                                                                                                                                                                                                                                                                                                                              EXTRANUSER''SMANUALEXAMPLE2 
                                                                                                                                                                                                                                                                                                                                                              BASICPIPESYSTEMWITHTIDEGATEFROMFIGURE3-2 
  
  ****************
  Analysis Options
  ****************
  Flow Units ............... CFS
  Process Models:
    Rainfall/Runoff ........ NO
    RDII ................... NO
    Snowmelt ............... NO
    Groundwater ............ NO
    Flow Routing ........... YES
    Ponding Allowed ........ NO
    Water Quality .......... NO
  Flow Routing Method ...... DYNWAVE
  Surcharge Method ......... EXTRAN
  Starting Date ............ 01/01/1988 00:00:00
  Ending Date .............. 01/01/1988 08:00:00
  Antecedent Dry Days ...... 0.0
  Report Time Step ......... 00:01:00
  Routing Time Step ........ 60.00 sec
  Variable Time Step ....... YES
  Maximum Trials ........... 8
  Number of Threads ........ 1
  Head Tolerance ........... 0.005000 ft
  
  
  **************************        Volume        Volume
  Flow Routing Continuity        acre-feet      10^6 gal
  **************************     ---------     ---------
  Dry Weather Inflow .......         0.000         0.000
  Wet Weather Inflow .......         0.000         0.000
  Groundwater Inflow .......         0.000         0.000
  RDII Inflow ..............         0.000         0.000
  External Inflow ..........        33.332        10.862
  External Outflow .........        31.110        10.138
  Flooding Loss ............         2.138         0.697
  Evaporation Loss .........         0.000         0.000
  Exfiltration Loss ........         0.000         0.000
  Initial Stored Volume ....         0.000         0.000
  Final Stored Volume ......         0.056         0.018
  Continuity Error (%) .....         0.082
  
  
  *************************
  Highest Continuity Errors
  *************************
  Node 80608 (1.58%)
  
  
  ***************************
  Time-Step Critical Elements
  ***************************
  Link 1630 (90.15%)
  
  
  ********************************
  Highest Flow Instability Indexes
  ********************************
  Link 1630 (11)
  Link 1030 (7)
  Link 8060 (2)
  Link 8040 (2)
  
  
  *********************************
  Most Frequent Nonconverging Nodes
  *********************************
  Node 10208 (5.01%)
  Node 82309 (4.22%)
  Node 80608 (2.99%)
  Node 80408 (1.23%)
  
  
  *************************
  Routing Time Step Summary
  *************************
  Minimum Time Step           :    15.15 sec
  Average Time Step           :    25.33 sec
  Maximum Time Step           :    60.00 sec
  % of Time in Steady State   :     0.00
  Average Iterations per Step :     2.77
  % of Steps Not Converging   :     5.01
  Time Step Frequencies       :
     60.000 - 23.031 sec      :    32.39 %
     23.031 -  8.841 sec      :    67.61 %
      8.841 -  3.393 sec      :     0.00 %
      3.393 -  1.303 sec      :     0.00 %
      1.303 -  0.500 sec      :     0.00 %
  
  
  ******************
  Node Depth Summary
  ******************
  
  ---------------------------------------------------------------------------------
                                 Average  Maximum  Maximum  Time of Max    Reported
                                   Depth    Depth      HGL   Occurrence   Max Depth
  Node                 Type         Feet     Feet     Feet  days hr:min        Feet
  ---------------------------------------------------------------------------------
  10309                JUNCTION     0.39     0.85   102.45     0  01:24        0.85
  15009                JUNCTION     1.60     2.45   113.95     0  01:35        2.45
  16009                JUNCTION     2.58     3.88   105.88     0  01:16        3.88
  16109                JUNCTION     2.23     3.44   106.24     0  01:18        3.44
  80408                JUNCTION     6.32    13.40   138.00     0  00:38       13.40
  80608                JUNCTION     8.53    16.70   135.00     0  00:39       16.70
  81009                JUNCTION     1.56     2.85   131.05     0  00:32        2.85
  81309                JUNCTION     1.89     3.10   120.60     0  01:01        3.10
  82309                JUNCTION    11.38    22.16   134.46     0  00:39       21.60
  10208                OUTFALL      4.50     4.50    94.40     0  00:00        4.50
  
  
  *******************
  Node Inflow Summary
  *******************
  
  -------------------------------------------------------------------------------------------------
                                  Maximum  Maximum                  Lateral       Total        Flow
                                  Lateral    Total  Time of Max      Inflow      Inflow     Balance
                                   Inflow   Inflow   Occurrence      Volume      Volume       Error
  Node                 Type           CFS      CFS  days hr:min    10^6 gal    10^6 gal     Percent
  -------------------------------------------------------------------------------------------------
  10309                JUNCTION      0.00   127.16     0  01:22           0        10.1      -0.177
  15009                JUNCTION      0.00    51.04     0  01:14           0        4.02       0.182
  16009                JUNCTION      0.00   125.86     0  01:25           0        10.1       0.252
  16109                JUNCTION      0.00    74.95     0  01:18           0        6.14       0.000
  80408                JUNCTION     45.00    45.00     0  00:16        3.62        3.62      -0.316
  80608                JUNCTION      0.00    46.24     0  00:22           0        3.63       1.610
  81009                JUNCTION     50.00    50.00     0  00:16        4.02        4.02      -0.421
  81309                JUNCTION      0.00    53.82     0  00:40           0        4.04       0.373
  82309                JUNCTION     40.00    83.55     0  00:32        3.22         6.1      -0.774
  10208                OUTFALL       0.00   126.87     0  01:23           0        10.1       0.000
  
  
  **********************
  Node Surcharge Summary
  **********************
  
  Surcharging occurs when water rises above the top of the highest conduit.
  ---------------------------------------------------------------------
                                               Max. Height   Min. Depth
                                   Hours       Above Crown    Below Rim
  Node                 Type      Surcharged           Feet         Feet
  ---------------------------------------------------------------------
  80408                JUNCTION        2.44          9.400        0.000
  80608                JUNCTION        2.58         12.700        0.000
  82309                JUNCTION        2.72         15.957       20.543
  
  
  *********************
  Node Flooding Summary
  *********************
  
  Flooding refers to all water that overflows a node, whether it ponds or not.
  --------------------------------------------------------------------------
                                                             Total   Maximum
                                 Maximum   Time of Max       Flood    Ponded
                        Hours       Rate    Occurrence      Volume     Depth
  Node                 Flooded       CFS   days hr:min    10^6 gal      Feet
  --------------------------------------------------------------------------
  80408                   0.01     17.95      0  00:38       0.004     0.000
  80608                   2.39     19.01      0  00:40       0.693     0.000
  
  
  ***********************
  Outfall Loading Summary
  ***********************
  
  -----------------------------------------------------------
                         Flow       Avg       Max       Total
                         Freq      Flow      Flow      Volume
  Outfall Node           Pcnt       CFS       CFS    10^6 gal
  -----------------------------------------------------------
  10208                 98.86     73.45    126.87      10.137
  -----------------------------------------------------------
  System                98.86     73.45    126.87      10.137
  
  
  ********************
  Link Flow Summary
  ********************
  
  -----------------------------------------------------------------------------
                                 Maximum  Time of Max   Maximum    Max/    Max/
                                  |Flow|   Occurrence   |Veloc|    Full    Full
  Link                 Type          CFS  days hr:min    ft/sec    Flow   Depth
  -----------------------------------------------------------------------------
  8040                 CONDUIT     46.24     0  00:22      7.32    0.63    1.00
  8060                 CONDUIT     44.44     0  03:14      4.96    0.83    1.00
  8100                 CONDUIT     53.82     0  00:40      6.56    0.69    0.64
  8130                 CONDUIT     51.04     0  01:14      5.55    0.72    0.61
  1030                 DUMMY      126.87     0  01:23
  1570                 CONDUIT     50.48     0  01:35      3.62    0.41    0.57
  1600                 CONDUIT     75.69     0  01:24      5.48    0.52    0.61
  1630                 CONDUIT    127.16     0  01:22     10.53    0.13    0.26
  1602                 CONDUIT     74.95     0  01:18      4.33    1.73    0.84
  
  
  ***************************
  Flow Classification Summary
  ***************************
  
  -------------------------------------------------------------------------------------
                      Adjusted    ---------- Fraction of Time in Flow Class ---------- 
                       /Actual         Up    Down  Sub   Sup   Up    Down  Norm  Inlet 
  Conduit               Length    Dry  Dry   Dry   Crit  Crit  Crit  Crit  Ltd   Ctrl  
  -------------------------------------------------------------------------------------
  8040                    1.00   0.00  0.00  0.00  0.96  0.04  0.00  0.00  0.63  0.00
  8060                    1.00   0.00  0.00  0.00  0.43  0.00  0.00  0.57  0.07  0.00
  8100                    1.00   0.00  0.00  0.00  0.97  0.03  0.00  0.00  0.92  0.00
  8130                    1.00   0.00  0.00  0.00  0.98  0.01  0.00  0.00  0.59  0.00
  1570                    1.00   0.00  0.00  0.00  1.00  0.00  0.00  0.00  0.93  0.00
  1600                    1.00   0.00  0.00  0.00  1.00  0.00  0.00  0.00  0.46  0.00
  1630                    1.00   0.00  0.01  0.00  0.12  0.87  0.00  0.00  0.00  0.00
  1602                    1.00   0.00  0.00  0.00  1.00  0.00  0.00  0.00  0.00  0.00
  
  
  *************************
  Conduit Surcharge Summary
  *************************
  
  ----------------------------------------------------------------------------
                                                           Hours        Hours 
                         --------- Hours Full --------   Above Full   Capacity
  Conduit                Both Ends  Upstream  Dnstream   Normal Flow   Limited
  ----------------------------------------------------------------------------
  8040                        2.44      2.44      2.58      0.01         0.01
  8060                        2.58      2.58      2.72      0.01         0.01
  1602                        0.01      2.94      0.01      2.89         0.01
  

  Analysis begun on:  Tue Aug  5 09:27:37 2025
  Analysis ended on:  Tue Aug  5 09:27:37 2025
  Total elapsed time: < 1 sec