
  EPA STORM WATER MANAGEMENT MODEL - VERSION 5.2 (Build 5.2.4)
  ------------------------------------------------------------

  WARNING 04: minimum elevation drop used for Conduit 11
  WARNING 04: minimum elevation drop used for Conduit 13
  WARNING 04: minimum elevation drop used for Conduit 17
  WARNING 04: minimum elevation drop used for Conduit 19
  WARNING 04: minimum elevation drop used for Conduit 21
  WARNING 04: minimum elevation drop used for Conduit 23
  WARNING 04: minimum elevation drop used for Conduit 43
  WARNING 04: minimum elevation drop used for Conduit 47
  WARNING 04: minimum elevation drop used for Conduit 49
  WARNING 04: minimum elevation drop used for Conduit 51
  WARNING 04: minimum elevation drop used for Conduit 53
  WARNING 04: minimum elevation drop used for Conduit 55
  WARNING 04: minimum elevation drop used for Conduit 59
  WARNING 02: maximum depth increased for Node 22
  WARNING 02: maximum depth increased for Node 30
  
  ****************
  Analysis Options
  ****************
  Flow Units ............... CFS
  Process Models:
    Rainfall/Runoff ........ NO
    RDII ................... NO
    Snowmelt ............... NO
    Groundwater ............ NO
    Flow Routing ........... YES
    Ponding Allowed ........ NO
    Water Quality .......... NO
  Flow Routing Method ...... DYNWAVE
  Surcharge Method ......... EXTRAN
  Starting Date ............ 01/01/2002 00:00:00
  Ending Date .............. 01/01/2002 04:00:00
  Antecedent Dry Days ...... 5.0
  Report Time Step ......... 00:05:00
  Routing Time Step ........ 10.00 sec
  Variable Time Step ....... YES
  Maximum Trials ........... 8
  Number of Threads ........ 1
  Head Tolerance ........... 0.005000 ft
  
  
  **************************        Volume        Volume
  Flow Routing Continuity        acre-feet      10^6 gal
  **************************     ---------     ---------
  Dry Weather Inflow .......        34.740        11.320
  Wet Weather Inflow .......         0.000         0.000
  Groundwater Inflow .......         0.000         0.000
  RDII Inflow ..............         0.000         0.000
  External Inflow ..........         0.111         0.036
  External Outflow .........         0.026         0.009
  Flooding Loss ............        34.639        11.288
  Evaporation Loss .........         0.000         0.000
  Exfiltration Loss ........         0.000         0.000
  Initial Stored Volume ....         0.012         0.004
  Final Stored Volume ......         0.665         0.217
  Continuity Error (%) .....        -1.344
  
  
  *************************
  Highest Continuity Errors
  *************************
  Node 42 (21.29%)
  Node 44 (20.45%)
  Node 8000 (19.55%)
  Node 18 (15.99%)
  Node 46 (15.30%)
  
  
  ***************************
  Time-Step Critical Elements
  ***************************
  Link 57 (97.75%)
  Link 59 (2.03%)
  
  
  ********************************
  Highest Flow Instability Indexes
  ********************************
  Link 33 (16)
  Link 31 (9)
  Link 13 (6)
  Link 23 (5)
  Link 17 (5)
  
  
  *********************************
  Most Frequent Nonconverging Nodes
  *********************************
  Node 14 (1.66%)
  Node 52 (1.09%)
  Node 40 (0.81%)
  Node 24 (0.81%)
  Node 20 (0.24%)
  
  
  *************************
  Routing Time Step Summary
  *************************
  Minimum Time Step           :     0.50 sec
  Average Time Step           :     2.66 sec
  Maximum Time Step           :     2.76 sec
  % of Time in Steady State   :     0.00
  Average Iterations per Step :     2.34
  % of Steps Not Converging   :     1.66
  Time Step Frequencies       :
     10.000 -  5.493 sec      :     0.00 %
      5.493 -  3.017 sec      :     0.00 %
      3.017 -  1.657 sec      :    99.67 %
      1.657 -  0.910 sec      :     0.11 %
      0.910 -  0.500 sec      :     0.22 %
  
  
  ******************
  Node Depth Summary
  ******************
  
  ---------------------------------------------------------------------------------
                                 Average  Maximum  Maximum  Time of Max    Reported
                                   Depth    Depth      HGL   Occurrence   Max Depth
  Node                 Type         Feet     Feet     Feet  days hr:min        Feet
  ---------------------------------------------------------------------------------
  10                   JUNCTION     0.89     1.04     1.04     0  00:58        1.01
  12                   JUNCTION     0.89     1.07     1.07     0  00:47        1.04
  16                   JUNCTION     0.90     1.03     1.03     0  01:10        1.02
  18                   JUNCTION     0.89     1.02     1.02     0  01:02        1.01
  20                   JUNCTION     0.89     1.07     1.07     0  01:01        1.04
  22                   JUNCTION     1.49     1.63     1.03     0  00:55        1.63
  26                   JUNCTION     2.98     9.73     7.63     0  00:01        3.12
  30                   JUNCTION     2.48     2.63     1.03     0  00:55        2.62
  36                   JUNCTION     0.13     1.01     3.01     0  03:59        0.87
  40                   JUNCTION     4.89     5.01     5.01     0  00:05        5.00
  42                   JUNCTION     0.89     1.07     1.07     0  00:50        1.06
  44                   JUNCTION     0.89     1.06     1.06     0  00:49        1.01
  46                   JUNCTION     0.89     1.06     1.06     0  01:01        1.03
  48                   JUNCTION     4.99     5.00     5.00     0  00:00        5.00
  50                   JUNCTION     5.00     5.00     5.00     0  00:00        5.00
  52                   JUNCTION     5.84    68.89    68.89     0  00:00        5.83
  14                   OUTFALL      1.00     1.00     1.00     0  00:00        1.00
  24                   DIVIDER      4.89     5.00     5.00     0  00:05        5.00
  8000                 STORAGE      9.82    10.00     5.00     0  00:06       10.00
  8002                 STORAGE      4.55     8.01     3.01     0  03:59        7.87
  8004                 STORAGE      0.00     0.95    -4.05     0  00:00        0.00
  9000                 STORAGE      9.85    10.00     5.00     0  00:05       10.00
  
  
  *******************
  Node Inflow Summary
  *******************
  
  -------------------------------------------------------------------------------------------------
                                  Maximum  Maximum                  Lateral       Total        Flow
                                  Lateral    Total  Time of Max      Inflow      Inflow     Balance
                                   Inflow   Inflow   Occurrence      Volume      Volume       Error
  Node                 Type           CFS      CFS  days hr:min    10^6 gal    10^6 gal     Percent
  -------------------------------------------------------------------------------------------------
  10                   JUNCTION      0.00     0.16     0  00:23           0     0.00367      14.840
  12                   JUNCTION      0.00     0.58     0  00:24           0     0.00857      10.011
  16                   JUNCTION      0.00     0.15     0  01:08           0     0.00553       8.880
  18                   JUNCTION      0.00     0.29     0  00:44           0     0.00591      19.033
  20                   JUNCTION      0.00     0.23     0  00:25           0     0.00406      16.241
  22                   JUNCTION      0.00    11.37     0  00:19           0        0.16      11.535
  26                   JUNCTION      0.00     2.79     0  00:01           0      0.0058       6.578
  30                   JUNCTION      0.00    10.98     0  00:14           0       0.136      13.582
  36                   JUNCTION      0.10     0.10     0  00:00      0.0108      0.0108       1.711
  40                   JUNCTION      0.00     1.08     0  00:03           0     0.00565       5.159
  42                   JUNCTION      0.00     0.17     0  00:46           0     0.00279      27.052
  44                   JUNCTION      0.00     0.19     0  00:45           0      0.0033      25.709
  46                   JUNCTION      0.00     0.27     0  00:44           0     0.00388      18.068
  48                   JUNCTION      5.00    10.65     0  00:00       0.539       0.542       0.030
  50                   JUNCTION    100.00   100.00     0  00:00        10.8        10.8       0.002
  52                   JUNCTION      0.00    20.00     0  00:00           0       0.648       0.014
  14                   OUTFALL       0.00     1.90     0  00:25           0      0.0448       0.000
  24                   DIVIDER       0.00    30.55     0  00:00           0       0.653       0.196
  8000                 STORAGE       0.00     3.77     0  00:00           0      0.0149      24.299
  8002                 STORAGE       0.00     0.11     0  03:33           0      0.0112      10.759
  8004                 STORAGE       0.00     8.37     0  00:00           0       0.647      -0.037
  9000                 STORAGE       0.00     5.07     0  00:00           0      0.0139      14.984
  
  
  **********************
  Node Surcharge Summary
  **********************
  
  Surcharging occurs when water rises above the top of the highest conduit.
  ---------------------------------------------------------------------
                                               Max. Height   Min. Depth
                                   Hours       Above Crown    Below Rim
  Node                 Type      Surcharged           Feet         Feet
  ---------------------------------------------------------------------
  10                   JUNCTION        3.05          0.044        3.956
  12                   JUNCTION        2.71          0.072       10.928
  20                   JUNCTION        2.03          0.075        3.925
  26                   JUNCTION        3.98          8.730        0.000
  36                   JUNCTION        0.01          0.009        1.991
  40                   JUNCTION        3.94          4.014        0.000
  42                   JUNCTION        2.71          0.074        3.926
  44                   JUNCTION        3.02          0.060        3.940
  46                   JUNCTION        2.26          0.057        3.943
  48                   JUNCTION        4.00          4.000        0.000
  50                   JUNCTION        4.00          4.000        0.000
  52                   JUNCTION        4.00         67.892        0.000
  24                   DIVIDER         3.94          4.000        0.000
  
  
  *********************
  Node Flooding Summary
  *********************
  
  Flooding refers to all water that overflows a node, whether it ponds or not.
  --------------------------------------------------------------------------
                                                             Total   Maximum
                                 Maximum   Time of Max       Flood    Ponded
                        Hours       Rate    Occurrence      Volume     Depth
  Node                 Flooded       CFS   days hr:min    10^6 gal      Feet
  --------------------------------------------------------------------------
  48                      4.00     10.58      0  00:00       0.542     0.000
  50                      4.00     96.77      0  00:00      10.120     0.000
  24                      3.91      5.96      0  00:24       0.624     0.000
  8000                    0.23      1.03      0  00:06       0.001     0.000
  9000                    0.23      1.47      0  00:05       0.001     0.000
  
  
  **********************
  Storage Volume Summary
  **********************
  
  ------------------------------------------------------------------------------------------------
                         Average    Avg   Evap  Exfil     Maximum    Max    Time of Max    Maximum
                          Volume   Pcnt   Pcnt   Pcnt      Volume   Pcnt     Occurrence    Outflow
  Storage Unit          1000 ft³   Full   Loss   Loss    1000 ft³   Full    days hr:min        CFS
  ------------------------------------------------------------------------------------------------
  8000                     0.771   98.2    0.0    0.0       0.785  100.0       0  00:06       0.05
  8002                     0.358   45.5    0.0    0.0       0.629   80.1       0  03:59       0.05
  8004                     0.000    0.0    0.0    0.0       0.075    9.5       0  00:00      20.00
  9000                     0.773   98.5    0.0    0.0       0.785  100.0       0  00:05       0.05
  
  
  ***********************
  Outfall Loading Summary
  ***********************
  
  -----------------------------------------------------------
                         Flow       Avg       Max       Total
                         Freq      Flow      Flow      Volume
  Outfall Node           Pcnt       CFS       CFS    10^6 gal
  -----------------------------------------------------------
  14                   100.00      0.42      1.90       0.045
  -----------------------------------------------------------
  System               100.00      0.42      1.90       0.045
  
  
  ********************
  Link Flow Summary
  ********************
  
  -----------------------------------------------------------------------------
                                 Maximum  Time of Max   Maximum    Max/    Max/
                                  |Flow|   Occurrence   |Veloc|    Full    Full
  Link                 Type          CFS  days hr:min    ft/sec    Flow   Depth
  -----------------------------------------------------------------------------
  11                   CONDUIT      0.16     0  00:23      0.57    1.59    1.00
  13                   CONDUIT      0.58     0  00:24      1.35    5.30    1.00
  17                   CONDUIT      0.21     0  01:07      0.60    0.30    0.51
  19                   CONDUIT      0.11     0  00:44      0.51    0.84    1.00
  21                   CONDUIT      0.23     0  00:25      0.68    2.18    1.00
  23                   CONDUIT      1.90     0  00:25      2.80   17.28    1.00
  25                   CONDUIT      5.07     0  00:00      7.41    0.70    1.00
  31                   CONDUIT      2.74     0  00:01      4.01    1.07    1.00
  33                   CONDUIT     10.94     0  00:14      0.68    0.00    0.00
  35                   CONDUIT      3.77     0  00:00      5.60    0.68    1.00
  43                   CONDUIT      1.03     0  00:03      1.68    9.28    1.00
  45                   CONDUIT      0.11     0  03:33      0.24    0.01    1.00
  47                   CONDUIT      0.08     0  01:08      0.41    0.79    1.00
  49                   CONDUIT      0.11     0  00:46      0.39    1.07    1.00
  51                   CONDUIT      0.16     0  00:24      0.57    1.86    1.00
  53                   CONDUIT      0.23     0  00:24      0.76    1.94    1.00
  55                   CONDUIT      5.65     0  00:00      7.53   35.42    1.00
  57                   CONDUIT      8.37     0  00:00     15.29    0.73    0.97
  59                   CONDUIT     30.55     0  00:00    >50.00  181.04    1.00
  5000                 PUMP         0.05     0  00:00              1.00
  5002                 PUMP         0.05     0  00:00              1.00
  5004                 PUMP         0.05     0  00:00              1.00
  5006                 PUMP        20.00     0  00:00              1.00
  
  
  ***************************
  Flow Classification Summary
  ***************************
  
  -------------------------------------------------------------------------------------
                      Adjusted    ---------- Fraction of Time in Flow Class ---------- 
                       /Actual         Up    Down  Sub   Sup   Up    Down  Norm  Inlet 
  Conduit               Length    Dry  Dry   Dry   Crit  Crit  Crit  Crit  Ltd   Ctrl  
  -------------------------------------------------------------------------------------
  11                      1.00   0.01  0.00  0.00  0.99  0.00  0.00  0.00  0.00  0.00
  13                      1.00   0.02  0.00  0.00  0.97  0.00  0.00  0.00  0.01  0.00
  17                      1.00   0.00  0.00  0.00  1.00  0.00  0.00  0.00  0.00  0.00
  19                      1.00   0.00  0.00  0.00  1.00  0.00  0.00  0.00  0.00  0.00
  21                      1.00   0.01  0.00  0.00  0.99  0.00  0.00  0.00  0.00  0.00
  23                      1.00   0.00  0.00  0.00  0.90  0.00  0.10  0.00  0.03  0.00
  25                      1.00   0.00  0.00  0.00  0.99  0.01  0.00  0.00  0.00  0.00
  31                      1.00   0.00  0.00  0.00  1.00  0.00  0.00  0.00  0.00  0.00
  33                      1.00   0.00  0.00  0.00  0.99  0.00  0.00  0.00  0.00  0.00
  35                      1.00   0.00  0.00  0.00  1.00  0.00  0.00  0.00  0.01  0.00
  43                      1.00   0.00  0.00  0.00  1.00  0.00  0.00  0.00  0.00  0.00
  45                      1.00   0.00  0.00  0.00  1.00  0.00  0.00  0.00  0.84  0.00
  47                      1.00   0.00  0.00  0.00  1.00  0.00  0.00  0.00  0.00  0.00
  49                      1.00   0.01  0.00  0.00  0.99  0.00  0.00  0.00  0.00  0.00
  51                      1.00   0.02  0.00  0.00  0.98  0.00  0.00  0.00  0.00  0.00
  53                      1.00   0.03  0.00  0.00  0.97  0.00  0.00  0.00  0.00  0.00
  55                      1.00   0.00  0.00  0.00  1.00  0.00  0.00  0.00  0.00  0.00
  57                      1.00   0.00  0.00  0.00  0.00  1.00  0.00  0.00  0.00  0.00
  59                      1.00   0.00  0.00  0.00  0.99  0.01  0.00  0.00  0.00  0.00
  
  
  *************************
  Conduit Surcharge Summary
  *************************
  
  ----------------------------------------------------------------------------
                                                           Hours        Hours 
                         --------- Hours Full --------   Above Full   Capacity
  Conduit                Both Ends  Upstream  Dnstream   Normal Flow   Limited
  ----------------------------------------------------------------------------
  11                          1.92      3.04      1.97      0.18         0.25
  13                          1.39      2.64      1.89      0.51         0.20
  19                          2.88      2.98      3.04      0.01         0.76
  21                          1.94      1.97      2.64      0.23         0.76
  23                          1.89      1.89      4.00      1.39         1.62
  25                          3.94      3.94      4.00      0.01         0.01
  31                          3.98      3.98      3.98      0.01         0.01
  35                          3.94      3.94      4.00      0.01         0.01
  43                          3.94      3.94      3.94      0.03         0.04
  45                          0.01      0.01      3.99      0.01         0.01
  47                          2.62      2.98      2.65      0.01         0.20
  49                          2.59      2.65      3.02      0.01         0.76
  51                          2.11      3.02      2.20      0.21         0.42
  53                          2.16      2.20      2.64      0.27         0.56
  55                          4.00      4.00      4.00      0.12         0.01
  57                          0.01      4.00      0.01      0.01         0.01
  59                          3.94      4.00      3.94      4.00         3.94
  
  
  ***************
  Pumping Summary
  ***************
  
  ---------------------------------------------------------------------------------------------------------
                                                  Min       Avg       Max     Total     Power    % Time Off
                        Percent   Number of      Flow      Flow      Flow    Volume     Usage    Pump Curve
  Pump                 Utilized   Start-Ups       CFS       CFS       CFS  10^6 gal     Kw-hr    Low   High
  ---------------------------------------------------------------------------------------------------------
  5000                   100.00           1      0.00      0.05      0.05     0.005      0.07    0.0   99.0
  5002                   100.00           1      0.00      0.05      0.05     0.005      0.07    0.0   98.7
  5004                   100.00           1      0.00      0.05      0.05     0.005      0.09    0.0    0.0
  5006                   100.00           1      0.00      6.04     20.00     0.648     22.05    0.0    0.0
  

  Analysis begun on:  Tue Aug  5 09:39:56 2025
  Analysis ended on:  Tue Aug  5 09:39:56 2025
  Total elapsed time: < 1 sec