
  EPA STORM WATER MANAGEMENT MODEL - VERSION 5.2 (Build 5.2.4)
  ------------------------------------------------------------

  WARNING 04: minimum elevation drop used for Conduit C_4
  WARNING 02: maximum depth increased for Node RO_2
  WARNING 02: maximum depth increased for Node RO_3
  WARNING 02: maximum depth increased for Node RO_4
  WARNING 02: maximum depth increased for Node RO_5
  WARNING 02: maximum depth increased for Node RO_6
  WARNING 02: maximum depth increased for Node RO_7
  WARNING 02: maximum depth increased for Node RO_8
  WARNING 02: maximum depth increased for Node RO_9
  WARNING 02: maximum depth increased for Node RO_10
  
  ****************
  Analysis Options
  ****************
  Flow Units ............... LPS
  Process Models:
    Rainfall/Runoff ........ NO
    RDII ................... NO
    Snowmelt ............... NO
    Groundwater ............ NO
    Flow Routing ........... YES
    Ponding Allowed ........ NO
    Water Quality .......... NO
  Flow Routing Method ...... DYNWAVE
  Surcharge Method ......... EXTRAN
  Starting Date ............ 04/30/2012 00:00:00
  Ending Date .............. 04/30/2012 23:00:00
  Antecedent Dry Days ...... 0.0
  Report Time Step ......... 00:01:00
  Routing Time Step ........ 4.00 sec
  Variable Time Step ....... YES
  Maximum Trials ........... 8
  Number of Threads ........ 1
  Head Tolerance ........... 0.001524 m
  
  
  **************************        Volume        Volume
  Flow Routing Continuity        hectare-m      10^6 ltr
  **************************     ---------     ---------
  Dry Weather Inflow .......         0.124         1.242
  Wet Weather Inflow .......         0.000         0.000
  Groundwater Inflow .......         0.000         0.000
  RDII Inflow ..............         0.000         0.000
  External Inflow ..........         0.000         0.000
  External Outflow .........         0.122         1.215
  Flooding Loss ............         0.000         0.000
  Evaporation Loss .........         0.000         0.000
  Exfiltration Loss ........         0.000         0.000
  Initial Stored Volume ....         0.001         0.007
  Final Stored Volume ......         0.006         0.062
  Continuity Error (%) .....        -2.271
  
  
  *************************
  Highest Continuity Errors
  *************************
  Node RO_5 (-1.03%)
  
  
  ***************************
  Time-Step Critical Elements
  ***************************
  Link C_5 (68.67%)
  Link C_3 (11.65%)
  Link C_9 (1.03%)
  
  
  ********************************
  Highest Flow Instability Indexes
  ********************************
  Link C_3 (22)
  Link C_5 (11)
  Link C_9 (7)
  Link C_4 (6)
  Link C_6 (3)
  
  
  *********************************
  Most Frequent Nonconverging Nodes
  *********************************
  Node RO_1 (0.39%)
  Node RO_10 (0.30%)
  Node RO_5 (0.08%)
  Node RO_4 (0.08%)
  
  
  *************************
  Routing Time Step Summary
  *************************
  Minimum Time Step           :     0.70 sec
  Average Time Step           :     1.68 sec
  Maximum Time Step           :     4.00 sec
  % of Time in Steady State   :     0.00
  Average Iterations per Step :     2.06
  % of Steps Not Converging   :     0.39
  Time Step Frequencies       :
      4.000 -  2.639 sec      :    19.72 %
      2.639 -  1.741 sec      :     1.32 %
      1.741 -  1.149 sec      :    11.24 %
      1.149 -  0.758 sec      :    67.72 %
      0.758 -  0.500 sec      :     0.00 %
  
  
  ******************
  Node Depth Summary
  ******************
  
  ---------------------------------------------------------------------------------
                                 Average  Maximum  Maximum  Time of Max    Reported
                                   Depth    Depth      HGL   Occurrence   Max Depth
  Node                 Type       Meters   Meters   Meters  days hr:min      Meters
  ---------------------------------------------------------------------------------
  RO_2                 JUNCTION     0.23     0.26   103.07     0  22:21        0.26
  RO_3                 JUNCTION     0.05     0.07   103.07     0  22:19        0.07
  RO_4                 JUNCTION     3.18     3.23   103.07     0  22:19        3.23
  RO_5                 JUNCTION     3.18     3.23   103.07     0  22:19        3.23
  RO_6                 JUNCTION     0.51     0.53   103.07     0  22:19        0.53
  RO_7                 JUNCTION     0.47     0.49   103.07     0  22:19        0.49
  RO_8                 JUNCTION     0.42     0.44   103.07     0  22:20        0.44
  RO_9                 JUNCTION     0.35     0.37   103.07     0  22:18        0.37
  RO_10                JUNCTION     1.04     1.07   103.07     0  01:19        1.07
  RO_1                 OUTFALL      0.06     0.08   103.04     0  22:21        0.08
  BAZEN_1              STORAGE      0.52     0.80   100.44     0  22:11        0.80
  
  
  *******************
  Node Inflow Summary
  *******************
  
  -------------------------------------------------------------------------------------------------
                                  Maximum  Maximum                  Lateral       Total        Flow
                                  Lateral    Total  Time of Max      Inflow      Inflow     Balance
                                   Inflow   Inflow   Occurrence      Volume      Volume       Error
  Node                 Type           LPS      LPS  days hr:min    10^6 ltr    10^6 ltr     Percent
  -------------------------------------------------------------------------------------------------
  RO_2                 JUNCTION      0.00    31.43     0  22:19           0        1.22       0.222
  RO_3                 JUNCTION      0.00    31.79     0  01:12           0        1.22       0.124
  RO_4                 JUNCTION      0.00    31.88     0  01:12           0        1.22      -0.433
  RO_5                 JUNCTION      0.00    32.46     0  00:20           0        1.21      -1.015
  RO_6                 JUNCTION      0.00    51.42     0  00:48           0        1.23       0.606
  RO_7                 JUNCTION      0.00    62.84     0  00:50           0        1.26       0.544
  RO_8                 JUNCTION      0.00    79.20     0  00:51           0        1.29       0.694
  RO_9                 JUNCTION      0.00    40.37     0  00:40           0        1.28       0.530
  RO_10                JUNCTION      0.00    34.00     0  00:00           0        1.24       0.215
  RO_1                 OUTFALL       0.00    30.80     0  22:21           0        1.22       0.000
  BAZEN_1              STORAGE      15.00    15.00     0  00:00        1.24        1.25       0.004
  
  
  **********************
  Node Surcharge Summary
  **********************
  
  Surcharging occurs when water rises above the top of the highest conduit.
  ---------------------------------------------------------------------
                                               Max. Height   Min. Depth
                                   Hours       Above Crown    Below Rim
  Node                 Type      Surcharged         Meters       Meters
  ---------------------------------------------------------------------
  RO_4                 JUNCTION       22.59          2.228        0.000
  RO_5                 JUNCTION       22.59          2.228        0.000
  RO_10                JUNCTION       22.09          0.073        0.000
  
  
  *********************
  Node Flooding Summary
  *********************
  
  No nodes were flooded.
  
  
  **********************
  Storage Volume Summary
  **********************
  
  ------------------------------------------------------------------------------------------------
                         Average    Avg   Evap  Exfil     Maximum    Max    Time of Max    Maximum
                          Volume   Pcnt   Pcnt   Pcnt      Volume   Pcnt     Occurrence    Outflow
  Storage Unit           1000 m³   Full   Loss   Loss     1000 m³   Full    days hr:min        LPS
  ------------------------------------------------------------------------------------------------
  BAZEN_1                  0.013   57.2    0.0    0.0       0.020   89.1       0  22:11      34.00
  
  
  ***********************
  Outfall Loading Summary
  ***********************
  
  -----------------------------------------------------------
                         Flow       Avg       Max       Total
                         Freq      Flow      Flow      Volume
  Outfall Node           Pcnt       LPS       LPS    10^6 ltr
  -----------------------------------------------------------
  RO_1                  97.43     20.98     30.80       1.215
  -----------------------------------------------------------
  System                97.43     20.98     30.80       1.215
  
  
  ********************
  Link Flow Summary
  ********************
  
  -----------------------------------------------------------------------------
                                 Maximum  Time of Max   Maximum    Max/    Max/
                                  |Flow|   Occurrence   |Veloc|    Full    Full
  Link                 Type          LPS  days hr:min     m/sec    Flow   Depth
  -----------------------------------------------------------------------------
  C_1                  CONDUIT     30.80     0  22:21      0.35    0.01    0.17
  C_2                  CONDUIT     31.43     0  22:19      0.96    0.01    0.16
  C_3                  CONDUIT     31.79     0  01:12      0.07    0.00    0.53
  C_4                  CONDUIT     31.88     0  01:12      0.52    0.18    1.00
  C_5                  CONDUIT     32.46     0  00:20      1.93    0.00    0.76
  C_6                  CONDUIT     51.42     0  00:48      1.21    0.03    0.51
  C_7                  CONDUIT     62.84     0  00:50      0.83    0.04    0.46
  C_8                  CONDUIT     55.36     0  00:52      0.88    0.04    0.40
  C_9                  CONDUIT     40.37     0  00:40      0.13    0.00    0.68
  P_1                  PUMP        34.00     0  00:00              1.00
  
  
  ***************************
  Flow Classification Summary
  ***************************
  
  -------------------------------------------------------------------------------------
                      Adjusted    ---------- Fraction of Time in Flow Class ---------- 
                       /Actual         Up    Down  Sub   Sup   Up    Down  Norm  Inlet 
  Conduit               Length    Dry  Dry   Dry   Crit  Crit  Crit  Crit  Ltd   Ctrl  
  -------------------------------------------------------------------------------------
  C_1                     1.00   0.04  0.01  0.00  0.95  0.00  0.00  0.00  0.00  0.00
  C_2                     1.00   0.04  0.00  0.00  0.96  0.00  0.00  0.00  0.96  0.00
  C_3                     1.00   0.01  0.02  0.00  0.96  0.00  0.00  0.00  0.00  0.00
  C_4                     1.00   0.01  0.00  0.00  0.99  0.00  0.00  0.00  0.00  0.00
  C_5                     1.00   0.01  0.00  0.00  0.99  0.00  0.00  0.00  0.01  0.00
  C_6                     1.00   0.01  0.00  0.00  0.98  0.01  0.00  0.00  0.00  0.00
  C_7                     1.00   0.01  0.00  0.00  0.99  0.00  0.00  0.00  0.01  0.00
  C_8                     1.00   0.01  0.00  0.00  0.99  0.00  0.00  0.00  0.00  0.00
  C_9                     1.00   0.00  0.01  0.00  0.99  0.00  0.00  0.00  0.00  0.00
  
  
  *************************
  Conduit Surcharge Summary
  *************************
  
  ----------------------------------------------------------------------------
                                                           Hours        Hours 
                         --------- Hours Full --------   Above Full   Capacity
  Conduit                Both Ends  Upstream  Dnstream   Normal Flow   Limited
  ----------------------------------------------------------------------------
  C_3                         0.01      0.01     22.17      0.01         0.01
  C_4                        22.59     22.59     22.59      0.01         2.04
  C_5                         0.01      0.01     22.59      0.01         0.01
  C_9                         0.01      0.01     22.09      0.01         0.01
  
  
  ***************
  Pumping Summary
  ***************
  
  ---------------------------------------------------------------------------------------------------------
                                                  Min       Avg       Max     Total     Power    % Time Off
                        Percent   Number of      Flow      Flow      Flow    Volume     Usage    Pump Curve
  Pump                 Utilized   Start-Ups       LPS       LPS       LPS  10^6 ltr     Kw-hr    Low   High
  ---------------------------------------------------------------------------------------------------------
  P_1                     47.78          52      0.00     31.13     34.00     1.237      9.64    0.0    0.3
  

  Analysis begun on:  Tue Aug  5 09:43:42 2025
  Analysis ended on:  Tue Aug  5 09:43:42 2025
  Total elapsed time: < 1 sec