
  EPA STORM WATER MANAGEMENT MODEL - VERSION 5.2 (Build 5.2.4)
  ------------------------------------------------------------

  
  ERROR 159: recording interval greater than time series interval for Rain Gage 10YR_RAIN.
  WARNING 03: negative offset ignored for Link MA01014103S
  WARNING 03: negative offset ignored for Link MA01014403S
  WARNING 03: negative offset ignored for Link MA01015704S
  WARNING 03: negative offset ignored for Link MA01015706S
  WARNING 03: negative offset ignored for Link MA01015710S
  WARNING 03: negative offset ignored for Link MA01015714S
  WARNING 03: negative offset ignored for Link MA01015725S
  WARNING 03: negative offset ignored for Link MA01015730S
  WARNING 03: negative offset ignored for Link MA01015732S
  WARNING 03: negative offset ignored for Link MA01015734S
  WARNING 03: negative offset ignored for Link MA01015735S
  WARNING 03: negative offset ignored for Link MA01015741S
  WARNING 03: negative offset ignored for Link MA01015742S
  WARNING 03: negative offset ignored for Link MA01015747S
  WARNING 03: negative offset ignored for Link MA01015913S
  WARNING 03: negative offset ignored for Link MA01015916S
  WARNING 03: negative offset ignored for Link MA01015918S
  WARNING 03: negative offset ignored for Link MA01015920S
  WARNING 03: negative offset ignored for Link MA01015925S
  WARNING 03: negative offset ignored for Link MA01016001S
  WARNING 03: negative offset ignored for Link MA01016006S
  WARNING 03: negative offset ignored for Link MA01016018S-1
  WARNING 03: negative offset ignored for Link MA01016022S
  WARNING 03: negative offset ignored for Link MA01016044S
  WARNING 03: negative offset ignored for Link MA01016052S
  WARNING 03: negative offset ignored for Link MA01016053S
  WARNING 03: negative offset ignored for Link MA02010804S
  WARNING 03: negative offset ignored for Link MA02011601S-N1
  WARNING 03: negative offset ignored for Link MA02011603S
  WARNING 03: negative offset ignored for Link MA02011605S
  WARNING 03: negative offset ignored for Link MA02012502S
  WARNING 03: negative offset ignored for Link MA02012505S
  WARNING 03: negative offset ignored for Link MA020129X
  WARNING 03: negative offset ignored for Link MA02013404S
  WARNING 03: negative offset ignored for Link MA020135X
  WARNING 03: negative offset ignored for Link MA020140X
  WARNING 03: negative offset ignored for Link MA02014804S
  WARNING 03: negative offset ignored for Link MA02015402S
  WARNING 03: negative offset ignored for Link MA02015412S
  WARNING 03: negative offset ignored for Link MA0301202S
  WARNING 02: maximum depth increased for Node CONNECT
  WARNING 02: maximum depth increased for Node CONNECT13
  WARNING 02: maximum depth increased for Node CONNECT18
  WARNING 02: maximum depth increased for Node CONNECT19
  WARNING 02: maximum depth increased for Node CONNECT20
  WARNING 02: maximum depth increased for Node CONNECT21
  WARNING 02: maximum depth increased for Node CONNECT23
  WARNING 02: maximum depth increased for Node CONNECT24
  WARNING 02: maximum depth increased for Node CONNECT25
  WARNING 02: maximum depth increased for Node CONNECT27
  WARNING 02: maximum depth increased for Node CONNECT8
  WARNING 02: maximum depth increased for Node MA010110X
  WARNING 02: maximum depth increased for Node MA010111X
  WARNING 02: maximum depth increased for Node MA010112X
  WARNING 02: maximum depth increased for Node MA010113X
  WARNING 02: maximum depth increased for Node MA010114X
  WARNING 02: maximum depth increased for Node MA010115X
  WARNING 02: maximum depth increased for Node MA010116X
  WARNING 02: maximum depth increased for Node MA010117X
  WARNING 02: maximum depth increased for Node MA010118X
  WARNING 02: maximum depth increased for Node MA010119X
  WARNING 02: maximum depth increased for Node MA010120X
  WARNING 02: maximum depth increased for Node MA010121X
  WARNING 02: maximum depth increased for Node MA010122X
  WARNING 02: maximum depth increased for Node MA010123X
  WARNING 02: maximum depth increased for Node MA010124X
  WARNING 02: maximum depth increased for Node MA010125X
  WARNING 02: maximum depth increased for Node MA010126X
  WARNING 02: maximum depth increased for Node MA010127X
  WARNING 02: maximum depth increased for Node MA010128X
  WARNING 02: maximum depth increased for Node MA010129X
  WARNING 02: maximum depth increased for Node MA010130X
  WARNING 02: maximum depth increased for Node MA010131X
  WARNING 02: maximum depth increased for Node MA010132X
  WARNING 02: maximum depth increased for Node MA010133X
  WARNING 02: maximum depth increased for Node MA010134X
  WARNING 02: maximum depth increased for Node MA010135X
  WARNING 02: maximum depth increased for Node MA010136X
  WARNING 02: maximum depth increased for Node MA010137X
  WARNING 02: maximum depth increased for Node MA010138X
  WARNING 02: maximum depth increased for Node MA010139X
  WARNING 02: maximum depth increased for Node MA010140X
  WARNING 02: maximum depth increased for Node MA01014101S
  WARNING 02: maximum depth increased for Node MA010141X
  WARNING 02: maximum depth increased for Node MA010142X
  WARNING 02: maximum depth increased for Node MA010143X
  WARNING 02: maximum depth increased for Node MA01014401S
  WARNING 02: maximum depth increased for Node MA010144X
  WARNING 02: maximum depth increased for Node MA010145X
  WARNING 02: maximum depth increased for Node MA010146X
  WARNING 02: maximum depth increased for Node MA010147X
  WARNING 02: maximum depth increased for Node MA010148X
  WARNING 02: maximum depth increased for Node MA010149X
  WARNING 02: maximum depth increased for Node MA010150X
  WARNING 02: maximum depth increased for Node MA010151X
  WARNING 02: maximum depth increased for Node MA010152X
  WARNING 02: maximum depth increased for Node MA010153X
  WARNING 02: maximum depth increased for Node MA010154X
  WARNING 02: maximum depth increased for Node MA010155X
  WARNING 02: maximum depth increased for Node MA010156X
  WARNING 02: maximum depth increased for Node MA010157X
  WARNING 02: maximum depth increased for Node MA010158X
  WARNING 02: maximum depth increased for Node MA01015910S
  WARNING 02: maximum depth increased for Node MA01015913S
  WARNING 02: maximum depth increased for Node MA01015941S
  WARNING 02: maximum depth increased for Node MA01016023S
  WARNING 02: maximum depth increased for Node MA020101X
  WARNING 02: maximum depth increased for Node MA020102X
  WARNING 02: maximum depth increased for Node MA020103X
  WARNING 02: maximum depth increased for Node MA020105X
  WARNING 02: maximum depth increased for Node MA020107X
  WARNING 02: maximum depth increased for Node MA020108X
  WARNING 02: maximum depth increased for Node MA020109X
  WARNING 02: maximum depth increased for Node MA020110X
  WARNING 02: maximum depth increased for Node MA020112X
  WARNING 02: maximum depth increased for Node MA020113X
  WARNING 02: maximum depth increased for Node MA020114X
  WARNING 02: maximum depth increased for Node MA020115X
  WARNING 02: maximum depth increased for Node MA020116X
  WARNING 02: maximum depth increased for Node MA020117X
  WARNING 02: maximum depth increased for Node MA020118X
  WARNING 02: maximum depth increased for Node MA020119X
  WARNING 02: maximum depth increased for Node MA020120X
  WARNING 02: maximum depth increased for Node MA020121X
  WARNING 02: maximum depth increased for Node MA020122X
  WARNING 02: maximum depth increased for Node MA020123X
  WARNING 02: maximum depth increased for Node MA020124X
  WARNING 02: maximum depth increased for Node MA02012502S
  WARNING 02: maximum depth increased for Node MA02012504S
  WARNING 02: maximum depth increased for Node MA02012509S
  WARNING 02: maximum depth increased for Node MA020125X
  WARNING 02: maximum depth increased for Node MA020126X
  WARNING 02: maximum depth increased for Node MA020127X
  WARNING 02: maximum depth increased for Node MA020128X
  WARNING 02: maximum depth increased for Node MA020129X
  WARNING 02: maximum depth increased for Node MA020130X
  WARNING 02: maximum depth increased for Node MA020131X
  WARNING 02: maximum depth increased for Node MA020132X
  WARNING 02: maximum depth increased for Node MA020133X
  WARNING 02: maximum depth increased for Node MA02013403S
  WARNING 02: maximum depth increased for Node MA020134X
  WARNING 02: maximum depth increased for Node MA020135X
  WARNING 02: maximum depth increased for Node MA020136X
  WARNING 02: maximum depth increased for Node MA020137X
  WARNING 02: maximum depth increased for Node MA020138X
  WARNING 02: maximum depth increased for Node MA020139X
  WARNING 02: maximum depth increased for Node MA020140X
  WARNING 02: maximum depth increased for Node MA020141X
  WARNING 02: maximum depth increased for Node MA020142X
  WARNING 02: maximum depth increased for Node MA020143X
  WARNING 02: maximum depth increased for Node MA020144X
  WARNING 02: maximum depth increased for Node MA020145X
  WARNING 02: maximum depth increased for Node MA020147X
  WARNING 02: maximum depth increased for Node MA020148X
  WARNING 02: maximum depth increased for Node MA020149X
  WARNING 02: maximum depth increased for Node MA020150X
  WARNING 02: maximum depth increased for Node MA020151X
  WARNING 02: maximum depth increased for Node MA020152X
  WARNING 02: maximum depth increased for Node MA020153X
  WARNING 02: maximum depth increased for Node MA02015407S
  WARNING 02: maximum depth increased for Node MA020154X
  WARNING 02: maximum depth increased for Node MA030101X
  WARNING 02: maximum depth increased for Node MA030102X
  WARNING 02: maximum depth increased for Node MA030103X
  WARNING 02: maximum depth increased for Node MA030104X
  WARNING 02: maximum depth increased for Node MA030105X
  WARNING 02: maximum depth increased for Node MA030106X
  WARNING 02: maximum depth increased for Node MA030107X
  WARNING 02: maximum depth increased for Node MA030108X
  WARNING 02: maximum depth increased for Node MA030109X
  WARNING 02: maximum depth increased for Node MA030110X
  WARNING 02: maximum depth increased for Node MA030111X
  WARNING 02: maximum depth increased for Node MA030112X

  Analysis begun on:  Tue Aug  5 12:53:44 2025
  Analysis ended on:  Tue Aug  5 12:53:44 2025
  Total elapsed time: < 1 sec