
  EPA STORM WATER MANAGEMENT MODEL - VERSION 5.2 (Build 5.2.4)
  ------------------------------------------------------------

  WARNING 01: wet weather time step reduced to recording interval for Rain Gage RG_SEWER_RAINFALL
  WARNING 02: maximum depth increased for Node 52
  WARNING 02: maximum depth increased for Node 903
  WARNING 02: maximum depth increased for Node 919
  WARNING 02: maximum depth increased for Node 920
  WARNING 02: maximum depth increased for Node 921
  WARNING 02: maximum depth increased for Node 925
  WARNING 02: maximum depth increased for Node 926
  
  ****************
  Analysis Options
  ****************
  Flow Units ............... CFS
  Process Models:
    Rainfall/Runoff ........ YES
    RDII ................... NO
    Snowmelt ............... NO
    Groundwater ............ NO
    Flow Routing ........... YES
    Ponding Allowed ........ NO
    Water Quality .......... NO
  Infiltration Method ...... HORTON
  Flow Routing Method ...... DYNWAVE
  Surcharge Method ......... EXTRAN
  Starting Date ............ 01/01/2002 00:00:00
  Ending Date .............. 01/01/2002 23:00:00
  Antecedent Dry Days ...... 5.0
  Report Time Step ......... 00:05:00
  Wet Time Step ............ 00:15:00
  Dry Time Step ............ 23:00:00
  Routing Time Step ........ 30.00 sec
  Variable Time Step ....... YES
  Maximum Trials ........... 4
  Number of Threads ........ 1
  Head Tolerance ........... 0.005000 ft
  
  
  **************************        Volume         Depth
  Runoff Quantity Continuity     acre-feet        inches
  **************************     ---------       -------
  Total Precipitation ......        33.750         4.500
  Evaporation Loss .........         0.000         0.000
  Infiltration Loss ........        13.639         1.819
  Surface Runoff ...........        20.687         2.758
  Final Storage ............         0.000         0.000
  Continuity Error (%) .....        -1.706
  
  
  **************************        Volume        Volume
  Flow Routing Continuity        acre-feet      10^6 gal
  **************************     ---------     ---------
  Dry Weather Inflow .......         4.965         1.618
  Wet Weather Inflow .......        20.722         6.753
  Groundwater Inflow .......         0.000         0.000
  RDII Inflow ..............         0.000         0.000
  External Inflow ..........         0.000         0.000
  External Outflow .........         4.506         1.468
  Flooding Loss ............        21.295         6.939
  Evaporation Loss .........         0.000         0.000
  Exfiltration Loss ........         0.000         0.000
  Initial Stored Volume ....         0.017         0.006
  Final Stored Volume ......         0.017         0.006
  Continuity Error (%) .....        -0.445
  
  
  *************************
  Highest Continuity Errors
  *************************
  Node JC48 (-3.33%)
  Node WW48 (-1.04%)
  
  
  ***************************
  Time-Step Critical Elements
  ***************************
  Link 940 (54.38%)
  Link 939 (14.22%)
  Link 947 (11.27%)
  Link 937 (4.00%)
  Link 911 (3.34%)
  
  
  ********************************
  Highest Flow Instability Indexes
  ********************************
  Link 940 (85)
  Link P51 (84)
  Link FM51 (77)
  Link 947 (76)
  Link 53 (7)
  
  
  *********************************
  Most Frequent Nonconverging Nodes
  *********************************
  Node OUTLET94 (81.74%)
  Node JC48 (78.67%)
  Node 52 (9.37%)
  Node WW48 (2.00%)
  Node 924 (1.63%)
  
  
  *************************
  Routing Time Step Summary
  *************************
  Minimum Time Step           :     1.87 sec
  Average Time Step           :    14.53 sec
  Maximum Time Step           :    30.00 sec
  % of Time in Steady State   :     0.00
  Average Iterations per Step :     3.69
  % of Steps Not Converging   :    81.74
  Time Step Frequencies       :
     30.000 - 13.228 sec      :    36.92 %
     13.228 -  5.833 sec      :    62.75 %
      5.833 -  2.572 sec      :     0.30 %
      2.572 -  1.134 sec      :     0.04 %
      1.134 -  0.500 sec      :     0.00 %
  
  
  ***************************
  Subcatchment Runoff Summary
  ***************************
  
  ------------------------------------------------------------------------------------------------------------------------------
                            Total      Total      Total      Total     Imperv       Perv      Total       Total     Peak  Runoff
                           Precip      Runon       Evap      Infil     Runoff     Runoff     Runoff      Runoff   Runoff   Coeff
  Subcatchment                 in         in         in         in         in         in         in    10^6 gal      CFS
  ------------------------------------------------------------------------------------------------------------------------------
  SC_SEWER_44                5.75       0.00       0.00       1.84       0.00       4.01       4.01        0.54    14.97   0.697
  SC_SEWER_52                5.75       0.00       0.00       1.84       0.00       4.01       4.01        0.54    14.97   0.697
  SC_SEWER_54                5.75       0.00       0.00       1.84       0.00       4.01       4.01        0.54    14.97   0.697
  SC_SEWER_901               5.75       0.00       0.00       1.84       0.00       4.01       4.01        0.54    14.97   0.697
  SC_SEWER_917               5.75       0.00       0.00       1.84       0.00       4.01       4.01        0.54    14.97   0.697
  SC_SEWER_918               5.75       0.00       0.00       1.84       0.00       4.01       4.01        0.54    14.97   0.697
  SC_SEWER_919               5.75       0.00       0.00       1.84       0.00       4.01       4.01        0.54    14.97   0.697
  SC_SEWER_920               3.25       0.00       0.00       1.79       0.00       1.51       1.51        0.21     7.38   0.465
  SC_SEWER_921               3.25       0.00       0.00       1.79       0.00       1.51       1.51        0.21     7.38   0.465
  SC_SEWER_922               3.25       0.00       0.00       1.79       0.00       1.51       1.51        0.21     7.38   0.465
  SC_SEWER_923               3.25       0.00       0.00       1.79       0.00       1.51       1.51        0.21     7.38   0.465
  SC_SEWER_924               3.25       0.00       0.00       1.79       0.00       1.51       1.51        0.21     7.38   0.465
  SC_SEWER_925               3.25       0.00       0.00       1.79       0.00       1.51       1.51        0.21     7.38   0.465
  SC_SEWER_926               3.25       0.00       0.00       1.79       0.00       1.51       1.51        0.21     7.38   0.465
  SC_SEWER_927               3.25       0.00       0.00       1.79       0.00       1.51       1.51        0.21     7.38   0.465
  SC_SEWER_934               3.25       0.00       0.00       1.79       0.00       1.51       1.51        0.21     7.38   0.465
  SC_SEWER_JC48              5.75       0.00       0.00       1.84       0.00       4.01       4.01        0.54    14.97   0.697
  SC_SEWER_OUTLET94          5.75       0.00       0.00       1.84       0.00       4.01       4.01        0.54    14.97   0.697
  
  
  ******************
  Node Depth Summary
  ******************
  
  ---------------------------------------------------------------------------------
                                 Average  Maximum  Maximum  Time of Max    Reported
                                   Depth    Depth      HGL   Occurrence   Max Depth
  Node                 Type         Feet     Feet     Feet  days hr:min        Feet
  ---------------------------------------------------------------------------------
  44                   JUNCTION     0.43     2.20   278.00     0  00:34        2.20
  52                   JUNCTION     5.40   153.90   446.10     0  01:30      153.86
  54                   JUNCTION     0.90     2.40   292.90     0  00:33        2.40
  901                  JUNCTION     0.47     1.20   279.00     0  00:33        1.20
  903                  JUNCTION     0.25     0.93   282.13     0  00:33        0.93
  917                  JUNCTION     0.19     0.80   284.00     0  00:32        0.80
  918                  JUNCTION     0.34     1.20   281.00     0  00:33        1.20
  919                  JUNCTION     0.40     1.20   275.40     0  00:32        1.20
  920                  JUNCTION     0.46     1.20   274.00     0  00:32        1.20
  921                  JUNCTION     0.37     1.20   296.80     0  00:54        1.20
  922                  JUNCTION     0.61     2.00   296.00     0  00:52        2.00
  923                  JUNCTION     0.75     2.20   295.00     0  00:52        2.20
  924                  JUNCTION     0.72     2.20   294.00     0  00:34        2.20
  925                  JUNCTION     0.28     1.00   298.40     0  01:03        1.00
  926                  JUNCTION     0.30     0.87   299.67     0  00:54        0.87
  927                  JUNCTION     0.19     0.80   302.00     0  01:00        0.80
  934                  JUNCTION     4.99     5.00   280.00     0  00:01        5.00
  JC48                 JUNCTION    68.25  1007.00  1281.00     0  00:57     1007.00
  OUTLET94             OUTFALL      0.48     0.75   289.75     0  00:56        0.75
  WW48                 STORAGE      0.91     8.15   274.15     0  00:42        8.02
  
  
  *******************
  Node Inflow Summary
  *******************
  
  -------------------------------------------------------------------------------------------------
                                  Maximum  Maximum                  Lateral       Total        Flow
                                  Lateral    Total  Time of Max      Inflow      Inflow     Balance
                                   Inflow   Inflow   Occurrence      Volume      Volume       Error
  Node                 Type           CFS      CFS  days hr:min    10^6 gal    10^6 gal     Percent
  -------------------------------------------------------------------------------------------------
  44                   JUNCTION     15.22    16.47     0  01:30       0.643       0.968      -0.016
  52                   JUNCTION     14.97    28.41     0  01:30       0.545        1.59       0.548
  54                   JUNCTION     15.22    39.90     0  01:30       0.643         2.2      -0.094
  901                  JUNCTION     15.22    17.28     0  01:30       0.643       0.928      -0.291
  903                  JUNCTION      0.00     1.59     0  00:32           0        0.17       0.077
  917                  JUNCTION     15.22    15.22     0  01:30       0.643       0.643      -0.063
  918                  JUNCTION     15.22    16.05     0  01:30       0.643       0.774       0.169
  919                  JUNCTION     15.22    19.42     0  01:30       0.643        1.22      -0.032
  920                  JUNCTION      7.63    10.98     0  01:30       0.303       0.917       0.018
  921                  JUNCTION      7.63    10.88     0  01:30       0.303       0.708       0.060
  922                  JUNCTION      7.63     9.93     0  01:30       0.303       0.752       0.063
  923                  JUNCTION      7.63     9.96     0  01:30       0.303       0.833       0.058
  924                  JUNCTION      7.63     9.85     0  01:30       0.303       0.899       0.059
  925                  JUNCTION      7.63     8.63     0  01:30       0.303       0.521       0.040
  926                  JUNCTION      7.63     8.82     0  01:30       0.303       0.444      -0.002
  927                  JUNCTION      7.63     7.63     0  01:30       0.303       0.303       0.032
  934                  JUNCTION      7.78    14.48     0  01:30       0.361         1.1      -0.007
  JC48                 JUNCTION     14.97    14.97     0  01:30       0.545        1.02      -3.220
  OUTLET94             OUTFALL      15.22    18.28     0  01:30       0.643        1.47       0.000
  WW48                 STORAGE       0.00     5.36     0  00:34           0       0.469      -1.027
  
  
  **********************
  Node Surcharge Summary
  **********************
  
  Surcharging occurs when water rises above the top of the highest conduit.
  ---------------------------------------------------------------------
                                               Max. Height   Min. Depth
                                   Hours       Above Crown    Below Rim
  Node                 Type      Surcharged           Feet         Feet
  ---------------------------------------------------------------------
  44                   JUNCTION        2.13          1.000        0.000
  52                   JUNCTION        2.18        152.595        0.000
  54                   JUNCTION        4.36          0.900        0.000
  901                  JUNCTION        2.21          0.000        0.000
  903                  JUNCTION        2.18          0.000        0.000
  917                  JUNCTION        2.16          0.133        0.000
  918                  JUNCTION        2.17          0.200        0.000
  919                  JUNCTION        2.21          0.000        0.000
  920                  JUNCTION        3.58          0.000        0.000
  921                  JUNCTION        1.82          0.000        0.000
  922                  JUNCTION        3.67          0.800        0.000
  923                  JUNCTION        3.95          1.000        0.000
  924                  JUNCTION        4.09          1.000        0.000
  925                  JUNCTION        1.51          0.000        0.000
  926                  JUNCTION        1.83          0.000        0.000
  927                  JUNCTION        1.67          0.133        0.000
  934                  JUNCTION       22.99          4.500        0.000
  JC48                 JUNCTION       22.99       1006.500        0.000
  
  
  *********************
  Node Flooding Summary
  *********************
  
  Flooding refers to all water that overflows a node, whether it ponds or not.
  --------------------------------------------------------------------------
                                                             Total   Maximum
                                 Maximum   Time of Max       Flood    Ponded
                        Hours       Rate    Occurrence      Volume     Depth
  Node                 Flooded       CFS   days hr:min    10^6 gal      Feet
  --------------------------------------------------------------------------
  44                      2.06     12.26      0  01:30       0.389     0.000
  54                      3.42     36.82      0  01:30       1.367     0.000
  901                     2.21     16.02      0  01:30       0.605     0.000
  903                     2.18      0.67      0  00:49       0.039     0.000
  917                     2.16     13.72      0  01:30       0.472     0.000
  918                     2.15     13.98      0  01:30       0.486     0.000
  919                     2.21     16.07      0  01:30       0.607     0.000
  920                     3.55     10.98      0  01:30       0.453     0.000
  921                     1.82      8.57      0  01:30       0.258     0.000
  922                     2.74      7.59      0  01:30       0.221     0.000
  923                     2.81      7.73      0  01:30       0.236     0.000
  924                     1.80      6.88      0  01:30       0.182     0.000
  925                     1.51      5.38      0  01:30       0.116     0.000
  926                     1.83      7.81      0  01:30       0.225     0.000
  927                     1.66      6.44      0  01:30       0.161     0.000
  934                    22.99     14.47      0  01:30       1.101     0.000
  JC48                    0.59      1.52      0  01:30       0.016  1000.000
  
  
  **********************
  Storage Volume Summary
  **********************
  
  ------------------------------------------------------------------------------------------------
                         Average    Avg   Evap  Exfil     Maximum    Max    Time of Max    Maximum
                          Volume   Pcnt   Pcnt   Pcnt      Volume   Pcnt     Occurrence    Outflow
  Storage Unit          1000 ft³   Full   Loss   Loss    1000 ft³   Full    days hr:min        CFS
  ------------------------------------------------------------------------------------------------
  WW48                     0.103    5.1    0.0    0.0       0.922   45.3       0  00:42       2.00
  
  
  ***********************
  Outfall Loading Summary
  ***********************
  
  -----------------------------------------------------------
                         Flow       Avg       Max       Total
                         Freq      Flow      Flow      Volume
  Outfall Node           Pcnt       CFS       CFS    10^6 gal
  -----------------------------------------------------------
  OUTLET94              91.22      2.53     18.28       1.468
  -----------------------------------------------------------
  System                91.22      2.53     18.28       1.468
  
  
  ********************
  Link Flow Summary
  ********************
  
  -----------------------------------------------------------------------------
                                 Maximum  Time of Max   Maximum    Max/    Max/
                                  |Flow|   Occurrence   |Veloc|    Full    Full
  Link                 Type          CFS  days hr:min    ft/sec    Flow   Depth
  -----------------------------------------------------------------------------
  53                   CONDUIT     21.71     0  01:30     27.64   11.22    1.00
  911                  CONDUIT      3.06     0  00:56      4.20    1.40    0.87
  913                  CONDUIT      2.06     0  00:33      2.73    1.21    1.00
  917                  CONDUIT      1.02     0  00:33      3.05    1.18    1.00
  929                  CONDUIT      1.59     0  00:32      5.14    1.05    1.00
  930                  CONDUIT      2.38     0  00:33      5.05    1.20    1.00
  934                  CONDUIT      2.29     0  01:02      4.09    0.72    1.00
  935                  CONDUIT      2.40     0  14:00      3.57    1.02    1.00
  936                  CONDUIT      2.85     0  13:08      3.63    1.36    1.00
  937                  CONDUIT      3.35     0  13:08      4.47    1.24    1.00
  938                  CONDUIT      4.20     0  00:37      5.35    1.32    1.00
  939                  CONDUIT      3.64     0  00:40      4.72    1.10    1.00
  940                  CONDUIT      5.36     0  00:34     13.31    0.76    1.00
  941                  CONDUIT      1.20     0  01:00      3.51    1.02    1.00
  942                  CONDUIT      1.14     0  01:02      3.38    1.14    1.00
  943                  CONDUIT      3.40     0  01:03      4.40    0.99    1.00
  947                  CONDUIT      6.70     0  01:30     34.12    3.01    1.00
  FM51                 CONDUIT     13.62     0  00:57    >50.00    8.26    1.00
  P51                  PUMP         2.00     0  00:00              1.00
  
  
  ***************************
  Flow Classification Summary
  ***************************
  
  -------------------------------------------------------------------------------------
                      Adjusted    ---------- Fraction of Time in Flow Class ---------- 
                       /Actual         Up    Down  Sub   Sup   Up    Down  Norm  Inlet 
  Conduit               Length    Dry  Dry   Dry   Crit  Crit  Crit  Crit  Ltd   Ctrl  
  -------------------------------------------------------------------------------------
  53                      1.00   0.22  0.43  0.00  0.32  0.00  0.00  0.03  0.74  0.00
  911                     1.00   0.00  0.00  0.00  0.99  0.01  0.00  0.00  0.00  0.00
  913                     1.00   0.00  0.00  0.00  0.10  0.00  0.00  0.90  0.00  0.00
  917                     1.00   0.00  0.00  0.00  0.10  0.00  0.00  0.90  0.00  0.00
  929                     1.00   0.00  0.00  0.00  0.10  0.00  0.00  0.90  0.00  0.00
  930                     1.00   0.00  0.00  0.00  0.34  0.00  0.00  0.66  0.11  0.00
  934                     1.00   0.00  0.00  0.00  0.17  0.00  0.00  0.83  0.05  0.00
  935                     1.00   0.00  0.00  0.00  0.31  0.00  0.00  0.69  0.01  0.00
  936                     1.00   0.00  0.00  0.00  0.20  0.00  0.00  0.80  0.01  0.00
  937                     1.00   0.00  0.00  0.00  0.20  0.00  0.00  0.80  0.01  0.00
  938                     1.00   0.00  0.00  0.00  0.10  0.00  0.00  0.90  0.00  0.00
  939                     1.00   0.00  0.00  0.00  0.17  0.00  0.00  0.83  0.07  0.00
  940                     1.00   0.00  0.00  0.00  0.20  0.80  0.00  0.00  0.07  0.00
  941                     1.00   0.00  0.00  0.00  0.13  0.00  0.00  0.87  0.05  0.00
  942                     1.00   0.00  0.00  0.00  0.07  0.00  0.00  0.93  0.00  0.00
  943                     1.00   0.00  0.00  0.00  0.12  0.00  0.00  0.88  0.05  0.00
  947                     1.00   0.00  0.00  0.00  0.42  0.58  0.00  0.00  0.65  0.00
  FM51                    1.00   0.00  0.00  0.00  0.44  0.56  0.00  0.00  0.00  0.00
  
  
  *************************
  Conduit Surcharge Summary
  *************************
  
  ----------------------------------------------------------------------------
                                                           Hours        Hours 
                         --------- Hours Full --------   Above Full   Capacity
  Conduit                Both Ends  Upstream  Dnstream   Normal Flow   Limited
  ----------------------------------------------------------------------------
  53                          2.18      2.18      4.35      2.15         2.15
  911                         0.01      4.70      0.01      4.74         0.01
  913                         2.13      2.29      2.13      0.17         0.02
  917                         2.19      2.21      2.19      0.06         0.03
  929                         2.15      2.16      2.18      0.01         2.15
  930                         2.17      2.17      2.21      2.18         2.16
  934                         1.86      1.86      3.65      0.01         0.01
  935                         3.76      3.76      3.95      0.02         0.03
  936                         3.98      4.11      4.09      4.06         3.96
  937                         4.28      4.33      4.36      2.88         3.66
  938                         2.17      2.17      2.21      2.15         2.17
  939                         2.12      2.22      3.55      2.21         2.12
  940                         2.36      3.72      3.84      0.01         0.01
  941                         1.67      1.67      1.83      1.67         1.66
  942                         1.53      1.88      1.53      0.38         1.53
  943                         1.51      1.51      1.82      0.01         0.01
  947                         4.76      4.76     22.99      2.06         2.10
  FM51                        4.76      4.76     22.93      4.82         0.01
  
  
  ***************
  Pumping Summary
  ***************
  
  ---------------------------------------------------------------------------------------------------------
                                                  Min       Avg       Max     Total     Power    % Time Off
                        Percent   Number of      Flow      Flow      Flow    Volume     Usage    Pump Curve
  Pump                 Utilized   Start-Ups       CFS       CFS       CFS  10^6 gal     Kw-hr    Low   High
  ---------------------------------------------------------------------------------------------------------
  P51                     80.54           3      0.00      1.03      2.00     0.474     76.26    0.0   82.5
  

  Analysis begun on:  Tue Aug  5 12:58:10 2025
  Analysis ended on:  Tue Aug  5 12:58:10 2025
  Total elapsed time: < 1 sec