
  EPA STORM WATER MANAGEMENT MODEL - VERSION 5.2 (Build 5.2.4)
  ------------------------------------------------------------

  An example highlighting the difference between storage 
  units and junctions where conduits are surcharged. 
  Discussion here: https://www.openswmm.org/Topic/15519 
  
  ****************
  Analysis Options
  ****************
  Flow Units ............... LPS
  Process Models:
    Rainfall/Runoff ........ NO
    RDII ................... NO
    Snowmelt ............... NO
    Groundwater ............ NO
    Flow Routing ........... YES
    Ponding Allowed ........ NO
    Water Quality .......... NO
  Flow Routing Method ...... DYNWAVE
  Surcharge Method ......... SLOT
  Starting Date ............ 06/28/2017 00:00:00
  Ending Date .............. 06/28/2017 12:00:00
  Antecedent Dry Days ...... 0.0
  Report Time Step ......... 00:01:00
  Routing Time Step ........ 5.00 sec
  Variable Time Step ....... YES
  Maximum Trials ........... 8
  Number of Threads ........ 1
  Head Tolerance ........... 0.001000 m
  
  
  ERROR 331: cannot open hot start interface file C:\Users\dickinre\Desktop\nnn.hsf.

  Analysis begun on:  Tue Aug  5 13:03:28 2025
  Analysis ended on:  Tue Aug  5 13:03:28 2025
  Total elapsed time: < 1 sec