
  EPA STORM WATER MANAGEMENT MODEL - VERSION 5.2 (Build 5.2.4)
  ------------------------------------------------------------

                                                                                                                                                                                                                                    Extran with flat 2 foot circular conduits  ;  SWMM CRADA Example ; 
  
  ****************
  Analysis Options
  ****************
  Flow Units ............... CFS
  Process Models:
    Rainfall/Runoff ........ NO
    RDII ................... NO
    Snowmelt ............... NO
    Groundwater ............ NO
    Flow Routing ........... YES
    Ponding Allowed ........ NO
    Water Quality .......... NO
  Flow Routing Method ...... DYNWAVE
  Surcharge Method ......... EXTRAN
  Starting Date ............ 02/02/2002 00:00:00
  Ending Date .............. 02/02/2002 05:00:00
  Antecedent Dry Days ...... 0.0
  Report Time Step ......... 00:00:10
  Routing Time Step ........ 10.00 sec
  Variable Time Step ....... YES
  Maximum Trials ........... 8
  Number of Threads ........ 1
  Head Tolerance ........... 0.005000 ft
  
  
  **************************        Volume        Volume
  Flow Routing Continuity        acre-feet      10^6 gal
  **************************     ---------     ---------
  Dry Weather Inflow .......         0.000         0.000
  Wet Weather Inflow .......         0.000         0.000
  Groundwater Inflow .......         0.000         0.000
  RDII Inflow ..............         0.000         0.000
  External Inflow ..........        24.789         8.078
  External Outflow .........        24.663         8.037
  Flooding Loss ............         0.000         0.000
  Evaporation Loss .........         0.000         0.000
  Exfiltration Loss ........         0.000         0.000
  Initial Stored Volume ....         0.000         0.000
  Final Stored Volume ......         0.130         0.042
  Continuity Error (%) .....        -0.013
  
  
  ***************************
  Time-Step Critical Elements
  ***************************
  Link outlet (90.82%)
  
  
  ********************************
  Highest Flow Instability Indexes
  ********************************
  All links are stable.
  
  
  *********************************
  Most Frequent Nonconverging Nodes
  *********************************
  Node Outlet (0.34%)
  Node Inflow (0.17%)
  Node mid1 (0.16%)
  Node mid2 (0.09%)
  Node mid6 (0.08%)
  
  
  *************************
  Routing Time Step Summary
  *************************
  Minimum Time Step           :     0.50 sec
  Average Time Step           :     2.35 sec
  Maximum Time Step           :    10.00 sec
  % of Time in Steady State   :     0.00
  Average Iterations per Step :     2.20
  % of Steps Not Converging   :     0.34
  Time Step Frequencies       :
     10.000 -  5.493 sec      :     8.37 %
      5.493 -  3.017 sec      :     1.28 %
      3.017 -  1.657 sec      :     7.92 %
      1.657 -  0.910 sec      :    82.30 %
      0.910 -  0.500 sec      :     0.13 %
  
  
  ******************
  Node Depth Summary
  ******************
  
  ---------------------------------------------------------------------------------
                                 Average  Maximum  Maximum  Time of Max    Reported
                                   Depth    Depth      HGL   Occurrence   Max Depth
  Node                 Type         Feet     Feet     Feet  days hr:min        Feet
  ---------------------------------------------------------------------------------
  Inflow               JUNCTION     9.18     9.89    19.89     0  00:15        9.89
  mid1                 JUNCTION     3.87     4.54    19.54     0  00:15        4.54
  mid2                 JUNCTION     8.58     9.18    19.18     0  00:15        9.18
  mid3                 JUNCTION     3.25     3.82    18.82     0  00:15        3.82
  mid4                 JUNCTION     8.04     8.54    18.54     0  00:15        8.54
  mid5                 JUNCTION     2.51     2.94    17.94     0  00:15        2.94
  mid6                 JUNCTION     7.47     7.89    17.89     0  00:15        7.89
  mid7                 JUNCTION     1.99     2.31    17.31     0  00:15        2.30
  mid8                 JUNCTION     6.68     8.34    18.34     0  00:06        7.30
  mid9                 JUNCTION     1.24     1.41    16.41     0  00:15        1.41
  Outlet               OUTFALL      1.24     1.41    11.41     0  00:15        1.41
  
  
  *******************
  Node Inflow Summary
  *******************
  
  -------------------------------------------------------------------------------------------------
                                  Maximum  Maximum                  Lateral       Total        Flow
                                  Lateral    Total  Time of Max      Inflow      Inflow     Balance
                                   Inflow   Inflow   Occurrence      Volume      Volume       Error
  Node                 Type           CFS      CFS  days hr:min    10^6 gal    10^6 gal     Percent
  -------------------------------------------------------------------------------------------------
  Inflow               JUNCTION    100.00   100.00     0  00:15        8.08        8.08       0.055
  mid1                 JUNCTION      0.00   100.03     0  00:15           0        8.07      -0.002
  mid2                 JUNCTION      0.00   100.24     0  00:15           0        8.07       0.112
  mid3                 JUNCTION      0.00   100.27     0  00:15           0        8.06      -0.001
  mid4                 JUNCTION      0.00   100.33     0  00:16           0        8.06       0.117
  mid5                 JUNCTION      0.00   100.35     0  00:16           0        8.05      -0.001
  mid6                 JUNCTION      0.00   100.61     0  00:16           0        8.05       0.118
  mid7                 JUNCTION      0.00   100.62     0  00:16           0        8.05      -0.001
  mid8                 JUNCTION      0.00   100.86     0  00:15           0        8.05       0.112
  mid9                 JUNCTION      0.00   100.87     0  00:15           0        8.04       0.003
  Outlet               OUTFALL       0.00   100.98     0  00:15           0        8.04       0.000
  
  
  **********************
  Node Surcharge Summary
  **********************
  
  Surcharging occurs when water rises above the top of the highest conduit.
  ---------------------------------------------------------------------
                                               Max. Height   Min. Depth
                                   Hours       Above Crown    Below Rim
  Node                 Type      Surcharged           Feet         Feet
  ---------------------------------------------------------------------
  Inflow               JUNCTION        4.97          5.894        0.106
  mid1                 JUNCTION        2.79          0.543        5.457
  mid2                 JUNCTION        4.94          5.182        0.818
  mid4                 JUNCTION        4.93          4.542        1.458
  mid6                 JUNCTION        4.91          3.887        2.113
  mid8                 JUNCTION        4.90          4.336        1.664
  
  
  *********************
  Node Flooding Summary
  *********************
  
  No nodes were flooded.
  
  
  ***********************
  Outfall Loading Summary
  ***********************
  
  -----------------------------------------------------------
                         Flow       Avg       Max       Total
                         Freq      Flow      Flow      Volume
  Outfall Node           Pcnt       CFS       CFS    10^6 gal
  -----------------------------------------------------------
  Outlet                98.92     87.86    100.98       8.036
  -----------------------------------------------------------
  System                98.92     87.86    100.98       8.036
  
  
  ********************
  Link Flow Summary
  ********************
  
  -----------------------------------------------------------------------------
                                 Maximum  Time of Max   Maximum    Max/    Max/
                                  |Flow|   Occurrence   |Veloc|    Full    Full
  Link                 Type          CFS  days hr:min    ft/sec    Flow   Depth
  -----------------------------------------------------------------------------
  pipe1                CONDUIT    100.03     0  00:15      7.96    0.26    1.00
  pipe2                CONDUIT    100.24     0  00:15     11.80    0.26    1.00
  pipe3                CONDUIT    100.27     0  00:15      8.05    0.26    0.98
  pipe4                CONDUIT    100.33     0  00:16     13.25    0.26    0.98
  pipe5                CONDUIT    100.35     0  00:16      8.72    0.26    0.87
  pipe6                CONDUIT    100.61     0  00:16     13.62    0.26    0.87
  pipe7                CONDUIT    100.62     0  00:16      9.50    0.26    0.79
  pipe8                CONDUIT    100.86     0  00:15     13.70    0.27    0.79
  pipe9                CONDUIT    100.87     0  00:15     11.16    0.27    0.68
  outlet               CONDUIT    100.98     0  00:15     25.55    0.27    0.35
  
  
  ***************************
  Flow Classification Summary
  ***************************
  
  -------------------------------------------------------------------------------------
                      Adjusted    ---------- Fraction of Time in Flow Class ---------- 
                       /Actual         Up    Down  Sub   Sup   Up    Down  Norm  Inlet 
  Conduit               Length    Dry  Dry   Dry   Crit  Crit  Crit  Crit  Ltd   Ctrl  
  -------------------------------------------------------------------------------------
  pipe1                   1.00   0.00  0.01  0.00  0.99  0.00  0.00  0.00  0.00  0.00
  pipe2                   1.00   0.01  0.00  0.00  0.99  0.00  0.00  0.00  0.01  0.00
  pipe3                   1.00   0.01  0.00  0.00  0.99  0.00  0.00  0.00  0.00  0.00
  pipe4                   1.00   0.01  0.00  0.00  0.99  0.00  0.00  0.00  0.01  0.00
  pipe5                   1.00   0.01  0.00  0.00  0.99  0.00  0.00  0.00  0.00  0.00
  pipe6                   1.00   0.01  0.00  0.00  0.98  0.00  0.00  0.00  0.01  0.00
  pipe7                   1.00   0.01  0.00  0.00  0.98  0.00  0.00  0.00  0.00  0.00
  pipe8                   1.00   0.02  0.00  0.00  0.98  0.00  0.00  0.00  0.01  0.00
  pipe9                   1.00   0.02  0.00  0.00  0.40  0.58  0.00  0.00  0.00  0.00
  outlet                  1.00   0.02  0.00  0.00  0.00  0.98  0.00  0.00  0.06  0.00
  
  
  *************************
  Conduit Surcharge Summary
  *************************
  
  ----------------------------------------------------------------------------
                                                           Hours        Hours 
                         --------- Hours Full --------   Above Full   Capacity
  Conduit                Both Ends  Upstream  Dnstream   Normal Flow   Limited
  ----------------------------------------------------------------------------
  pipe1                       2.79      2.79      4.97      0.01         0.01
  pipe2                       2.79      2.79      4.94      0.01         0.01
  pipe3                       0.01      0.01      4.94      0.01         0.01
  pipe4                       0.01      0.01      4.93      0.01         0.01
  pipe5                       0.01      0.01      4.93      0.01         0.01
  pipe6                       0.01      0.01      4.91      0.01         0.01
  pipe7                       0.01      0.01      4.91      0.01         0.01
  pipe8                       0.01      0.01      4.90      0.01         0.01
  pipe9                       0.01      0.01      4.90      0.01         0.01
  

  Analysis begun on:  Tue Aug  5 12:57:45 2025
  Analysis ended on:  Tue Aug  5 12:57:45 2025
  Total elapsed time: < 1 sec