
  EPA STORM WATER MANAGEMENT MODEL - VERSION 5.2 (Build 5.2.4)
  ------------------------------------------------------------

  Scenario Run :  WRONG_INTERVAL 
   SW 1 0 9A1 'BROWARD COUNTY Multi FAMILY SITE - Runoff example # 47'A2 'RUNO 
  WARNING 01: wet weather time step reduced to recording interval for Rain Gage GAGE1
  WARNING 03: negative offset ignored for Link CDT-11
  
  ****************
  Analysis Options
  ****************
  Flow Units ............... MGD
  Process Models:
    Rainfall/Runoff ........ YES
    RDII ................... YES
    Snowmelt ............... NO
    Groundwater ............ YES
    Flow Routing ........... YES
    Ponding Allowed ........ NO
    Water Quality .......... YES
  Infiltration Method ...... GREEN_AMPT
  Flow Routing Method ...... DYNWAVE
  Surcharge Method ......... EXTRAN
  Starting Date ............ 01/01/2008 00:00:00
  Ending Date .............. 06/30/2008 00:00:00
  Antecedent Dry Days ...... 0.0
  Report Time Step ......... 00:15:00
  Wet Time Step ............ 00:05:00
  Dry Time Step ............ 00:15:00
  Routing Time Step ........ 60.00 sec
  Variable Time Step ....... YES
  Maximum Trials ........... 8
  Number of Threads ........ 1
  Head Tolerance ........... 0.005000 ft
  
  
  *********************
  Rainfall File Summary
  *********************
  Station    First        Last         Recording   Periods    Periods    Periods
  ID         Date         Date         Frequency  w/Precip    Missing    Malfunc.
  -------------------------------------------------------------------------------
  
  
  ERROR 317: cannot open rainfall data file C:\NCIMM_Training\Data_Files\RAIN_GW.DAT.

  Analysis begun on:  Tue Aug  5 13:01:13 2025
  Analysis ended on:  Tue Aug  5 13:01:13 2025
  Total elapsed time: < 1 sec