
  EPA STORM WATER MANAGEMENT MODEL - VERSION 5.2 (Build 5.2.4)
  ------------------------------------------------------------

       Example 1 of Extran Manual 
  
  *************
  Element Count
  *************
  Number of rain gages ...... 0
  Number of subcatchments ... 0
  Number of nodes ........... 10
  Number of links ........... 9
  Number of pollutants ...... 0
  Number of land uses ....... 0
  
  
  ************
  Node Summary
  ************
                                           Invert      Max.    Ponded    External
  Name                 Type                 Elev.     Depth      Area    Inflow  
  -------------------------------------------------------------------------------
  10309                JUNCTION            101.60      9.40       0.0
  15009                JUNCTION            111.50     13.50       0.0
  16009                JUNCTION            102.00     18.00       0.0
  16109                JUNCTION            102.80     22.20       0.0
  80408                JUNCTION            124.60     13.40       0.0    Yes
  80608                JUNCTION            118.30     16.70       0.0
  81009                JUNCTION            128.20      8.80       0.0    Yes
  81309                JUNCTION            117.50     12.50       0.0
  82309                JUNCTION            112.30     42.70       0.0    Yes
  10208                OUTFALL              89.90      9.00       0.0
  
  
  ************
  Link Summary
  ************
  Name             From Node        To Node          Type            Length    %Slope Roughness
  ---------------------------------------------------------------------------------------------
  1030             10309            10208            CONDUIT         4500.0    0.2600    0.0160
  1570             15009            16009            CONDUIT         5000.0    0.1900    0.0154
  1600             16109            16009            CONDUIT          500.0    0.1600    0.0150
  1602             82309            16109            CONDUIT         5000.0    0.1900    0.0340
  1630             16009            10309            CONDUIT          300.0    0.1333    0.0150
  8040             80408            80608            CONDUIT         1800.0    0.3500    0.0150
  8060             80608            82309            CONDUIT         2075.0    0.1831    0.0150
  8100             81009            81309            CONDUIT         5100.0    0.2098    0.0150
  8130             81309            15009            CONDUIT         3500.0    0.1714    0.0150
  
  
  *********************
  Cross Section Summary
  *********************
                                        Full     Full     Hyd.     Max.   No. of     Full
  Conduit          Shape               Depth     Area     Rad.    Width  Barrels     Flow
  ---------------------------------------------------------------------------------------
  1030             CUSTOM_SHAPE         9.00    60.75     1.90     9.00        2   440.60
  1570             CUSTOM_SHAPE         5.50    22.69     1.16     5.50        2   105.24
  1600             CUSTOM_SHAPE         6.00    27.00     1.26     6.00        2   125.05
  1602             CUSTOM_SHAPE         5.00    18.75     1.05     5.00        2    36.97
  1630             CUSTOM_SHAPE         9.00    60.75     1.90     9.00        2   336.55
  8040             CUSTOM_SHAPE         4.00    12.00     0.84     4.00        2    62.73
  8060             CUSTOM_SHAPE         4.00    12.00     0.84     4.00        2    45.37
  8100             CUSTOM_SHAPE         4.50    15.19     0.95     4.50        2    66.49
  8130             CUSTOM_SHAPE         4.50    15.19     0.95     4.50        2    60.10
  
  
  *************
  Shape Summary
  *************

  Shape CUSTOM_SHAPE
  Area:  
              0.0135     0.0272     0.0412     0.0555     0.0700 
              0.0848     0.0999     0.1152     0.1308     0.1467 
              0.1628     0.1792     0.1959     0.2128     0.2300 
              0.2475     0.2652     0.2832     0.3015     0.3200 
              0.3388     0.3579     0.3772     0.3968     0.4167 
              0.4368     0.4572     0.4779     0.4988     0.5200 
              0.5415     0.5632     0.5852     0.6075     0.6300 
              0.6528     0.6759     0.6992     0.7228     0.7467 
              0.7708     0.7952     0.8199     0.8448     0.8700 
              0.8955     0.9212     0.9472     0.9735     1.0000 
  Hrad:  
              0.0886     0.1663     0.2353     0.2971     0.3531 
              0.4041     0.4510     0.4944     0.5348     0.5726 
              0.6081     0.6416     0.6733     0.7036     0.7324 
              0.7600     0.7865     0.8120     0.8366     0.8604 
              0.8834     0.9058     0.9276     0.9488     0.9694 
              0.9896     1.0094     1.0287     1.0477     1.0663 
              1.0845     1.1025     1.1202     1.1376     1.1547 
              1.1717     1.1884     1.2049     1.2212     1.2373 
              1.2533     1.2691     1.2847     1.3002     1.3155 
              1.3307     1.3458     1.3608     1.3756     1.0000 
  Width: 
              0.5100     0.5200     0.5300     0.5400     0.5500 
              0.5600     0.5700     0.5800     0.5900     0.6000 
              0.6100     0.6200     0.6300     0.6400     0.6500 
              0.6600     0.6700     0.6800     0.6900     0.7000 
              0.7100     0.7200     0.7300     0.7400     0.7500 
              0.7600     0.7700     0.7800     0.7900     0.8000 
              0.8100     0.8200     0.8300     0.8400     0.8500 
              0.8600     0.8700     0.8800     0.8900     0.9000 
              0.9100     0.9200     0.9300     0.9400     0.9500 
              0.9600     0.9700     0.9800     0.9900     1.0000 
  
  
  ****************
  Analysis Options
  ****************
  Flow Units ............... CFS
  Process Models:
    Rainfall/Runoff ........ NO
    RDII ................... NO
    Snowmelt ............... NO
    Groundwater ............ NO
    Flow Routing ........... YES
    Ponding Allowed ........ NO
    Water Quality .......... NO
  Flow Routing Method ...... DYNWAVE
  Surcharge Method ......... EXTRAN
  Starting Date ............ 01/01/2002 00:00:00
  Ending Date .............. 01/01/2002 08:00:00
  Antecedent Dry Days ...... 0.0
  Report Time Step ......... 00:15:00
  Routing Time Step ........ 20.00 sec
  Variable Time Step ....... NO
  Maximum Trials ........... 8
  Number of Threads ........ 1
  Head Tolerance ........... 0.005000 ft
  
  
  **************************        Volume        Volume
  Flow Routing Continuity        acre-feet      10^6 gal
  **************************     ---------     ---------
  Dry Weather Inflow .......         0.000         0.000
  Wet Weather Inflow .......         0.000         0.000
  Groundwater Inflow .......         0.000         0.000
  RDII Inflow ..............         0.000         0.000
  External Inflow ..........        33.470        10.907
  External Outflow .........        33.250        10.835
  Flooding Loss ............         0.000         0.000
  Evaporation Loss .........         0.000         0.000
  Exfiltration Loss ........         0.000         0.000
  Initial Stored Volume ....         0.000         0.000
  Final Stored Volume ......         0.226         0.074
  Continuity Error (%) .....        -0.019
  
  
  *************************
  Highest Continuity Errors
  *************************
  Node 80608 (2.05%)
  Node 82309 (-1.05%)
  
  
  ********************************
  Highest Flow Instability Indexes
  ********************************
  Link 8060 (2)
  
  
  *********************************
  Most Frequent Nonconverging Nodes
  *********************************
  Node 10208 (2.99%)
  Node 82309 (2.78%)
  Node 80608 (1.32%)
  Node 80408 (0.07%)
  Node 81009 (0.07%)
  
  
  *************************
  Routing Time Step Summary
  *************************
  Minimum Time Step           :    20.00 sec
  Average Time Step           :    20.00 sec
  Maximum Time Step           :    20.00 sec
  % of Time in Steady State   :     0.00
  Average Iterations per Step :     2.48
  % of Steps Not Converging   :     2.99
  
  
  ******************
  Node Depth Summary
  ******************
  
  ---------------------------------------------------------------------------------
                                 Average  Maximum  Maximum  Time of Max    Reported
                                   Depth    Depth      HGL   Occurrence   Max Depth
  Node                 Type         Feet     Feet     Feet  days hr:min        Feet
  ---------------------------------------------------------------------------------
  10309                JUNCTION     1.14     2.59   104.19     0  02:40        2.59
  15009                JUNCTION     0.83     1.97   113.47     0  01:50        1.96
  16009                JUNCTION     1.18     2.71   104.71     0  02:37        2.71
  16109                JUNCTION     1.16     2.68   105.48     0  02:46        2.68
  80408                JUNCTION     0.82     2.43   127.03     0  02:24        2.43
  80608                JUNCTION     2.06     8.14   126.44     0  01:34        7.77
  81009                JUNCTION     0.88     2.47   130.67     0  00:35        2.41
  81309                JUNCTION     1.07     2.70   120.20     0  01:08        2.69
  82309                JUNCTION     4.27    13.50   125.80     0  01:34       12.84
  10208                OUTFALL      0.78     1.84    91.74     0  02:41        1.84
  
  
  *******************
  Node Inflow Summary
  *******************
  
  -------------------------------------------------------------------------------------------------
                                  Maximum  Maximum                  Lateral       Total        Flow
                                  Lateral    Total  Time of Max      Inflow      Inflow     Balance
                                   Inflow   Inflow   Occurrence      Volume      Volume       Error
  Node                 Type           CFS      CFS  days hr:min    10^6 gal    10^6 gal     Percent
  -------------------------------------------------------------------------------------------------
  10309                JUNCTION      0.00   135.20     0  02:33           0        10.9       0.190
  15009                JUNCTION      0.00    52.44     0  01:25           0        4.04       0.371
  16009                JUNCTION      0.00   135.28     0  02:22           0        10.9       0.152
  16109                JUNCTION      0.00    85.03     0  02:39           0        6.87       0.399
  80408                JUNCTION     45.00    45.00     0  00:15        3.64        3.64      -0.238
  80608                JUNCTION      0.00    51.87     0  03:04           0        3.64       2.097
  81009                JUNCTION     50.00    50.00     0  00:15        4.04        4.04      -0.465
  81309                JUNCTION      0.00    56.78     0  00:46           0        4.06       0.401
  82309                JUNCTION     40.00    87.52     0  00:37        3.23         6.8      -1.037
  10208                OUTFALL       0.00   135.18     0  02:41           0        10.8       0.000
  
  
  **********************
  Node Surcharge Summary
  **********************
  
  Surcharging occurs when water rises above the top of the highest conduit.
  ---------------------------------------------------------------------
                                               Max. Height   Min. Depth
                                   Hours       Above Crown    Below Rim
  Node                 Type      Surcharged           Feet         Feet
  ---------------------------------------------------------------------
  80608                JUNCTION        1.55          4.139        8.561
  82309                JUNCTION        2.19          7.305       29.195
  
  
  *********************
  Node Flooding Summary
  *********************
  
  No nodes were flooded.
  
  
  ***********************
  Outfall Loading Summary
  ***********************
  
  -----------------------------------------------------------
                         Flow       Avg       Max       Total
                         Freq      Flow      Flow      Volume
  Outfall Node           Pcnt       CFS       CFS    10^6 gal
  -----------------------------------------------------------
  10208                 93.75     53.65    135.18      10.834
  -----------------------------------------------------------
  System                93.75     53.65    135.18      10.834
  
  
  ********************
  Link Flow Summary
  ********************
  
  -----------------------------------------------------------------------------
                                 Maximum  Time of Max   Maximum    Max/    Max/
                                  |Flow|   Occurrence   |Veloc|    Full    Full
  Link                 Type          CFS  days hr:min    ft/sec    Flow   Depth
  -----------------------------------------------------------------------------
  1030                 CONDUIT    135.18     0  02:41      6.03    0.15    0.25
  1570                 CONDUIT     51.31     0  01:50      3.47    0.24    0.42
  1600                 CONDUIT     85.03     0  02:52      4.51    0.34    0.45
  1602                 CONDUIT     85.03     0  02:39      3.20    1.15    0.77
  1630                 CONDUIT    135.20     0  02:33      4.96    0.20    0.29
  8040                 CONDUIT     51.87     0  03:04      6.12    0.41    0.80
  8060                 CONDUIT     62.46     0  03:13      3.96    0.69    1.00
  8100                 CONDUIT     56.78     0  00:46      4.75    0.43    0.54
  8130                 CONDUIT     52.44     0  01:25      4.15    0.44    0.51
  
  
  ***************************
  Flow Classification Summary
  ***************************
  
  -------------------------------------------------------------------------------------
                      Adjusted    ---------- Fraction of Time in Flow Class ---------- 
                       /Actual         Up    Down  Sub   Sup   Up    Down  Norm  Inlet 
  Conduit               Length    Dry  Dry   Dry   Crit  Crit  Crit  Crit  Ltd   Ctrl  
  -------------------------------------------------------------------------------------
  1030                    1.00   0.04  0.00  0.00  0.96  0.00  0.00  0.00  0.00  0.00
  1570                    1.00   0.02  0.00  0.00  0.98  0.00  0.00  0.00  0.93  0.00
  1600                    1.00   0.00  0.00  0.00  0.98  0.02  0.00  0.00  0.50  0.00
  1602                    1.00   0.00  0.00  0.00  1.00  0.00  0.00  0.00  0.00  0.00
  1630                    1.00   0.02  0.00  0.00  0.96  0.02  0.00  0.00  0.42  0.00
  8040                    1.00   0.00  0.00  0.00  0.97  0.03  0.00  0.00  0.76  0.00
  8060                    1.00   0.00  0.00  0.00  0.46  0.00  0.00  0.54  0.16  0.00
  8100                    1.00   0.00  0.00  0.00  0.99  0.01  0.00  0.00  0.90  0.00
  8130                    1.00   0.00  0.00  0.00  1.00  0.00  0.00  0.00  0.57  0.00
  
  
  *************************
  Conduit Surcharge Summary
  *************************
  
  ----------------------------------------------------------------------------
                                                           Hours        Hours 
                         --------- Hours Full --------   Above Full   Capacity
  Conduit                Both Ends  Upstream  Dnstream   Normal Flow   Limited
  ----------------------------------------------------------------------------
  1602                        0.01      2.80      0.01      1.58         0.01
  8040                        0.01      0.01      1.54      0.01         0.01
  8060                        1.54      1.54      2.19      0.01         0.01
  

  Analysis begun on:  Tue Aug  5 11:56:30 2025
  Analysis ended on:  Tue Aug  5 11:56:30 2025
  Total elapsed time: < 1 sec