
  EPA STORM WATER MANAGEMENT MODEL - VERSION 5.2 (Build 5.2.4)
  ------------------------------------------------------------

   Inverted syphon example from Vanslambrouck et al. (1986) 
  WARNING 04: minimum elevation drop used for Conduit syphon
  WARNING 04: minimum elevation drop used for Conduit syphon2
  
  *************
  Element Count
  *************
  Number of rain gages ...... 0
  Number of subcatchments ... 0
  Number of nodes ........... 8
  Number of links ........... 8
  Number of pollutants ...... 0
  Number of land uses ....... 0
  
  
  ************
  Node Summary
  ************
                                           Invert      Max.    Ponded    External
  Name                 Type                 Elev.     Depth      Area    Inflow  
  -------------------------------------------------------------------------------
  Inflow               JUNCTION             91.00      9.00       0.0    Yes
  K4.2                 JUNCTION             75.00     25.00       0.0    Yes
  213                  JUNCTION             90.00     10.00       0.0    Yes
  215                  JUNCTION             85.00     15.00       0.0    Yes
  217                  JUNCTION             75.00     25.00       0.0    Yes
  219                  JUNCTION             75.00     25.00       0.0    Yes
  Outfall              OUTFALL              84.00      3.00       0.0    Yes
  K4.3                 STORAGE              75.00     25.00       0.0    Yes
  
  
  ************
  Link Summary
  ************
  Name             From Node        To Node          Type            Length    %Slope Roughness
  ---------------------------------------------------------------------------------------------
  pipe1            Inflow           213              CONDUIT          200.0    0.5000    0.0140
  pipe2            215              Outfall          CONDUIT          100.0    1.0001    0.0140
  syphon           K4.3             K4.2             CONDUIT          100.0    0.0003    0.0140
  down1            213              K4.3             CONDUIT          100.0   15.1717    0.0140
  up1              K4.2             215              CONDUIT           24.0  -45.8349    0.0140
  down2            213              217              CONDUIT          100.0   15.1717    0.0140
  syphon2          217              219              CONDUIT          100.0    0.0003    0.0140
  up2              219              215              CONDUIT          100.0  -10.0504    0.0140
  
  
  *********************
  Cross Section Summary
  *********************
                                        Full     Full     Hyd.     Max.   No. of     Full
  Conduit          Shape               Depth     Area     Rad.    Width  Barrels     Flow
  ---------------------------------------------------------------------------------------
  pipe1            CIRCULAR             3.00     7.07     0.75     3.00        1    29.48
  pipe2            CIRCULAR             3.00     7.07     0.75     3.00        1    41.69
  syphon           RECT_CLOSED          1.20     2.40     0.37     2.00        3     0.16
  down1            CIRCULAR             2.00     3.14     0.50     2.00        1    55.07
  up1              CIRCULAR             2.00     3.14     0.50     2.00        1    95.72
  down2            CIRCULAR             2.00     3.14     0.50     2.00        1    55.07
  syphon2          RECT_CLOSED          1.20     2.40     0.37     2.00        1     0.16
  up2              CIRCULAR             2.00     3.14     0.50     2.00        1    44.82
  
  
  ****************
  Analysis Options
  ****************
  Flow Units ............... CMS
  Process Models:
    Rainfall/Runoff ........ NO
    RDII ................... NO
    Snowmelt ............... NO
    Groundwater ............ NO
    Flow Routing ........... YES
    Ponding Allowed ........ NO
    Water Quality .......... NO
  Flow Routing Method ...... DYNWAVE
  Surcharge Method ......... EXTRAN
  Starting Date ............ 01/01/1995 00:00:00
  Ending Date .............. 01/01/1995 01:00:00
  Antecedent Dry Days ...... 0.0
  Report Time Step ......... 00:00:30
  Routing Time Step ........ 30.00 sec
  Variable Time Step ....... YES
  Maximum Trials ........... 8
  Number of Threads ........ 1
  Head Tolerance ........... 0.001524 m
  
  
  **************************        Volume        Volume
  Flow Routing Continuity        hectare-m      10^6 ltr
  **************************     ---------     ---------
  Dry Weather Inflow .......         0.000         0.000
  Wet Weather Inflow .......         0.000         0.000
  Groundwater Inflow .......         0.000         0.000
  RDII Inflow ..............         0.000         0.000
  External Inflow ..........         7.080        70.804
  External Outflow .........         6.288        62.884
  Flooding Loss ............         0.000         0.000
  Evaporation Loss .........         0.000         0.000
  Exfiltration Loss ........         0.000         0.000
  Initial Stored Volume ....         0.000         0.000
  Final Stored Volume ......         0.293         2.933
  Continuity Error (%) .....         7.044
  
  
  *************************
  Highest Continuity Errors
  *************************
  Node K4.3 (11.40%)
  Node K4.2 (2.25%)
  Node 217 (1.51%)
  Node 219 (1.48%)
  
  
  ***************************
  Time-Step Critical Elements
  ***************************
  Link pipe2 (78.81%)
  Link up2 (10.95%)
  Link down1 (9.05%)
  
  
  ********************************
  Highest Flow Instability Indexes
  ********************************
  Link syphon (5)
  Link syphon2 (4)
  Link up1 (3)
  Link pipe2 (2)
  Link down1 (2)
  
  
  *********************************
  Most Frequent Nonconverging Nodes
  *********************************
  Node Outfall (12.86%)
  Node K4.2 (9.29%)
  Node 217 (9.05%)
  Node 219 (4.05%)
  Node 215 (0.48%)
  
  
  *************************
  Routing Time Step Summary
  *************************
  Minimum Time Step           :     4.82 sec
  Average Time Step           :     8.57 sec
  Maximum Time Step           :    27.06 sec
  % of Time in Steady State   :     0.00
  Average Iterations per Step :     3.77
  % of Steps Not Converging   :    12.86
  Time Step Frequencies       :
     30.000 - 13.228 sec      :     3.82 %
     13.228 -  5.833 sec      :    95.94 %
      5.833 -  2.572 sec      :     0.24 %
      2.572 -  1.134 sec      :     0.00 %
      1.134 -  0.500 sec      :     0.00 %
  
  
  ******************
  Node Depth Summary
  ******************
  
  ---------------------------------------------------------------------------------
                                 Average  Maximum  Maximum  Time of Max    Reported
                                   Depth    Depth      HGL   Occurrence   Max Depth
  Node                 Type       Meters   Meters   Meters  days hr:min      Meters
  ---------------------------------------------------------------------------------
  Inflow               JUNCTION     1.87     2.19    93.19     0  00:36        2.19
  K4.2                 JUNCTION    10.20    12.24    87.24     0  00:17       12.24
  213                  JUNCTION     0.74     0.90    90.90     0  00:30        0.90
  215                  JUNCTION     1.35     1.73    86.73     0  00:32        1.73
  217                  JUNCTION    12.20    13.90    88.90     0  00:32       13.90
  219                  JUNCTION    11.01    12.34    87.34     0  00:32       12.34
  Outfall              OUTFALL      1.34     1.73    85.73     0  00:32        1.73
  K4.3                 STORAGE     10.43    12.56    87.56     0  00:17       12.56
  
  
  *******************
  Node Inflow Summary
  *******************
  
  -------------------------------------------------------------------------------------------------
                                  Maximum  Maximum                  Lateral       Total        Flow
                                  Lateral    Total  Time of Max      Inflow      Inflow     Balance
                                   Inflow   Inflow   Occurrence      Volume      Volume       Error
  Node                 Type           CMS      CMS  days hr:min    10^6 ltr    10^6 ltr     Percent
  -------------------------------------------------------------------------------------------------
  Inflow               JUNCTION    26.000   26.000     0  00:30        70.8        70.8       0.766
  K4.2                 JUNCTION     0.000   15.083     0  00:32           0        38.1       2.299
  213                  JUNCTION     0.000   26.000     0  00:36           0        70.3       0.504
  215                  JUNCTION     0.000   26.224     0  00:32           0        65.5       0.945
  217                  JUNCTION     0.000   11.151     0  00:31           0        30.9       1.536
  219                  JUNCTION     0.000   11.151     0  00:31           0        30.4       1.504
  Outfall              OUTFALL      0.000   26.245     0  00:32           0        62.9       0.000
  K4.3                 STORAGE      0.000   14.891     0  00:33           0        40.7      12.873
  
  
  **********************
  Node Surcharge Summary
  **********************
  
  Surcharging occurs when water rises above the top of the highest conduit.
  ---------------------------------------------------------------------
                                               Max. Height   Min. Depth
                                   Hours       Above Crown    Below Rim
  Node                 Type      Surcharged         Meters       Meters
  ---------------------------------------------------------------------
  K4.2                 JUNCTION        0.83         10.243       12.757
  217                  JUNCTION        0.88         11.902       11.098
  219                  JUNCTION        0.88         10.341       12.659
  K4.3                 STORAGE         0.84         10.559       12.441
  
  
  *********************
  Node Flooding Summary
  *********************
  
  No nodes were flooded.
  
  
  **********************
  Storage Volume Summary
  **********************
  
  ------------------------------------------------------------------------------------------------
                         Average    Avg   Evap  Exfil     Maximum    Max    Time of Max    Maximum
                          Volume   Pcnt   Pcnt   Pcnt      Volume   Pcnt     Occurrence    Outflow
  Storage Unit           1000 m³   Full   Loss   Loss     1000 m³   Full    days hr:min        CMS
  ------------------------------------------------------------------------------------------------
  K4.3                     0.000    0.0    0.0    0.0       0.000    0.0       0  00:00     15.083
  
  
  ***********************
  Outfall Loading Summary
  ***********************
  
  -----------------------------------------------------------
                         Flow       Avg       Max       Total
                         Freq      Flow      Flow      Volume
  Outfall Node           Pcnt       CMS       CMS    10^6 ltr
  -----------------------------------------------------------
  Outfall               90.24    21.542    26.245      62.883
  -----------------------------------------------------------
  System                90.24    21.542    26.245      62.883
  
  
  ********************
  Link Flow Summary
  ********************
  
  -----------------------------------------------------------------------------
                                 Maximum  Time of Max   Maximum    Max/    Max/
                                  |Flow|   Occurrence   |Veloc|    Full    Full
  Link                 Type          CMS  days hr:min     m/sec    Flow   Depth
  -----------------------------------------------------------------------------
  pipe1                CONDUIT    26.000     0  00:36      7.15    0.88    0.52
  pipe2                CONDUIT    26.245     0  00:32      6.23    0.63    0.58
  syphon               CONDUIT    15.083     0  00:32      2.09   32.30    1.00
  down1                CONDUIT    14.891     0  00:33      8.64    0.27    0.73
  up1                  CONDUIT    15.084     0  00:32      4.95    0.16    0.93
  down2                CONDUIT    11.151     0  00:31      6.74    0.20    0.73
  syphon2              CONDUIT    11.151     0  00:31      4.65   71.64    1.00
  up2                  CONDUIT    11.151     0  00:31      3.66    0.25    0.93
  
  
  ***************************
  Flow Classification Summary
  ***************************
  
  -------------------------------------------------------------------------------------
                      Adjusted    ---------- Fraction of Time in Flow Class ---------- 
                       /Actual         Up    Down  Sub   Sup   Up    Down  Norm  Inlet 
  Conduit               Length    Dry  Dry   Dry   Crit  Crit  Crit  Crit  Ltd   Ctrl  
  -------------------------------------------------------------------------------------
  pipe1                   1.00   0.00  0.00  0.00  0.00  1.00  0.00  0.00  0.79  0.00
  pipe2                   1.00   0.13  0.00  0.00  0.00  0.87  0.00  0.00  0.09  0.00
  syphon                  1.00   0.00  0.00  0.00  1.00  0.00  0.00  0.00  0.00  0.00
  down1                   1.10   0.00  0.00  0.00  0.11  0.89  0.00  0.00  0.21  0.00
  up1                     7.27   0.01  0.13  0.00  0.85  0.01  0.00  0.00  0.11  0.00
  down2                   1.10   0.00  0.00  0.00  0.16  0.84  0.00  0.00  0.21  0.00
  syphon2                 1.00   0.00  0.00  0.00  1.00  0.00  0.00  0.00  0.00  0.00
  up2                     1.00   0.01  0.13  0.00  0.81  0.05  0.00  0.00  0.00  0.00
  
  
  *************************
  Conduit Surcharge Summary
  *************************
  
  ----------------------------------------------------------------------------
                                                           Hours        Hours 
                         --------- Hours Full --------   Above Full   Capacity
  Conduit                Both Ends  Upstream  Dnstream   Normal Flow   Limited
  ----------------------------------------------------------------------------
  syphon                      0.86      0.86      0.86      0.94         0.76
  down1                       0.01      0.01      0.84      0.01         0.01
  up1                         0.01      0.01      0.83      0.01         0.01
  down2                       0.01      0.01      0.88      0.01         0.01
  syphon2                     0.90      0.91      0.90      0.96         0.89
  up2                         0.01      0.01      0.87      0.01         0.01
  

  Analysis begun on:  Tue Aug  5 11:56:30 2025
  Analysis ended on:  Tue Aug  5 11:56:30 2025
  Total elapsed time: < 1 sec