
======================================================================
SWMM5 Import to ICM InfoWorks (V2) - 2025-10-29 11:34:19 -0400
======================================================================
Database GUID: C36032B0-080D-497D-9504-9A7ADEBA846B
Import Mode: Single File
Files to process: 1
Cleanup empty label lists: true
Validate after import: true
======================================================================

======================================================================
BATCH IMPORT PROCESSING
======================================================================

======================================================================
[1/1] FILE: Greenville_small_snowmelt_model.inp
======================================================================
Full path: C:\Users\dickinro\OneDrive - Autodesk\Documents\GitHub\1729-SWMM5-Models\Greenville\Greenville_small_snowmelt_model.inp
Model group: Greenville_small_snowmelt_model_20251029_1134

PHASE 1: Import SWMM5 file
  Model group created with ID: 391
  Importing: Greenville_small_snowmelt_model.inp
  SUCCESS: Imported 7 objects
  Network statistics:
    Nodes: 5
    Links: 5
    Subcatchments: 2
  Network committed

  Cleaning up empty label lists...
    Found Label List: Greenville_small_snowmelt_model
  WARNING: Error checking label list: no such field
      Has content - keeping
    No empty label lists found

  PHASE 2: Validation
    No validation warnings

  Import successful

======================================================================
BATCH IMPORT SUMMARY
======================================================================

Import Mode: Single File
Files processed: 1
Successful: 1
Failed: 0

Aggregate Statistics:
  Total nodes: 5
  Total links: 5
  Total subcatchments: 2

======================================================================
Batch import completed!
Log file: C:\Users\dickinro\OneDrive - Autodesk\Documents\GitHub\1729-SWMM5-Models\Greenville/ICM Import Log Files/SWMM5_Batch_Import_20251029_113419.log
======================================================================
