
======================================================================
SWMM5 Import to ICM InfoWorks (V2) - 2025-11-21 10:28:23 -0500
======================================================================
Database GUID: 4647B962-BDBB-4EC7-884E-C52C6604A458
Import Mode: Batch - Include Subdirectories
Files to process: 3
Cleanup empty label lists: true
Validate after import: true
======================================================================

======================================================================
BATCH IMPORT PROCESSING
======================================================================

======================================================================
[1/3] FILE: Greenville_all_SWMM5_Features.inp
======================================================================
Full path: C:\Users\dickinro\OneDrive - Autodesk\Documents\GitHub\1729-SWMM5-Models\Greenville/Greenville_all_SWMM5_Features.inp
Model group: SWMM5 - Greenville_all_SWMM5_Features

PHASE 1: Import SWMM5 file
  Model group created with ID: 2
  Importing: Greenville_all_SWMM5_Features.inp
  SUCCESS: Imported 7 objects
  Network statistics:
    Nodes: 172
    Links: 235
    Subcatchments: 30
  Network committed

  Cleaning up empty label lists...
    Found Label List: Greenville_all_SWMM5_Features
  WARNING: Error checking label list: no such field
      Has content - keeping
    No empty label lists found

  PHASE 2: Validation
    No validation warnings

  Import successful

======================================================================
[2/3] FILE: Greenville_all_SWMM5_Features_SI_Units.inp
======================================================================
Full path: C:\Users\dickinro\OneDrive - Autodesk\Documents\GitHub\1729-SWMM5-Models\Greenville/Greenville_all_SWMM5_Features_SI_Units.inp
Model group: SWMM5 - Greenville_all_SWMM5_Features_SI_Units

PHASE 1: Import SWMM5 file
  Model group created with ID: 3
  Importing: Greenville_all_SWMM5_Features_SI_Units.inp
  SUCCESS: Imported 7 objects
  Network statistics:
    Nodes: 172
    Links: 235
    Subcatchments: 30
  Network committed

  Cleaning up empty label lists...
    Found Label List: Greenville_all_SWMM5_Features_SI_Units
  WARNING: Error checking label list: no such field
      Has content - keeping
    No empty label lists found

  PHASE 2: Validation
    No validation warnings

  Import successful

======================================================================
[3/3] FILE: Greenville_small_snowmelt_model.inp
======================================================================
Full path: C:\Users\dickinro\OneDrive - Autodesk\Documents\GitHub\1729-SWMM5-Models\Greenville/Greenville_small_snowmelt_model.inp
Model group: SWMM5 - Greenville_small_snowmelt_model

PHASE 1: Import SWMM5 file
  Model group created with ID: 4
  Importing: Greenville_small_snowmelt_model.inp
  SUCCESS: Imported 7 objects
  Network statistics:
    Nodes: 5
    Links: 5
    Subcatchments: 2
  Network committed

  Cleaning up empty label lists...
    Found Label List: Greenville_small_snowmelt_model
  WARNING: Error checking label list: no such field
      Has content - keeping
    No empty label lists found

  PHASE 2: Validation
    No validation warnings

  Import successful

======================================================================
BATCH IMPORT SUMMARY
======================================================================

Import Mode: Batch - Include Subdirectories
Files processed: 3
Successful: 3
Failed: 0

Aggregate Statistics:
  Total nodes: 349
  Total links: 475
  Total subcatchments: 62

======================================================================
Batch import completed!
Log file: C:\Users\dickinro\OneDrive - Autodesk\Documents\GitHub\1729-SWMM5-Models\Greenville/ICM Import Log Files/SWMM5_Batch_Import_20251121_102823.log
======================================================================
