
======================================================================
SWMM5 Import to ICM InfoWorks (V1) - 2025-10-29 04:34:51 -0400
======================================================================
Database GUID: C36032B0-080D-497D-9504-9A7ADEBA846B
Source File: C:\Users\dickinro\OneDrive - Autodesk\Documents\GitHub\1729-SWMM5-Models\Greenville\Greenville_all_SWMM5_Features.inp
Model Group: Greenville_all_SWMM5_Features_20251029_0434
Cleanup empty label lists: true
======================================================================

======================================================================
PHASE 1: SWMM5 Model Import
======================================================================
Creating model group: Greenville_all_SWMM5_Features_20251029_0434
Model group created with ID: 390
Importing SWMM5 file: Greenville_all_SWMM5_Features.inp...
SUCCESS: Imported 7 objects
Imported objects:
  - SWMM network: Greenville_all_SWMM5_Features (ID: 481)
  - Selection List: Greenville_all_SWMM5_Features (ID: 520)
  - Label List: Greenville_all_SWMM5_Features (ID: 441)
  - IWSW Time Patterns: Greenville_all_SWMM5_Features (ID: 307)
  - Rainfall Event: Greenville_all_SWMM5_Features (ID: 526)
  - IWSW Climatology: Greenville_all_SWMM5_Features (ID: 461)
  - SWMM run: Greenville_all_SWMM5_Features (ID: 661)
Found SWMM network: Greenville_all_SWMM5_Features
Network statistics:
  Nodes: 172
  Links: 235
  Subcatchments: 30
Network committed successfully

Cleaning up empty label lists...
  Found Label List: Greenville_all_SWMM5_Features (ID: 441)
  WARNING: Error checking label list: no such field
    Label list has content - keeping
  No empty label lists to clean up

======================================================================
PHASE 2: Post-Import Validation
======================================================================
Running validation checks...
  No validation warnings

======================================================================
IMPORT SUMMARY
======================================================================

Import Status: SUCCESS
Source File: Greenville_all_SWMM5_Features.inp
Model Group: Greenville_all_SWMM5_Features_20251029_0434

Network Statistics:
  Nodes: 172
  Links: 235
  Subcatchments: 30

Cleanup Statistics:
  Label lists found: 1
  Label lists deleted: 0
  Label lists kept: 1

======================================================================
Import completed successfully!
Log file saved to: C:\Users\dickinro\OneDrive - Autodesk\Documents\GitHub\1729-SWMM5-Models\Greenville/ICM Import Log Files/SWMM5_Import_20251029_043451.log
======================================================================
