
  EPA STORM WATER MANAGEMENT MODEL - VERSION 5.2 (Build 5.2.4)
  ------------------------------------------------------------

  
  ERROR 209: undefined object 2250 at line 972 of [SUBCATCHMENT] section:
  M06 2250 M06 4.739430 62.790000 424.020000 0.307000 0.000000

  
  ERROR 209: undefined object 2250 at line 973 of [SUBCATCHMENT] section:
  CP03 2250 CP03 3.315244 41.790000 354.850000 1.525000 0.000000

  
  ERROR 209: undefined object 2250 at line 974 of [SUBCATCHMENT] section:
  CP20 2250 CP20 3.810003 51.820000 330.950000 0.307400 0.000000

  
  ERROR 209: undefined object 2250 at line 975 of [SUBCATCHMENT] section:
  CPM31 2250 CPM31 14.601589 61.540000 486.390000 0.566200 0.000000

  
  ERROR 209: undefined object 2250 at line 976 of [SUBCATCHMENT] section:
  L08 2250 L08 2.913260 83.910000 263.990000 0.264900 0.000000

  
  ERROR 209: undefined object 2250 at line 977 of [SUBCATCHMENT] section:
  L06 2250 L06 2.217892 72.060000 153.770000 0.323400 0.000000

  
  ERROR 209: undefined object 2250 at line 978 of [SUBCATCHMENT] section:
  L16 2250 L16 5.827328 66.480000 312.230000 0.280400 0.000000

  
  ERROR 209: undefined object 2250 at line 979 of [SUBCATCHMENT] section:
  L27 2250 L27 2.052361 68.600000 226.160000 0.284500 0.000000

  
  ERROR 209: undefined object 2250 at line 980 of [SUBCATCHMENT] section:
  L36 2250 L36 9.888298 62.330000 377.670000 0.158900 0.000000

  
  ERROR 209: undefined object 2250 at line 981 of [SUBCATCHMENT] section:
  F1 2250 F1 5.032312 66.090000 554.550000 2.673100 0.000000

  
  ERROR 209: undefined object 2250 at line 982 of [SUBCATCHMENT] section:
  PM2 2250 PM2 4.554618 50.280000 287.870000 0.168300 0.000000

  
  ERROR 209: undefined object 2250 at line 983 of [SUBCATCHMENT] section:
  P23 2250 P23 4.149647 49.890000 490.760000 0.726200 0.000000

  
  ERROR 209: undefined object 2250 at line 984 of [SUBCATCHMENT] section:
  P33 2250 P33 1.594515 79.090000 215.250000 0.375100 0.000000

  
  ERROR 209: undefined object 2250 at line 985 of [SUBCATCHMENT] section:
  P49 2250 P49 1.704797 64.530000 219.260000 1.681500 0.000000

  
  ERROR 209: undefined object 2250 at line 986 of [SUBCATCHMENT] section:
  H1 2250 H1 2.640866 46.770000 353.380000 0.742000 0.000000

  
  ERROR 209: undefined object 2250 at line 987 of [SUBCATCHMENT] section:
  J3 2250 J3 3.585219 53.300000 331.960000 0.195000 0.000000

  
  ERROR 209: undefined object 2250 at line 988 of [SUBCATCHMENT] section:
  A2 2250 A2 10.816887 47.140000 656.940000 0.046000 0.000000

  
  ERROR 209: undefined object 2250 at line 989 of [SUBCATCHMENT] section:
  A8 2250 A8 12.573454 43.610000 473.920000 0.034000 0.000000

  
  ERROR 209: undefined object 2250 at line 990 of [SUBCATCHMENT] section:
  A17 2250 A17 4.583145 50.000000 388.790000 0.271800 0.000000

  
  ERROR 209: undefined object 2250 at line 991 of [SUBCATCHMENT] section:
  AM37 2250 AM37 1.043512 50.530000 144.580000 0.696800 0.000000

  
  ERROR 209: undefined object 2250 at line 992 of [SUBCATCHMENT] section:
  M04 2250 M04 5.657739 60.610000 321.670000 0.178100 0.000000

  
  ERROR 209: undefined object 2250 at line 993 of [SUBCATCHMENT] section:
  N06 2250 N06 9.098238 58.840000 435.310000 0.289900 0.000000

  
  ERROR 209: undefined object 2250 at line 994 of [SUBCATCHMENT] section:
  N09 2250 N09 2.875726 84.970000 378.040000 0.486100 0.000000

  
  ERROR 209: undefined object 2250 at line 995 of [SUBCATCHMENT] section:
  N25 2250 N25 8.198958 47.770000 527.860000 0.595500 0.000000

  
  ERROR 209: undefined object 2250 at line 996 of [SUBCATCHMENT] section:
  F2 2250 F2 2.328029 85.830000 350.840000 0.156500 0.000000

  
  ERROR 209: undefined object 2250 at line 997 of [SUBCATCHMENT] section:
  F3 2250 F3 3.327742 65.640000 380.970000 0.180100 0.000000

  
  ERROR 209: undefined object 2250 at line 998 of [SUBCATCHMENT] section:
  GM3 2250 GM3 3.996273 48.200000 516.780000 0.401300 0.000000

  
  ERROR 209: undefined object 2250 at line 999 of [SUBCATCHMENT] section:
  GM7 2250 GM7 3.200799 51.520000 231.280000 0.247100 0.000000

  
  ERROR 209: undefined object 2250 at line 1000 of [SUBCATCHMENT] section:
  GM6 2250 GM6 1.276241 52.140000 200.160000 0.370400 0.000000

  
  ERROR 209: undefined object 2250 at line 1001 of [SUBCATCHMENT] section:
  GM5 2250 GM5 4.203303 50.070000 490.180000 0.239100 0.000000

  
  ERROR 209: undefined object 2250 at line 1002 of [SUBCATCHMENT] section:
  H3 2250 H3 1.517126 63.010000 167.810000 0.037000 0.000000

  
  ERROR 209: undefined object 2250 at line 1003 of [SUBCATCHMENT] section:
  GM4 2250 GM4 3.494614 51.260000 226.520000 0.086400 0.000000

  
  ERROR 209: undefined object 2250 at line 1004 of [SUBCATCHMENT] section:
  G2 2250 G2 2.845789 50.680000 173.590000 0.164900 0.000000

  
  ERROR 209: undefined object 2250 at line 1005 of [SUBCATCHMENT] section:
  M18 2250 M18 0.346831 89.900000 31.970000 0.136400 0.000000

  
  ERROR 209: undefined object 2250 at line 1006 of [SUBCATCHMENT] section:
  M20 2250 M20 0.492939 63.260000 143.200000 0.551400 0.000000

  
  ERROR 209: undefined object 2250 at line 1007 of [SUBCATCHMENT] section:
  M24 2250 M24 0.473795 72.420000 109.020000 0.003800 0.000000

  
  ERROR 209: undefined object 2250 at line 1008 of [SUBCATCHMENT] section:
  M23 2250 M23 0.926459 68.700000 218.010000 0.266200 0.000000

  
  ERROR 209: undefined object 2250 at line 1009 of [SUBCATCHMENT] section:
  M21 2250 M21 0.653692 69.450000 97.520000 0.170900 0.000000

  
  ERROR 209: undefined object 2250 at line 1010 of [SUBCATCHMENT] section:
  M16 2250 M16 0.165425 90.000000 33.360000 0.220000 0.000000

  
  ERROR 209: undefined object 2250 at line 1011 of [SUBCATCHMENT] section:
  MM17 2250 MM17 0.264383 90.000000 32.330000 0.128800 0.000000

  
  ERROR 209: undefined object 2250 at line 1012 of [SUBCATCHMENT] section:
  MM15 2250 MM15 0.146830 90.000000 32.620000 0.128300 0.000000

  
  ERROR 209: undefined object 2250 at line 1013 of [SUBCATCHMENT] section:
  M07 2250 M07 1.949287 54.950000 208.980000 0.282700 0.000000

  
  ERROR 209: undefined object 2250 at line 1014 of [SUBCATCHMENT] section:
  M12 2250 M12 4.465025 60.840000 345.980000 0.009700 0.000000

  
  ERROR 209: undefined object 2250 at line 1015 of [SUBCATCHMENT] section:
  M13 2250 M13 1.578712 86.550000 184.720000 0.047300 0.000000

  
  ERROR 209: undefined object 2250 at line 1016 of [SUBCATCHMENT] section:
  M09 2250 M09 3.390302 67.130000 280.680000 0.189400 0.000000

  
  ERROR 209: undefined object 2250 at line 1017 of [SUBCATCHMENT] section:
  M10 2250 M10 1.365224 64.830000 237.680000 0.065900 0.000000

  
  ERROR 209: undefined object 2250 at line 1018 of [SUBCATCHMENT] section:
  M03 2250 M03 1.345067 55.540000 239.690000 2.364300 0.000000

  
  ERROR 209: undefined object 2250 at line 1019 of [SUBCATCHMENT] section:
  N19 2250 N19 0.707819 86.880000 116.590000 0.255000 0.000000

  
  ERROR 209: undefined object 2250 at line 1020 of [SUBCATCHMENT] section:
  N22 2250 N22 0.625702 87.110000 138.710000 0.029900 0.000000

  
  ERROR 209: undefined object 2250 at line 1021 of [SUBCATCHMENT] section:
  N21 2250 N21 0.470747 88.580000 83.610000 0.243000 0.000000

  
  ERROR 209: undefined object 2250 at line 1022 of [SUBCATCHMENT] section:
  N03 2250 N03 1.676806 53.200000 191.930000 0.741800 0.000000

  
  ERROR 209: undefined object 2250 at line 1023 of [SUBCATCHMENT] section:
  N10 2250 N10 3.095123 52.680000 226.590000 0.228700 0.000000

  
  ERROR 209: undefined object 2250 at line 1024 of [SUBCATCHMENT] section:
  N02 2250 N02 5.325598 68.790000 406.670000 0.219600 0.000000

  
  ERROR 209: undefined object 2250 at line 1025 of [SUBCATCHMENT] section:
  N07 2250 N07 1.465622 51.480000 205.210000 0.672800 0.000000

  
  ERROR 209: undefined object 2250 at line 1026 of [SUBCATCHMENT] section:
  A13 2250 A13 4.632505 45.570000 404.480000 0.021600 0.000000

  
  ERROR 209: undefined object 2250 at line 1027 of [SUBCATCHMENT] section:
  A10 2250 A10 3.271910 52.260000 413.730000 0.201000 0.000000

  
  ERROR 209: undefined object 2250 at line 1028 of [SUBCATCHMENT] section:
  A15 2250 A15 4.658981 45.520000 378.360000 0.010100 0.000000

  
  ERROR 209: undefined object 2250 at line 1029 of [SUBCATCHMENT] section:
  A11 2250 A11 2.283310 55.340000 289.350000 0.068400 0.000000

  
  ERROR 209: undefined object 2250 at line 1030 of [SUBCATCHMENT] section:
  A18 2250 A18 3.567740 45.180000 402.030000 0.318800 0.000000

  
  ERROR 209: undefined object 2250 at line 1031 of [SUBCATCHMENT] section:
  N20 2250 N20 2.474396 65.340000 225.550000 0.097400 0.000000

  
  ERROR 209: undefined object 2250 at line 1032 of [SUBCATCHMENT] section:
  N16 2250 N16 0.600881 81.260000 78.660000 0.141600 0.000000

  
  ERROR 209: undefined object 2250 at line 1033 of [SUBCATCHMENT] section:
  N17 2250 N17 0.627848 60.080000 96.620000 0.036500 0.000000

  
  ERROR 209: undefined object 2250 at line 1034 of [SUBCATCHMENT] section:
  A9 2250 A9 5.619793 39.860000 362.350000 0.276800 0.000000

  
  ERROR 209: undefined object 2250 at line 1035 of [SUBCATCHMENT] section:
  A6 2250 A6 3.509017 48.810000 292.650000 0.239600 0.000000

  
  ERROR 209: undefined object 2250 at line 1036 of [SUBCATCHMENT] section:
  A5 2250 A5 2.140368 50.510000 224.800000 0.057200 0.000000

  
  ERROR 209: undefined object 2250 at line 1037 of [SUBCATCHMENT] section:
  A3 2250 A3 3.952626 48.420000 311.870000 0.326000 0.000000

  
  ERROR 209: undefined object 2250 at line 1038 of [SUBCATCHMENT] section:
  P04 2250 P04 3.152636 85.930000 199.460000 0.352500 0.000000

  
  ERROR 209: undefined object 2250 at line 1039 of [SUBCATCHMENT] section:
  P05 2250 P05 2.478256 40.640000 162.080000 0.144600 0.000000

  
  ERROR 209: undefined object 2250 at line 1040 of [SUBCATCHMENT] section:
  P06 2250 P06 3.037347 85.810000 191.130000 0.543800 0.000000

  
  ERROR 209: undefined object 2250 at line 1041 of [SUBCATCHMENT] section:
  P09 2250 P09 2.166635 37.580000 267.940000 0.049200 0.000000

  
  ERROR 209: undefined object 2250 at line 1042 of [SUBCATCHMENT] section:
  P13 2250 P13 3.604565 53.420000 270.800000 0.112600 0.000000

  
  ERROR 209: undefined object 2250 at line 1043 of [SUBCATCHMENT] section:
  P08 2250 P08 1.533660 86.310000 195.660000 0.532800 0.000000

  
  ERROR 209: undefined object 2250 at line 1044 of [SUBCATCHMENT] section:
  P12 2250 P12 3.764052 66.460000 205.130000 0.668400 0.000000

  
  ERROR 209: undefined object 2250 at line 1045 of [SUBCATCHMENT] section:
  P18 2250 P18 1.901642 50.210000 167.620000 0.796600 0.000000

  
  ERROR 209: undefined object 2250 at line 1046 of [SUBCATCHMENT] section:
  PM20 2250 PM20 4.786609 50.570000 320.480000 0.365500 0.000000

  
  ERROR 209: undefined object 2250 at line 1047 of [SUBCATCHMENT] section:
  PM21 2250 PM21 1.559160 49.940000 160.740000 0.014800 0.000000

  
  ERROR 209: undefined object 2250 at line 1048 of [SUBCATCHMENT] section:
  A48 2250 A48 1.204065 86.770000 188.190000 0.384300 0.000000

  
  ERROR 209: undefined object 2250 at line 1049 of [SUBCATCHMENT] section:
  AM49 2250 AM49 5.206288 83.950000 345.950000 0.094000 0.000000

  
  ERROR 209: undefined object 2250 at line 1050 of [SUBCATCHMENT] section:
  N24 2250 N24 3.193878 85.540000 279.910000 0.096800 0.000000

  
  ERROR 209: undefined object 2250 at line 1051 of [SUBCATCHMENT] section:
  N26 2250 N26 0.646116 85.830000 122.160000 0.368100 0.000000

  
  ERROR 209: undefined object 2250 at line 1052 of [SUBCATCHMENT] section:
  A21 2250 A21 2.268814 54.050000 160.890000 0.225900 0.000000

  
  ERROR 209: undefined object 2250 at line 1053 of [SUBCATCHMENT] section:
  A35 2250 A35 2.715509 44.860000 332.380000 0.254500 0.000000

  
  ERROR 209: undefined object 2250 at line 1054 of [SUBCATCHMENT] section:
  A34 2250 A34 0.445208 68.950000 39.030000 0.079300 0.000000

  
  ERROR 209: undefined object 2250 at line 1055 of [SUBCATCHMENT] section:
  A46 2250 A46 4.973987 75.580000 387.220000 0.693200 0.000000

  
  ERROR 209: undefined object 2250 at line 1056 of [SUBCATCHMENT] section:
  A32 2250 A32 4.562340 50.350000 477.840000 0.224000 0.000000

  
  ERROR 209: undefined object 2250 at line 1057 of [SUBCATCHMENT] section:
  A47 2250 A47 1.868583 51.060000 178.390000 0.418600 0.000000

  
  ERROR 209: undefined object 2250 at line 1058 of [SUBCATCHMENT] section:
  A43 2250 A43 1.849605 50.340000 168.270000 0.741600 0.000000

  
  ERROR 209: undefined object 2250 at line 1059 of [SUBCATCHMENT] section:
  A42 2250 A42 1.868824 45.320000 159.690000 0.309700 0.000000

  
  ERROR 209: undefined object 2250 at line 1060 of [SUBCATCHMENT] section:
  A41 2250 A41 1.869710 50.660000 163.270000 0.760100 0.000000

  
  ERROR 209: undefined object 2250 at line 1061 of [SUBCATCHMENT] section:
  AM40 2250 AM40 1.870548 49.660000 160.670000 0.444200 0.000000

  
  ERROR 209: undefined object 2250 at line 1062 of [SUBCATCHMENT] section:
  A22 2250 A22 1.936577 50.080000 160.290000 0.341300 0.000000

  
  ERROR 209: undefined object 2250 at line 1063 of [SUBCATCHMENT] section:
  AM23 2250 AM23 2.156057 54.100000 160.850000 0.017700 0.000000

  
  ERROR 209: undefined object 2250 at line 1064 of [SUBCATCHMENT] section:
  AM30 2250 AM30 1.696278 52.810000 185.330000 0.128600 0.000000

  
  ERROR 209: undefined object 2250 at line 1065 of [SUBCATCHMENT] section:
  AM27 2250 AM27 1.040700 55.850000 179.810000 0.088700 0.000000

  
  ERROR 209: undefined object 2250 at line 1066 of [SUBCATCHMENT] section:
  AM24 2250 AM24 1.094546 49.480000 166.510000 1.223800 0.000000

  
  ERROR 209: undefined object 2250 at line 1067 of [SUBCATCHMENT] section:
  A31 2250 A31 1.681583 50.760000 189.510000 0.169600 0.000000

  
  ERROR 209: undefined object 2250 at line 1068 of [SUBCATCHMENT] section:
  A29 2250 A29 1.657222 50.650000 166.310000 0.380300 0.000000

  
  ERROR 209: undefined object 2250 at line 1069 of [SUBCATCHMENT] section:
  A28 2250 A28 1.631048 50.780000 171.290000 0.448800 0.000000

  
  ERROR 209: undefined object 2250 at line 1070 of [SUBCATCHMENT] section:
  A26 2250 A26 1.624408 51.120000 160.360000 2.261600 0.000000

  
  ERROR 209: undefined object 2250 at line 1071 of [SUBCATCHMENT] section:
  A25 2250 A25 1.619244 50.830000 183.410000 0.307000 0.000000

  
  Maximum error count exceeded.

  Analysis begun on:  Tue Aug  5 11:09:46 2025
  Analysis ended on:  Tue Aug  5 11:09:46 2025
  Total elapsed time: < 1 sec