
  EPA STORM WATER MANAGEMENT MODEL - VERSION 5.2 (Build 5.2.4)
  ------------------------------------------------------------

  
  ****************
  Analysis Options
  ****************
  Flow Units ............... CFS
  Process Models:
    Rainfall/Runoff ........ YES
    RDII ................... NO
    Snowmelt ............... NO
    Groundwater ............ NO
    Flow Routing ........... YES
    Ponding Allowed ........ YES
    Water Quality .......... NO
  Infiltration Method ...... HORTON
  Flow Routing Method ...... DYNWAVE
  Surcharge Method ......... EXTRAN
  Starting Date ............ 02/28/2015 00:00:00
  Ending Date .............. 03/02/2015 06:00:00
  Antecedent Dry Days ...... 0.0
  Report Time Step ......... 00:15:00
  Wet Time Step ............ 00:05:00
  Dry Time Step ............ 01:00:00
  Routing Time Step ........ 10.00 sec
  Variable Time Step ....... YES
  Maximum Trials ........... 8
  Number of Threads ........ 1
  Head Tolerance ........... 0.001000 ft
  
  
  **************************        Volume         Depth
  Runoff Quantity Continuity     acre-feet        inches
  **************************     ---------       -------
  Total Precipitation ......        43.810         5.290
  Evaporation Loss .........         0.000         0.000
  Infiltration Loss ........         5.215         0.630
  Surface Runoff ...........        38.314         4.626
  Final Storage ............         0.300         0.036
  Continuity Error (%) .....        -0.041
  
  
  **************************        Volume        Volume
  Flow Routing Continuity        acre-feet      10^6 gal
  **************************     ---------     ---------
  Dry Weather Inflow .......         0.000         0.000
  Wet Weather Inflow .......        38.314        12.485
  Groundwater Inflow .......         0.000         0.000
  RDII Inflow ..............         0.000         0.000
  External Inflow ..........         0.000         0.000
  External Outflow .........        26.838         8.746
  Flooding Loss ............         0.000         0.000
  Evaporation Loss .........         0.000         0.000
  Exfiltration Loss ........         0.000         0.000
  Initial Stored Volume ....         0.000         0.000
  Final Stored Volume ......        11.795         3.844
  Continuity Error (%) .....        -0.834
  
  
  *************************
  Highest Continuity Errors
  *************************
  Node JC11 (-5.66%)
  Node JC14 (1.20%)
  Node JC13 (1.09%)
  Node JC3 (1.08%)
  
  
  ***************************
  Time-Step Critical Elements
  ***************************
  None
  
  
  ********************************
  Highest Flow Instability Indexes
  ********************************
  Link C21 (13)
  
  
  *********************************
  Most Frequent Nonconverging Nodes
  *********************************
  Node OF1 (3.05%)
  Node JC14 (1.03%)
  Node JC10 (0.82%)
  Node JC16 (0.60%)
  Node JC19 (0.25%)
  
  
  *************************
  Routing Time Step Summary
  *************************
  Minimum Time Step           :     9.50 sec
  Average Time Step           :    10.00 sec
  Maximum Time Step           :    10.00 sec
  % of Time in Steady State   :     0.00
  Average Iterations per Step :     3.77
  % of Steps Not Converging   :     3.05
  Time Step Frequencies       :
     10.000 -  5.493 sec      :   100.00 %
      5.493 -  3.017 sec      :     0.00 %
      3.017 -  1.657 sec      :     0.00 %
      1.657 -  0.910 sec      :     0.00 %
      0.910 -  0.500 sec      :     0.00 %
  
  
  ***************************
  Subcatchment Runoff Summary
  ***************************
  
  ------------------------------------------------------------------------------------------------------------------------------
                            Total      Total      Total      Total     Imperv       Perv      Total       Total     Peak  Runoff
                           Precip      Runon       Evap      Infil     Runoff     Runoff     Runoff      Runoff   Runoff   Coeff
  Subcatchment                 in         in         in         in         in         in         in    10^6 gal      CFS
  ------------------------------------------------------------------------------------------------------------------------------
  SC4                        5.29       0.00       0.00       0.42       4.68       0.16       4.84        0.43     3.91   0.914
  SC2                        5.29       0.00       0.00       1.02       3.90       0.34       4.24        0.42     4.28   0.802
  SC5                        5.29       0.00       0.00       0.79       4.21       0.26       4.47        0.74     6.86   0.845
  SC7                        5.29       0.00       0.00       0.41       4.67       0.17       4.84        0.40     4.16   0.916
  SC6                        5.29       0.00       0.00       0.39       4.71       0.16       4.86        0.52     4.91   0.919
  SC8                        5.29       0.00       0.00       0.58       4.48       0.20       4.68        0.94     8.48   0.885
  SC9                        5.29       0.00       0.00       0.95       4.02       0.29       4.31        0.53     4.97   0.815
  SC10                       5.29       0.00       0.00       2.26       2.45       0.57       3.01        0.29     3.00   0.570
  SC11                       5.29       0.00       0.00       0.44       4.63       0.19       4.81        0.43     4.57   0.910
  SC12                       5.29       0.00       0.00       0.97       4.00       0.29       4.29        0.50     4.55   0.811
  SC13                       5.29       0.00       0.00       0.75       4.26       0.25       4.51        0.65     6.04   0.852
  SC14                       5.29       0.00       0.00       0.60       4.45       0.21       4.66        0.89     8.33   0.881
  SC15                       5.29       0.00       0.00       0.41       4.68       0.16       4.84        0.68     6.26   0.915
  SC16                       5.29       0.00       0.00       0.34       4.77       0.14       4.91        0.59     5.84   0.929
  SC17                       5.29       0.00       0.00       0.55       4.51       0.19       4.70        0.67     5.90   0.888
  SC18                       5.29       0.00       0.00       0.44       4.63       0.19       4.82        0.45     4.92   0.910
  SC20                       5.29       0.00       0.00       0.35       4.77       0.14       4.91        0.73     6.84   0.928
  SC21                       5.29       0.00       0.00       0.55       4.51       0.19       4.70        0.67     5.89   0.888
  SC22                       5.29       0.00       0.00       0.49       4.58       0.18       4.76        0.91     8.14   0.900
  SC24                       5.29       0.00       0.00       0.43       4.66       0.17       4.83        0.53     5.02   0.913
  SC23                       5.29       0.00       0.00       0.40       4.69       0.16       4.85        0.51     4.99   0.917
  
  
  ******************
  Node Depth Summary
  ******************
  
  ---------------------------------------------------------------------------------
                                 Average  Maximum  Maximum  Time of Max    Reported
                                   Depth    Depth      HGL   Occurrence   Max Depth
  Node                 Type         Feet     Feet     Feet  days hr:min        Feet
  ---------------------------------------------------------------------------------
  JC1                  JUNCTION    16.64    35.24   358.33     0  08:24       35.24
  JC2                  JUNCTION    28.82    49.70   358.22     0  08:30       49.70
  JC3                  JUNCTION    42.20    64.11   358.00     0  08:23       64.11
  JC4                  JUNCTION    29.60    56.09   365.22     0  07:15       56.09
  JC5                  JUNCTION    47.25    66.33   351.93     0  07:46       66.33
  JC6                  JUNCTION    52.50    65.97   338.22     0  10:23       65.96
  JC7                  JUNCTION    55.13    65.72   315.28     0  18:37       65.72
  JC8                  JUNCTION    54.23    66.27   309.00     0  18:02       66.27
  JC9                  JUNCTION    74.59    90.97   299.96     0  17:44       90.96
  JC10                 JUNCTION     8.37    33.70   328.10     0  06:33       33.70
  JC11                 JUNCTION     7.90    37.38   340.39     0  07:51       37.37
  JC12                 JUNCTION     9.50    61.22   384.31     0  05:05       61.21
  JC13                 JUNCTION    53.50    64.05   325.02     0  18:08       64.05
  JC14                 JUNCTION    40.36    61.63   345.82     0  09:05       61.63
  JC15                 JUNCTION    30.28    59.28   357.71     0  07:47       59.28
  JC16                 JUNCTION    19.00    54.43   369.86     0  06:37       54.41
  JC17                 JUNCTION    62.78    74.47   311.74     0  21:33       74.47
  JC18                 JUNCTION    67.48    80.08   305.87     0  19:15       80.08
  JC19                 JUNCTION    14.76    50.10   373.19     0  06:18       50.09
  JC20                 JUNCTION    18.73    47.43   370.52     0  06:21       47.38
  JC21                 JUNCTION     6.48    15.14   338.23     0  10:21       15.14
  OF1                  OUTFALL      0.96     1.00   189.33     0  08:20        1.00
  
  
  *******************
  Node Inflow Summary
  *******************
  
  -------------------------------------------------------------------------------------------------
                                  Maximum  Maximum                  Lateral       Total        Flow
                                  Lateral    Total  Time of Max      Inflow      Inflow     Balance
                                   Inflow   Inflow   Occurrence      Volume      Volume       Error
  Node                 Type           CFS      CFS  days hr:min    10^6 gal    10^6 gal     Percent
  -------------------------------------------------------------------------------------------------
  JC1                  JUNCTION      4.99     4.99     0  01:15       0.511       0.511      -0.106
  JC2                  JUNCTION      4.28     7.22     0  01:15       0.416       0.928       0.768
  JC3                  JUNCTION      3.91    10.33     0  00:43       0.431        2.59       1.087
  JC4                  JUNCTION      5.02     8.07     0  01:30       0.528        1.25       0.925
  JC5                  JUNCTION      6.86     8.42     0  01:15       0.741        3.21       0.539
  JC6                  JUNCTION      4.16    11.40     0  01:15       0.403        4.03       0.921
  JC7                  JUNCTION      8.48    11.88     0  01:15       0.943        4.79       0.483
  JC8                  JUNCTION      4.97     8.40     0  01:30       0.531        4.87       0.261
  JC9                  JUNCTION      3.00    17.87     0  00:53       0.288        10.1       0.503
  JC10                 JUNCTION      8.14     9.58     0  01:15       0.911        2.15      -0.041
  JC11                 JUNCTION      0.00     4.64     0  03:32           0        1.17      -5.359
  JC12                 JUNCTION     10.45    10.45     0  01:30        1.17        1.17       0.570
  JC13                 JUNCTION      8.33    11.12     0  01:15       0.893        3.27       1.106
  JC14                 JUNCTION      6.26     8.48     0  01:30       0.676        2.41       1.217
  JC15                 JUNCTION      5.84     8.75     0  01:15       0.594        1.71      -0.895
  JC16                 JUNCTION      4.92     7.62     0  01:30        0.45        1.12       0.030
  JC17                 JUNCTION      6.04     9.49     0  01:15       0.646        3.72       0.736
  JC18                 JUNCTION      4.57     6.98     0  01:15       0.426        3.54       0.615
  JC19                 JUNCTION      5.89     5.89     0  01:30        0.67       0.671      -0.024
  JC20                 JUNCTION      6.84     6.84     0  01:15       0.726       0.726       0.013
  JC21                 JUNCTION      4.91     4.91     0  01:15       0.524       0.524      -0.132
  OF1                  OUTFALL       0.00     6.53     0  17:44           0        8.74       0.000
  
  
  **********************
  Node Surcharge Summary
  **********************
  
  Surcharging occurs when water rises above the top of the highest conduit.
  ---------------------------------------------------------------------
                                               Max. Height   Min. Depth
                                   Hours       Above Crown    Below Rim
  Node                 Type      Surcharged           Feet         Feet
  ---------------------------------------------------------------------
  JC1                  JUNCTION       42.81         34.238        0.000
  JC2                  JUNCTION       52.84         48.704        0.000
  JC3                  JUNCTION       53.28         63.114        0.000
  JC4                  JUNCTION       52.16         55.085        0.000
  JC5                  JUNCTION       53.31         65.327        0.000
  JC6                  JUNCTION       53.26         64.966        0.000
  JC7                  JUNCTION       53.29         64.717        0.000
  JC8                  JUNCTION       53.26         65.272        0.000
  JC9                  JUNCTION       53.29         89.971        0.000
  JC10                 JUNCTION       20.34         32.702        0.000
  JC11                 JUNCTION       16.84         36.382        0.000
  JC12                 JUNCTION       12.71         60.224        0.000
  JC13                 JUNCTION       53.24         63.052        0.000
  JC14                 JUNCTION       53.25         60.633        0.000
  JC15                 JUNCTION       48.94         58.277        0.000
  JC16                 JUNCTION       38.55         53.434        0.000
  JC17                 JUNCTION       53.24         73.475        0.000
  JC18                 JUNCTION       53.26         79.082        0.000
  JC19                 JUNCTION       31.77         49.101        0.000
  JC20                 JUNCTION       42.68         46.427        0.000
  JC21                 JUNCTION       33.66         14.143        0.000
  
  
  *********************
  Node Flooding Summary
  *********************
  
  Flooding refers to all water that overflows a node, whether it ponds or not.
  --------------------------------------------------------------------------
                                                             Total   Maximum
                                 Maximum   Time of Max       Flood    Ponded
                        Hours       Rate    Occurrence      Volume     Depth
  Node                 Flooded       CFS   days hr:min    10^6 gal      Feet
  --------------------------------------------------------------------------
  JC1                    30.43      2.05      0  01:15       0.131    20.668
  JC2                    45.44      4.07      0  01:15       0.416    37.264
  JC3                    53.27      8.67      0  01:15       0.815    55.824
  JC4                    42.66      4.99      0  01:30       0.490    40.845
  JC5                    53.30      6.13      0  01:15       0.482    52.977
  JC6                    53.26      7.94      0  01:15       0.838    43.266
  JC7                    53.29      8.67      0  01:15       0.720    58.887
  JC8                    53.26      3.60      0  01:30       0.408    56.162
  JC9                    53.29     14.17      0  00:51       1.989    78.731
  JC10                   16.84      2.76      0  01:30       0.185    19.242
  JC11                   15.36      3.70      0  00:54       0.340    28.772
  JC12                   11.11      6.41      0  01:15       0.355    41.144
  JC13                   53.24      7.67      0  01:15       0.760    40.352
  JC14                   45.91      5.70      0  01:30       0.583    38.413
  JC15                   42.31      6.62      0  01:15       0.576    45.037
  JC16                   26.65      4.73      0  01:30       0.384    37.434
  JC17                   53.24      7.13      0  00:46       0.900    62.995
  JC18                   53.26      4.02      0  01:15       0.736    63.282
  JC19                   27.44      4.38      0  00:45       0.157    42.441
  JC20                   31.33      3.85      0  01:15       0.205    33.467
  JC21                   16.22      0.40      0  06:15       0.018     3.183
  
  
  ***********************
  Outfall Loading Summary
  ***********************
  
  -----------------------------------------------------------
                         Flow       Avg       Max       Total
                         Freq      Flow      Flow      Volume
  Outfall Node           Pcnt       CFS       CFS    10^6 gal
  -----------------------------------------------------------
  OF1                   99.42      6.05      6.53       8.745
  -----------------------------------------------------------
  System                99.42      6.05      6.53       8.745
  
  
  ********************
  Link Flow Summary
  ********************
  
  -----------------------------------------------------------------------------
                                 Maximum  Time of Max   Maximum    Max/    Max/
                                  |Flow|   Occurrence   |Veloc|    Full    Full
  Link                 Type          CFS  days hr:min    ft/sec    Flow   Depth
  -----------------------------------------------------------------------------
  C1                   CONDUIT      3.04     0  00:49      3.87    1.06    1.00
  C2                   CONDUIT      3.46     0  00:46      4.40    1.12    1.00
  C3                   CONDUIT      3.41     0  00:43      4.35    1.19    1.00
  C4                   CONDUIT      3.43     0  00:45      4.37    1.20    1.00
  C5                   CONDUIT      2.48     0  09:16      3.37    0.87    1.00
  C6                   CONDUIT      4.13     0  00:44      5.34    1.44    1.00
  C7                   CONDUIT      3.70     0  00:45      4.72    1.30    1.00
  C8                   CONDUIT      4.13     0  00:44      5.30    1.45    1.00
  C9                   CONDUIT      5.02     0  00:45      6.97    0.96    1.00
  C10                  CONDUIT      3.53     0  02:17      4.49    1.23    1.00
  C11                  CONDUIT      4.04     0  00:42      5.28    1.41    1.00
  C12                  CONDUIT      4.19     0  00:45      5.37    1.47    1.00
  C13                  CONDUIT      4.10     0  00:45      5.23    1.43    1.00
  C15                  CONDUIT      4.64     0  03:32      5.95    1.62    1.00
  C16                  CONDUIT      3.67     0  08:48      4.68    1.29    1.00
  C17                  CONDUIT      6.95     0  00:53      8.98    1.00    1.00
  C18                  CONDUIT      3.51     0  00:47      4.47    1.23    1.00
  C19                  CONDUIT      3.01     0  03:29      3.83    1.05    1.00
  C20                  CONDUIT      3.18     0  00:46      4.05    1.11    1.00
  C21                  CONDUIT      6.53     0  17:44      8.31    2.31    1.00
  C22                  CONDUIT      4.95     0  01:15      6.40    0.84    1.00
  
  
  ***************************
  Flow Classification Summary
  ***************************
  
  -------------------------------------------------------------------------------------
                      Adjusted    ---------- Fraction of Time in Flow Class ---------- 
                       /Actual         Up    Down  Sub   Sup   Up    Down  Norm  Inlet 
  Conduit               Length    Dry  Dry   Dry   Crit  Crit  Crit  Crit  Ltd   Ctrl  
  -------------------------------------------------------------------------------------
  C1                      1.00   0.00  0.00  0.00  0.99  0.01  0.00  0.00  0.17  0.00
  C2                      1.00   0.00  0.00  0.00  0.99  0.01  0.00  0.00  0.00  0.00
  C3                      1.00   0.00  0.00  0.00  0.99  0.01  0.00  0.00  0.18  0.00
  C4                      1.00   0.00  0.00  0.00  0.99  0.01  0.00  0.00  0.00  0.00
  C5                      1.00   0.00  0.00  0.00  1.00  0.00  0.00  0.00  0.01  0.00
  C6                      1.00   0.00  0.00  0.00  0.99  0.01  0.00  0.00  0.00  0.00
  C7                      1.00   0.00  0.00  0.00  1.00  0.00  0.00  0.00  0.01  0.00
  C8                      1.00   0.00  0.00  0.00  0.99  0.00  0.00  0.00  0.00  0.00
  C9                      1.00   0.00  0.00  0.00  0.99  0.01  0.00  0.00  0.00  0.00
  C10                     1.00   0.00  0.00  0.00  0.99  0.00  0.00  0.00  0.38  0.00
  C11                     1.00   0.00  0.00  0.00  0.99  0.00  0.00  0.00  0.24  0.00
  C12                     1.00   0.00  0.00  0.00  0.99  0.00  0.00  0.00  0.05  0.00
  C13                     1.00   0.00  0.00  0.00  1.00  0.00  0.00  0.00  0.00  0.00
  C15                     1.00   0.00  0.00  0.00  0.99  0.01  0.00  0.00  0.74  0.00
  C16                     1.00   0.00  0.00  0.00  0.99  0.00  0.00  0.00  0.12  0.00
  C17                     1.00   0.00  0.00  0.00  0.98  0.01  0.00  0.00  0.57  0.00
  C18                     1.00   0.00  0.00  0.00  0.99  0.00  0.00  0.00  0.00  0.00
  C19                     1.00   0.00  0.00  0.00  1.00  0.00  0.00  0.00  0.01  0.00
  C20                     1.00   0.00  0.00  0.00  0.99  0.01  0.00  0.00  0.00  0.00
  C21                     1.00   0.00  0.00  0.00  0.99  0.00  0.00  0.00  0.00  0.00
  C22                     1.00   0.00  0.00  0.00  0.99  0.01  0.00  0.00  0.33  0.00
  
  
  *************************
  Conduit Surcharge Summary
  *************************
  
  ----------------------------------------------------------------------------
                                                           Hours        Hours 
                         --------- Hours Full --------   Above Full   Capacity
  Conduit                Both Ends  Upstream  Dnstream   Normal Flow   Limited
  ----------------------------------------------------------------------------
  C1                         42.81     42.81     52.84      1.03         1.04
  C2                         52.84     52.84     53.28      0.58         0.58
  C3                         42.67     42.67     52.16      2.81         2.77
  C4                         52.16     52.16     53.28      1.38         1.36
  C5                         53.28     53.28     53.31      0.01         0.01
  C6                         53.26     53.31     53.26      7.21         7.15
  C7                         53.26     53.26     53.29     11.00        10.99
  C8                         53.26     53.29     53.26     32.77        32.71
  C9                         53.26     53.26     53.29      0.01         0.01
  C10                        31.77     31.77     38.55      2.69         2.69
  C11                        38.52     38.55     48.93      3.14         3.09
  C12                        48.88     48.93     53.25      0.06         0.01
  C13                        53.24     53.25     53.24      0.05         0.01
  C15                        12.45     12.70     16.83      8.80         8.55
  C16                        16.83     16.83     20.34      7.31         7.31
  C17                        20.34     20.34     53.29      0.01         0.01
  C18                        53.24     53.24     53.24      8.97         8.94
  C19                        53.24     53.24     53.26      2.97         2.97
  C20                        53.26     53.26     53.29      0.80         0.80
  C21                        26.72     53.29     26.72     53.30        26.72
  C22                        33.66     33.66     53.26      0.01         0.01
  

  Analysis begun on:  Tue Aug  5 11:12:50 2025
  Analysis ended on:  Tue Aug  5 11:12:50 2025
  Total elapsed time: < 1 sec