
  EPA STORM WATER MANAGEMENT MODEL - VERSION 5.2 (Build 5.2.4)
  ------------------------------------------------------------

  First Simulation 
  WARNING 05: minimum slope used for Conduit Channel000
  WARNING 05: minimum slope used for Conduit Channel1
  WARNING 05: minimum slope used for Conduit Channel2
  WARNING 03: negative offset ignored for Link ChannelIV
  WARNING 05: minimum slope used for Conduit Channel0
  
  ****************
  Analysis Options
  ****************
  Flow Units ............... CFS
  Process Models:
    Rainfall/Runoff ........ YES
    RDII ................... YES
    Snowmelt ............... NO
    Groundwater ............ NO
    Flow Routing ........... YES
    Ponding Allowed ........ NO
    Water Quality .......... NO
  Infiltration Method ...... HORTON
  Flow Routing Method ...... DYNWAVE
  Surcharge Method ......... EXTRAN
  Starting Date ............ 01/08/2001 00:00:00
  Ending Date .............. 02/19/2001 15:00:00
  Antecedent Dry Days ...... 18.0
  Report Time Step ......... 00:00:00
  Wet Time Step ............ 01:00:00
  Dry Time Step ............ 01:00:00
  Routing Time Step ........ 1.00 sec
  Variable Time Step ....... YES
  Maximum Trials ........... 8
  Number of Threads ........ 1
  Head Tolerance ........... 0.001000 ft
  
  
  **********************           Volume        Volume
  Rainfall Dependent I/I        acre-feet      10^6 gal
  **********************        ---------     ---------
  Sewershed Rainfall ......         0.000         0.000
  RDII Produced ...........         0.000         0.000
  RDII Ratio ..............         0.000
  
  
  **************************        Volume         Depth
  Runoff Quantity Continuity     acre-feet        inches
  **************************     ---------       -------
  Total Precipitation ......     32414.538        14.000
  Evaporation Loss .........       869.671         0.376
  Infiltration Loss ........     31529.043        13.618
  Surface Runoff ...........        16.390         0.007
  Final Storage ............         0.000         0.000
  Continuity Error (%) .....        -0.002
  
  
  **************************        Volume        Volume
  Flow Routing Continuity        acre-feet      10^6 gal
  **************************     ---------     ---------
  Dry Weather Inflow .......         0.000         0.000
  Wet Weather Inflow .......        16.390         5.341
  Groundwater Inflow .......         0.000         0.000
  RDII Inflow ..............         0.000         0.000
  External Inflow ..........         0.000         0.000
  External Outflow .........       119.012        38.782
  Flooding Loss ............         0.000         0.000
  Evaporation Loss .........        82.725        26.957
  Exfiltration Loss ........         0.000         0.000
  Initial Stored Volume ....        35.772        11.657
  Final Stored Volume ......         0.007         0.002
  Continuity Error (%) .....      -286.771
  
  
  *************************
  Highest Continuity Errors
  *************************
  Node p4 (-506.50%)
  Node p28 (-439.53%)
  Node p10 (-125.96%)
  Node p13 (-87.02%)
  Node p12 (-63.12%)
  
  
  ***************************
  Time-Step Critical Elements
  ***************************
  None
  
  
  ********************************
  Highest Flow Instability Indexes
  ********************************
  All links are stable.
  
  
  *********************************
  Most Frequent Nonconverging Nodes
  *********************************
  Convergence obtained at all time steps.
  
  
  *************************
  Routing Time Step Summary
  *************************
  Minimum Time Step           :     1.00 sec
  Average Time Step           :     1.00 sec
  Maximum Time Step           :     1.00 sec
  % of Time in Steady State   :     0.00
  Average Iterations per Step :     2.00
  % of Steps Not Converging   :     0.00
  Time Step Frequencies       :
      1.000 -  0.251 sec      :   100.00 %
      0.251 -  0.063 sec      :     0.00 %
      0.063 -  0.016 sec      :     0.00 %
      0.016 -  0.004 sec      :     0.00 %
      0.004 -  0.001 sec      :     0.00 %
  
  
  ***************************
  Subcatchment Runoff Summary
  ***************************
  
  ------------------------------------------------------------------------------------------------------------------------------
                            Total      Total      Total      Total     Imperv       Perv      Total       Total     Peak  Runoff
                           Precip      Runon       Evap      Infil     Runoff     Runoff     Runoff      Runoff   Runoff   Coeff
  Subcatchment                 in         in         in         in         in         in         in    10^6 gal      CFS
  ------------------------------------------------------------------------------------------------------------------------------
  26                        14.00       0.00       0.29      13.70       0.01       0.00       0.01        4.15     2.45   0.001
  27                        14.00       0.00       0.53      13.47       0.00       0.00       0.00        1.19     0.40   0.000
  
  
  ******************
  Node Depth Summary
  ******************
  
  ---------------------------------------------------------------------------------
                                 Average  Maximum  Maximum  Time of Max    Reported
                                   Depth    Depth      HGL   Occurrence   Max Depth
  Node                 Type         Feet     Feet     Feet  days hr:min        Feet
  ---------------------------------------------------------------------------------
  p10                  JUNCTION     0.03     2.09   162.09     0  00:51        0.30
  p12                  JUNCTION     0.02     2.00   153.00     0  00:00        0.20
  p13                  JUNCTION     0.01     2.00   156.06     0  00:00        0.14
  p14                  JUNCTION     0.08     4.88   148.12     0  02:35        1.16
  p25                  JUNCTION     0.02     1.00   170.00     0  00:00        0.22
  p28                  JUNCTION     0.01     2.00   167.00     0  00:00        0.04
  p3                   JUNCTION     0.01     2.00   171.00     0  00:00        0.05
  p4                   JUNCTION     0.02     2.00   167.50     0  00:00        0.23
  p18                  OUTFALL      0.02     1.28   134.52     0  02:35        0.23
  
  
  *******************
  Node Inflow Summary
  *******************
  
  -------------------------------------------------------------------------------------------------
                                  Maximum  Maximum                  Lateral       Total        Flow
                                  Lateral    Total  Time of Max      Inflow      Inflow     Balance
                                   Inflow   Inflow   Occurrence      Volume      Volume       Error
  Node                 Type           CFS      CFS  days hr:min    10^6 gal    10^6 gal     Percent
  -------------------------------------------------------------------------------------------------
  p10                  JUNCTION      0.00   137.36     0  00:02           0        8.45     -55.745
  p12                  JUNCTION      0.00    90.15     0  00:05           0        16.9     -38.695
  p13                  JUNCTION      0.00    47.18     0  00:04           0        6.43     -46.530
  p14                  JUNCTION      0.00   295.61     0  00:01           0        36.3      -9.588
  p25                  JUNCTION      2.45     2.45     3  01:00        4.15        4.15     -60.721
  p28                  JUNCTION      0.00    34.32     0  00:02           0        3.02     -81.465
  p3                   JUNCTION      0.40     0.40     3  01:00        1.19        1.19     -65.278
  p4                   JUNCTION      0.00    42.88     0  00:03           0        1.52     -83.512
  p18                  OUTFALL       0.00   137.49     0  02:35           0        38.8       0.000
  
  
  **********************
  Node Surcharge Summary
  **********************
  
  No nodes were surcharged.
  
  
  *********************
  Node Flooding Summary
  *********************
  
  No nodes were flooded.
  
  
  ***********************
  Outfall Loading Summary
  ***********************
  
  -----------------------------------------------------------
                         Flow       Avg       Max       Total
                         Freq      Flow      Flow      Volume
  Outfall Node           Pcnt       CFS       CFS    10^6 gal
  -----------------------------------------------------------
  p18                    6.95     20.24    137.49      38.779
  -----------------------------------------------------------
  System                 6.95     20.24    137.49      38.779
  
  
  ********************
  Link Flow Summary
  ********************
  
  -----------------------------------------------------------------------------
                                 Maximum  Time of Max   Maximum    Max/    Max/
                                  |Flow|   Occurrence   |Veloc|    Full    Full
  Link                 Type          CFS  days hr:min    ft/sec    Flow   Depth
  -----------------------------------------------------------------------------
  Cahnnel5             CONDUIT    137.49     0  02:35      2.34    0.14    0.31
  Channel000           CONDUIT     90.15     0  00:05      1.03    0.05    0.20
  Channel1             CONDUIT     42.88     0  00:03      0.99    0.05    0.20
  Channel2             CONDUIT     47.18     0  00:04      1.08    0.06    0.20
  Channely             CONDUIT    103.93     0  00:01      2.34    0.06    0.31
  Channel00            CONDUIT    137.36     0  00:02      1.57    0.07    0.20
  ChannelIV            CONDUIT    191.89     0  00:01      2.15    0.07    0.31
  Channel0             CONDUIT     34.32     0  00:02      0.53    0.02    0.15
  
  
  ***************************
  Flow Classification Summary
  ***************************
  
  -------------------------------------------------------------------------------------
                      Adjusted    ---------- Fraction of Time in Flow Class ---------- 
                       /Actual         Up    Down  Sub   Sup   Up    Down  Norm  Inlet 
  Conduit               Length    Dry  Dry   Dry   Crit  Crit  Crit  Crit  Ltd   Ctrl  
  -------------------------------------------------------------------------------------
  Cahnnel5                1.00   0.93  0.00  0.00  0.07  0.00  0.00  0.00  0.93  0.00
  Channel000              1.00   0.95  0.00  0.00  0.05  0.00  0.00  0.00  0.00  0.00
  Channel1                1.00   0.69  0.02  0.00  0.29  0.00  0.00  0.00  0.05  0.00
  Channel2                1.00   0.95  0.00  0.00  0.05  0.00  0.00  0.00  0.00  0.00
  Channely                1.00   0.93  0.03  0.00  0.04  0.00  0.00  0.00  1.00  0.00
  Channel00               1.00   0.95  0.02  0.00  0.03  0.00  0.00  0.00  1.00  0.00
  ChannelIV               1.00   0.93  0.03  0.00  0.04  0.00  0.00  0.00  1.00  0.00
  Channel0                1.00   0.65  0.01  0.00  0.33  0.00  0.00  0.00  0.03  0.00
  
  
  *************************
  Conduit Surcharge Summary
  *************************
  
  No conduits were surcharged.
  

  Analysis begun on:  Tue Aug  5 11:12:50 2025
  Analysis ended on:  Tue Aug  5 11:13:13 2025
  Total elapsed time: 00:00:23