
  EPA STORM WATER MANAGEMENT MODEL - VERSION 5.2 (Build 5.2.4)
  ------------------------------------------------------------

  Scenario Run :  INITIALDEPTH 
  WARNING 02: maximum depth increased for Node 80408C
  
  ****************
  Analysis Options
  ****************
  Flow Units ............... CFS
  Process Models:
    Rainfall/Runoff ........ NO
    RDII ................... NO
    Snowmelt ............... NO
    Groundwater ............ NO
    Flow Routing ........... YES
    Ponding Allowed ........ YES
    Water Quality .......... NO
  Flow Routing Method ...... DYNWAVE
  Surcharge Method ......... EXTRAN
  Starting Date ............ 01/01/1988 00:00:00
  Ending Date .............. 01/01/1988 02:00:00
  Antecedent Dry Days ...... 0.0
  Report Time Step ......... 00:01:00
  Routing Time Step ........ 10.00 sec
  Variable Time Step ....... YES
  Maximum Trials ........... 4
  Number of Threads ........ 1
  Head Tolerance ........... 0.005000 ft
  
  
  ERROR 331: cannot open hot start interface file D:\2016PC\Summer2014\hotStart.HSF.

  Analysis begun on:  Tue Aug  5 11:24:05 2025
  Analysis ended on:  Tue Aug  5 11:24:05 2025
  Total elapsed time: < 1 sec