
  EPA STORM WATER MANAGEMENT MODEL - VERSION 5.2 (Build 5.2.4)
  ------------------------------------------------------------

  WARNING 04: minimum elevation drop used for Conduit 2
  WARNING 04: minimum elevation drop used for Conduit 3
  WARNING 04: minimum elevation drop used for Conduit 4
  WARNING 04: minimum elevation drop used for Conduit 5
  WARNING 04: minimum elevation drop used for Conduit 6
  WARNING 04: minimum elevation drop used for Conduit 8
  WARNING 04: minimum elevation drop used for Conduit 9
  WARNING 04: minimum elevation drop used for Conduit 10
  WARNING 04: minimum elevation drop used for Conduit 11
  WARNING 04: minimum elevation drop used for Conduit 12
  WARNING 04: minimum elevation drop used for Conduit 13
  WARNING 04: minimum elevation drop used for Conduit 14
  WARNING 04: minimum elevation drop used for Conduit 15
  WARNING 04: minimum elevation drop used for Conduit 16
  WARNING 04: minimum elevation drop used for Conduit 17
  WARNING 04: minimum elevation drop used for Conduit 18
  WARNING 04: minimum elevation drop used for Conduit 19
  WARNING 04: minimum elevation drop used for Conduit 20
  WARNING 04: minimum elevation drop used for Conduit 21
  
  ****************
  Analysis Options
  ****************
  Flow Units ............... CFS
  Process Models:
    Rainfall/Runoff ........ NO
    RDII ................... NO
    Snowmelt ............... NO
    Groundwater ............ NO
    Flow Routing ........... YES
    Ponding Allowed ........ NO
    Water Quality .......... NO
  Flow Routing Method ...... KINWAVE
  Starting Date ............ 01/07/2019 00:00:00
  Ending Date .............. 01/07/2019 06:00:00
  Antecedent Dry Days ...... 0.0
  Report Time Step ......... 00:15:00
  Routing Time Step ........ 30.00 sec
  
  
  ERROR 131: the following links form cyclic loops in the drainage system:
  11  -->  9  -->  10

  Analysis begun on:  Tue Aug  5 11:56:28 2025
  Analysis ended on:  Tue Aug  5 11:56:28 2025
  Total elapsed time: < 1 sec